shsh-check	Verify theme, migrated output and browser behavior	﻿2026-09-18T07:12:11.9803757Z ##[group]Run mkdir -p .cache/ci
shsh-check	Verify theme, migrated output and browser behavior	2026-09-18T07:12:11.9804106Z ^[[36;1mmkdir -p .cache/ci^[[0m
shsh-check	Verify theme, migrated output and browser behavior	2026-09-18T07:12:11.9805270Z ^[[36;1mstart=$(date +%s)^[[0m
shsh-check	Verify theme, migrated output and browser behavior	2026-09-18T07:12:11.9805529Z ^[[36;1mset +e^[[0m
shsh-check	Verify theme, migrated output and browser behavior	2026-09-18T07:12:11.9805783Z ^[[36;1mpnpm check 2>&1 | tee .cache/ci/check.log^[[0m
shsh-check	Verify theme, migrated output and browser behavior	2026-09-18T07:12:11.9806104Z ^[[36;1mresult=${PIPESTATUS[0]}^[[0m
shsh-check	Verify theme, migrated output and browser behavior	2026-09-18T07:12:11.9806464Z ^[[36;1mprintf '%s\n' "$(( $(date +%s) - start ))" > .cache/ci/seconds.txt^[[0m
shsh-check	Verify theme, migrated output and browser behavior	2026-09-18T07:12:11.9806838Z ^[[36;1mexit "$result"^[[0m
shsh-check	Verify theme, migrated output and browser behavior	2026-09-18T07:12:11.9843740Z shell: /usr/bin/bash --noprofile --norc -e -o pipefail {0}
shsh-check	Verify theme, migrated output and browser behavior	2026-09-18T07:12:11.9844593Z env:
shsh-check	Verify theme, migrated output and browser behavior	2026-09-18T07:12:11.9844904Z   PNPM_HOME: /home/runner/setup-pnpm/node_modules/.bin
shsh-check	Verify theme, migrated output and browser behavior	2026-09-18T07:12:11.9845235Z ##[endgroup]
shsh-check	Verify theme, migrated output and browser behavior	2026-09-18T07:12:12.0087529Z $ pnpm format:check && pnpm lint && pnpm lint:css && pnpm check:progress && pnpm check:tooling && pnpm build:fixtures && pnpm check:theme && pnpm check:collections && pnpm check:prose && pnpm check:media && pnpm check:sharing && pnpm check:metadata && pnpm build:review && pnpm build:full-review && pnpm build:site-fixture && pnpm check:site-inputs && pnpm check:site-output && pnpm test
shsh-check	Verify theme, migrated output and browser behavior	2026-09-18T07:12:12.0246838Z $ node scripts/format.mjs
shsh-check	Verify theme, migrated output and browser behavior	2026-09-18T07:12:12.1472144Z Checking formatting...
shsh-check	Verify theme, migrated output and browser behavior	2026-09-18T07:12:12.1476874Z
shsh-check	Verify theme, migrated output and browser behavior	2026-09-18T07:12:13.3765705Z All matched files use the correct format.
shsh-check	Verify theme, migrated output and browser behavior	2026-09-18T07:12:13.3766534Z Finished in 1229ms on 192 files using 4 threads.
shsh-check	Verify theme, migrated output and browser behavior	2026-09-18T07:12:14.1915315Z Go templates: 58 checked, 0 differ.
shsh-check	Verify theme, migrated output and browser behavior	2026-09-18T07:12:14.2185682Z $ oxlint --type-aware --type-check --deny-warnings scripts tests assets playwright.config.ts
shsh-check	Verify theme, migrated output and browser behavior	2026-09-18T07:12:14.7000047Z Found 0 warnings and 0 errors.
shsh-check	Verify theme, migrated output and browser behavior	2026-09-18T07:12:14.7001517Z Finished in 443ms on 41 files with 112 rules using 4 threads.
shsh-check	Verify theme, migrated output and browser behavior	2026-09-18T07:12:14.7196467Z $ stylelint "assets/css/**/*.css" "tests/fixtures/**/*.css" --allow-empty-input
shsh-check	Verify theme, migrated output and browser behavior	2026-09-18T07:12:15.4119251Z $ node scripts/verify-progress.mjs
shsh-check	Verify theme, migrated output and browser behavior	2026-09-18T07:12:15.5066640Z Progress valid: 35 tasks; requirements Q1–Q34; discipline Q1–Q9; references and DAG checked. Human evidence still requires review.
shsh-check	Verify theme, migrated output and browser behavior	2026-09-18T07:12:15.5270370Z $ node --experimental-strip-types scripts/verify-tooling.ts
shsh-check	Verify theme, migrated output and browser behavior	2026-09-18T07:12:16.5015489Z Toolchain probes passed. Hugo/formatter output is ready for three-engine browser comparison.
shsh-check	Verify theme, migrated output and browser behavior	2026-09-18T07:12:16.5019446Z { hugo_before_ms: 52, template_format_ms: 103, hugo_after_ms: 52 }
shsh-check	Verify theme, migrated output and browser behavior	2026-09-18T07:12:16.5378319Z $ node scripts/build-fixtures.ts
shsh-check	Verify theme, migrated output and browser behavior	2026-09-18T07:12:16.6496261Z Start building sites …
shsh-check	Verify theme, migrated output and browser behavior	2026-09-18T07:12:16.6497263Z hugo v0.166.0-78400b4de8adc99273d3e674ed6c4d14c3bdf669 linux/amd64 BuildDate=2026-09-09T14:45:02Z VendorInfo=gohugoio
shsh-check	Verify theme, migrated output and browser behavior	2026-09-18T07:12:16.6497909Z
shsh-check	Verify theme, migrated output and browser behavior	2026-09-18T07:12:16.7297305Z
shsh-check	Verify theme, migrated output and browser behavior	2026-09-18T07:12:16.7299296Z                   │ JA
shsh-check	Verify theme, migrated output and browser behavior	2026-09-18T07:12:16.7299912Z ──────────────────┼────
shsh-check	Verify theme, migrated output and browser behavior	2026-09-18T07:12:16.7300427Z  Pages            │ 16
shsh-check	Verify theme, migrated output and browser behavior	2026-09-18T07:12:16.7301686Z  Paginator pages  │  4
shsh-check	Verify theme, migrated output and browser behavior	2026-09-18T07:12:16.7302117Z  Non-page files   │  0
shsh-check	Verify theme, migrated output and browser behavior	2026-09-18T07:12:16.7302453Z  Static files     │  0
shsh-check	Verify theme, migrated output and browser behavior	2026-09-18T07:12:16.7302900Z  Processed images │  0
shsh-check	Verify theme, migrated output and browser behavior	2026-09-18T07:12:16.7303200Z  Aliases          │  2
shsh-check	Verify theme, migrated output and browser behavior	2026-09-18T07:12:16.7303457Z  Cleaned          │  0
shsh-check	Verify theme, migrated output and browser behavior	2026-09-18T07:12:16.7303598Z
shsh-check	Verify theme, migrated output and browser behavior	2026-09-18T07:12:16.7303692Z Total in 85 ms
shsh-check	Verify theme, migrated output and browser behavior	2026-09-18T07:12:16.7663660Z Start building sites …
shsh-check	Verify theme, migrated output and browser behavior	2026-09-18T07:12:16.7665284Z hugo v0.166.0-78400b4de8adc99273d3e674ed6c4d14c3bdf669 linux/amd64 BuildDate=2026-09-09T14:45:02Z VendorInfo=gohugoio
shsh-check	Verify theme, migrated output and browser behavior	2026-09-18T07:12:16.7666143Z
shsh-check	Verify theme, migrated output and browser behavior	2026-09-18T07:12:16.8289256Z
shsh-check	Verify theme, migrated output and browser behavior	2026-09-18T07:12:16.8292871Z                   │ JA
shsh-check	Verify theme, migrated output and browser behavior	2026-09-18T07:12:16.8293477Z ──────────────────┼────
shsh-check	Verify theme, migrated output and browser behavior	2026-09-18T07:12:16.8293869Z  Pages            │ 16
shsh-check	Verify theme, migrated output and browser behavior	2026-09-18T07:12:16.8294222Z  Paginator pages  │  4
shsh-check	Verify theme, migrated output and browser behavior	2026-09-18T07:12:16.8294973Z  Non-page files   │  0
shsh-check	Verify theme, migrated output and browser behavior	2026-09-18T07:12:16.8295444Z  Static files     │  0
shsh-check	Verify theme, migrated output and browser behavior	2026-09-18T07:12:16.8295890Z  Processed images │  0
shsh-check	Verify theme, migrated output and browser behavior	2026-09-18T07:12:16.8296242Z  Aliases          │  2
shsh-check	Verify theme, migrated output and browser behavior	2026-09-18T07:12:16.8296514Z  Cleaned          │  0
shsh-check	Verify theme, migrated output and browser behavior	2026-09-18T07:12:16.8296668Z
shsh-check	Verify theme, migrated output and browser behavior	2026-09-18T07:12:16.8297055Z Total in 64 ms
shsh-check	Verify theme, migrated output and browser behavior	2026-09-18T07:12:16.8658911Z Start building sites …
shsh-check	Verify theme, migrated output and browser behavior	2026-09-18T07:12:16.8660339Z hugo v0.166.0-78400b4de8adc99273d3e674ed6c4d14c3bdf669 linux/amd64 BuildDate=2026-09-09T14:45:02Z VendorInfo=gohugoio
shsh-check	Verify theme, migrated output and browser behavior	2026-09-18T07:12:16.8661247Z
shsh-check	Verify theme, migrated output and browser behavior	2026-09-18T07:12:16.9284929Z
shsh-check	Verify theme, migrated output and browser behavior	2026-09-18T07:12:16.9286654Z                   │ JA
shsh-check	Verify theme, migrated output and browser behavior	2026-09-18T07:12:16.9287270Z ──────────────────┼────
shsh-check	Verify theme, migrated output and browser behavior	2026-09-18T07:12:16.9287592Z  Pages            │ 16
shsh-check	Verify theme, migrated output and browser behavior	2026-09-18T07:12:16.9287904Z  Paginator pages  │  4
shsh-check	Verify theme, migrated output and browser behavior	2026-09-18T07:12:16.9288188Z  Non-page files   │  0
shsh-check	Verify theme, migrated output and browser behavior	2026-09-18T07:12:16.9288738Z  Static files     │  0
shsh-check	Verify theme, migrated output and browser behavior	2026-09-18T07:12:16.9289020Z  Processed images │  0
shsh-check	Verify theme, migrated output and browser behavior	2026-09-18T07:12:16.9289307Z  Aliases          │  2
shsh-check	Verify theme, migrated output and browser behavior	2026-09-18T07:12:16.9289577Z  Cleaned          │  0
shsh-check	Verify theme, migrated output and browser behavior	2026-09-18T07:12:16.9289724Z
shsh-check	Verify theme, migrated output and browser behavior	2026-09-18T07:12:16.9289825Z Total in 64 ms
shsh-check	Verify theme, migrated output and browser behavior	2026-09-18T07:12:16.9521437Z $ node scripts/verify-theme.ts
shsh-check	Verify theme, migrated output and browser behavior	2026-09-18T07:12:18.7756208Z Theme foundation: HTML, production/preview/development assets, invalid configuration and minimal alternative site passed.
shsh-check	Verify theme, migrated output and browser behavior	2026-09-18T07:12:18.8049238Z $ node scripts/verify-collections.ts
shsh-check	Verify theme, migrated output and browser behavior	2026-09-18T07:12:20.5292948Z Collections: empty/single/default10/custom2, UTC ties, mainSections, publication filters, summaries, dates and invalid inputs passed.
shsh-check	Verify theme, migrated output and browser behavior	2026-09-18T07:12:20.6109683Z Discovery: local year/month, all-section order, tie navigation, fixed-page exclusion, original term case and HTML/feed title consistency passed.
shsh-check	Verify theme, migrated output and browser behavior	2026-09-18T07:12:20.6329924Z $ node scripts/verify-prose.ts
shsh-check	Verify theme, migrated output and browser behavior	2026-09-18T07:12:21.3519018Z Prose: date fallback/day boundaries/visibility/types, legal footnote IDs, full real article HTML and native heading IDs passed.
shsh-check	Verify theme, migrated output and browser behavior	2026-09-18T07:12:21.3789254Z $ node scripts/verify-media.ts
shsh-check	Verify theme, migrated output and browser behavior	2026-09-18T07:12:21.6282810Z Start building sites …
shsh-check	Verify theme, migrated output and browser behavior	2026-09-18T07:12:21.6283966Z hugo v0.166.0-78400b4de8adc99273d3e674ed6c4d14c3bdf669 linux/amd64 BuildDate=2026-09-09T14:45:02Z VendorInfo=gohugoio
shsh-check	Verify theme, migrated output and browser behavior	2026-09-18T07:12:21.6284898Z
shsh-check	Verify theme, migrated output and browser behavior	2026-09-18T07:12:28.8034345Z
shsh-check	Verify theme, migrated output and browser behavior	2026-09-18T07:12:28.8036896Z                   │ JA
shsh-check	Verify theme, migrated output and browser behavior	2026-09-18T07:12:28.8037503Z ──────────────────┼────
shsh-check	Verify theme, migrated output and browser behavior	2026-09-18T07:12:28.8037797Z  Pages            │ 15
shsh-check	Verify theme, migrated output and browser behavior	2026-09-18T07:12:28.8038062Z  Paginator pages  │  2
shsh-check	Verify theme, migrated output and browser behavior	2026-09-18T07:12:28.8038324Z  Non-page files   │ 13
shsh-check	Verify theme, migrated output and browser behavior	2026-09-18T07:12:28.8038567Z  Static files     │  4
shsh-check	Verify theme, migrated output and browser behavior	2026-09-18T07:12:28.8038817Z  Processed images │ 46
shsh-check	Verify theme, migrated output and browser behavior	2026-09-18T07:12:28.8039062Z  Aliases          │  2
shsh-check	Verify theme, migrated output and browser behavior	2026-09-18T07:12:28.8039295Z  Cleaned          │  0
shsh-check	Verify theme, migrated output and browser behavior	2026-09-18T07:12:28.8039428Z
shsh-check	Verify theme, migrated output and browser behavior	2026-09-18T07:12:28.8039515Z Total in 7176 ms
shsh-check	Verify theme, migrated output and browser behavior	2026-09-18T07:12:28.8431354Z Start building sites …
shsh-check	Verify theme, migrated output and browser behavior	2026-09-18T07:12:28.9065220Z hugo v0.166.0-78400b4de8adc99273d3e674ed6c4d14c3bdf669 linux/amd64 BuildDate=2026-09-09T14:45:02Z VendorInfo=gohugoio
shsh-check	Verify theme, migrated output and browser behavior	2026-09-18T07:12:28.9066116Z
shsh-check	Verify theme, migrated output and browser behavior	2026-09-18T07:12:28.9066129Z
shsh-check	Verify theme, migrated output and browser behavior	2026-09-18T07:12:28.9066585Z                   │ JA
shsh-check	Verify theme, migrated output and browser behavior	2026-09-18T07:12:28.9067092Z ──────────────────┼────
shsh-check	Verify theme, migrated output and browser behavior	2026-09-18T07:12:28.9067396Z  Pages            │ 15
shsh-check	Verify theme, migrated output and browser behavior	2026-09-18T07:12:28.9067671Z  Paginator pages  │  2
shsh-check	Verify theme, migrated output and browser behavior	2026-09-18T07:12:28.9067937Z  Non-page files   │ 13
shsh-check	Verify theme, migrated output and browser behavior	2026-09-18T07:12:28.9068227Z  Static files     │  4
shsh-check	Verify theme, migrated output and browser behavior	2026-09-18T07:12:28.9068478Z  Processed images │ 46
shsh-check	Verify theme, migrated output and browser behavior	2026-09-18T07:12:28.9068721Z  Aliases          │  2
shsh-check	Verify theme, migrated output and browser behavior	2026-09-18T07:12:28.9068957Z  Cleaned          │  0
shsh-check	Verify theme, migrated output and browser behavior	2026-09-18T07:12:28.9069091Z
shsh-check	Verify theme, migrated output and browser behavior	2026-09-18T07:12:28.9069183Z Total in 64 ms
shsh-check	Verify theme, migrated output and browser behavior	2026-09-18T07:12:30.5029805Z Media: production/preview HTML, unchanged original media, unavailable external URL and invalid inputs passed.
shsh-check	Verify theme, migrated output and browser behavior	2026-09-18T07:12:30.5314877Z $ node scripts/verify-sharing.ts
shsh-check	Verify theme, migrated output and browser behavior	2026-09-18T07:12:31.8388780Z Sharing: defaults, ordered services, fixed pages/posts, escaped title/URLs, author setting, invalid inputs and preview isolation passed.
shsh-check	Verify theme, migrated output and browser behavior	2026-09-18T07:12:31.8648508Z $ node scripts/verify-metadata.ts
shsh-check	Verify theme, migrated output and browser behavior	2026-09-18T07:12:36.7395557Z Metadata fixtures: all HTML valid; asset/static/external defaults, bundle isolation, input failures, preview and empty feed built. XML/head assertions run in metadata.spec.ts.
shsh-check	Verify theme, migrated output and browser behavior	2026-09-18T07:12:36.7827964Z $ node scripts/build-review-fixture.ts
shsh-check	Verify theme, migrated output and browser behavior	2026-09-18T07:12:36.9479508Z Start building sites …
shsh-check	Verify theme, migrated output and browser behavior	2026-09-18T07:12:36.9481136Z hugo v0.166.0-78400b4de8adc99273d3e674ed6c4d14c3bdf669 linux/amd64 BuildDate=2026-09-09T14:45:02Z VendorInfo=gohugoio
shsh-check	Verify theme, migrated output and browser behavior	2026-09-18T07:12:36.9481770Z
shsh-check	Verify theme, migrated output and browser behavior	2026-09-18T07:12:52.2905397Z
shsh-check	Verify theme, migrated output and browser behavior	2026-09-18T07:12:52.2907745Z                   │ JA
shsh-check	Verify theme, migrated output and browser behavior	2026-09-18T07:12:52.2908330Z ──────────────────┼────
shsh-check	Verify theme, migrated output and browser behavior	2026-09-18T07:12:52.2908810Z  Pages            │ 46
shsh-check	Verify theme, migrated output and browser behavior	2026-09-18T07:12:52.2909172Z  Paginator pages  │  5
shsh-check	Verify theme, migrated output and browser behavior	2026-09-18T07:12:52.2909511Z  Non-page files   │  6
shsh-check	Verify theme, migrated output and browser behavior	2026-09-18T07:12:52.2909819Z  Static files     │  0
shsh-check	Verify theme, migrated output and browser behavior	2026-09-18T07:12:52.2915203Z  Processed images │ 54
shsh-check	Verify theme, migrated output and browser behavior	2026-09-18T07:12:52.2915679Z  Aliases          │ 15
shsh-check	Verify theme, migrated output and browser behavior	2026-09-18T07:12:52.2916073Z  Cleaned          │  0
shsh-check	Verify theme, migrated output and browser behavior	2026-09-18T07:12:52.2916221Z
shsh-check	Verify theme, migrated output and browser behavior	2026-09-18T07:12:52.2916331Z Total in 15344 ms
shsh-check	Verify theme, migrated output and browser behavior	2026-09-18T07:12:52.3299271Z Start building sites …
shsh-check	Verify theme, migrated output and browser behavior	2026-09-18T07:12:52.3300652Z hugo v0.166.0-78400b4de8adc99273d3e674ed6c4d14c3bdf669 linux/amd64 BuildDate=2026-09-09T14:45:02Z VendorInfo=gohugoio
shsh-check	Verify theme, migrated output and browser behavior	2026-09-18T07:12:52.3301557Z
shsh-check	Verify theme, migrated output and browser behavior	2026-09-18T07:12:52.4533496Z
shsh-check	Verify theme, migrated output and browser behavior	2026-09-18T07:12:52.4534502Z                   │ JA
shsh-check	Verify theme, migrated output and browser behavior	2026-09-18T07:12:52.4535090Z ──────────────────┼────
shsh-check	Verify theme, migrated output and browser behavior	2026-09-18T07:12:52.4535542Z  Pages            │ 46
shsh-check	Verify theme, migrated output and browser behavior	2026-09-18T07:12:52.4535971Z  Paginator pages  │  5
shsh-check	Verify theme, migrated output and browser behavior	2026-09-18T07:12:52.4536406Z  Non-page files   │  6
shsh-check	Verify theme, migrated output and browser behavior	2026-09-18T07:12:52.4536833Z  Static files     │  0
shsh-check	Verify theme, migrated output and browser behavior	2026-09-18T07:12:52.4537264Z  Processed images │ 54
shsh-check	Verify theme, migrated output and browser behavior	2026-09-18T07:12:52.4537691Z  Aliases          │ 15
shsh-check	Verify theme, migrated output and browser behavior	2026-09-18T07:12:52.4538110Z  Cleaned          │  0
shsh-check	Verify theme, migrated output and browser behavior	2026-09-18T07:12:52.4538341Z
shsh-check	Verify theme, migrated output and browser behavior	2026-09-18T07:12:52.4538481Z Total in 124 ms
shsh-check	Verify theme, migrated output and browser behavior	2026-09-18T07:12:52.4778559Z $ node scripts/build-full-review.ts
shsh-check	Verify theme, migrated output and browser behavior	2026-09-18T07:12:52.7258753Z Start building sites …
shsh-check	Verify theme, migrated output and browser behavior	2026-09-18T07:12:52.7259765Z hugo v0.166.0-78400b4de8adc99273d3e674ed6c4d14c3bdf669 linux/amd64 BuildDate=2026-09-09T14:45:02Z VendorInfo=gohugoio
shsh-check	Verify theme, migrated output and browser behavior	2026-09-18T07:12:52.7260283Z
shsh-check	Verify theme, migrated output and browser behavior	2026-09-18T07:12:52.8470338Z
shsh-check	Verify theme, migrated output and browser behavior	2026-09-18T07:12:52.8473494Z                   │ JA
shsh-check	Verify theme, migrated output and browser behavior	2026-09-18T07:12:52.8474204Z ──────────────────┼────
shsh-check	Verify theme, migrated output and browser behavior	2026-09-18T07:12:52.8475595Z  Pages            │ 24
shsh-check	Verify theme, migrated output and browser behavior	2026-09-18T07:12:52.8476142Z  Paginator pages  │  8
shsh-check	Verify theme, migrated output and browser behavior	2026-09-18T07:12:52.8476612Z  Non-page files   │  6
shsh-check	Verify theme, migrated output and browser behavior	2026-09-18T07:12:52.8476874Z  Static files     │  0
shsh-check	Verify theme, migrated output and browser behavior	2026-09-18T07:12:52.8477136Z  Processed images │ 54
shsh-check	Verify theme, migrated output and browser behavior	2026-09-18T07:12:52.8477384Z  Aliases          │  4
shsh-check	Verify theme, migrated output and browser behavior	2026-09-18T07:12:52.8477624Z  Cleaned          │  0
shsh-check	Verify theme, migrated output and browser behavior	2026-09-18T07:12:52.8477761Z
shsh-check	Verify theme, migrated output and browser behavior	2026-09-18T07:12:52.8477852Z Total in 122 ms
shsh-check	Verify theme, migrated output and browser behavior	2026-09-18T07:12:52.8945499Z Start building sites …
shsh-check	Verify theme, migrated output and browser behavior	2026-09-18T07:12:52.8946394Z hugo v0.166.0-78400b4de8adc99273d3e674ed6c4d14c3bdf669 linux/amd64 BuildDate=2026-09-09T14:45:02Z VendorInfo=gohugoio
shsh-check	Verify theme, migrated output and browser behavior	2026-09-18T07:12:52.8946907Z
shsh-check	Verify theme, migrated output and browser behavior	2026-09-18T07:12:52.9639409Z
shsh-check	Verify theme, migrated output and browser behavior	2026-09-18T07:12:52.9642092Z                   │ JA
shsh-check	Verify theme, migrated output and browser behavior	2026-09-18T07:12:52.9642817Z ──────────────────┼────
shsh-check	Verify theme, migrated output and browser behavior	2026-09-18T07:12:52.9643368Z  Pages            │ 15
shsh-check	Verify theme, migrated output and browser behavior	2026-09-18T07:12:52.9643912Z  Paginator pages  │  0
shsh-check	Verify theme, migrated output and browser behavior	2026-09-18T07:12:52.9644717Z  Non-page files   │  0
shsh-check	Verify theme, migrated output and browser behavior	2026-09-18T07:12:52.9645272Z  Static files     │  0
shsh-check	Verify theme, migrated output and browser behavior	2026-09-18T07:12:52.9645816Z  Processed images │ 15
shsh-check	Verify theme, migrated output and browser behavior	2026-09-18T07:12:52.9646378Z  Aliases          │  2
shsh-check	Verify theme, migrated output and browser behavior	2026-09-18T07:12:52.9646822Z  Cleaned          │  0
shsh-check	Verify theme, migrated output and browser behavior	2026-09-18T07:12:52.9647058Z
shsh-check	Verify theme, migrated output and browser behavior	2026-09-18T07:12:52.9647210Z Total in 71 ms
shsh-check	Verify theme, migrated output and browser behavior	2026-09-18T07:12:53.0115513Z Start building sites …
shsh-check	Verify theme, migrated output and browser behavior	2026-09-18T07:12:53.0116918Z hugo v0.166.0-78400b4de8adc99273d3e674ed6c4d14c3bdf669 linux/amd64 BuildDate=2026-09-09T14:45:02Z VendorInfo=gohugoio
shsh-check	Verify theme, migrated output and browser behavior	2026-09-18T07:12:53.0117606Z
shsh-check	Verify theme, migrated output and browser behavior	2026-09-18T07:12:53.0836128Z
shsh-check	Verify theme, migrated output and browser behavior	2026-09-18T07:12:53.0838166Z                   │ JA
shsh-check	Verify theme, migrated output and browser behavior	2026-09-18T07:12:53.0838947Z ──────────────────┼────
shsh-check	Verify theme, migrated output and browser behavior	2026-09-18T07:12:53.0839505Z  Pages            │ 16
shsh-check	Verify theme, migrated output and browser behavior	2026-09-18T07:12:53.0839957Z  Paginator pages  │  0
shsh-check	Verify theme, migrated output and browser behavior	2026-09-18T07:12:53.0840406Z  Non-page files   │  0
shsh-check	Verify theme, migrated output and browser behavior	2026-09-18T07:12:53.0840846Z  Static files     │  0
shsh-check	Verify theme, migrated output and browser behavior	2026-09-18T07:12:53.0841292Z  Processed images │ 15
shsh-check	Verify theme, migrated output and browser behavior	2026-09-18T07:12:53.0841735Z  Aliases          │  2
shsh-check	Verify theme, migrated output and browser behavior	2026-09-18T07:12:53.0842165Z  Cleaned          │  0
shsh-check	Verify theme, migrated output and browser behavior	2026-09-18T07:12:53.0842394Z
shsh-check	Verify theme, migrated output and browser behavior	2026-09-18T07:12:53.0842545Z Total in 73 ms
shsh-check	Verify theme, migrated output and browser behavior	2026-09-18T07:12:53.0880516Z Full review: 40 frozen product screens mapped; specimen stays in representative suite.
shsh-check	Verify theme, migrated output and browser behavior	2026-09-18T07:12:54.8753636Z Full review HTML: all production, preview and boundary fixture pages valid.
shsh-check	Verify theme, migrated output and browser behavior	2026-09-18T07:12:54.9162684Z $ node scripts/build-site-fixture.ts
shsh-check	Verify theme, migrated output and browser behavior	2026-09-18T07:13:13.8098858Z {
shsh-check	Verify theme, migrated output and browser behavior	2026-09-18T07:13:13.8099168Z   "command": [
shsh-check	Verify theme, migrated output and browser behavior	2026-09-18T07:13:13.8099401Z     "hugo",
shsh-check	Verify theme, migrated output and browser behavior	2026-09-18T07:13:13.8099601Z     "--source",
shsh-check	Verify theme, migrated output and browser behavior	2026-09-18T07:13:13.8100029Z     "/home/runner/work/shimoju.jp/shimoju.jp/themes/shsh/.cache/site/source",
shsh-check	Verify theme, migrated output and browser behavior	2026-09-18T07:13:13.8100704Z     "--themesDir",
shsh-check	Verify theme, migrated output and browser behavior	2026-09-18T07:13:13.8101001Z     "/home/runner/work/shimoju.jp/shimoju.jp/themes",
shsh-check	Verify theme, migrated output and browser behavior	2026-09-18T07:13:13.8101314Z     "--destination",
shsh-check	Verify theme, migrated output and browser behavior	2026-09-18T07:13:13.8101711Z     "/home/runner/work/shimoju.jp/shimoju.jp/themes/shsh/.cache/site/production",
shsh-check	Verify theme, migrated output and browser behavior	2026-09-18T07:13:13.8102147Z     "--cacheDir",
shsh-check	Verify theme, migrated output and browser behavior	2026-09-18T07:13:13.8102518Z     "/home/runner/work/shimoju.jp/shimoju.jp/themes/shsh/.cache/site/hugo-cache",
shsh-check	Verify theme, migrated output and browser behavior	2026-09-18T07:13:13.8102907Z     "--environment",
shsh-check	Verify theme, migrated output and browser behavior	2026-09-18T07:13:13.8103126Z     "production",
shsh-check	Verify theme, migrated output and browser behavior	2026-09-18T07:13:13.8103324Z     "--clock",
shsh-check	Verify theme, migrated output and browser behavior	2026-09-18T07:13:13.8103546Z     "2026-09-17T12:00:00+09:00",
shsh-check	Verify theme, migrated output and browser behavior	2026-09-18T07:13:13.8103801Z     "--cleanDestinationDir",
shsh-check	Verify theme, migrated output and browser behavior	2026-09-18T07:13:13.8104042Z     "--panicOnWarning"
shsh-check	Verify theme, migrated output and browser behavior	2026-09-18T07:13:13.8104541Z   ],
shsh-check	Verify theme, migrated output and browser behavior	2026-09-18T07:13:13.8104805Z   "live": false,
shsh-check	Verify theme, migrated output and browser behavior	2026-09-18T07:13:13.8105058Z   "environment": "production",
shsh-check	Verify theme, migrated output and browser behavior	2026-09-18T07:13:13.8105301Z   "exitCode": 0,
shsh-check	Verify theme, migrated output and browser behavior	2026-09-18T07:13:13.8105505Z   "seconds": 18.813739147,
shsh-check	Verify theme, migrated output and browser behavior	2026-09-18T07:13:13.8107619Z   "stdout": "Start building sites … \nhugo v0.166.0-78400b4de8adc99273d3e674ed6c4d14c3bdf669 linux/amd64 BuildDate=2026-09-09T14:45:02Z VendorInfo=gohugoio\n\n\n                  │ JA  \n──────────────────┼─────\n Pages            │ 160 \n Paginator pages  │  14 \n Non-page files   │  19 \n Static files     │   6 \n Processed images │ 124 \n Aliases          │  46 \n Cleaned          │   0 \n\nTotal in 18765 ms\n",
shsh-check	Verify theme, migrated output and browser behavior	2026-09-18T07:13:13.8109580Z   "stderr": ""
shsh-check	Verify theme, migrated output and browser behavior	2026-09-18T07:13:13.8109802Z }
shsh-check	Verify theme, migrated output and browser behavior	2026-09-18T07:13:14.1271978Z {
shsh-check	Verify theme, migrated output and browser behavior	2026-09-18T07:13:14.1272456Z   "command": [
shsh-check	Verify theme, migrated output and browser behavior	2026-09-18T07:13:14.1272837Z     "hugo",
shsh-check	Verify theme, migrated output and browser behavior	2026-09-18T07:13:14.1273169Z     "--source",
shsh-check	Verify theme, migrated output and browser behavior	2026-09-18T07:13:14.1273841Z     "/home/runner/work/shimoju.jp/shimoju.jp/themes/shsh/.cache/site/source",
shsh-check	Verify theme, migrated output and browser behavior	2026-09-18T07:13:14.1274767Z     "--themesDir",
shsh-check	Verify theme, migrated output and browser behavior	2026-09-18T07:13:14.1275247Z     "/home/runner/work/shimoju.jp/shimoju.jp/themes",
shsh-check	Verify theme, migrated output and browser behavior	2026-09-18T07:13:14.1275789Z     "--destination",
shsh-check	Verify theme, migrated output and browser behavior	2026-09-18T07:13:14.1276466Z     "/home/runner/work/shimoju.jp/shimoju.jp/themes/shsh/.cache/site/preview",
shsh-check	Verify theme, migrated output and browser behavior	2026-09-18T07:13:14.1277149Z     "--cacheDir",
shsh-check	Verify theme, migrated output and browser behavior	2026-09-18T07:13:14.1277761Z     "/home/runner/work/shimoju.jp/shimoju.jp/themes/shsh/.cache/site/hugo-cache",
shsh-check	Verify theme, migrated output and browser behavior	2026-09-18T07:13:14.1278393Z     "--environment",
shsh-check	Verify theme, migrated output and browser behavior	2026-09-18T07:13:14.1278747Z     "preview",
shsh-check	Verify theme, migrated output and browser behavior	2026-09-18T07:13:14.1279076Z     "--clock",
shsh-check	Verify theme, migrated output and browser behavior	2026-09-18T07:13:14.1279451Z     "2026-09-17T12:00:00+09:00",
shsh-check	Verify theme, migrated output and browser behavior	2026-09-18T07:13:14.1279891Z     "--cleanDestinationDir",
shsh-check	Verify theme, migrated output and browser behavior	2026-09-18T07:13:14.1280304Z     "--panicOnWarning",
shsh-check	Verify theme, migrated output and browser behavior	2026-09-18T07:13:14.1280741Z     "--baseURL",
shsh-check	Verify theme, migrated output and browser behavior	2026-09-18T07:13:14.1281141Z     "https://preview.invalid/"
shsh-check	Verify theme, migrated output and browser behavior	2026-09-18T07:13:14.1281555Z   ],
shsh-check	Verify theme, migrated output and browser behavior	2026-09-18T07:13:14.1281889Z   "live": false,
shsh-check	Verify theme, migrated output and browser behavior	2026-09-18T07:13:14.1282298Z   "environment": "preview",
shsh-check	Verify theme, migrated output and browser behavior	2026-09-18T07:13:14.1282692Z   "exitCode": 0,
shsh-check	Verify theme, migrated output and browser behavior	2026-09-18T07:13:14.1283121Z   "seconds": 0.3168403990000006,
shsh-check	Verify theme, migrated output and browser behavior	2026-09-18T07:13:14.1287173Z   "stdout": "Start building sites … \nhugo v0.166.0-78400b4de8adc99273d3e674ed6c4d14c3bdf669 linux/amd64 BuildDate=2026-09-09T14:45:02Z VendorInfo=gohugoio\n\n\n                  │ JA  \n──────────────────┼─────\n Pages            │ 160 \n Paginator pages  │  14 \n Non-page files   │  19 \n Static files     │   6 \n Processed images │ 124 \n Aliases          │  46 \n Cleaned          │   0 \n\nTotal in 280 ms\n",
shsh-check	Verify theme, migrated output and browser behavior	2026-09-18T07:13:14.1289663Z   "stderr": ""
shsh-check	Verify theme, migrated output and browser behavior	2026-09-18T07:13:14.1290019Z }
shsh-check	Verify theme, migrated output and browser behavior	2026-09-18T07:13:14.1488314Z $ node scripts/verify-site-inputs.ts
shsh-check	Verify theme, migrated output and browser behavior	2026-09-18T07:13:14.4096359Z Site inputs: 80 original source/assets, 7 authorized changes, 62 Markdown files and 46 embeds verified. Offline production/preview passed.
shsh-check	Verify theme, migrated output and browser behavior	2026-09-18T07:13:14.4360844Z $ node scripts/verify-site-output.ts
shsh-check	Verify theme, migrated output and browser behavior	2026-09-18T07:13:18.1341677Z All 340 production/preview HTML files valid; F015 exact-title length exception only.
shsh-check	Verify theme, migrated output and browser behavior	2026-09-18T07:13:18.1770826Z $ playwright test
shsh-check	Verify theme, migrated output and browser behavior	2026-09-18T07:13:19.3412362Z
shsh-check	Verify theme, migrated output and browser behavior	2026-09-18T07:13:19.3413082Z Running 240 tests using 2 workers
shsh-check	Verify theme, migrated output and browser behavior	2026-09-18T07:13:19.3414719Z
shsh-check	Verify theme, migrated output and browser behavior	2026-09-18T07:13:22.2585431Z   ✓    1 [chromium] › tests/collections.spec.ts:4:1 › home and section pagination retain newer-left/older-right and first-page introduction (1.2s)
shsh-check	Verify theme, migrated output and browser behavior	2026-09-18T07:13:22.6704807Z   ✓    3 [chromium] › tests/collections.spec.ts:91:1 › pagination and whole-card links work without JavaScript (398ms)
shsh-check	Verify theme, migrated output and browser behavior	2026-09-18T07:13:27.5056222Z   ✓    2 [chromium] › tests/collections.spec.ts:29:1 › list text, separators and pager preserve frozen mock styles in both widths and palettes (6.5s)
shsh-check	Verify theme, migrated output and browser behavior	2026-09-18T07:13:28.3513115Z   ✓    4 [chromium] › tests/full-review.spec.ts:8:3 › Full screen home (5.7s)
shsh-check	Verify theme, migrated output and browser behavior	2026-09-18T07:13:32.3188557Z   ✓    5 [chromium] › tests/full-review.spec.ts:8:3 › Full screen home-2 (4.8s)
shsh-check	Verify theme, migrated output and browser behavior	2026-09-18T07:13:32.7665229Z   ✓    6 [chromium] › tests/full-review.spec.ts:8:3 › Full screen home-3 (4.4s)
shsh-check	Verify theme, migrated output and browser behavior	2026-09-18T07:13:37.5412785Z   ✓    8 [chromium] › tests/full-review.spec.ts:8:3 › Full screen posts-2 (4.8s)
shsh-check	Verify theme, migrated output and browser behavior	2026-09-18T07:13:37.5817241Z   ✓    7 [chromium] › tests/full-review.spec.ts:8:3 › Full screen posts (5.2s)
shsh-check	Verify theme, migrated output and browser behavior	2026-09-18T07:13:42.3165306Z   ✓    9 [chromium] › tests/full-review.spec.ts:8:3 › Full screen posts-3 (4.8s)
shsh-check	Verify theme, migrated output and browser behavior	2026-09-18T07:13:42.6705359Z   ✓   10 [chromium] › tests/full-review.spec.ts:8:3 › Full screen tags (5.1s)
shsh-check	Verify theme, migrated output and browser behavior	2026-09-18T07:13:47.1941258Z   ✓   11 [chromium] › tests/full-review.spec.ts:8:3 › Full screen tags-empty (4.9s)
shsh-check	Verify theme, migrated output and browser behavior	2026-09-18T07:13:48.5599351Z   ✓   12 [chromium] › tests/full-review.spec.ts:8:3 › Full screen tag-1 (5.9s)
shsh-check	Verify theme, migrated output and browser behavior	2026-09-18T07:13:52.0221027Z   ✓   13 [chromium] › tests/full-review.spec.ts:8:3 › Full screen tag-2 (4.8s)
shsh-check	Verify theme, migrated output and browser behavior	2026-09-18T07:13:53.5496067Z   ✓   14 [chromium] › tests/full-review.spec.ts:8:3 › Full screen tag-3 (5.0s)
shsh-check	Verify theme, migrated output and browser behavior	2026-09-18T07:13:56.8421954Z   ✓   15 [chromium] › tests/full-review.spec.ts:8:3 › Full screen tag-4 (4.8s)
shsh-check	Verify theme, migrated output and browser behavior	2026-09-18T07:13:58.4165300Z   ✓   16 [chromium] › tests/full-review.spec.ts:8:3 › Full screen tag-5 (4.8s)
shsh-check	Verify theme, migrated output and browser behavior	2026-09-18T07:14:01.3371297Z   ✓   17 [chromium] › tests/full-review.spec.ts:8:3 › Full screen tag-6 (4.5s)
shsh-check	Verify theme, migrated output and browser behavior	2026-09-18T07:14:03.3700802Z   ✓   18 [chromium] › tests/full-review.spec.ts:8:3 › Full screen tag-7 (4.9s)
shsh-check	Verify theme, migrated output and browser behavior	2026-09-18T07:14:06.3225940Z   ✓   19 [chromium] › tests/full-review.spec.ts:8:3 › Full screen tag-8 (5.0s)
shsh-check	Verify theme, migrated output and browser behavior	2026-09-18T07:14:07.9010180Z   ✓   20 [chromium] › tests/full-review.spec.ts:8:3 › Full screen tag-9 (4.5s)
shsh-check	Verify theme, migrated output and browser behavior	2026-09-18T07:14:11.2952099Z   ✓   21 [chromium] › tests/full-review.spec.ts:8:3 › Full screen tag-10 (5.0s)
shsh-check	Verify theme, migrated output and browser behavior	2026-09-18T07:14:12.7415395Z   ✓   22 [chromium] › tests/full-review.spec.ts:8:3 › Full screen tag-11 (4.8s)
shsh-check	Verify theme, migrated output and browser behavior	2026-09-18T07:14:15.4512710Z   ✓   23 [chromium] › tests/full-review.spec.ts:8:3 › Full screen categories (4.1s)
shsh-check	Verify theme, migrated output and browser behavior	2026-09-18T07:14:16.8890755Z   ✓   24 [chromium] › tests/full-review.spec.ts:8:3 › Full screen categories-empty (4.1s)
shsh-check	Verify theme, migrated output and browser behavior	2026-09-18T07:14:20.6017079Z   ✓   25 [chromium] › tests/full-review.spec.ts:8:3 › Full screen category-1 (5.1s)
shsh-check	Verify theme, migrated output and browser behavior	2026-09-18T07:14:21.7637873Z   ✓   26 [chromium] › tests/full-review.spec.ts:8:3 › Full screen category-2 (4.9s)
shsh-check	Verify theme, migrated output and browser behavior	2026-09-18T07:14:25.1557432Z   ✓   27 [chromium] › tests/full-review.spec.ts:8:3 › Full screen category-2-2 (4.5s)
shsh-check	Verify theme, migrated output and browser behavior	2026-09-18T07:14:27.0206783Z   ✓   28 [chromium] › tests/full-review.spec.ts:8:3 › Full screen tag-pagination (5.2s)
shsh-check	Verify theme, migrated output and browser behavior	2026-09-18T07:14:30.1191761Z   ✓   29 [chromium] › tests/full-review.spec.ts:8:3 › Full screen tag-pagination-2 (5.0s)
shsh-check	Verify theme, migrated output and browser behavior	2026-09-18T07:14:31.5664723Z   ✓   30 [chromium] › tests/full-review.spec.ts:8:3 › Full screen tag-pagination-3 (4.5s)
shsh-check	Verify theme, migrated output and browser behavior	2026-09-18T07:14:35.4183547Z   ✓   31 [chromium] › tests/full-review.spec.ts:8:3 › Full screen category-pagination (5.3s)
shsh-check	Verify theme, migrated output and browser behavior	2026-09-18T07:14:36.4573624Z   ✓   32 [chromium] › tests/full-review.spec.ts:8:3 › Full screen category-pagination-2 (4.9s)
shsh-check	Verify theme, migrated output and browser behavior	2026-09-18T07:14:39.6901670Z   ✓   33 [chromium] › tests/full-review.spec.ts:8:3 › Full screen category-pagination-3 (4.3s)
shsh-check	Verify theme, migrated output and browser behavior	2026-09-18T07:14:48.2479654Z   ✓   35 [chromium] › tests/full-review.spec.ts:8:3 › Full screen article-hugo (8.5s)
shsh-check	Verify theme, migrated output and browser behavior	2026-09-18T07:14:52.8836327Z   ✓   36 [chromium] › tests/full-review.spec.ts:8:3 › Full screen article-diary (4.6s)
shsh-check	Verify theme, migrated output and browser behavior	2026-09-18T07:14:57.7785736Z   ✓   37 [chromium] › tests/full-review.spec.ts:8:3 › Full screen article-bgm (4.9s)
shsh-check	Verify theme, migrated output and browser behavior	2026-09-18T07:14:59.4595974Z   ✓   34 [chromium] › tests/full-review.spec.ts:8:3 › Full screen article (23.0s)
shsh-check	Verify theme, migrated output and browser behavior	2026-09-18T07:15:03.1520706Z   ✓   38 [chromium] › tests/full-review.spec.ts:8:3 › Full screen article-pasmo (5.4s)
shsh-check	Verify theme, migrated output and browser behavior	2026-09-18T07:15:07.9938659Z   ✓   40 [chromium] › tests/full-review.spec.ts:8:3 › Full screen archives (4.8s)
shsh-check	Verify theme, migrated output and browser behavior	2026-09-18T07:15:12.0173919Z   ✓   41 [chromium] › tests/full-review.spec.ts:8:3 › Full screen 404 (4.0s)
shsh-check	Verify theme, migrated output and browser behavior	2026-09-18T07:15:13.3919337Z   ✓   39 [chromium] › tests/full-review.spec.ts:8:3 › Full screen about (13.9s)
shsh-check	Verify theme, migrated output and browser behavior	2026-09-18T07:15:16.0780238Z   ✓   42 [chromium] › tests/full-review.spec.ts:8:3 › Full screen empty (4.0s)
shsh-check	Verify theme, migrated output and browser behavior	2026-09-18T07:15:17.7916310Z   ✓   43 [chromium] › tests/full-review.spec.ts:8:3 › Full screen single-item (4.4s)
shsh-check	Verify theme, migrated output and browser behavior	2026-09-18T07:15:18.8169145Z   ✓   45 [chromium] › tests/media.spec.ts:10:1 › responsive candidates, originals, dimensions, loading and figure semantics (1.0s)
shsh-check	Verify theme, migrated output and browser behavior	2026-09-18T07:15:20.6589486Z   ✓   44 [chromium] › tests/full-review.spec.ts:136:1 › discovery semantics, keyboard, fixed pages and JavaScript-disabled navigation (4.6s)
shsh-check	Verify theme, migrated output and browser behavior	2026-09-18T07:15:21.7835430Z   ✓   46 [chromium] › tests/media.spec.ts:88:1 › WebP preserves PNG pixels and transparency at each generated width (2.9s)
shsh-check	Verify theme, migrated output and browser behavior	2026-09-18T07:15:22.4161590Z   ✓   48 [chromium] › tests/media.spec.ts:193:1 › DPR chooses fitting candidates and JavaScript-free media remain usable (613ms)
shsh-check	Verify theme, migrated output and browser behavior	2026-09-18T07:15:22.5576515Z   ✓   49 [chromium] › tests/metadata.spec.ts:52:1 › RSS uses all ordered articles, plain common summaries and stable document GUIDs (123ms)
shsh-check	Verify theme, migrated output and browser behavior	2026-09-18T07:15:22.6916341Z   ✓   50 [chromium] › tests/metadata.spec.ts:79:1 › taxonomy feeds contain term pages, term feeds filter posts, empty feeds have no fake dates (120ms)
shsh-check	Verify theme, migrated output and browser behavior	2026-09-18T07:15:22.9170736Z   ✓   51 [chromium] › tests/metadata.spec.ts:109:1 › canonical and discovery URLs follow the active pager and build baseURL (215ms)
shsh-check	Verify theme, migrated output and browser behavior	2026-09-18T07:15:23.0179602Z   ✓   52 [chromium] › tests/metadata.spec.ts:135:1 › description, dates and JSON-LD preserve page roles and safe text (87ms)
shsh-check	Verify theme, migrated output and browser behavior	2026-09-18T07:15:23.1552099Z   ✓   53 [chromium] › tests/metadata.spec.ts:170:1 › SNS images use cover, global assets/static/external defaults or none, never body images (122ms)
shsh-check	Verify theme, migrated output and browser behavior	2026-09-18T07:15:23.3468463Z   ✓   54 [chromium] › tests/metadata.spec.ts:193:1 › all XML parses, sitemap and robots follow production and preview (181ms)
shsh-check	Verify theme, migrated output and browser behavior	2026-09-18T07:15:25.9213814Z   ✓   55 [chromium] › tests/migration.spec.ts:36:3 › All migrated outputs: production (2.5s)
shsh-check	Verify theme, migrated output and browser behavior	2026-09-18T07:15:26.6436334Z   ✓   56 [chromium] › tests/migration.spec.ts:36:3 › All migrated outputs: preview (705ms)
shsh-check	Verify theme, migrated output and browser behavior	2026-09-18T07:15:26.9645631Z   ✓   47 [chromium] › tests/media.spec.ts:151:1 › media geometry matches mock, small images stay small, both colors remain accessible (6.3s)
shsh-check	Verify theme, migrated output and browser behavior	2026-09-18T07:15:27.3639349Z   ✓   58 [chromium] › tests/prose.spec.ts:46:1 › failed copy announces manual fallback, permits retry, and resets success after three seconds (377ms)
shsh-check	Verify theme, migrated output and browser behavior	2026-09-18T07:15:27.4631441Z   ✓   57 [chromium] › tests/prose.spec.ts:18:1 › copy preserves code with Japanese, inline/table numbers, unknown language and no label (798ms)
shsh-check	Verify theme, migrated output and browser behavior	2026-09-18T07:15:28.0463297Z   ✓   60 [chromium] › tests/prose.spec.ts:94:1 › touch reveals copy, outside tap and horizontal scroll dismiss it (566ms)
shsh-check	Verify theme, migrated output and browser behavior	2026-09-18T07:15:28.0860095Z   ✓   59 [chromium] › tests/prose.spec.ts:73:1 › keyboard reveals copy and Escape returns focus to selectable code (706ms)
shsh-check	Verify theme, migrated output and browser behavior	2026-09-18T07:15:29.0196077Z   ✘   61 [chromium] › tests/prose.spec.ts:115:1 › prose matches mock type and spacing; footnotes, headings, dates and JS-free reading work (902ms)
shsh-check	Verify theme, migrated output and browser behavior	2026-09-18T07:15:32.0237412Z   ✓   62 [chromium] › tests/prose.spec.ts:209:1 › full real article preserves mock prose layout in both palettes and widths (3.9s)
shsh-check	Verify theme, migrated output and browser behavior	2026-09-18T07:15:35.6269720Z   ✓   63 [chromium] › tests/review.spec.ts:69:3 › Representative home comparison, both widths/colors and text enlargement (5.9s)
shsh-check	Verify theme, migrated output and browser behavior	2026-09-18T07:15:37.1267071Z   ✓   64 [chromium] › tests/review.spec.ts:69:3 › Representative posts comparison, both widths/colors and text enlargement (5.1s)
shsh-check	Verify theme, migrated output and browser behavior	2026-09-18T07:15:51.3363831Z   ✓   66 [chromium] › tests/review.spec.ts:69:3 › Representative specimen comparison, both widths/colors and text enlargement (14.2s)
shsh-check	Verify theme, migrated output and browser behavior	2026-09-18T07:15:53.2015795Z   ✓   67 [chromium] › tests/sharing.spec.ts:14:1 › shared document URLs, encoded titles, service order and keyboard navigation (1.9s)
shsh-check	Verify theme, migrated output and browser behavior	2026-09-18T07:15:54.0584970Z   ✓   68 [chromium] › tests/sharing.spec.ts:59:1 › failed star download preserves reading and share links and announces failure (843ms)
shsh-check	Verify theme, migrated output and browser behavior	2026-09-18T07:15:54.4942122Z   ✓   69 [chromium] › tests/sharing.spec.ts:72:1 › preview cannot share or load stars; JS-free production retains ordinary links (420ms)
shsh-check	Verify theme, migrated output and browser behavior	2026-09-18T07:15:55.9711277Z   ✓   70 [chromium] › tests/sharing.spec.ts:103:1 › sharing retains mock geometry and icon styling at both widths and palettes (1.5s)
shsh-check	Verify theme, migrated output and browser behavior	2026-09-18T07:15:58.5873487Z   ✓   65 [chromium] › tests/review.spec.ts:69:3 › Representative article comparison, both widths/colors and text enlargement (22.9s)
shsh-check	Verify theme, migrated output and browser behavior	2026-09-18T07:15:59.3557707Z   ✓   71 [chromium] › tests/site.spec.ts:9:3 › Migrated site production: all embed positions, URLs and publication controls (3.4s)
shsh-check	Verify theme, migrated output and browser behavior	2026-09-18T07:15:59.9903803Z   ✓   73 [chromium] › tests/site.spec.ts:99:1 › real video reserves its intrinsic ratio before loading; native playback dimensions agree (625ms)
shsh-check	Verify theme, migrated output and browser behavior	2026-09-18T07:16:00.2330564Z   ✓   74 [chromium] › tests/theme.spec.ts:4:1 › saved pref-theme is applied before styles load (222ms)
shsh-check	Verify theme, migrated output and browser behavior	2026-09-18T07:16:00.7018582Z   ✓   75 [chromium] › tests/theme.spec.ts:25:1 › OS follows until a keyboard choice, persists and ignores mock query parameters (458ms)
shsh-check	Verify theme, migrated output and browser behavior	2026-09-18T07:16:00.9636054Z   ✓   76 [chromium] › tests/theme.spec.ts:53:1 › invalid and unavailable storage retain OS fallback and allow a page-local choice (248ms)
shsh-check	Verify theme, migrated output and browser behavior	2026-09-18T07:16:01.1453353Z   ✓   77 [chromium] › tests/theme.spec.ts:78:1 › invalid saved value uses OS preference (169ms)
shsh-check	Verify theme, migrated output and browser behavior	2026-09-18T07:16:01.5094732Z   ✓   78 [chromium] › tests/theme.spec.ts:85:1 › without JavaScript both OS palettes, navigation and subscription remain usable (349ms)
shsh-check	Verify theme, migrated output and browser behavior	2026-09-18T07:16:02.2867275Z   ✓   72 [chromium] › tests/site.spec.ts:9:3 › Migrated site preview: all embed positions, URLs and publication controls (3.7s)
shsh-check	Verify theme, migrated output and browser behavior	2026-09-18T07:16:03.6153676Z   ✓   80 [chromium] › tests/tooling.spec.ts:5:1 › Hugo formatting preserves inline spaces, attributes, render hooks and compiled assets (1.3s)
shsh-check	Verify theme, migrated output and browser behavior	2026-09-18T07:16:05.0966070Z   ✓   79 [chromium] › tests/theme.spec.ts:102:1 › shared shell keeps mock dimensions at desktop and mobile widths in both palettes (3.6s)
shsh-check	Verify theme, migrated output and browser behavior	2026-09-18T07:16:08.2719409Z   ✓   81 [firefox] › tests/collections.spec.ts:4:1 › home and section pagination retain newer-left/older-right and first-page introduction (3.3s)
shsh-check	Verify theme, migrated output and browser behavior	2026-09-18T07:16:09.3125214Z   ✓   83 [firefox] › tests/collections.spec.ts:91:1 › pagination and whole-card links work without JavaScript (1.0s)
shsh-check	Verify theme, migrated output and browser behavior	2026-09-18T07:16:17.1994707Z   ✓   84 [firefox] › tests/full-review.spec.ts:8:3 › Full screen home (7.9s)
shsh-check	Verify theme, migrated output and browser behavior	2026-09-18T07:16:19.1746885Z   ✓   82 [firefox] › tests/collections.spec.ts:29:1 › list text, separators and pager preserve frozen mock styles in both widths and palettes (12.7s)
shsh-check	Verify theme, migrated output and browser behavior	2026-09-18T07:16:24.1850315Z   ✓   85 [firefox] › tests/full-review.spec.ts:8:3 › Full screen home-2 (7.0s)
shsh-check	Verify theme, migrated output and browser behavior	2026-09-18T07:16:26.2268469Z   ✓   86 [firefox] › tests/full-review.spec.ts:8:3 › Full screen home-3 (7.0s)
shsh-check	Verify theme, migrated output and browser behavior	2026-09-18T07:16:31.5034012Z   ✓   87 [firefox] › tests/full-review.spec.ts:8:3 › Full screen posts (7.3s)
shsh-check	Verify theme, migrated output and browser behavior	2026-09-18T07:16:33.3477765Z   ✓   88 [firefox] › tests/full-review.spec.ts:8:3 › Full screen posts-2 (7.1s)
shsh-check	Verify theme, migrated output and browser behavior	2026-09-18T07:16:39.8293159Z   ✓   89 [firefox] › tests/full-review.spec.ts:8:3 › Full screen posts-3 (8.3s)
shsh-check	Verify theme, migrated output and browser behavior	2026-09-18T07:16:40.4377102Z   ✓   90 [firefox] › tests/full-review.spec.ts:8:3 › Full screen tags (7.1s)
shsh-check	Verify theme, migrated output and browser behavior	2026-09-18T07:16:46.2661323Z   ✓   91 [firefox] › tests/full-review.spec.ts:8:3 › Full screen tags-empty (6.4s)
shsh-check	Verify theme, migrated output and browser behavior	2026-09-18T07:16:47.5470242Z   ✓   92 [firefox] › tests/full-review.spec.ts:8:3 › Full screen tag-1 (7.1s)
shsh-check	Verify theme, migrated output and browser behavior	2026-09-18T07:16:52.9403851Z   ✓   93 [firefox] › tests/full-review.spec.ts:8:3 › Full screen tag-2 (6.7s)
shsh-check	Verify theme, migrated output and browser behavior	2026-09-18T07:16:57.3350262Z   ✓   94 [firefox] › tests/full-review.spec.ts:8:3 › Full screen tag-3 (9.8s)
shsh-check	Verify theme, migrated output and browser behavior	2026-09-18T07:16:59.8847089Z   ✓   95 [firefox] › tests/full-review.spec.ts:8:3 › Full screen tag-4 (6.9s)
shsh-check	Verify theme, migrated output and browser behavior	2026-09-18T07:17:04.3611230Z   ✓   96 [firefox] › tests/full-review.spec.ts:8:3 › Full screen tag-5 (7.0s)
shsh-check	Verify theme, migrated output and browser behavior	2026-09-18T07:17:06.8381873Z   ✓   97 [firefox] › tests/full-review.spec.ts:8:3 › Full screen tag-6 (6.9s)
shsh-check	Verify theme, migrated output and browser behavior	2026-09-18T07:17:11.6906130Z   ✓   98 [firefox] › tests/full-review.spec.ts:8:3 › Full screen tag-7 (7.3s)
shsh-check	Verify theme, migrated output and browser behavior	2026-09-18T07:17:16.9252780Z   ✓   99 [firefox] › tests/full-review.spec.ts:8:3 › Full screen tag-8 (10.1s)
shsh-check	Verify theme, migrated output and browser behavior	2026-09-18T07:17:18.0306246Z   ✓  100 [firefox] › tests/full-review.spec.ts:8:3 › Full screen tag-9 (6.3s)
shsh-check	Verify theme, migrated output and browser behavior	2026-09-18T07:17:23.7643041Z   ✓  101 [firefox] › tests/full-review.spec.ts:8:3 › Full screen tag-10 (6.8s)
shsh-check	Verify theme, migrated output and browser behavior	2026-09-18T07:17:24.9774669Z   ✓  102 [firefox] › tests/full-review.spec.ts:8:3 › Full screen tag-11 (6.9s)
shsh-check	Verify theme, migrated output and browser behavior	2026-09-18T07:17:30.1252115Z   ✓  103 [firefox] › tests/full-review.spec.ts:8:3 › Full screen categories (6.3s)
shsh-check	Verify theme, migrated output and browser behavior	2026-09-18T07:17:34.1584774Z   ✓  104 [firefox] › tests/full-review.spec.ts:8:3 › Full screen categories-empty (9.2s)
shsh-check	Verify theme, migrated output and browser behavior	2026-09-18T07:17:37.1809547Z   ✓  105 [firefox] › tests/full-review.spec.ts:8:3 › Full screen category-1 (7.0s)
shsh-check	Verify theme, migrated output and browser behavior	2026-09-18T07:17:41.2157495Z   ✓  106 [firefox] › tests/full-review.spec.ts:8:3 › Full screen category-2 (7.0s)
shsh-check	Verify theme, migrated output and browser behavior	2026-09-18T07:17:44.1586757Z   ✓  107 [firefox] › tests/full-review.spec.ts:8:3 › Full screen category-2-2 (7.0s)
shsh-check	Verify theme, migrated output and browser behavior	2026-09-18T07:17:48.4583247Z   ✓  108 [firefox] › tests/full-review.spec.ts:8:3 › Full screen tag-pagination (7.2s)
shsh-check	Verify theme, migrated output and browser behavior	2026-09-18T07:17:54.0742981Z   ✓  109 [firefox] › tests/full-review.spec.ts:8:3 › Full screen tag-pagination-2 (9.9s)
shsh-check	Verify theme, migrated output and browser behavior	2026-09-18T07:17:54.9916227Z   ✓  110 [firefox] › tests/full-review.spec.ts:8:3 › Full screen tag-pagination-3 (6.5s)
shsh-check	Verify theme, migrated output and browser behavior	2026-09-18T07:18:01.2787078Z   ✓  111 [firefox] › tests/full-review.spec.ts:8:3 › Full screen category-pagination (7.2s)
shsh-check	Verify theme, migrated output and browser behavior	2026-09-18T07:18:02.3189943Z   ✓  112 [firefox] › tests/full-review.spec.ts:8:3 › Full screen category-pagination-2 (7.3s)
shsh-check	Verify theme, migrated output and browser behavior	2026-09-18T07:18:08.0981953Z   ✓  113 [firefox] › tests/full-review.spec.ts:8:3 › Full screen category-pagination-3 (6.8s)
shsh-check	Verify theme, migrated output and browser behavior	2026-09-18T07:18:18.6683630Z   ✓  115 [firefox] › tests/full-review.spec.ts:8:3 › Full screen article-hugo (10.6s)
shsh-check	Verify theme, migrated output and browser behavior	2026-09-18T07:18:25.3839430Z   ✓  114 [firefox] › tests/full-review.spec.ts:8:3 › Full screen article (23.0s)
shsh-check	Verify theme, migrated output and browser behavior	2026-09-18T07:18:26.2067226Z   ✓  116 [firefox] › tests/full-review.spec.ts:8:3 › Full screen article-diary (7.5s)
shsh-check	Verify theme, migrated output and browser behavior	2026-09-18T07:18:32.7722936Z   ✓  117 [firefox] › tests/full-review.spec.ts:8:3 › Full screen article-bgm (7.4s)
shsh-check	Verify theme, migrated output and browser behavior	2026-09-18T07:18:36.8735776Z   ✓  118 [firefox] › tests/full-review.spec.ts:8:3 › Full screen article-pasmo (10.7s)
shsh-check	Verify theme, migrated output and browser behavior	2026-09-18T07:18:43.8257672Z   ✓  120 [firefox] › tests/full-review.spec.ts:8:3 › Full screen archives (6.9s)
shsh-check	Verify theme, migrated output and browser behavior	2026-09-18T07:18:45.5819984Z   ✓  119 [firefox] › tests/full-review.spec.ts:8:3 › Full screen about (12.8s)
shsh-check	Verify theme, migrated output and browser behavior	2026-09-18T07:18:50.2285375Z   ✓  121 [firefox] › tests/full-review.spec.ts:8:3 › Full screen 404 (6.4s)
shsh-check	Verify theme, migrated output and browser behavior	2026-09-18T07:18:52.3784205Z   ✓  122 [firefox] › tests/full-review.spec.ts:8:3 › Full screen empty (6.8s)
shsh-check	Verify theme, migrated output and browser behavior	2026-09-18T07:18:56.7548922Z   ✓  123 [firefox] › tests/full-review.spec.ts:8:3 › Full screen single-item (6.5s)
shsh-check	Verify theme, migrated output and browser behavior	2026-09-18T07:18:58.4893982Z   ✓  125 [firefox] › tests/media.spec.ts:10:1 › responsive candidates, originals, dimensions, loading and figure semantics (1.7s)
shsh-check	Verify theme, migrated output and browser behavior	2026-09-18T07:19:01.4551246Z   ✓  126 [firefox] › tests/media.spec.ts:88:1 › WebP preserves PNG pixels and transparency at each generated width (2.9s)
shsh-check	Verify theme, migrated output and browser behavior	2026-09-18T07:19:01.5679672Z   ✓  124 [firefox] › tests/full-review.spec.ts:136:1 › discovery semantics, keyboard, fixed pages and JavaScript-disabled navigation (9.2s)
shsh-check	Verify theme, migrated output and browser behavior	2026-09-18T07:19:04.3599179Z   ✓  128 [firefox] › tests/media.spec.ts:193:1 › DPR chooses fitting candidates and JavaScript-free media remain usable (2.8s)
shsh-check	Verify theme, migrated output and browser behavior	2026-09-18T07:19:04.7436548Z   ✓  129 [firefox] › tests/metadata.spec.ts:52:1 › RSS uses all ordered articles, plain common summaries and stable document GUIDs (361ms)
shsh-check	Verify theme, migrated output and browser behavior	2026-09-18T07:19:05.1321495Z   ✓  130 [firefox] › tests/metadata.spec.ts:79:1 › taxonomy feeds contain term pages, term feeds filter posts, empty feeds have no fake dates (374ms)
shsh-check	Verify theme, migrated output and browser behavior	2026-09-18T07:19:05.5415361Z   ✓  131 [firefox] › tests/metadata.spec.ts:109:1 › canonical and discovery URLs follow the active pager and build baseURL (393ms)
shsh-check	Verify theme, migrated output and browser behavior	2026-09-18T07:19:05.9372006Z   ✓  132 [firefox] › tests/metadata.spec.ts:135:1 › description, dates and JSON-LD preserve page roles and safe text (378ms)
shsh-check	Verify theme, migrated output and browser behavior	2026-09-18T07:19:06.4298359Z   ✓  133 [firefox] › tests/metadata.spec.ts:170:1 › SNS images use cover, global assets/static/external defaults or none, never body images (479ms)
shsh-check	Verify theme, migrated output and browser behavior	2026-09-18T07:19:06.8605134Z   ✓  134 [firefox] › tests/metadata.spec.ts:193:1 › all XML parses, sitemap and robots follow production and preview (420ms)
shsh-check	Verify theme, migrated output and browser behavior	2026-09-18T07:19:09.9498445Z   ✓  135 [firefox] › tests/migration.spec.ts:36:3 › All migrated outputs: production (3.0s)
shsh-check	Verify theme, migrated output and browser behavior	2026-09-18T07:19:10.6115727Z   ✓  127 [firefox] › tests/media.spec.ts:151:1 › media geometry matches mock, small images stay small, both colors remain accessible (9.1s)
shsh-check	Verify theme, migrated output and browser behavior	2026-09-18T07:19:12.2029689Z   ✓  136 [firefox] › tests/migration.spec.ts:36:3 › All migrated outputs: preview (2.2s)
shsh-check	Verify theme, migrated output and browser behavior	2026-09-18T07:19:12.9067796Z   ✓  137 [firefox] › tests/prose.spec.ts:18:1 › copy preserves code with Japanese, inline/table numbers, unknown language and no label (2.3s)
shsh-check	Verify theme, migrated output and browser behavior	2026-09-18T07:19:12.9980060Z   ✓  138 [firefox] › tests/prose.spec.ts:46:1 › failed copy announces manual fallback, permits retry, and resets success after three seconds (773ms)
shsh-check	Verify theme, migrated output and browser behavior	2026-09-18T07:19:14.1369222Z   ✓  140 [firefox] › tests/prose.spec.ts:94:1 › touch reveals copy, outside tap and horizontal scroll dismiss it (1.1s)
shsh-check	Verify theme, migrated output and browser behavior	2026-09-18T07:19:14.2091382Z   ✓  139 [firefox] › tests/prose.spec.ts:73:1 › keyboard reveals copy and Escape returns focus to selectable code (1.3s)
shsh-check	Verify theme, migrated output and browser behavior	2026-09-18T07:19:17.7050554Z   ✓  142 [firefox] › tests/prose.spec.ts:209:1 › full real article preserves mock prose layout in both palettes and widths (3.5s)
shsh-check	Verify theme, migrated output and browser behavior	2026-09-18T07:19:24.8346602Z   ✓  143 [firefox] › tests/review.spec.ts:69:3 › Representative home comparison, both widths/colors and text enlargement (7.1s)
shsh-check	Verify theme, migrated output and browser behavior	2026-09-18T07:19:26.7790665Z   ✓  141 [firefox] › tests/prose.spec.ts:115:1 › prose matches mock type and spacing; footnotes, headings, dates and JS-free reading work (12.6s)
shsh-check	Verify theme, migrated output and browser behavior	2026-09-18T07:19:31.8629117Z   ✓  144 [firefox] › tests/review.spec.ts:69:3 › Representative posts comparison, both widths/colors and text enlargement (7.0s)
shsh-check	Verify theme, migrated output and browser behavior	2026-09-18T07:19:47.0184044Z   ✓  145 [firefox] › tests/review.spec.ts:69:3 › Representative article comparison, both widths/colors and text enlargement (20.2s)
shsh-check	Verify theme, migrated output and browser behavior	2026-09-18T07:19:47.2928035Z   ✓  146 [firefox] › tests/review.spec.ts:69:3 › Representative specimen comparison, both widths/colors and text enlargement (15.4s)
shsh-check	Verify theme, migrated output and browser behavior	2026-09-18T07:19:48.8473351Z   ✓  148 [firefox] › tests/sharing.spec.ts:59:1 › failed star download preserves reading and share links and announces failure (1.5s)
shsh-check	Verify theme, migrated output and browser behavior	2026-09-18T07:19:50.3708602Z   ✓  147 [firefox] › tests/sharing.spec.ts:14:1 › shared document URLs, encoded titles, service order and keyboard navigation (3.3s)
shsh-check	Verify theme, migrated output and browser behavior	2026-09-18T07:19:51.3029762Z   ✓  149 [firefox] › tests/sharing.spec.ts:72:1 › preview cannot share or load stars; JS-free production retains ordinary links (2.4s)
shsh-check	Verify theme, migrated output and browser behavior	2026-09-18T07:19:53.0783985Z   ✓  150 [firefox] › tests/sharing.spec.ts:103:1 › sharing retains mock geometry and icon styling at both widths and palettes (2.7s)
shsh-check	Verify theme, migrated output and browser behavior	2026-09-18T07:19:57.3859697Z   ✓  151 [firefox] › tests/site.spec.ts:9:3 › Migrated site production: all embed positions, URLs and publication controls (6.1s)
shsh-check	Verify theme, migrated output and browser behavior	2026-09-18T07:19:58.4977225Z   ✓  153 [firefox] › tests/site.spec.ts:99:1 › real video reserves its intrinsic ratio before loading; native playback dimensions agree (1.1s)
shsh-check	Verify theme, migrated output and browser behavior	2026-09-18T07:19:59.1435117Z   ✓  154 [firefox] › tests/theme.spec.ts:4:1 › saved pref-theme is applied before styles load (624ms)
shsh-check	Verify theme, migrated output and browser behavior	2026-09-18T07:19:59.9925522Z   ✓  155 [firefox] › tests/theme.spec.ts:25:1 › OS follows until a keyboard choice, persists and ignores mock query parameters (833ms)
shsh-check	Verify theme, migrated output and browser behavior	2026-09-18T07:20:00.5280770Z   ✓  156 [firefox] › tests/theme.spec.ts:53:1 › invalid and unavailable storage retain OS fallback and allow a page-local choice (515ms)
shsh-check	Verify theme, migrated output and browser behavior	2026-09-18T07:20:00.7616848Z   ✓  152 [firefox] › tests/site.spec.ts:9:3 › Migrated site preview: all embed positions, URLs and publication controls (7.7s)
shsh-check	Verify theme, migrated output and browser behavior	2026-09-18T07:20:00.9496261Z   ✓  157 [firefox] › tests/theme.spec.ts:78:1 › invalid saved value uses OS preference (401ms)
shsh-check	Verify theme, migrated output and browser behavior	2026-09-18T07:20:01.6167628Z   ✓  158 [firefox] › tests/theme.spec.ts:85:1 › without JavaScript both OS palettes, navigation and subscription remain usable (827ms)
shsh-check	Verify theme, migrated output and browser behavior	2026-09-18T07:20:03.9723926Z   ✓  160 [firefox] › tests/tooling.spec.ts:5:1 › Hugo formatting preserves inline spaces, attributes, render hooks and compiled assets (2.3s)
shsh-check	Verify theme, migrated output and browser behavior	2026-09-18T07:20:07.0643361Z   ✓  159 [firefox] › tests/theme.spec.ts:102:1 › shared shell keeps mock dimensions at desktop and mobile widths in both palettes (6.1s)
shsh-check	Verify theme, migrated output and browser behavior	2026-09-18T07:20:11.8015250Z   ✓  161 [webkit] › tests/collections.spec.ts:4:1 › home and section pagination retain newer-left/older-right and first-page introduction (6.0s)
shsh-check	Verify theme, migrated output and browser behavior	2026-09-18T07:20:12.7896547Z   ✓  163 [webkit] › tests/collections.spec.ts:91:1 › pagination and whole-card links work without JavaScript (970ms)
shsh-check	Verify theme, migrated output and browser behavior	2026-09-18T07:20:18.6747037Z   ✓  162 [webkit] › tests/collections.spec.ts:29:1 › list text, separators and pager preserve frozen mock styles in both widths and palettes (10.7s)
shsh-check	Verify theme, migrated output and browser behavior	2026-09-18T07:20:20.2959539Z   ✓  164 [webkit] › tests/full-review.spec.ts:8:3 › Full screen home (7.5s)
shsh-check	Verify theme, migrated output and browser behavior	2026-09-18T07:20:25.6099422Z   ✓  165 [webkit] › tests/full-review.spec.ts:8:3 › Full screen home-2 (6.9s)
shsh-check	Verify theme, migrated output and browser behavior	2026-09-18T07:20:27.1046551Z   ✓  166 [webkit] › tests/full-review.spec.ts:8:3 › Full screen home-3 (6.8s)
shsh-check	Verify theme, migrated output and browser behavior	2026-09-18T07:20:32.6281736Z   ✓  167 [webkit] › tests/full-review.spec.ts:8:3 › Full screen posts (7.0s)
shsh-check	Verify theme, migrated output and browser behavior	2026-09-18T07:20:33.8821883Z   ✓  168 [webkit] › tests/full-review.spec.ts:8:3 › Full screen posts-2 (6.8s)
shsh-check	Verify theme, migrated output and browser behavior	2026-09-18T07:20:39.1546241Z   ✓  169 [webkit] › tests/full-review.spec.ts:8:3 › Full screen posts-3 (6.5s)
shsh-check	Verify theme, migrated output and browser behavior	2026-09-18T07:20:40.4276808Z   ✓  170 [webkit] › tests/full-review.spec.ts:8:3 › Full screen tags (6.5s)
shsh-check	Verify theme, migrated output and browser behavior	2026-09-18T07:20:45.2825943Z   ✓  171 [webkit] › tests/full-review.spec.ts:8:3 › Full screen tags-empty (6.1s)
shsh-check	Verify theme, migrated output and browser behavior	2026-09-18T07:20:47.3275907Z   ✓  172 [webkit] › tests/full-review.spec.ts:8:3 › Full screen tag-1 (6.9s)
shsh-check	Verify theme, migrated output and browser behavior	2026-09-18T07:20:51.8466083Z   ✓  173 [webkit] › tests/full-review.spec.ts:8:3 › Full screen tag-2 (6.5s)
shsh-check	Verify theme, migrated output and browser behavior	2026-09-18T07:20:54.0186282Z   ✓  174 [webkit] › tests/full-review.spec.ts:8:3 › Full screen tag-3 (6.7s)
shsh-check	Verify theme, migrated output and browser behavior	2026-09-18T07:20:58.7189011Z   ✓  175 [webkit] › tests/full-review.spec.ts:8:3 › Full screen tag-4 (6.8s)
shsh-check	Verify theme, migrated output and browser behavior	2026-09-18T07:21:00.8286559Z   ✓  176 [webkit] › tests/full-review.spec.ts:8:3 › Full screen tag-5 (6.8s)
shsh-check	Verify theme, migrated output and browser behavior	2026-09-18T07:21:05.2238673Z   ✓  177 [webkit] › tests/full-review.spec.ts:8:3 › Full screen tag-6 (6.5s)
shsh-check	Verify theme, migrated output and browser behavior	2026-09-18T07:21:07.5291410Z   ✓  178 [webkit] › tests/full-review.spec.ts:8:3 › Full screen tag-7 (6.7s)
shsh-check	Verify theme, migrated output and browser behavior	2026-09-18T07:21:11.7586890Z   ✓  179 [webkit] › tests/full-review.spec.ts:8:3 › Full screen tag-8 (6.5s)
shsh-check	Verify theme, migrated output and browser behavior	2026-09-18T07:21:14.0449324Z   ✓  180 [webkit] › tests/full-review.spec.ts:8:3 › Full screen tag-9 (6.5s)
shsh-check	Verify theme, migrated output and browser behavior	2026-09-18T07:21:18.4493882Z   ✓  181 [webkit] › tests/full-review.spec.ts:8:3 › Full screen tag-10 (6.7s)
shsh-check	Verify theme, migrated output and browser behavior	2026-09-18T07:21:20.5844753Z   ✓  182 [webkit] › tests/full-review.spec.ts:8:3 › Full screen tag-11 (6.5s)
shsh-check	Verify theme, migrated output and browser behavior	2026-09-18T07:21:24.5034666Z   ✓  183 [webkit] › tests/full-review.spec.ts:8:3 › Full screen categories (6.0s)
shsh-check	Verify theme, migrated output and browser behavior	2026-09-18T07:21:26.4819138Z   ✓  184 [webkit] › tests/full-review.spec.ts:8:3 › Full screen categories-empty (5.9s)
shsh-check	Verify theme, migrated output and browser behavior	2026-09-18T07:21:31.3293312Z   ✓  185 [webkit] › tests/full-review.spec.ts:8:3 › Full screen category-1 (6.8s)
shsh-check	Verify theme, migrated output and browser behavior	2026-09-18T07:21:33.3581392Z   ✓  186 [webkit] › tests/full-review.spec.ts:8:3 › Full screen category-2 (6.8s)
shsh-check	Verify theme, migrated output and browser behavior	2026-09-18T07:21:37.8193615Z   ✓  187 [webkit] › tests/full-review.spec.ts:8:3 › Full screen category-2-2 (6.5s)
shsh-check	Verify theme, migrated output and browser behavior	2026-09-18T07:21:40.4126120Z   ✓  188 [webkit] › tests/full-review.spec.ts:8:3 › Full screen tag-pagination (7.0s)
shsh-check	Verify theme, migrated output and browser behavior	2026-09-18T07:21:44.5722104Z   ✓  189 [webkit] › tests/full-review.spec.ts:8:3 › Full screen tag-pagination-2 (6.7s)
shsh-check	Verify theme, migrated output and browser behavior	2026-09-18T07:21:47.0066453Z   ✓  190 [webkit] › tests/full-review.spec.ts:8:3 › Full screen tag-pagination-3 (6.6s)
shsh-check	Verify theme, migrated output and browser behavior	2026-09-18T07:21:51.6504099Z   ✓  191 [webkit] › tests/full-review.spec.ts:8:3 › Full screen category-pagination (7.1s)
shsh-check	Verify theme, migrated output and browser behavior	2026-09-18T07:21:54.0586779Z   ✓  192 [webkit] › tests/full-review.spec.ts:8:3 › Full screen category-pagination-2 (7.0s)
shsh-check	Verify theme, migrated output and browser behavior	2026-09-18T07:21:57.8835954Z   ✓  193 [webkit] › tests/full-review.spec.ts:8:3 › Full screen category-pagination-3 (6.2s)
shsh-check	Verify theme, migrated output and browser behavior	2026-09-18T07:22:08.1705400Z   ✓  195 [webkit] › tests/full-review.spec.ts:8:3 › Full screen article-hugo (10.3s)
shsh-check	Verify theme, migrated output and browser behavior	2026-09-18T07:22:13.8349695Z   ✓  194 [webkit] › tests/full-review.spec.ts:8:3 › Full screen article (19.8s)
shsh-check	Verify theme, migrated output and browser behavior	2026-09-18T07:22:14.6798267Z   ✓  196 [webkit] › tests/full-review.spec.ts:8:3 › Full screen article-diary (6.5s)
shsh-check	Verify theme, migrated output and browser behavior	2026-09-18T07:22:20.6459097Z   ✓  197 [webkit] › tests/full-review.spec.ts:8:3 › Full screen article-bgm (6.8s)
shsh-check	Verify theme, migrated output and browser behavior	2026-09-18T07:22:21.7531206Z   ✓  198 [webkit] › tests/full-review.spec.ts:8:3 › Full screen article-pasmo (7.1s)
shsh-check	Verify theme, migrated output and browser behavior	2026-09-18T07:22:28.4487935Z   ✓  200 [webkit] › tests/full-review.spec.ts:8:3 › Full screen archives (6.7s)
shsh-check	Verify theme, migrated output and browser behavior	2026-09-18T07:22:32.9335085Z   ✓  199 [webkit] › tests/full-review.spec.ts:8:3 › Full screen about (12.3s)
shsh-check	Verify theme, migrated output and browser behavior	2026-09-18T07:22:34.2768744Z   ✓  201 [webkit] › tests/full-review.spec.ts:8:3 › Full screen 404 (5.8s)
shsh-check	Verify theme, migrated output and browser behavior	2026-09-18T07:22:38.8239137Z   ✓  202 [webkit] › tests/full-review.spec.ts:8:3 › Full screen empty (5.9s)
shsh-check	Verify theme, migrated output and browser behavior	2026-09-18T07:22:40.3598868Z   ✓  203 [webkit] › tests/full-review.spec.ts:8:3 › Full screen single-item (6.1s)
shsh-check	Verify theme, migrated output and browser behavior	2026-09-18T07:22:42.4758074Z   ✓  205 [webkit] › tests/media.spec.ts:10:1 › responsive candidates, originals, dimensions, loading and figure semantics (2.1s)
shsh-check	Verify theme, migrated output and browser behavior	2026-09-18T07:22:46.2411533Z   ✓  206 [webkit] › tests/media.spec.ts:88:1 › WebP preserves PNG pixels and transparency at each generated width (3.7s)
shsh-check	Verify theme, migrated output and browser behavior	2026-09-18T07:22:46.8198070Z   ✓  204 [webkit] › tests/full-review.spec.ts:136:1 › discovery semantics, keyboard, fixed pages and JavaScript-disabled navigation (8.0s)
shsh-check	Verify theme, migrated output and browser behavior	2026-09-18T07:22:49.1194883Z   ✓  208 [webkit] › tests/media.spec.ts:193:1 › DPR chooses fitting candidates and JavaScript-free media remain usable (2.2s)
shsh-check	Verify theme, migrated output and browser behavior	2026-09-18T07:22:49.5066356Z   ✓  209 [webkit] › tests/metadata.spec.ts:52:1 › RSS uses all ordered articles, plain common summaries and stable document GUIDs (353ms)
shsh-check	Verify theme, migrated output and browser behavior	2026-09-18T07:22:50.0640099Z   ✓  210 [webkit] › tests/metadata.spec.ts:79:1 › taxonomy feeds contain term pages, term feeds filter posts, empty feeds have no fake dates (534ms)
shsh-check	Verify theme, migrated output and browser behavior	2026-09-18T07:22:50.5746727Z   ✓  211 [webkit] › tests/metadata.spec.ts:109:1 › canonical and discovery URLs follow the active pager and build baseURL (488ms)
shsh-check	Verify theme, migrated output and browser behavior	2026-09-18T07:22:50.9248824Z   ✓  212 [webkit] › tests/metadata.spec.ts:135:1 › description, dates and JSON-LD preserve page roles and safe text (334ms)
shsh-check	Verify theme, migrated output and browser behavior	2026-09-18T07:22:51.4176426Z   ✓  213 [webkit] › tests/metadata.spec.ts:170:1 › SNS images use cover, global assets/static/external defaults or none, never body images (475ms)
shsh-check	Verify theme, migrated output and browser behavior	2026-09-18T07:22:52.0456774Z   ✓  214 [webkit] › tests/metadata.spec.ts:193:1 › all XML parses, sitemap and robots follow production and preview (612ms)
shsh-check	Verify theme, migrated output and browser behavior	2026-09-18T07:22:55.4005232Z   ✓  215 [webkit] › tests/migration.spec.ts:36:3 › All migrated outputs: production (3.3s)
shsh-check	Verify theme, migrated output and browser behavior	2026-09-18T07:22:55.7911989Z   ✓  207 [webkit] › tests/media.spec.ts:151:1 › media geometry matches mock, small images stay small, both colors remain accessible (9.5s)
shsh-check	Verify theme, migrated output and browser behavior	2026-09-18T07:22:56.4266218Z   ✓  216 [webkit] › tests/migration.spec.ts:36:3 › All migrated outputs: preview (1.0s)
shsh-check	Verify theme, migrated output and browser behavior	2026-09-18T07:22:57.4590497Z   ✓  218 [webkit] › tests/prose.spec.ts:46:1 › failed copy announces manual fallback, permits retry, and resets success after three seconds (1.0s)
shsh-check	Verify theme, migrated output and browser behavior	2026-09-18T07:22:58.0059083Z   ✓  217 [webkit] › tests/prose.spec.ts:18:1 › copy preserves code with Japanese, inline/table numbers, unknown language and no label (2.2s)
shsh-check	Verify theme, migrated output and browser behavior	2026-09-18T07:22:59.2592188Z   ✓  219 [webkit] › tests/prose.spec.ts:73:1 › keyboard reveals copy and Escape returns focus to selectable code (1.8s)
shsh-check	Verify theme, migrated output and browser behavior	2026-09-18T07:22:59.4358935Z   ✓  220 [webkit] › tests/prose.spec.ts:94:1 › touch reveals copy, outside tap and horizontal scroll dismiss it (1.4s)
shsh-check	Verify theme, migrated output and browser behavior	2026-09-18T07:23:03.1647556Z   ✓  222 [webkit] › tests/prose.spec.ts:209:1 › full real article preserves mock prose layout in both palettes and widths (3.7s)
shsh-check	Verify theme, migrated output and browser behavior	2026-09-18T07:23:10.4425334Z   ✓  223 [webkit] › tests/review.spec.ts:69:3 › Representative home comparison, both widths/colors and text enlargement (7.2s)
shsh-check	Verify theme, migrated output and browser behavior	2026-09-18T07:23:11.0022235Z   ✓  221 [webkit] › tests/prose.spec.ts:115:1 › prose matches mock type and spacing; footnotes, headings, dates and JS-free reading work (11.7s)
shsh-check	Verify theme, migrated output and browser behavior	2026-09-18T07:23:17.6768391Z   ✓  224 [webkit] › tests/review.spec.ts:69:3 › Representative posts comparison, both widths/colors and text enlargement (7.2s)
shsh-check	Verify theme, migrated output and browser behavior	2026-09-18T07:23:30.8840905Z   ✓  225 [webkit] › tests/review.spec.ts:69:3 › Representative article comparison, both widths/colors and text enlargement (19.9s)
shsh-check	Verify theme, migrated output and browser behavior	2026-09-18T07:23:32.1886615Z   ✓  226 [webkit] › tests/review.spec.ts:69:3 › Representative specimen comparison, both widths/colors and text enlargement (14.5s)
shsh-check	Verify theme, migrated output and browser behavior	2026-09-18T07:23:33.6261182Z   ✓  228 [webkit] › tests/sharing.spec.ts:59:1 › failed star download preserves reading and share links and announces failure (1.4s)
shsh-check	Verify theme, migrated output and browser behavior	2026-09-18T07:23:33.8816601Z   ✓  227 [webkit] › tests/sharing.spec.ts:14:1 › shared document URLs, encoded titles, service order and keyboard navigation (3.0s)
shsh-check	Verify theme, migrated output and browser behavior	2026-09-18T07:23:34.9446815Z   ✓  229 [webkit] › tests/sharing.spec.ts:72:1 › preview cannot share or load stars; JS-free production retains ordinary links (1.3s)
shsh-check	Verify theme, migrated output and browser behavior	2026-09-18T07:23:37.3347172Z   ✓  230 [webkit] › tests/sharing.spec.ts:103:1 › sharing retains mock geometry and icon styling at both widths and palettes (3.4s)
shsh-check	Verify theme, migrated output and browser behavior	2026-09-18T07:23:41.6176283Z   ✓  231 [webkit] › tests/site.spec.ts:9:3 › Migrated site production: all embed positions, URLs and publication controls (6.6s)
shsh-check	Verify theme, migrated output and browser behavior	2026-09-18T07:23:43.0862149Z   ✓  233 [webkit] › tests/site.spec.ts:99:1 › real video reserves its intrinsic ratio before loading; native playback dimensions agree (1.5s)
shsh-check	Verify theme, migrated output and browser behavior	2026-09-18T07:23:43.7279041Z   ✓  234 [webkit] › tests/theme.spec.ts:4:1 › saved pref-theme is applied before styles load (624ms)
shsh-check	Verify theme, migrated output and browser behavior	2026-09-18T07:23:43.8218097Z   ✓  232 [webkit] › tests/site.spec.ts:9:3 › Migrated site preview: all embed positions, URLs and publication controls (6.5s)
shsh-check	Verify theme, migrated output and browser behavior	2026-09-18T07:23:44.6136015Z   ✓  236 [webkit] › tests/theme.spec.ts:53:1 › invalid and unavailable storage retain OS fallback and allow a page-local choice (765ms)
shsh-check	Verify theme, migrated output and browser behavior	2026-09-18T07:23:44.7474647Z   ✓  235 [webkit] › tests/theme.spec.ts:25:1 › OS follows until a keyboard choice, persists and ignores mock query parameters (1.0s)
shsh-check	Verify theme, migrated output and browser behavior	2026-09-18T07:23:45.1705660Z   ✓  237 [webkit] › tests/theme.spec.ts:78:1 › invalid saved value uses OS preference (543ms)
shsh-check	Verify theme, migrated output and browser behavior	2026-09-18T07:23:45.6216638Z   ✓  238 [webkit] › tests/theme.spec.ts:85:1 › without JavaScript both OS palettes, navigation and subscription remain usable (856ms)
shsh-check	Verify theme, migrated output and browser behavior	2026-09-18T07:23:47.8612383Z   ✓  240 [webkit] › tests/tooling.spec.ts:5:1 › Hugo formatting preserves inline spaces, attributes, render hooks and compiled assets (2.2s)
shsh-check	Verify theme, migrated output and browser behavior	2026-09-18T07:23:50.1017098Z   ✓  239 [webkit] › tests/theme.spec.ts:102:1 › shared shell keeps mock dimensions at desktop and mobile widths in both palettes (4.9s)
shsh-check	Verify theme, migrated output and browser behavior	2026-09-18T07:23:50.2512720Z
shsh-check	Verify theme, migrated output and browser behavior	2026-09-18T07:23:50.2519274Z
shsh-check	Verify theme, migrated output and browser behavior	2026-09-18T07:23:50.2531318Z   1) [chromium] › tests/prose.spec.ts:115:1 › prose matches mock type and spacing; footnotes, headings, dates and JS-free reading work
shsh-check	Verify theme, migrated output and browser behavior	2026-09-18T07:23:50.2532291Z
shsh-check	Verify theme, migrated output and browser behavior	2026-09-18T07:23:50.2532558Z     Error: expect(received).toBe(expected) // Object.is equality
shsh-check	Verify theme, migrated output and browser behavior	2026-09-18T07:23:50.2532983Z
shsh-check	Verify theme, migrated output and browser behavior	2026-09-18T07:23:50.2533206Z     Expected: 1280
shsh-check	Verify theme, migrated output and browser behavior	2026-09-18T07:23:50.2533447Z     Received: 1265
shsh-check	Verify theme, migrated output and browser behavior	2026-09-18T07:23:50.2533579Z
shsh-check	Verify theme, migrated output and browser behavior	2026-09-18T07:23:50.2533661Z       167 |       }));
shsh-check	Verify theme, migrated output and browser behavior	2026-09-18T07:23:50.2534058Z       168 |       // Classic scrollbars consume viewport width on Linux and Windows.
shsh-check	Verify theme, migrated output and browser behavior	2026-09-18T07:23:50.2534920Z     > 169 |       expect(viewport.scrollWidth).toBe(viewport.clientWidth);
shsh-check	Verify theme, migrated output and browser behavior	2026-09-18T07:23:50.2535399Z           |                                    ^
shsh-check	Verify theme, migrated output and browser behavior	2026-09-18T07:23:50.2535989Z       170 |       if (width === 400)
shsh-check	Verify theme, migrated output and browser behavior	2026-09-18T07:23:50.2536423Z       171 |         expect(
shsh-check	Verify theme, migrated output and browser behavior	2026-09-18T07:23:50.2536691Z       172 |           await page
shsh-check	Verify theme, migrated output and browser behavior	2026-09-18T07:23:50.2537161Z         at /home/runner/work/shimoju.jp/shimoju.jp/themes/shsh/tests/prose.spec.ts:169:36
shsh-check	Verify theme, migrated output and browser behavior	2026-09-18T07:23:50.2537513Z
shsh-check	Verify theme, migrated output and browser behavior	2026-09-18T07:23:50.2538007Z     Error Context: test-results/prose-prose-matches-mock-t-9fdd8-es-and-JS-free-reading-work-chromium/error-context.md
shsh-check	Verify theme, migrated output and browser behavior	2026-09-18T07:23:50.2538536Z
shsh-check	Verify theme, migrated output and browser behavior	2026-09-18T07:23:50.2539046Z     attachment #2: trace (application/zip) ─────────────────────────────────────────────────────────
shsh-check	Verify theme, migrated output and browser behavior	2026-09-18T07:23:50.2539805Z     test-results/prose-prose-matches-mock-t-9fdd8-es-and-JS-free-reading-work-chromium/trace.zip
shsh-check	Verify theme, migrated output and browser behavior	2026-09-18T07:23:50.2540325Z     Usage:
shsh-check	Verify theme, migrated output and browser behavior	2026-09-18T07:23:50.2540431Z
shsh-check	Verify theme, migrated output and browser behavior	2026-09-18T07:23:50.2540963Z         pnpm exec playwright show-trace test-results/prose-prose-matches-mock-t-9fdd8-es-and-JS-free-reading-work-chromium/trace.zip
shsh-check	Verify theme, migrated output and browser behavior	2026-09-18T07:23:50.2541522Z
shsh-check	Verify theme, migrated output and browser behavior	2026-09-18T07:23:50.2542191Z     ────────────────────────────────────────────────────────────────────────────────────────────────
shsh-check	Verify theme, migrated output and browser behavior	2026-09-18T07:23:50.2542492Z
shsh-check	Verify theme, migrated output and browser behavior	2026-09-18T07:23:50.2542596Z   1 failed
shsh-check	Verify theme, migrated output and browser behavior	2026-09-18T07:23:50.2543290Z     [chromium] › tests/prose.spec.ts:115:1 › prose matches mock type and spacing; footnotes, headings, dates and JS-free reading work
shsh-check	Verify theme, migrated output and browser behavior	2026-09-18T07:23:50.2543880Z   239 passed (10.5m)
shsh-check	Verify theme, migrated output and browser behavior	2026-09-18T07:23:51.2269147Z [ELIFECYCLE] Test failed. See above for more details.
shsh-check	Verify theme, migrated output and browser behavior	2026-09-18T07:23:51.2281540Z [ELIFECYCLE] Command failed with exit code 1.
shsh-check	Verify theme, migrated output and browser behavior	2026-09-18T07:23:51.2329440Z ##[error]Process completed with exit code 1.
