shsh-check	Verify theme, migrated output and browser behavior	﻿2026-09-18T13:41:38.0141169Z ##[group]Run mkdir -p .cache/ci
shsh-check	Verify theme, migrated output and browser behavior	2026-09-18T13:41:38.0141574Z ^[[36;1mmkdir -p .cache/ci^[[0m
shsh-check	Verify theme, migrated output and browser behavior	2026-09-18T13:41:38.0141910Z ^[[36;1mstart=$(date +%s)^[[0m
shsh-check	Verify theme, migrated output and browser behavior	2026-09-18T13:41:38.0142189Z ^[[36;1mset +e^[[0m
shsh-check	Verify theme, migrated output and browser behavior	2026-09-18T13:41:38.0142480Z ^[[36;1mpnpm check 2>&1 | tee .cache/ci/check.log^[[0m
shsh-check	Verify theme, migrated output and browser behavior	2026-09-18T13:41:38.0143106Z ^[[36;1mresult=${PIPESTATUS[0]}^[[0m
shsh-check	Verify theme, migrated output and browser behavior	2026-09-18T13:41:38.0143532Z ^[[36;1mprintf '%s\n' "$(( $(date +%s) - start ))" > .cache/ci/seconds.txt^[[0m
shsh-check	Verify theme, migrated output and browser behavior	2026-09-18T13:41:38.0143971Z ^[[36;1mexit "$result"^[[0m
shsh-check	Verify theme, migrated output and browser behavior	2026-09-18T13:41:38.0189666Z shell: /usr/bin/bash --noprofile --norc -e -o pipefail {0}
shsh-check	Verify theme, migrated output and browser behavior	2026-09-18T13:41:38.0190108Z env:
shsh-check	Verify theme, migrated output and browser behavior	2026-09-18T13:41:38.0190424Z   PNPM_HOME: /home/runner/setup-pnpm/node_modules/.bin
shsh-check	Verify theme, migrated output and browser behavior	2026-09-18T13:41:38.0190826Z ##[endgroup]
shsh-check	Verify theme, migrated output and browser behavior	2026-09-18T13:41:38.0395931Z $ pnpm format:check && pnpm lint && pnpm lint:css && pnpm check:progress && pnpm check:tooling && pnpm build:fixtures && pnpm check:theme && pnpm check:collections && pnpm check:prose && pnpm check:media && pnpm check:sharing && pnpm check:metadata && pnpm build:review && pnpm build:full-review && pnpm build:site-fixture && pnpm check:site-inputs && pnpm check:site-output && pnpm test
shsh-check	Verify theme, migrated output and browser behavior	2026-09-18T13:41:38.0528426Z $ node scripts/format.mjs
shsh-check	Verify theme, migrated output and browser behavior	2026-09-18T13:41:38.1504909Z Checking formatting...
shsh-check	Verify theme, migrated output and browser behavior	2026-09-18T13:41:38.1505618Z
shsh-check	Verify theme, migrated output and browser behavior	2026-09-18T13:41:39.1950430Z All matched files use the correct format.
shsh-check	Verify theme, migrated output and browser behavior	2026-09-18T13:41:39.1951125Z Finished in 1044ms on 268 files using 4 threads.
shsh-check	Verify theme, migrated output and browser behavior	2026-09-18T13:41:39.8662920Z Go templates: 58 checked, 0 differ.
shsh-check	Verify theme, migrated output and browser behavior	2026-09-18T13:41:39.8974290Z $ oxlint --type-aware --type-check --deny-warnings scripts tests assets playwright.config.ts
shsh-check	Verify theme, migrated output and browser behavior	2026-09-18T13:41:40.2682599Z Found 0 warnings and 0 errors.
shsh-check	Verify theme, migrated output and browser behavior	2026-09-18T13:41:40.2683043Z Finished in 341ms on 42 files with 112 rules using 4 threads.
shsh-check	Verify theme, migrated output and browser behavior	2026-09-18T13:41:40.2853937Z $ stylelint "assets/css/**/*.css" "tests/fixtures/**/*.css" --allow-empty-input
shsh-check	Verify theme, migrated output and browser behavior	2026-09-18T13:41:40.8068376Z $ node scripts/verify-progress.mjs
shsh-check	Verify theme, migrated output and browser behavior	2026-09-18T13:41:41.7183648Z Progress valid: 58 tasks; requirements Q1–Q34; discipline Q1–Q9; references and DAG checked. Human evidence still requires review.
shsh-check	Verify theme, migrated output and browser behavior	2026-09-18T13:41:41.7540876Z $ node --experimental-strip-types scripts/verify-tooling.ts
shsh-check	Verify theme, migrated output and browser behavior	2026-09-18T13:41:42.4802097Z Toolchain probes passed. Hugo/formatter output is ready for three-engine browser comparison.
shsh-check	Verify theme, migrated output and browser behavior	2026-09-18T13:41:42.4805220Z { hugo_before_ms: 40, template_format_ms: 74, hugo_after_ms: 40 }
shsh-check	Verify theme, migrated output and browser behavior	2026-09-18T13:41:42.5073525Z $ node scripts/build-fixtures.ts
shsh-check	Verify theme, migrated output and browser behavior	2026-09-18T13:41:42.5936063Z Start building sites …
shsh-check	Verify theme, migrated output and browser behavior	2026-09-18T13:41:42.5936883Z hugo v0.166.0-78400b4de8adc99273d3e674ed6c4d14c3bdf669 linux/amd64 BuildDate=2026-09-09T14:45:02Z VendorInfo=gohugoio
shsh-check	Verify theme, migrated output and browser behavior	2026-09-18T13:41:42.5937245Z
shsh-check	Verify theme, migrated output and browser behavior	2026-09-18T13:41:42.6495569Z
shsh-check	Verify theme, migrated output and browser behavior	2026-09-18T13:41:42.6497293Z                   │ JA
shsh-check	Verify theme, migrated output and browser behavior	2026-09-18T13:41:42.6497681Z ──────────────────┼────
shsh-check	Verify theme, migrated output and browser behavior	2026-09-18T13:41:42.6497948Z  Pages            │ 16
shsh-check	Verify theme, migrated output and browser behavior	2026-09-18T13:41:42.6498165Z  Paginator pages  │  4
shsh-check	Verify theme, migrated output and browser behavior	2026-09-18T13:41:42.6498380Z  Non-page files   │  0
shsh-check	Verify theme, migrated output and browser behavior	2026-09-18T13:41:42.6498586Z  Static files     │  0
shsh-check	Verify theme, migrated output and browser behavior	2026-09-18T13:41:42.6498829Z  Processed images │  0
shsh-check	Verify theme, migrated output and browser behavior	2026-09-18T13:41:42.6499032Z  Aliases          │  2
shsh-check	Verify theme, migrated output and browser behavior	2026-09-18T13:41:42.6499228Z  Cleaned          │  0
shsh-check	Verify theme, migrated output and browser behavior	2026-09-18T13:41:42.6499340Z
shsh-check	Verify theme, migrated output and browser behavior	2026-09-18T13:41:42.6499413Z Total in 63 ms
shsh-check	Verify theme, migrated output and browser behavior	2026-09-18T13:41:42.6777612Z Start building sites …
shsh-check	Verify theme, migrated output and browser behavior	2026-09-18T13:41:42.6778399Z hugo v0.166.0-78400b4de8adc99273d3e674ed6c4d14c3bdf669 linux/amd64 BuildDate=2026-09-09T14:45:02Z VendorInfo=gohugoio
shsh-check	Verify theme, migrated output and browser behavior	2026-09-18T13:41:42.6778765Z
shsh-check	Verify theme, migrated output and browser behavior	2026-09-18T13:41:42.7244570Z
shsh-check	Verify theme, migrated output and browser behavior	2026-09-18T13:41:42.7245913Z                   │ JA
shsh-check	Verify theme, migrated output and browser behavior	2026-09-18T13:41:42.7246526Z ──────────────────┼────
shsh-check	Verify theme, migrated output and browser behavior	2026-09-18T13:41:42.7246774Z  Pages            │ 16
shsh-check	Verify theme, migrated output and browser behavior	2026-09-18T13:41:42.7246987Z  Paginator pages  │  4
shsh-check	Verify theme, migrated output and browser behavior	2026-09-18T13:41:42.7247193Z  Non-page files   │  0
shsh-check	Verify theme, migrated output and browser behavior	2026-09-18T13:41:42.7247397Z  Static files     │  0
shsh-check	Verify theme, migrated output and browser behavior	2026-09-18T13:41:42.7247597Z  Processed images │  0
shsh-check	Verify theme, migrated output and browser behavior	2026-09-18T13:41:42.7247789Z  Aliases          │  2
shsh-check	Verify theme, migrated output and browser behavior	2026-09-18T13:41:42.7247975Z  Cleaned          │  0
shsh-check	Verify theme, migrated output and browser behavior	2026-09-18T13:41:42.7248080Z
shsh-check	Verify theme, migrated output and browser behavior	2026-09-18T13:41:42.7248395Z Total in 47 ms
shsh-check	Verify theme, migrated output and browser behavior	2026-09-18T13:41:42.7534024Z Start building sites …
shsh-check	Verify theme, migrated output and browser behavior	2026-09-18T13:41:42.7534846Z hugo v0.166.0-78400b4de8adc99273d3e674ed6c4d14c3bdf669 linux/amd64 BuildDate=2026-09-09T14:45:02Z VendorInfo=gohugoio
shsh-check	Verify theme, migrated output and browser behavior	2026-09-18T13:41:42.7535274Z
shsh-check	Verify theme, migrated output and browser behavior	2026-09-18T13:41:42.8002943Z
shsh-check	Verify theme, migrated output and browser behavior	2026-09-18T13:41:42.8004077Z                   │ JA
shsh-check	Verify theme, migrated output and browser behavior	2026-09-18T13:41:42.8004523Z ──────────────────┼────
shsh-check	Verify theme, migrated output and browser behavior	2026-09-18T13:41:42.8004762Z  Pages            │ 16
shsh-check	Verify theme, migrated output and browser behavior	2026-09-18T13:41:42.8004995Z  Paginator pages  │  4
shsh-check	Verify theme, migrated output and browser behavior	2026-09-18T13:41:42.8005205Z  Non-page files   │  0
shsh-check	Verify theme, migrated output and browser behavior	2026-09-18T13:41:42.8005406Z  Static files     │  0
shsh-check	Verify theme, migrated output and browser behavior	2026-09-18T13:41:42.8005628Z  Processed images │  0
shsh-check	Verify theme, migrated output and browser behavior	2026-09-18T13:41:42.8005837Z  Aliases          │  2
shsh-check	Verify theme, migrated output and browser behavior	2026-09-18T13:41:42.8006034Z  Cleaned          │  0
shsh-check	Verify theme, migrated output and browser behavior	2026-09-18T13:41:42.8006137Z
shsh-check	Verify theme, migrated output and browser behavior	2026-09-18T13:41:42.8006414Z Total in 48 ms
shsh-check	Verify theme, migrated output and browser behavior	2026-09-18T13:41:42.8206839Z $ node scripts/verify-theme.ts
shsh-check	Verify theme, migrated output and browser behavior	2026-09-18T13:41:44.1955411Z Theme foundation: HTML, production/preview/development assets, invalid configuration and minimal alternative site passed.
shsh-check	Verify theme, migrated output and browser behavior	2026-09-18T13:41:44.2221543Z $ node scripts/verify-collections.ts
shsh-check	Verify theme, migrated output and browser behavior	2026-09-18T13:41:45.5042968Z Collections: empty/single/default10/custom2, UTC ties, mainSections, publication filters, summaries, dates and invalid inputs passed.
shsh-check	Verify theme, migrated output and browser behavior	2026-09-18T13:41:45.5645316Z Discovery: local year/month, all-section order, tie navigation, fixed-page exclusion, original term case and HTML/feed title consistency passed.
shsh-check	Verify theme, migrated output and browser behavior	2026-09-18T13:41:45.5838030Z $ node scripts/verify-prose.ts
shsh-check	Verify theme, migrated output and browser behavior	2026-09-18T13:41:46.1193041Z Prose: date fallback/day boundaries/visibility/types, legal footnote IDs, full real article HTML and native heading IDs passed.
shsh-check	Verify theme, migrated output and browser behavior	2026-09-18T13:41:46.1427029Z $ node scripts/verify-media.ts
shsh-check	Verify theme, migrated output and browser behavior	2026-09-18T13:41:46.3306792Z Start building sites …
shsh-check	Verify theme, migrated output and browser behavior	2026-09-18T13:41:46.3307571Z hugo v0.166.0-78400b4de8adc99273d3e674ed6c4d14c3bdf669 linux/amd64 BuildDate=2026-09-09T14:45:02Z VendorInfo=gohugoio
shsh-check	Verify theme, migrated output and browser behavior	2026-09-18T13:41:46.3307938Z
shsh-check	Verify theme, migrated output and browser behavior	2026-09-18T13:41:51.9187274Z
shsh-check	Verify theme, migrated output and browser behavior	2026-09-18T13:41:51.9188716Z                   │ JA
shsh-check	Verify theme, migrated output and browser behavior	2026-09-18T13:41:51.9189176Z ──────────────────┼────
shsh-check	Verify theme, migrated output and browser behavior	2026-09-18T13:41:51.9189515Z  Pages            │ 15
shsh-check	Verify theme, migrated output and browser behavior	2026-09-18T13:41:51.9189845Z  Paginator pages  │  2
shsh-check	Verify theme, migrated output and browser behavior	2026-09-18T13:41:51.9190129Z  Non-page files   │ 13
shsh-check	Verify theme, migrated output and browser behavior	2026-09-18T13:41:51.9190436Z  Static files     │  4
shsh-check	Verify theme, migrated output and browser behavior	2026-09-18T13:41:51.9190768Z  Processed images │ 46
shsh-check	Verify theme, migrated output and browser behavior	2026-09-18T13:41:51.9191064Z  Aliases          │  2
shsh-check	Verify theme, migrated output and browser behavior	2026-09-18T13:41:51.9191364Z  Cleaned          │  0
shsh-check	Verify theme, migrated output and browser behavior	2026-09-18T13:41:51.9191528Z
shsh-check	Verify theme, migrated output and browser behavior	2026-09-18T13:41:51.9191633Z Total in 5589 ms
shsh-check	Verify theme, migrated output and browser behavior	2026-09-18T13:41:51.9494979Z Start building sites …
shsh-check	Verify theme, migrated output and browser behavior	2026-09-18T13:41:51.9495966Z hugo v0.166.0-78400b4de8adc99273d3e674ed6c4d14c3bdf669 linux/amd64 BuildDate=2026-09-09T14:45:02Z VendorInfo=gohugoio
shsh-check	Verify theme, migrated output and browser behavior	2026-09-18T13:41:51.9496692Z
shsh-check	Verify theme, migrated output and browser behavior	2026-09-18T13:41:51.9967311Z
shsh-check	Verify theme, migrated output and browser behavior	2026-09-18T13:41:51.9968650Z                   │ JA
shsh-check	Verify theme, migrated output and browser behavior	2026-09-18T13:41:51.9969161Z ──────────────────┼────
shsh-check	Verify theme, migrated output and browser behavior	2026-09-18T13:41:51.9969469Z  Pages            │ 15
shsh-check	Verify theme, migrated output and browser behavior	2026-09-18T13:41:51.9969685Z  Paginator pages  │  2
shsh-check	Verify theme, migrated output and browser behavior	2026-09-18T13:41:51.9969893Z  Non-page files   │ 13
shsh-check	Verify theme, migrated output and browser behavior	2026-09-18T13:41:51.9970132Z  Static files     │  4
shsh-check	Verify theme, migrated output and browser behavior	2026-09-18T13:41:51.9970336Z  Processed images │ 46
shsh-check	Verify theme, migrated output and browser behavior	2026-09-18T13:41:51.9970535Z  Aliases          │  2
shsh-check	Verify theme, migrated output and browser behavior	2026-09-18T13:41:51.9970720Z  Cleaned          │  0
shsh-check	Verify theme, migrated output and browser behavior	2026-09-18T13:41:51.9970824Z
shsh-check	Verify theme, migrated output and browser behavior	2026-09-18T13:41:51.9971117Z Total in 48 ms
shsh-check	Verify theme, migrated output and browser behavior	2026-09-18T13:41:55.5477946Z Media: production/preview HTML, unchanged original media, unavailable external URL and invalid inputs passed.
shsh-check	Verify theme, migrated output and browser behavior	2026-09-18T13:41:55.5785399Z $ node scripts/verify-sharing.ts
shsh-check	Verify theme, migrated output and browser behavior	2026-09-18T13:41:56.5708421Z Sharing: defaults, ordered services, fixed pages/posts, escaped title/URLs, author setting, invalid inputs and preview isolation passed.
shsh-check	Verify theme, migrated output and browser behavior	2026-09-18T13:41:56.5971332Z $ node scripts/verify-metadata.ts
shsh-check	Verify theme, migrated output and browser behavior	2026-09-18T13:42:00.2453378Z Metadata fixtures: all HTML valid; asset/static/external defaults, bundle isolation, input failures, preview and empty feed built. XML/head assertions run in metadata.spec.ts.
shsh-check	Verify theme, migrated output and browser behavior	2026-09-18T13:42:00.2838912Z $ node scripts/build-review-fixture.ts
shsh-check	Verify theme, migrated output and browser behavior	2026-09-18T13:42:00.4068661Z Start building sites …
shsh-check	Verify theme, migrated output and browser behavior	2026-09-18T13:42:00.4069685Z hugo v0.166.0-78400b4de8adc99273d3e674ed6c4d14c3bdf669 linux/amd64 BuildDate=2026-09-09T14:45:02Z VendorInfo=gohugoio
shsh-check	Verify theme, migrated output and browser behavior	2026-09-18T13:42:00.4070052Z
shsh-check	Verify theme, migrated output and browser behavior	2026-09-18T13:42:12.4492949Z
shsh-check	Verify theme, migrated output and browser behavior	2026-09-18T13:42:12.4494692Z                   │ JA
shsh-check	Verify theme, migrated output and browser behavior	2026-09-18T13:42:12.4495143Z ──────────────────┼────
shsh-check	Verify theme, migrated output and browser behavior	2026-09-18T13:42:12.4495480Z  Pages            │ 46
shsh-check	Verify theme, migrated output and browser behavior	2026-09-18T13:42:12.4495782Z  Paginator pages  │  5
shsh-check	Verify theme, migrated output and browser behavior	2026-09-18T13:42:12.4496005Z  Non-page files   │  6
shsh-check	Verify theme, migrated output and browser behavior	2026-09-18T13:42:12.4496413Z  Static files     │  0
shsh-check	Verify theme, migrated output and browser behavior	2026-09-18T13:42:12.4496706Z  Processed images │ 54
shsh-check	Verify theme, migrated output and browser behavior	2026-09-18T13:42:12.4496989Z  Aliases          │ 15
shsh-check	Verify theme, migrated output and browser behavior	2026-09-18T13:42:12.4497265Z  Cleaned          │  0
shsh-check	Verify theme, migrated output and browser behavior	2026-09-18T13:42:12.4497418Z
shsh-check	Verify theme, migrated output and browser behavior	2026-09-18T13:42:12.4497529Z Total in 12043 ms
shsh-check	Verify theme, migrated output and browser behavior	2026-09-18T13:42:12.4808190Z Start building sites …
shsh-check	Verify theme, migrated output and browser behavior	2026-09-18T13:42:12.4809289Z hugo v0.166.0-78400b4de8adc99273d3e674ed6c4d14c3bdf669 linux/amd64 BuildDate=2026-09-09T14:45:02Z VendorInfo=gohugoio
shsh-check	Verify theme, migrated output and browser behavior	2026-09-18T13:42:12.4809906Z
shsh-check	Verify theme, migrated output and browser behavior	2026-09-18T13:42:12.5712100Z
shsh-check	Verify theme, migrated output and browser behavior	2026-09-18T13:42:12.5713251Z                   │ JA
shsh-check	Verify theme, migrated output and browser behavior	2026-09-18T13:42:12.5713880Z ──────────────────┼────
shsh-check	Verify theme, migrated output and browser behavior	2026-09-18T13:42:12.5714387Z  Pages            │ 46
shsh-check	Verify theme, migrated output and browser behavior	2026-09-18T13:42:12.5715295Z  Paginator pages  │  5
shsh-check	Verify theme, migrated output and browser behavior	2026-09-18T13:42:12.5715626Z  Non-page files   │  6
shsh-check	Verify theme, migrated output and browser behavior	2026-09-18T13:42:12.5715840Z  Static files     │  0
shsh-check	Verify theme, migrated output and browser behavior	2026-09-18T13:42:12.5716044Z  Processed images │ 54
shsh-check	Verify theme, migrated output and browser behavior	2026-09-18T13:42:12.5716433Z  Aliases          │ 15
shsh-check	Verify theme, migrated output and browser behavior	2026-09-18T13:42:12.5716625Z  Cleaned          │  0
shsh-check	Verify theme, migrated output and browser behavior	2026-09-18T13:42:12.5716730Z
shsh-check	Verify theme, migrated output and browser behavior	2026-09-18T13:42:12.5716808Z Total in 91 ms
shsh-check	Verify theme, migrated output and browser behavior	2026-09-18T13:42:12.5933653Z $ node scripts/build-full-review.ts
shsh-check	Verify theme, migrated output and browser behavior	2026-09-18T13:42:12.7974102Z Start building sites …
shsh-check	Verify theme, migrated output and browser behavior	2026-09-18T13:42:12.7975091Z hugo v0.166.0-78400b4de8adc99273d3e674ed6c4d14c3bdf669 linux/amd64 BuildDate=2026-09-09T14:45:02Z VendorInfo=gohugoio
shsh-check	Verify theme, migrated output and browser behavior	2026-09-18T13:42:12.7975652Z
shsh-check	Verify theme, migrated output and browser behavior	2026-09-18T13:42:12.8802560Z
shsh-check	Verify theme, migrated output and browser behavior	2026-09-18T13:42:12.8803625Z                   │ JA
shsh-check	Verify theme, migrated output and browser behavior	2026-09-18T13:42:12.8804003Z ──────────────────┼────
shsh-check	Verify theme, migrated output and browser behavior	2026-09-18T13:42:12.8804247Z  Pages            │ 24
shsh-check	Verify theme, migrated output and browser behavior	2026-09-18T13:42:12.8804518Z  Paginator pages  │  8
shsh-check	Verify theme, migrated output and browser behavior	2026-09-18T13:42:12.8804733Z  Non-page files   │  6
shsh-check	Verify theme, migrated output and browser behavior	2026-09-18T13:42:12.8804936Z  Static files     │  0
shsh-check	Verify theme, migrated output and browser behavior	2026-09-18T13:42:12.8805140Z  Processed images │ 54
shsh-check	Verify theme, migrated output and browser behavior	2026-09-18T13:42:12.8805348Z  Aliases          │  4
shsh-check	Verify theme, migrated output and browser behavior	2026-09-18T13:42:12.8805541Z  Cleaned          │  0
shsh-check	Verify theme, migrated output and browser behavior	2026-09-18T13:42:12.8805651Z
shsh-check	Verify theme, migrated output and browser behavior	2026-09-18T13:42:12.8805728Z Total in 84 ms
shsh-check	Verify theme, migrated output and browser behavior	2026-09-18T13:42:12.9156734Z Start building sites …
shsh-check	Verify theme, migrated output and browser behavior	2026-09-18T13:42:12.9157397Z hugo v0.166.0-78400b4de8adc99273d3e674ed6c4d14c3bdf669 linux/amd64 BuildDate=2026-09-09T14:45:02Z VendorInfo=gohugoio
shsh-check	Verify theme, migrated output and browser behavior	2026-09-18T13:42:12.9157771Z
shsh-check	Verify theme, migrated output and browser behavior	2026-09-18T13:42:12.9702133Z
shsh-check	Verify theme, migrated output and browser behavior	2026-09-18T13:42:12.9704851Z                   │ JA
shsh-check	Verify theme, migrated output and browser behavior	2026-09-18T13:42:12.9705547Z ──────────────────┼────
shsh-check	Verify theme, migrated output and browser behavior	2026-09-18T13:42:12.9722598Z  Pages            │ 15
shsh-check	Verify theme, migrated output and browser behavior	2026-09-18T13:42:12.9722933Z  Paginator pages  │  0
shsh-check	Verify theme, migrated output and browser behavior	2026-09-18T13:42:12.9723284Z  Non-page files   │  0
shsh-check	Verify theme, migrated output and browser behavior	2026-09-18T13:42:12.9723484Z  Static files     │  0
shsh-check	Verify theme, migrated output and browser behavior	2026-09-18T13:42:12.9723692Z  Processed images │ 15
shsh-check	Verify theme, migrated output and browser behavior	2026-09-18T13:42:12.9724017Z  Aliases          │  2
shsh-check	Verify theme, migrated output and browser behavior	2026-09-18T13:42:12.9724318Z  Cleaned          │  0
shsh-check	Verify theme, migrated output and browser behavior	2026-09-18T13:42:12.9724474Z
shsh-check	Verify theme, migrated output and browser behavior	2026-09-18T13:42:12.9724588Z Total in 55 ms
shsh-check	Verify theme, migrated output and browser behavior	2026-09-18T13:42:13.0063951Z Start building sites …
shsh-check	Verify theme, migrated output and browser behavior	2026-09-18T13:42:13.0064888Z hugo v0.166.0-78400b4de8adc99273d3e674ed6c4d14c3bdf669 linux/amd64 BuildDate=2026-09-09T14:45:02Z VendorInfo=gohugoio
shsh-check	Verify theme, migrated output and browser behavior	2026-09-18T13:42:13.0065249Z
shsh-check	Verify theme, migrated output and browser behavior	2026-09-18T13:42:13.0595720Z
shsh-check	Verify theme, migrated output and browser behavior	2026-09-18T13:42:13.0598251Z                   │ JA
shsh-check	Verify theme, migrated output and browser behavior	2026-09-18T13:42:13.0598591Z ──────────────────┼────
shsh-check	Verify theme, migrated output and browser behavior	2026-09-18T13:42:13.0598843Z  Pages            │ 16
shsh-check	Verify theme, migrated output and browser behavior	2026-09-18T13:42:13.0599057Z  Paginator pages  │  0
shsh-check	Verify theme, migrated output and browser behavior	2026-09-18T13:42:13.0599277Z  Non-page files   │  0
shsh-check	Verify theme, migrated output and browser behavior	2026-09-18T13:42:13.0599479Z  Static files     │  0
shsh-check	Verify theme, migrated output and browser behavior	2026-09-18T13:42:13.0599675Z  Processed images │ 15
shsh-check	Verify theme, migrated output and browser behavior	2026-09-18T13:42:13.0599876Z  Aliases          │  2
shsh-check	Verify theme, migrated output and browser behavior	2026-09-18T13:42:13.0600077Z  Cleaned          │  0
shsh-check	Verify theme, migrated output and browser behavior	2026-09-18T13:42:13.0600176Z
shsh-check	Verify theme, migrated output and browser behavior	2026-09-18T13:42:13.0600253Z Total in 54 ms
shsh-check	Verify theme, migrated output and browser behavior	2026-09-18T13:42:13.0630287Z Full review: 40 frozen product screens mapped; specimen stays in representative suite.
shsh-check	Verify theme, migrated output and browser behavior	2026-09-18T13:42:14.3625969Z Full review HTML: all production, preview and boundary fixture pages valid.
shsh-check	Verify theme, migrated output and browser behavior	2026-09-18T13:42:14.3968678Z $ node scripts/build-site-fixture.ts
shsh-check	Verify theme, migrated output and browser behavior	2026-09-18T13:42:28.8473352Z {
shsh-check	Verify theme, migrated output and browser behavior	2026-09-18T13:42:28.8473705Z   "command": [
shsh-check	Verify theme, migrated output and browser behavior	2026-09-18T13:42:28.8473972Z     "hugo",
shsh-check	Verify theme, migrated output and browser behavior	2026-09-18T13:42:28.8474178Z     "--source",
shsh-check	Verify theme, migrated output and browser behavior	2026-09-18T13:42:28.8474523Z     "/home/runner/work/shimoju.jp/shimoju.jp/themes/shsh/.cache/site/source",
shsh-check	Verify theme, migrated output and browser behavior	2026-09-18T13:42:28.8474839Z     "--themesDir",
shsh-check	Verify theme, migrated output and browser behavior	2026-09-18T13:42:28.8475078Z     "/home/runner/work/shimoju.jp/shimoju.jp/themes",
shsh-check	Verify theme, migrated output and browser behavior	2026-09-18T13:42:28.8475329Z     "--destination",
shsh-check	Verify theme, migrated output and browser behavior	2026-09-18T13:42:28.8475638Z     "/home/runner/work/shimoju.jp/shimoju.jp/themes/shsh/.cache/site/production",
shsh-check	Verify theme, migrated output and browser behavior	2026-09-18T13:42:28.8475945Z     "--cacheDir",
shsh-check	Verify theme, migrated output and browser behavior	2026-09-18T13:42:28.8476418Z     "/home/runner/work/shimoju.jp/shimoju.jp/themes/shsh/.cache/site/hugo-cache",
shsh-check	Verify theme, migrated output and browser behavior	2026-09-18T13:42:28.8476756Z     "--environment",
shsh-check	Verify theme, migrated output and browser behavior	2026-09-18T13:42:28.8476969Z     "production",
shsh-check	Verify theme, migrated output and browser behavior	2026-09-18T13:42:28.8477142Z     "--clock",
shsh-check	Verify theme, migrated output and browser behavior	2026-09-18T13:42:28.8477333Z     "2026-09-17T12:00:00+09:00",
shsh-check	Verify theme, migrated output and browser behavior	2026-09-18T13:42:28.8477601Z     "--cleanDestinationDir",
shsh-check	Verify theme, migrated output and browser behavior	2026-09-18T13:42:28.8477911Z     "--panicOnWarning"
shsh-check	Verify theme, migrated output and browser behavior	2026-09-18T13:42:28.8478178Z   ],
shsh-check	Verify theme, migrated output and browser behavior	2026-09-18T13:42:28.8478407Z   "live": false,
shsh-check	Verify theme, migrated output and browser behavior	2026-09-18T13:42:28.8478686Z   "environment": "production",
shsh-check	Verify theme, migrated output and browser behavior	2026-09-18T13:42:28.8478970Z   "exitCode": 0,
shsh-check	Verify theme, migrated output and browser behavior	2026-09-18T13:42:28.8479215Z   "seconds": 14.388011806,
shsh-check	Verify theme, migrated output and browser behavior	2026-09-18T13:42:28.8481754Z   "stdout": "Start building sites … \nhugo v0.166.0-78400b4de8adc99273d3e674ed6c4d14c3bdf669 linux/amd64 BuildDate=2026-09-09T14:45:02Z VendorInfo=gohugoio\n\n\n                  │ JA  \n──────────────────┼─────\n Pages            │ 160 \n Paginator pages  │  14 \n Non-page files   │  19 \n Static files     │   6 \n Processed images │ 124 \n Aliases          │  46 \n Cleaned          │   0 \n\nTotal in 14347 ms\n",
shsh-check	Verify theme, migrated output and browser behavior	2026-09-18T13:42:28.8482824Z   "stderr": ""
shsh-check	Verify theme, migrated output and browser behavior	2026-09-18T13:42:28.8483014Z }
shsh-check	Verify theme, migrated output and browser behavior	2026-09-18T13:42:29.1110947Z {
shsh-check	Verify theme, migrated output and browser behavior	2026-09-18T13:42:29.1111330Z   "command": [
shsh-check	Verify theme, migrated output and browser behavior	2026-09-18T13:42:29.1111617Z     "hugo",
shsh-check	Verify theme, migrated output and browser behavior	2026-09-18T13:42:29.1111857Z     "--source",
shsh-check	Verify theme, migrated output and browser behavior	2026-09-18T13:42:29.1112359Z     "/home/runner/work/shimoju.jp/shimoju.jp/themes/shsh/.cache/site/source",
shsh-check	Verify theme, migrated output and browser behavior	2026-09-18T13:42:29.1112897Z     "--themesDir",
shsh-check	Verify theme, migrated output and browser behavior	2026-09-18T13:42:29.1113249Z     "/home/runner/work/shimoju.jp/shimoju.jp/themes",
shsh-check	Verify theme, migrated output and browser behavior	2026-09-18T13:42:29.1113624Z     "--destination",
shsh-check	Verify theme, migrated output and browser behavior	2026-09-18T13:42:29.1114105Z     "/home/runner/work/shimoju.jp/shimoju.jp/themes/shsh/.cache/site/preview",
shsh-check	Verify theme, migrated output and browser behavior	2026-09-18T13:42:29.1114602Z     "--cacheDir",
shsh-check	Verify theme, migrated output and browser behavior	2026-09-18T13:42:29.1115069Z     "/home/runner/work/shimoju.jp/shimoju.jp/themes/shsh/.cache/site/hugo-cache",
shsh-check	Verify theme, migrated output and browser behavior	2026-09-18T13:42:29.1115560Z     "--environment",
shsh-check	Verify theme, migrated output and browser behavior	2026-09-18T13:42:29.1115810Z     "preview",
shsh-check	Verify theme, migrated output and browser behavior	2026-09-18T13:42:29.1116053Z     "--clock",
shsh-check	Verify theme, migrated output and browser behavior	2026-09-18T13:42:29.1116428Z     "2026-09-17T12:00:00+09:00",
shsh-check	Verify theme, migrated output and browser behavior	2026-09-18T13:42:29.1116646Z     "--cleanDestinationDir",
shsh-check	Verify theme, migrated output and browser behavior	2026-09-18T13:42:29.1116860Z     "--panicOnWarning",
shsh-check	Verify theme, migrated output and browser behavior	2026-09-18T13:42:29.1117055Z     "--baseURL",
shsh-check	Verify theme, migrated output and browser behavior	2026-09-18T13:42:29.1117264Z     "https://preview.invalid/"
shsh-check	Verify theme, migrated output and browser behavior	2026-09-18T13:42:29.1117470Z   ],
shsh-check	Verify theme, migrated output and browser behavior	2026-09-18T13:42:29.1117623Z   "live": false,
shsh-check	Verify theme, migrated output and browser behavior	2026-09-18T13:42:29.1118021Z   "environment": "preview",
shsh-check	Verify theme, migrated output and browser behavior	2026-09-18T13:42:29.1118212Z   "exitCode": 0,
shsh-check	Verify theme, migrated output and browser behavior	2026-09-18T13:42:29.1118402Z   "seconds": 0.2633506580000012,
shsh-check	Verify theme, migrated output and browser behavior	2026-09-18T13:42:29.1120141Z   "stdout": "Start building sites … \nhugo v0.166.0-78400b4de8adc99273d3e674ed6c4d14c3bdf669 linux/amd64 BuildDate=2026-09-09T14:45:02Z VendorInfo=gohugoio\n\n\n                  │ JA  \n──────────────────┼─────\n Pages            │ 160 \n Paginator pages  │  14 \n Non-page files   │  19 \n Static files     │   6 \n Processed images │ 124 \n Aliases          │  46 \n Cleaned          │   0 \n\nTotal in 232 ms\n",
shsh-check	Verify theme, migrated output and browser behavior	2026-09-18T13:42:29.1121266Z   "stderr": ""
shsh-check	Verify theme, migrated output and browser behavior	2026-09-18T13:42:29.1121452Z }
shsh-check	Verify theme, migrated output and browser behavior	2026-09-18T13:42:29.1296337Z $ node scripts/verify-site-inputs.ts
shsh-check	Verify theme, migrated output and browser behavior	2026-09-18T13:42:29.3491133Z Site inputs: 80 original source/assets, 7 authorized changes, 62 Markdown files and 46 embeds verified. Offline production/preview passed.
shsh-check	Verify theme, migrated output and browser behavior	2026-09-18T13:42:29.3719211Z $ node scripts/verify-site-output.ts
shsh-check	Verify theme, migrated output and browser behavior	2026-09-18T13:42:32.0798040Z All 340 production/preview HTML files valid; F015 exact-title length exception only.
shsh-check	Verify theme, migrated output and browser behavior	2026-09-18T13:42:32.1163922Z $ playwright test
shsh-check	Verify theme, migrated output and browser behavior	2026-09-18T13:42:33.5847250Z
shsh-check	Verify theme, migrated output and browser behavior	2026-09-18T13:42:33.5847911Z Running 246 tests using 2 workers
shsh-check	Verify theme, migrated output and browser behavior	2026-09-18T13:42:33.5848209Z
shsh-check	Verify theme, migrated output and browser behavior	2026-09-18T13:42:35.3201493Z   ✓    1 [chromium] › tests/collections.spec.ts:4:1 › home and section pagination retain newer-left/older-right and first-page introduction (974ms)
shsh-check	Verify theme, migrated output and browser behavior	2026-09-18T13:42:35.6403131Z   ✓    3 [chromium] › tests/collections.spec.ts:91:1 › pagination and whole-card links work without JavaScript (309ms)
shsh-check	Verify theme, migrated output and browser behavior	2026-09-18T13:42:39.3577327Z   ✓    2 [chromium] › tests/collections.spec.ts:29:1 › list text, separators and pager preserve frozen mock styles in both widths and palettes (5.0s)
shsh-check	Verify theme, migrated output and browser behavior	2026-09-18T13:42:40.1445982Z   ✓    4 [chromium] › tests/full-review.spec.ts:9:3 › Full screen home (4.5s)
shsh-check	Verify theme, migrated output and browser behavior	2026-09-18T13:42:43.3048283Z   ✓    5 [chromium] › tests/full-review.spec.ts:9:3 › Full screen home-2 (3.9s)
shsh-check	Verify theme, migrated output and browser behavior	2026-09-18T13:42:43.7930559Z   ✓    6 [chromium] › tests/full-review.spec.ts:9:3 › Full screen home-3 (3.6s)
shsh-check	Verify theme, migrated output and browser behavior	2026-09-18T13:42:47.4997979Z   ✓    7 [chromium] › tests/full-review.spec.ts:9:3 › Full screen posts (4.2s)
shsh-check	Verify theme, migrated output and browser behavior	2026-09-18T13:42:47.6742436Z   ✓    8 [chromium] › tests/full-review.spec.ts:9:3 › Full screen posts-2 (3.9s)
shsh-check	Verify theme, migrated output and browser behavior	2026-09-18T13:42:51.0500606Z   ✓    9 [chromium] › tests/full-review.spec.ts:9:3 › Full screen posts-3 (3.5s)
shsh-check	Verify theme, migrated output and browser behavior	2026-09-18T13:42:51.4142706Z   ✓   10 [chromium] › tests/full-review.spec.ts:9:3 › Full screen tags (3.7s)
shsh-check	Verify theme, migrated output and browser behavior	2026-09-18T13:42:54.4520258Z   ✓   11 [chromium] › tests/full-review.spec.ts:9:3 › Full screen tags-empty (3.4s)
shsh-check	Verify theme, migrated output and browser behavior	2026-09-18T13:42:55.3940706Z   ✓   12 [chromium] › tests/full-review.spec.ts:9:3 › Full screen tag-1 (4.0s)
shsh-check	Verify theme, migrated output and browser behavior	2026-09-18T13:42:57.9543098Z   ✓   13 [chromium] › tests/full-review.spec.ts:9:3 › Full screen tag-2 (3.5s)
shsh-check	Verify theme, migrated output and browser behavior	2026-09-18T13:42:59.3439399Z   ✓   14 [chromium] › tests/full-review.spec.ts:9:3 › Full screen tag-3 (3.9s)
shsh-check	Verify theme, migrated output and browser behavior	2026-09-18T13:43:01.8378070Z   ✓   15 [chromium] › tests/full-review.spec.ts:9:3 › Full screen tag-4 (3.9s)
shsh-check	Verify theme, migrated output and browser behavior	2026-09-18T13:43:03.2277616Z   ✓   16 [chromium] › tests/full-review.spec.ts:9:3 › Full screen tag-5 (3.9s)
shsh-check	Verify theme, migrated output and browser behavior	2026-09-18T13:43:05.3963834Z   ✓   17 [chromium] › tests/full-review.spec.ts:9:3 › Full screen tag-6 (3.5s)
shsh-check	Verify theme, migrated output and browser behavior	2026-09-18T13:43:07.1716839Z   ✓   18 [chromium] › tests/full-review.spec.ts:9:3 › Full screen tag-7 (3.9s)
shsh-check	Verify theme, migrated output and browser behavior	2026-09-18T13:43:09.3348561Z   ✓   19 [chromium] › tests/full-review.spec.ts:9:3 › Full screen tag-8 (3.9s)
shsh-check	Verify theme, migrated output and browser behavior	2026-09-18T13:43:10.5952506Z   ✓   20 [chromium] › tests/full-review.spec.ts:9:3 › Full screen tag-9 (3.4s)
shsh-check	Verify theme, migrated output and browser behavior	2026-09-18T13:43:13.1785944Z   ✓   21 [chromium] › tests/full-review.spec.ts:9:3 › Full screen tag-10 (3.8s)
shsh-check	Verify theme, migrated output and browser behavior	2026-09-18T13:43:14.5216692Z   ✓   22 [chromium] › tests/full-review.spec.ts:9:3 › Full screen tag-11 (3.9s)
shsh-check	Verify theme, migrated output and browser behavior	2026-09-18T13:43:16.5808570Z   ✓   23 [chromium] › tests/full-review.spec.ts:9:3 › Full screen categories (3.4s)
shsh-check	Verify theme, migrated output and browser behavior	2026-09-18T13:43:17.8675019Z   ✓   24 [chromium] › tests/full-review.spec.ts:9:3 › Full screen categories-empty (3.3s)
shsh-check	Verify theme, migrated output and browser behavior	2026-09-18T13:43:20.8110520Z   ✓   25 [chromium] › tests/full-review.spec.ts:9:3 › Full screen category-1 (4.2s)
shsh-check	Verify theme, migrated output and browser behavior	2026-09-18T13:43:21.8029587Z   ✓   26 [chromium] › tests/full-review.spec.ts:9:3 › Full screen category-2 (3.9s)
shsh-check	Verify theme, migrated output and browser behavior	2026-09-18T13:43:24.4108198Z   ✓   27 [chromium] › tests/full-review.spec.ts:9:3 › Full screen category-2-2 (3.6s)
shsh-check	Verify theme, migrated output and browser behavior	2026-09-18T13:43:26.0354078Z   ✓   28 [chromium] › tests/full-review.spec.ts:9:3 › Full screen tag-pagination (4.2s)
shsh-check	Verify theme, migrated output and browser behavior	2026-09-18T13:43:28.4469021Z   ✓   29 [chromium] › tests/full-review.spec.ts:9:3 › Full screen tag-pagination-2 (4.0s)
shsh-check	Verify theme, migrated output and browser behavior	2026-09-18T13:43:29.5529189Z   ✓   30 [chromium] › tests/full-review.spec.ts:9:3 › Full screen tag-pagination-3 (3.5s)
shsh-check	Verify theme, migrated output and browser behavior	2026-09-18T13:43:32.6994969Z   ✓   31 [chromium] › tests/full-review.spec.ts:9:3 › Full screen category-pagination (4.2s)
shsh-check	Verify theme, migrated output and browser behavior	2026-09-18T13:43:33.5762876Z   ✓   32 [chromium] › tests/full-review.spec.ts:9:3 › Full screen category-pagination-2 (4.0s)
shsh-check	Verify theme, migrated output and browser behavior	2026-09-18T13:43:36.2024076Z   ✓   33 [chromium] › tests/full-review.spec.ts:9:3 › Full screen category-pagination-3 (3.5s)
shsh-check	Verify theme, migrated output and browser behavior	2026-09-18T13:43:43.1459877Z   ✓   35 [chromium] › tests/full-review.spec.ts:9:3 › Full screen article-hugo (6.9s)
shsh-check	Verify theme, migrated output and browser behavior	2026-09-18T13:43:46.9141751Z   ✓   36 [chromium] › tests/full-review.spec.ts:9:3 › Full screen article-diary (3.8s)
shsh-check	Verify theme, migrated output and browser behavior	2026-09-18T13:43:50.7867722Z   ✓   37 [chromium] › tests/full-review.spec.ts:9:3 › Full screen article-bgm (3.9s)
shsh-check	Verify theme, migrated output and browser behavior	2026-09-18T13:43:51.6028752Z   ✓   34 [chromium] › tests/full-review.spec.ts:9:3 › Full screen article (18.0s)
shsh-check	Verify theme, migrated output and browser behavior	2026-09-18T13:43:55.1196643Z   ✓   38 [chromium] › tests/full-review.spec.ts:9:3 › Full screen article-pasmo (4.3s)
shsh-check	Verify theme, migrated output and browser behavior	2026-09-18T13:43:59.2037013Z   ✓   40 [chromium] › tests/full-review.spec.ts:9:3 › Full screen archives (4.1s)
shsh-check	Verify theme, migrated output and browser behavior	2026-09-18T13:44:03.0185458Z   ✓   39 [chromium] › tests/full-review.spec.ts:9:3 › Full screen about (11.4s)
shsh-check	Verify theme, migrated output and browser behavior	2026-09-18T13:44:03.2690235Z   ✓   41 [chromium] › tests/full-review.spec.ts:9:3 › Full screen 404 (4.1s)
shsh-check	Verify theme, migrated output and browser behavior	2026-09-18T13:44:06.5278741Z   ✓   42 [chromium] › tests/full-review.spec.ts:9:3 › Full screen empty (3.5s)
shsh-check	Verify theme, migrated output and browser behavior	2026-09-18T13:44:06.8401043Z   ✓   43 [chromium] › tests/full-review.spec.ts:9:3 › Full screen single-item (3.6s)
shsh-check	Verify theme, migrated output and browser behavior	2026-09-18T13:44:07.6644746Z   ✓   45 [chromium] › tests/media.spec.ts:10:1 › responsive candidates, originals, dimensions, loading and figure semantics (805ms)
shsh-check	Verify theme, migrated output and browser behavior	2026-09-18T13:44:09.7718851Z   ✓   46 [chromium] › tests/media.spec.ts:88:1 › WebP preserves PNG pixels and transparency at each generated width (2.1s)
shsh-check	Verify theme, migrated output and browser behavior	2026-09-18T13:44:10.1570627Z   ✓   44 [chromium] › tests/full-review.spec.ts:138:1 › discovery semantics, keyboard, fixed pages and JavaScript-disabled navigation (3.6s)
shsh-check	Verify theme, migrated output and browser behavior	2026-09-18T13:44:10.7305659Z   ✓   48 [chromium] › tests/media.spec.ts:193:1 › DPR chooses fitting candidates and JavaScript-free media remain usable (557ms)
shsh-check	Verify theme, migrated output and browser behavior	2026-09-18T13:44:10.8275938Z   ✓   49 [chromium] › tests/metadata.spec.ts:52:1 › RSS uses all ordered articles, plain common summaries and stable document GUIDs (86ms)
shsh-check	Verify theme, migrated output and browser behavior	2026-09-18T13:44:10.9073456Z   ✓   50 [chromium] › tests/metadata.spec.ts:79:1 › taxonomy feeds contain term pages, term feeds filter posts, empty feeds have no fake dates (70ms)
shsh-check	Verify theme, migrated output and browser behavior	2026-09-18T13:44:11.0205131Z   ✓   51 [chromium] › tests/metadata.spec.ts:109:1 › canonical and discovery URLs follow the active pager and build baseURL (105ms)
shsh-check	Verify theme, migrated output and browser behavior	2026-09-18T13:44:11.1016120Z   ✓   52 [chromium] › tests/metadata.spec.ts:135:1 › description, dates and JSON-LD preserve page roles and safe text (72ms)
shsh-check	Verify theme, migrated output and browser behavior	2026-09-18T13:44:11.2105955Z   ✓   53 [chromium] › tests/metadata.spec.ts:170:1 › SNS images use cover, global assets/static/external defaults or none, never body images (101ms)
shsh-check	Verify theme, migrated output and browser behavior	2026-09-18T13:44:11.3913332Z   ✓   54 [chromium] › tests/metadata.spec.ts:193:1 › all XML parses, sitemap and robots follow production and preview (169ms)
shsh-check	Verify theme, migrated output and browser behavior	2026-09-18T13:44:13.4407959Z   ✓   55 [chromium] › tests/migration.spec.ts:36:3 › All migrated outputs: production (2.0s)
shsh-check	Verify theme, migrated output and browser behavior	2026-09-18T13:44:14.0737939Z   ✓   56 [chromium] › tests/migration.spec.ts:36:3 › All migrated outputs: preview (612ms)
shsh-check	Verify theme, migrated output and browser behavior	2026-09-18T13:44:14.7193508Z   ✓   47 [chromium] › tests/media.spec.ts:151:1 › media geometry matches mock, small images stay small, both colors remain accessible (4.9s)
shsh-check	Verify theme, migrated output and browser behavior	2026-09-18T13:44:14.8081281Z   ✓   57 [chromium] › tests/prose.spec.ts:19:1 › copy preserves code with Japanese, inline/table numbers, unknown language and no label (721ms)
shsh-check	Verify theme, migrated output and browser behavior	2026-09-18T13:44:15.0789984Z   ✓   58 [chromium] › tests/prose.spec.ts:47:1 › failed copy announces manual fallback, permits retry, and resets success after three seconds (335ms)
shsh-check	Verify theme, migrated output and browser behavior	2026-09-18T13:44:15.3961357Z   ✓   59 [chromium] › tests/prose.spec.ts:74:1 › keyboard reveals copy and Escape returns focus to selectable code (577ms)
shsh-check	Verify theme, migrated output and browser behavior	2026-09-18T13:44:15.6122942Z   ✓   60 [chromium] › tests/prose.spec.ts:95:1 › touch reveals copy, outside tap and horizontal scroll dismiss it (524ms)
shsh-check	Verify theme, migrated output and browser behavior	2026-09-18T13:44:15.9928960Z   ✓   61 [chromium] › tests/prose.spec.ts:116:1 › the first tap on a revealed copy button copies exactly once (578ms)
shsh-check	Verify theme, migrated output and browser behavior	2026-09-18T13:44:19.2238510Z   ✓   63 [chromium] › tests/prose.spec.ts:256:1 › full real article preserves mock prose layout in both palettes and widths (3.2s)
shsh-check	Verify theme, migrated output and browser behavior	2026-09-18T13:44:21.3403737Z   ✓   62 [chromium] › tests/prose.spec.ts:160:1 › prose matches mock type and spacing; footnotes, headings, dates and JS-free reading work (5.7s)
shsh-check	Verify theme, migrated output and browser behavior	2026-09-18T13:44:23.6396721Z   ✓   64 [chromium] › tests/review.spec.ts:70:3 › Representative home comparison, both widths/colors and text enlargement (4.4s)
shsh-check	Verify theme, migrated output and browser behavior	2026-09-18T13:44:25.5971839Z   ✓   65 [chromium] › tests/review.spec.ts:70:3 › Representative posts comparison, both widths/colors and text enlargement (4.2s)
shsh-check	Verify theme, migrated output and browser behavior	2026-09-18T13:44:37.0893633Z   ✓   67 [chromium] › tests/review.spec.ts:70:3 › Representative specimen comparison, both widths/colors and text enlargement (11.5s)
shsh-check	Verify theme, migrated output and browser behavior	2026-09-18T13:44:38.6005417Z   ✓   68 [chromium] › tests/sharing.spec.ts:14:1 › shared document URLs, encoded titles, service order and keyboard navigation (1.5s)
shsh-check	Verify theme, migrated output and browser behavior	2026-09-18T13:44:39.2054983Z   ✓   69 [chromium] › tests/sharing.spec.ts:59:1 › failed star download preserves reading and share links and announces failure (591ms)
shsh-check	Verify theme, migrated output and browser behavior	2026-09-18T13:44:39.5478119Z   ✓   70 [chromium] › tests/sharing.spec.ts:72:1 › preview cannot share or load stars; JS-free production retains ordinary links (332ms)
shsh-check	Verify theme, migrated output and browser behavior	2026-09-18T13:44:40.7119855Z   ✓   71 [chromium] › tests/sharing.spec.ts:103:1 › sharing retains mock geometry and icon styling at both widths and palettes (1.2s)
shsh-check	Verify theme, migrated output and browser behavior	2026-09-18T13:44:41.4803347Z   ✓   66 [chromium] › tests/review.spec.ts:70:3 › Representative article comparison, both widths/colors and text enlargement (17.8s)
shsh-check	Verify theme, migrated output and browser behavior	2026-09-18T13:44:43.4610606Z   ✓   72 [chromium] › tests/site.spec.ts:9:3 › Migrated site production: all embed positions, URLs and publication controls (2.7s)
shsh-check	Verify theme, migrated output and browser behavior	2026-09-18T13:44:43.9330667Z   ✓   74 [chromium] › tests/site.spec.ts:99:1 › real video reserves its intrinsic ratio before loading; native playback dimensions agree (461ms)
shsh-check	Verify theme, migrated output and browser behavior	2026-09-18T13:44:44.3468586Z   ✓   73 [chromium] › tests/site.spec.ts:9:3 › Migrated site preview: all embed positions, URLs and publication controls (2.8s)
shsh-check	Verify theme, migrated output and browser behavior	2026-09-18T13:44:44.5584551Z   ✓   76 [chromium] › tests/theme.spec.ts:50:1 › saved pref-theme is applied before styles load (192ms)
shsh-check	Verify theme, migrated output and browser behavior	2026-09-18T13:44:44.8086631Z   ✓   75 [chromium] › tests/theme.spec.ts:4:1 › portrait and landscape keep the type scale while explicit text enlargement still works (861ms)
shsh-check	Verify theme, migrated output and browser behavior	2026-09-18T13:44:44.9647771Z   ✓   77 [chromium] › tests/theme.spec.ts:71:1 › OS follows until a keyboard choice, persists and ignores mock query parameters (396ms)
shsh-check	Verify theme, migrated output and browser behavior	2026-09-18T13:44:45.0365396Z   ✓   78 [chromium] › tests/theme.spec.ts:99:1 › invalid and unavailable storage retain OS fallback and allow a page-local choice (206ms)
shsh-check	Verify theme, migrated output and browser behavior	2026-09-18T13:44:45.1214590Z   ✓   79 [chromium] › tests/theme.spec.ts:124:1 › invalid saved value uses OS preference (150ms)
shsh-check	Verify theme, migrated output and browser behavior	2026-09-18T13:44:45.3616761Z   ✓   80 [chromium] › tests/theme.spec.ts:131:1 › without JavaScript both OS palettes, navigation and subscription remain usable (316ms)
shsh-check	Verify theme, migrated output and browser behavior	2026-09-18T13:44:46.4019791Z   ✓   82 [chromium] › tests/tooling.spec.ts:5:1 › Hugo formatting preserves inline spaces, attributes, render hooks and compiled assets (1.0s)
shsh-check	Verify theme, migrated output and browser behavior	2026-09-18T13:44:48.2517480Z   ✓   81 [chromium] › tests/theme.spec.ts:148:1 › shared shell keeps mock dimensions at desktop and mobile widths in both palettes (3.1s)
shsh-check	Verify theme, migrated output and browser behavior	2026-09-18T13:44:50.5071303Z   ✓   83 [firefox] › tests/collections.spec.ts:4:1 › home and section pagination retain newer-left/older-right and first-page introduction (2.7s)
shsh-check	Verify theme, migrated output and browser behavior	2026-09-18T13:44:51.1623968Z   ✓   85 [firefox] › tests/collections.spec.ts:91:1 › pagination and whole-card links work without JavaScript (627ms)
shsh-check	Verify theme, migrated output and browser behavior	2026-09-18T13:44:57.2709767Z   ✓   86 [firefox] › tests/full-review.spec.ts:9:3 › Full screen home (6.1s)
shsh-check	Verify theme, migrated output and browser behavior	2026-09-18T13:44:58.9547498Z   ✓   84 [firefox] › tests/collections.spec.ts:29:1 › list text, separators and pager preserve frozen mock styles in both widths and palettes (9.6s)
shsh-check	Verify theme, migrated output and browser behavior	2026-09-18T13:45:02.6276584Z   ✓   87 [firefox] › tests/full-review.spec.ts:9:3 › Full screen home-2 (5.3s)
shsh-check	Verify theme, migrated output and browser behavior	2026-09-18T13:45:04.3290051Z   ✓   88 [firefox] › tests/full-review.spec.ts:9:3 › Full screen home-3 (5.3s)
shsh-check	Verify theme, migrated output and browser behavior	2026-09-18T13:45:08.0760670Z   ✓   89 [firefox] › tests/full-review.spec.ts:9:3 › Full screen posts (5.4s)
shsh-check	Verify theme, migrated output and browser behavior	2026-09-18T13:45:09.7758613Z   ✓   90 [firefox] › tests/full-review.spec.ts:9:3 › Full screen posts-2 (5.4s)
shsh-check	Verify theme, migrated output and browser behavior	2026-09-18T13:45:14.9556372Z   ✓   91 [firefox] › tests/full-review.spec.ts:9:3 › Full screen posts-3 (6.9s)
shsh-check	Verify theme, migrated output and browser behavior	2026-09-18T13:45:15.0430486Z   ✓   92 [firefox] › tests/full-review.spec.ts:9:3 › Full screen tags (5.3s)
shsh-check	Verify theme, migrated output and browser behavior	2026-09-18T13:45:19.8684531Z   ✓   93 [firefox] › tests/full-review.spec.ts:9:3 › Full screen tags-empty (4.9s)
shsh-check	Verify theme, migrated output and browser behavior	2026-09-18T13:45:20.3777839Z   ✓   94 [firefox] › tests/full-review.spec.ts:9:3 › Full screen tag-1 (5.3s)
shsh-check	Verify theme, migrated output and browser behavior	2026-09-18T13:45:24.9038978Z   ✓   95 [firefox] › tests/full-review.spec.ts:9:3 › Full screen tag-2 (5.0s)
shsh-check	Verify theme, migrated output and browser behavior	2026-09-18T13:45:28.3469804Z   ✓   96 [firefox] › tests/full-review.spec.ts:9:3 › Full screen tag-3 (8.0s)
shsh-check	Verify theme, migrated output and browser behavior	2026-09-18T13:45:30.0555211Z   ✓   97 [firefox] › tests/full-review.spec.ts:9:3 › Full screen tag-4 (5.1s)
shsh-check	Verify theme, migrated output and browser behavior	2026-09-18T13:45:33.6767515Z   ✓   98 [firefox] › tests/full-review.spec.ts:9:3 › Full screen tag-5 (5.3s)
shsh-check	Verify theme, migrated output and browser behavior	2026-09-18T13:45:35.2680772Z   ✓   99 [firefox] › tests/full-review.spec.ts:9:3 › Full screen tag-6 (5.2s)
shsh-check	Verify theme, migrated output and browser behavior	2026-09-18T13:45:38.9603046Z   ✓  100 [firefox] › tests/full-review.spec.ts:9:3 › Full screen tag-7 (5.3s)
shsh-check	Verify theme, migrated output and browser behavior	2026-09-18T13:45:43.1243836Z   ✓  101 [firefox] › tests/full-review.spec.ts:9:3 › Full screen tag-8 (7.8s)
shsh-check	Verify theme, migrated output and browser behavior	2026-09-18T13:45:43.7153310Z   ✓  102 [firefox] › tests/full-review.spec.ts:9:3 › Full screen tag-9 (4.7s)
shsh-check	Verify theme, migrated output and browser behavior	2026-09-18T13:45:48.3357875Z   ✓  103 [firefox] › tests/full-review.spec.ts:9:3 › Full screen tag-10 (5.2s)
shsh-check	Verify theme, migrated output and browser behavior	2026-09-18T13:45:49.1667123Z   ✓  104 [firefox] › tests/full-review.spec.ts:9:3 › Full screen tag-11 (5.4s)
shsh-check	Verify theme, migrated output and browser behavior	2026-09-18T13:45:53.2057260Z   ✓  105 [firefox] › tests/full-review.spec.ts:9:3 › Full screen categories (4.9s)
shsh-check	Verify theme, migrated output and browser behavior	2026-09-18T13:45:56.5807292Z   ✓  106 [firefox] › tests/full-review.spec.ts:9:3 › Full screen categories-empty (7.4s)
shsh-check	Verify theme, migrated output and browser behavior	2026-09-18T13:45:58.4442336Z   ✓  107 [firefox] › tests/full-review.spec.ts:9:3 › Full screen category-1 (5.2s)
shsh-check	Verify theme, migrated output and browser behavior	2026-09-18T13:46:02.0846619Z   ✓  108 [firefox] › tests/full-review.spec.ts:9:3 › Full screen category-2 (5.5s)
shsh-check	Verify theme, migrated output and browser behavior	2026-09-18T13:46:03.7289752Z   ✓  109 [firefox] › tests/full-review.spec.ts:9:3 › Full screen category-2-2 (5.3s)
shsh-check	Verify theme, migrated output and browser behavior	2026-09-18T13:46:07.5149496Z   ✓  110 [firefox] › tests/full-review.spec.ts:9:3 › Full screen tag-pagination (5.4s)
shsh-check	Verify theme, migrated output and browser behavior	2026-09-18T13:46:11.9681250Z   ✓  111 [firefox] › tests/full-review.spec.ts:9:3 › Full screen tag-pagination-2 (8.2s)
shsh-check	Verify theme, migrated output and browser behavior	2026-09-18T13:46:12.4112751Z   ✓  112 [firefox] › tests/full-review.spec.ts:9:3 › Full screen tag-pagination-3 (4.9s)
shsh-check	Verify theme, migrated output and browser behavior	2026-09-18T13:46:17.3395018Z   ✓  113 [firefox] › tests/full-review.spec.ts:9:3 › Full screen category-pagination (5.4s)
shsh-check	Verify theme, migrated output and browser behavior	2026-09-18T13:46:17.9835151Z   ✓  114 [firefox] › tests/full-review.spec.ts:9:3 › Full screen category-pagination-2 (5.6s)
shsh-check	Verify theme, migrated output and browser behavior	2026-09-18T13:46:22.6510086Z   ✓  115 [firefox] › tests/full-review.spec.ts:9:3 › Full screen category-pagination-3 (5.3s)
shsh-check	Verify theme, migrated output and browser behavior	2026-09-18T13:46:30.4481227Z   ✓  117 [firefox] › tests/full-review.spec.ts:9:3 › Full screen article-hugo (7.8s)
shsh-check	Verify theme, migrated output and browser behavior	2026-09-18T13:46:35.5001686Z   ✓  116 [firefox] › tests/full-review.spec.ts:9:3 › Full screen article (17.5s)
shsh-check	Verify theme, migrated output and browser behavior	2026-09-18T13:46:35.6578207Z   ✓  118 [firefox] › tests/full-review.spec.ts:9:3 › Full screen article-diary (5.2s)
shsh-check	Verify theme, migrated output and browser behavior	2026-09-18T13:46:41.2382271Z   ✓  119 [firefox] › tests/full-review.spec.ts:9:3 › Full screen article-bgm (5.7s)
shsh-check	Verify theme, migrated output and browser behavior	2026-09-18T13:46:44.0784757Z   ✓  120 [firefox] › tests/full-review.spec.ts:9:3 › Full screen article-pasmo (8.4s)
shsh-check	Verify theme, migrated output and browser behavior	2026-09-18T13:46:49.4476735Z   ✓  122 [firefox] › tests/full-review.spec.ts:9:3 › Full screen archives (5.4s)
shsh-check	Verify theme, migrated output and browser behavior	2026-09-18T13:46:50.7743420Z   ✓  121 [firefox] › tests/full-review.spec.ts:9:3 › Full screen about (9.5s)
shsh-check	Verify theme, migrated output and browser behavior	2026-09-18T13:46:54.3495169Z   ✓  123 [firefox] › tests/full-review.spec.ts:9:3 › Full screen 404 (4.9s)
shsh-check	Verify theme, migrated output and browser behavior	2026-09-18T13:46:55.6227388Z   ✓  124 [firefox] › tests/full-review.spec.ts:9:3 › Full screen empty (4.8s)
shsh-check	Verify theme, migrated output and browser behavior	2026-09-18T13:46:59.5400047Z   ✓  125 [firefox] › tests/full-review.spec.ts:9:3 › Full screen single-item (5.2s)
shsh-check	Verify theme, migrated output and browser behavior	2026-09-18T13:47:01.1374033Z   ✓  127 [firefox] › tests/media.spec.ts:10:1 › responsive candidates, originals, dimensions, loading and figure semantics (1.6s)
shsh-check	Verify theme, migrated output and browser behavior	2026-09-18T13:47:02.2243573Z   ✓  126 [firefox] › tests/full-review.spec.ts:138:1 › discovery semantics, keyboard, fixed pages and JavaScript-disabled navigation (6.6s)
shsh-check	Verify theme, migrated output and browser behavior	2026-09-18T13:47:03.3348849Z   ✓  128 [firefox] › tests/media.spec.ts:88:1 › WebP preserves PNG pixels and transparency at each generated width (2.2s)
shsh-check	Verify theme, migrated output and browser behavior	2026-09-18T13:47:06.8679435Z   ✓  130 [firefox] › tests/media.spec.ts:193:1 › DPR chooses fitting candidates and JavaScript-free media remain usable (3.5s)
shsh-check	Verify theme, migrated output and browser behavior	2026-09-18T13:47:07.1995318Z   ✓  131 [firefox] › tests/metadata.spec.ts:52:1 › RSS uses all ordered articles, plain common summaries and stable document GUIDs (315ms)
shsh-check	Verify theme, migrated output and browser behavior	2026-09-18T13:47:07.4499290Z   ✓  132 [firefox] › tests/metadata.spec.ts:79:1 › taxonomy feeds contain term pages, term feeds filter posts, empty feeds have no fake dates (243ms)
shsh-check	Verify theme, migrated output and browser behavior	2026-09-18T13:47:07.7514611Z   ✓  133 [firefox] › tests/metadata.spec.ts:109:1 › canonical and discovery URLs follow the active pager and build baseURL (292ms)
shsh-check	Verify theme, migrated output and browser behavior	2026-09-18T13:47:08.0335474Z   ✓  134 [firefox] › tests/metadata.spec.ts:135:1 › description, dates and JSON-LD preserve page roles and safe text (265ms)
shsh-check	Verify theme, migrated output and browser behavior	2026-09-18T13:47:08.3662378Z   ✓  135 [firefox] › tests/metadata.spec.ts:170:1 › SNS images use cover, global assets/static/external defaults or none, never body images (320ms)
shsh-check	Verify theme, migrated output and browser behavior	2026-09-18T13:47:08.6944579Z   ✓  136 [firefox] › tests/metadata.spec.ts:193:1 › all XML parses, sitemap and robots follow production and preview (318ms)
shsh-check	Verify theme, migrated output and browser behavior	2026-09-18T13:47:10.9312834Z   ✓  129 [firefox] › tests/media.spec.ts:151:1 › media geometry matches mock, small images stay small, both colors remain accessible (8.7s)
shsh-check	Verify theme, migrated output and browser behavior	2026-09-18T13:47:10.9830174Z   ✓  137 [firefox] › tests/migration.spec.ts:36:3 › All migrated outputs: production (2.3s)
shsh-check	Verify theme, migrated output and browser behavior	2026-09-18T13:47:11.7848981Z   ✓  138 [firefox] › tests/migration.spec.ts:36:3 › All migrated outputs: preview (825ms)
shsh-check	Verify theme, migrated output and browser behavior	2026-09-18T13:47:12.1124569Z   ✓  139 [firefox] › tests/prose.spec.ts:19:1 › copy preserves code with Japanese, inline/table numbers, unknown language and no label (1.1s)
shsh-check	Verify theme, migrated output and browser behavior	2026-09-18T13:47:12.4448240Z   ✓  140 [firefox] › tests/prose.spec.ts:47:1 › failed copy announces manual fallback, permits retry, and resets success after three seconds (638ms)
shsh-check	Verify theme, migrated output and browser behavior	2026-09-18T13:47:13.2958755Z   ✓  142 [firefox] › tests/prose.spec.ts:95:1 › touch reveals copy, outside tap and horizontal scroll dismiss it (840ms)
shsh-check	Verify theme, migrated output and browser behavior	2026-09-18T13:47:14.1203266Z   ✓  141 [firefox] › tests/prose.spec.ts:74:1 › keyboard reveals copy and Escape returns focus to selectable code (2.0s)
shsh-check	Verify theme, migrated output and browser behavior	2026-09-18T13:47:14.1624277Z   ✓  143 [firefox] › tests/prose.spec.ts:116:1 › the first tap on a revealed copy button copies exactly once (853ms)
shsh-check	Verify theme, migrated output and browser behavior	2026-09-18T13:47:17.2016110Z   ✓  145 [firefox] › tests/prose.spec.ts:256:1 › full real article preserves mock prose layout in both palettes and widths (3.0s)
shsh-check	Verify theme, migrated output and browser behavior	2026-09-18T13:47:22.5526579Z   ✓  146 [firefox] › tests/review.spec.ts:70:3 › Representative home comparison, both widths/colors and text enlargement (5.3s)
shsh-check	Verify theme, migrated output and browser behavior	2026-09-18T13:47:23.6318176Z   ✓  144 [firefox] › tests/prose.spec.ts:160:1 › prose matches mock type and spacing; footnotes, headings, dates and JS-free reading work (9.5s)
shsh-check	Verify theme, migrated output and browser behavior	2026-09-18T13:47:29.5414153Z   ✓  147 [firefox] › tests/review.spec.ts:70:3 › Representative posts comparison, both widths/colors and text enlargement (7.0s)
shsh-check	Verify theme, migrated output and browser behavior	2026-09-18T13:47:38.9718527Z   ✓  148 [firefox] › tests/review.spec.ts:70:3 › Representative article comparison, both widths/colors and text enlargement (15.3s)
shsh-check	Verify theme, migrated output and browser behavior	2026-09-18T13:47:41.0986072Z   ✓  149 [firefox] › tests/review.spec.ts:70:3 › Representative specimen comparison, both widths/colors and text enlargement (11.5s)
shsh-check	Verify theme, migrated output and browser behavior	2026-09-18T13:47:41.4244519Z   ✓  150 [firefox] › tests/sharing.spec.ts:14:1 › shared document URLs, encoded titles, service order and keyboard navigation (2.4s)
shsh-check	Verify theme, migrated output and browser behavior	2026-09-18T13:47:42.2533063Z   ✓  151 [firefox] › tests/sharing.spec.ts:59:1 › failed star download preserves reading and share links and announces failure (1.1s)
shsh-check	Verify theme, migrated output and browser behavior	2026-09-18T13:47:42.2785517Z   ✓  152 [firefox] › tests/sharing.spec.ts:72:1 › preview cannot share or load stars; JS-free production retains ordinary links (845ms)
shsh-check	Verify theme, migrated output and browser behavior	2026-09-18T13:47:44.3078829Z   ✓  153 [firefox] › tests/sharing.spec.ts:103:1 › sharing retains mock geometry and icon styling at both widths and palettes (2.0s)
shsh-check	Verify theme, migrated output and browser behavior	2026-09-18T13:47:47.1577106Z   ✓  154 [firefox] › tests/site.spec.ts:9:3 › Migrated site production: all embed positions, URLs and publication controls (4.9s)
shsh-check	Verify theme, migrated output and browser behavior	2026-09-18T13:47:48.0533760Z   ✓  156 [firefox] › tests/site.spec.ts:99:1 › real video reserves its intrinsic ratio before loading; native playback dimensions agree (884ms)
shsh-check	Verify theme, migrated output and browser behavior	2026-09-18T13:47:48.8725597Z   ✓  155 [firefox] › tests/site.spec.ts:9:3 › Migrated site preview: all embed positions, URLs and publication controls (4.5s)
shsh-check	Verify theme, migrated output and browser behavior	2026-09-18T13:47:49.3381802Z   ✓  158 [firefox] › tests/theme.spec.ts:50:1 › saved pref-theme is applied before styles load (451ms)
shsh-check	Verify theme, migrated output and browser behavior	2026-09-18T13:47:50.1644313Z   ✓  159 [firefox] › tests/theme.spec.ts:71:1 › OS follows until a keyboard choice, persists and ignores mock query parameters (814ms)
shsh-check	Verify theme, migrated output and browser behavior	2026-09-18T13:47:50.5956738Z   ✓  160 [firefox] › tests/theme.spec.ts:99:1 › invalid and unavailable storage retain OS fallback and allow a page-local choice (422ms)
shsh-check	Verify theme, migrated output and browser behavior	2026-09-18T13:47:51.5639309Z   ✓  157 [firefox] › tests/theme.spec.ts:4:1 › portrait and landscape keep the type scale while explicit text enlargement still works (3.5s)
shsh-check	Verify theme, migrated output and browser behavior	2026-09-18T13:47:52.1186391Z   ✓  162 [firefox] › tests/theme.spec.ts:131:1 › without JavaScript both OS palettes, navigation and subscription remain usable (545ms)
shsh-check	Verify theme, migrated output and browser behavior	2026-09-18T13:47:52.4457853Z   ✓  161 [firefox] › tests/theme.spec.ts:124:1 › invalid saved value uses OS preference (1.8s)
shsh-check	Verify theme, migrated output and browser behavior	2026-09-18T13:47:54.2380167Z   ✓  164 [firefox] › tests/tooling.spec.ts:5:1 › Hugo formatting preserves inline spaces, attributes, render hooks and compiled assets (1.8s)
shsh-check	Verify theme, migrated output and browser behavior	2026-09-18T13:47:56.5560772Z   ✓  163 [firefox] › tests/theme.spec.ts:148:1 › shared shell keeps mock dimensions at desktop and mobile widths in both palettes (4.4s)
shsh-check	Verify theme, migrated output and browser behavior	2026-09-18T13:47:58.6488201Z   ✓  165 [webkit] › tests/collections.spec.ts:4:1 › home and section pagination retain newer-left/older-right and first-page introduction (2.8s)
shsh-check	Verify theme, migrated output and browser behavior	2026-09-18T13:47:59.4288275Z   ✓  167 [webkit] › tests/collections.spec.ts:91:1 › pagination and whole-card links work without JavaScript (764ms)
shsh-check	Verify theme, migrated output and browser behavior	2026-09-18T13:48:05.1034249Z   ✓  166 [webkit] › tests/collections.spec.ts:29:1 › list text, separators and pager preserve frozen mock styles in both widths and palettes (7.7s)
shsh-check	Verify theme, migrated output and browser behavior	2026-09-18T13:48:05.3984074Z   ✓  168 [webkit] › tests/full-review.spec.ts:9:3 › Full screen home (5.9s)
shsh-check	Verify theme, migrated output and browser behavior	2026-09-18T13:48:10.6228010Z   ✓  169 [webkit] › tests/full-review.spec.ts:9:3 › Full screen home-2 (5.5s)
shsh-check	Verify theme, migrated output and browser behavior	2026-09-18T13:48:10.6265535Z   ✓  170 [webkit] › tests/full-review.spec.ts:9:3 › Full screen home-3 (5.2s)
shsh-check	Verify theme, migrated output and browser behavior	2026-09-18T13:48:16.2087311Z   ✓  172 [webkit] › tests/full-review.spec.ts:9:3 › Full screen posts-2 (5.6s)
shsh-check	Verify theme, migrated output and browser behavior	2026-09-18T13:48:16.3627878Z   ✓  171 [webkit] › tests/full-review.spec.ts:9:3 › Full screen posts (5.7s)
shsh-check	Verify theme, migrated output and browser behavior	2026-09-18T13:48:21.3692107Z   ✓  173 [webkit] › tests/full-review.spec.ts:9:3 › Full screen posts-3 (5.2s)
shsh-check	Verify theme, migrated output and browser behavior	2026-09-18T13:48:21.6058947Z   ✓  174 [webkit] › tests/full-review.spec.ts:9:3 › Full screen tags (5.2s)
shsh-check	Verify theme, migrated output and browser behavior	2026-09-18T13:48:26.1760917Z   ✓  175 [webkit] › tests/full-review.spec.ts:9:3 › Full screen tags-empty (4.8s)
shsh-check	Verify theme, migrated output and browser behavior	2026-09-18T13:48:27.0510081Z   ✓  176 [webkit] › tests/full-review.spec.ts:9:3 › Full screen tag-1 (5.4s)
shsh-check	Verify theme, migrated output and browser behavior	2026-09-18T13:48:31.6040279Z   ✓  177 [webkit] › tests/full-review.spec.ts:9:3 › Full screen tag-2 (5.4s)
shsh-check	Verify theme, migrated output and browser behavior	2026-09-18T13:48:32.5402614Z   ✓  178 [webkit] › tests/full-review.spec.ts:9:3 › Full screen tag-3 (5.5s)
shsh-check	Verify theme, migrated output and browser behavior	2026-09-18T13:48:37.2105813Z   ✓  179 [webkit] › tests/full-review.spec.ts:9:3 › Full screen tag-4 (5.6s)
shsh-check	Verify theme, migrated output and browser behavior	2026-09-18T13:48:38.2399657Z   ✓  180 [webkit] › tests/full-review.spec.ts:9:3 › Full screen tag-5 (5.7s)
shsh-check	Verify theme, migrated output and browser behavior	2026-09-18T13:48:42.5687412Z   ✓  181 [webkit] › tests/full-review.spec.ts:9:3 › Full screen tag-6 (5.3s)
shsh-check	Verify theme, migrated output and browser behavior	2026-09-18T13:48:43.7981299Z   ✓  182 [webkit] › tests/full-review.spec.ts:9:3 › Full screen tag-7 (5.5s)
shsh-check	Verify theme, migrated output and browser behavior	2026-09-18T13:48:48.1322749Z   ✓  183 [webkit] › tests/full-review.spec.ts:9:3 › Full screen tag-8 (5.6s)
shsh-check	Verify theme, migrated output and browser behavior	2026-09-18T13:48:49.0447870Z   ✓  184 [webkit] › tests/full-review.spec.ts:9:3 › Full screen tag-9 (5.2s)
shsh-check	Verify theme, migrated output and browser behavior	2026-09-18T13:48:53.5906621Z   ✓  185 [webkit] › tests/full-review.spec.ts:9:3 › Full screen tag-10 (5.4s)
shsh-check	Verify theme, migrated output and browser behavior	2026-09-18T13:48:54.6737237Z   ✓  186 [webkit] › tests/full-review.spec.ts:9:3 › Full screen tag-11 (5.6s)
shsh-check	Verify theme, migrated output and browser behavior	2026-09-18T13:48:58.5101660Z   ✓  187 [webkit] › tests/full-review.spec.ts:9:3 › Full screen categories (4.9s)
shsh-check	Verify theme, migrated output and browser behavior	2026-09-18T13:48:59.3852352Z   ✓  188 [webkit] › tests/full-review.spec.ts:9:3 › Full screen categories-empty (4.7s)
shsh-check	Verify theme, migrated output and browser behavior	2026-09-18T13:49:04.1765050Z   ✓  189 [webkit] › tests/full-review.spec.ts:9:3 › Full screen category-1 (5.7s)
shsh-check	Verify theme, migrated output and browser behavior	2026-09-18T13:49:05.0245429Z   ✓  190 [webkit] › tests/full-review.spec.ts:9:3 › Full screen category-2 (5.6s)
shsh-check	Verify theme, migrated output and browser behavior	2026-09-18T13:49:09.7742403Z   ✓  191 [webkit] › tests/full-review.spec.ts:9:3 › Full screen category-2-2 (5.6s)
shsh-check	Verify theme, migrated output and browser behavior	2026-09-18T13:49:10.8284857Z   ✓  192 [webkit] › tests/full-review.spec.ts:9:3 › Full screen tag-pagination (5.8s)
shsh-check	Verify theme, migrated output and browser behavior	2026-09-18T13:49:15.3108093Z   ✓  193 [webkit] › tests/full-review.spec.ts:9:3 › Full screen tag-pagination-2 (5.5s)
shsh-check	Verify theme, migrated output and browser behavior	2026-09-18T13:49:16.2005425Z   ✓  194 [webkit] › tests/full-review.spec.ts:9:3 › Full screen tag-pagination-3 (5.4s)
shsh-check	Verify theme, migrated output and browser behavior	2026-09-18T13:49:21.1488344Z   ✓  195 [webkit] › tests/full-review.spec.ts:9:3 › Full screen category-pagination (5.8s)
shsh-check	Verify theme, migrated output and browser behavior	2026-09-18T13:49:21.8445094Z   ✓  196 [webkit] › tests/full-review.spec.ts:9:3 › Full screen category-pagination-2 (5.6s)
shsh-check	Verify theme, migrated output and browser behavior	2026-09-18T13:49:26.3801684Z   ✓  197 [webkit] › tests/full-review.spec.ts:9:3 › Full screen category-pagination-3 (5.2s)
shsh-check	Verify theme, migrated output and browser behavior	2026-09-18T13:49:34.5550916Z   ✓  199 [webkit] › tests/full-review.spec.ts:9:3 › Full screen article-hugo (8.2s)
shsh-check	Verify theme, migrated output and browser behavior	2026-09-18T13:49:37.9018356Z   ✓  198 [webkit] › tests/full-review.spec.ts:9:3 › Full screen article (16.0s)
shsh-check	Verify theme, migrated output and browser behavior	2026-09-18T13:49:39.9247909Z   ✓  200 [webkit] › tests/full-review.spec.ts:9:3 › Full screen article-diary (5.4s)
shsh-check	Verify theme, migrated output and browser behavior	2026-09-18T13:49:43.5336057Z   ✓  201 [webkit] › tests/full-review.spec.ts:9:3 › Full screen article-bgm (5.6s)
shsh-check	Verify theme, migrated output and browser behavior	2026-09-18T13:49:45.7269726Z   ✓  202 [webkit] › tests/full-review.spec.ts:9:3 › Full screen article-pasmo (5.8s)
shsh-check	Verify theme, migrated output and browser behavior	2026-09-18T13:49:50.9905385Z   ✓  204 [webkit] › tests/full-review.spec.ts:9:3 › Full screen archives (5.3s)
shsh-check	Verify theme, migrated output and browser behavior	2026-09-18T13:49:53.3180852Z   ✓  203 [webkit] › tests/full-review.spec.ts:9:3 › Full screen about (9.8s)
shsh-check	Verify theme, migrated output and browser behavior	2026-09-18T13:49:55.8117802Z   ✓  205 [webkit] › tests/full-review.spec.ts:9:3 › Full screen 404 (4.8s)
shsh-check	Verify theme, migrated output and browser behavior	2026-09-18T13:49:58.1824096Z   ✓  206 [webkit] › tests/full-review.spec.ts:9:3 › Full screen empty (4.9s)
shsh-check	Verify theme, migrated output and browser behavior	2026-09-18T13:50:00.8196525Z   ✓  207 [webkit] › tests/full-review.spec.ts:9:3 › Full screen single-item (5.0s)
shsh-check	Verify theme, migrated output and browser behavior	2026-09-18T13:50:02.6630406Z   ✓  209 [webkit] › tests/media.spec.ts:10:1 › responsive candidates, originals, dimensions, loading and figure semantics (1.8s)
shsh-check	Verify theme, migrated output and browser behavior	2026-09-18T13:50:04.9206411Z   ✓  208 [webkit] › tests/full-review.spec.ts:138:1 › discovery semantics, keyboard, fixed pages and JavaScript-disabled navigation (6.7s)
shsh-check	Verify theme, migrated output and browser behavior	2026-09-18T13:50:05.7952136Z   ✓  210 [webkit] › tests/media.spec.ts:88:1 › WebP preserves PNG pixels and transparency at each generated width (3.1s)
shsh-check	Verify theme, migrated output and browser behavior	2026-09-18T13:50:07.6611904Z   ✓  212 [webkit] › tests/media.spec.ts:193:1 › DPR chooses fitting candidates and JavaScript-free media remain usable (1.8s)
shsh-check	Verify theme, migrated output and browser behavior	2026-09-18T13:50:08.0075818Z   ✓  213 [webkit] › tests/metadata.spec.ts:52:1 › RSS uses all ordered articles, plain common summaries and stable document GUIDs (318ms)
shsh-check	Verify theme, migrated output and browser behavior	2026-09-18T13:50:08.3484807Z   ✓  214 [webkit] › tests/metadata.spec.ts:79:1 › taxonomy feeds contain term pages, term feeds filter posts, empty feeds have no fake dates (331ms)
shsh-check	Verify theme, migrated output and browser behavior	2026-09-18T13:50:08.7503537Z   ✓  215 [webkit] › tests/metadata.spec.ts:109:1 › canonical and discovery URLs follow the active pager and build baseURL (384ms)
shsh-check	Verify theme, migrated output and browser behavior	2026-09-18T13:50:09.0749336Z   ✓  216 [webkit] › tests/metadata.spec.ts:135:1 › description, dates and JSON-LD preserve page roles and safe text (301ms)
shsh-check	Verify theme, migrated output and browser behavior	2026-09-18T13:50:09.4925243Z   ✓  217 [webkit] › tests/metadata.spec.ts:170:1 › SNS images use cover, global assets/static/external defaults or none, never body images (407ms)
shsh-check	Verify theme, migrated output and browser behavior	2026-09-18T13:50:09.9271175Z   ✓  218 [webkit] › tests/metadata.spec.ts:193:1 › all XML parses, sitemap and robots follow production and preview (420ms)
shsh-check	Verify theme, migrated output and browser behavior	2026-09-18T13:50:12.3583075Z   ✓  211 [webkit] › tests/media.spec.ts:151:1 › media geometry matches mock, small images stay small, both colors remain accessible (7.4s)
shsh-check	Verify theme, migrated output and browser behavior	2026-09-18T13:50:12.7128748Z   ✓  219 [webkit] › tests/migration.spec.ts:36:3 › All migrated outputs: production (2.7s)
shsh-check	Verify theme, migrated output and browser behavior	2026-09-18T13:50:13.0902492Z   ✓  220 [webkit] › tests/migration.spec.ts:36:3 › All migrated outputs: preview (705ms)
shsh-check	Verify theme, migrated output and browser behavior	2026-09-18T13:50:13.9461504Z   ✓  222 [webkit] › tests/prose.spec.ts:47:1 › failed copy announces manual fallback, permits retry, and resets success after three seconds (838ms)
shsh-check	Verify theme, migrated output and browser behavior	2026-09-18T13:50:14.4502551Z   ✓  221 [webkit] › tests/prose.spec.ts:19:1 › copy preserves code with Japanese, inline/table numbers, unknown language and no label (1.7s)
shsh-check	Verify theme, migrated output and browser behavior	2026-09-18T13:50:15.3781494Z   ✓  223 [webkit] › tests/prose.spec.ts:74:1 › keyboard reveals copy and Escape returns focus to selectable code (1.4s)
shsh-check	Verify theme, migrated output and browser behavior	2026-09-18T13:50:15.6678114Z   ✓  224 [webkit] › tests/prose.spec.ts:95:1 › touch reveals copy, outside tap and horizontal scroll dismiss it (1.2s)
shsh-check	Verify theme, migrated output and browser behavior	2026-09-18T13:50:16.6508183Z   ✓  225 [webkit] › tests/prose.spec.ts:116:1 › the first tap on a revealed copy button copies exactly once (1.3s)
shsh-check	Verify theme, migrated output and browser behavior	2026-09-18T13:50:20.0277579Z   ✓  227 [webkit] › tests/prose.spec.ts:256:1 › full real article preserves mock prose layout in both palettes and widths (3.4s)
shsh-check	Verify theme, migrated output and browser behavior	2026-09-18T13:50:24.9060921Z   ✓  226 [webkit] › tests/prose.spec.ts:160:1 › prose matches mock type and spacing; footnotes, headings, dates and JS-free reading work (9.2s)
shsh-check	Verify theme, migrated output and browser behavior	2026-09-18T13:50:25.9538219Z   ✓  228 [webkit] › tests/review.spec.ts:70:3 › Representative home comparison, both widths/colors and text enlargement (5.9s)
shsh-check	Verify theme, migrated output and browser behavior	2026-09-18T13:50:30.8263741Z   ✓  229 [webkit] › tests/review.spec.ts:70:3 › Representative posts comparison, both widths/colors and text enlargement (5.9s)
shsh-check	Verify theme, migrated output and browser behavior	2026-09-18T13:50:41.8666750Z   ✓  230 [webkit] › tests/review.spec.ts:70:3 › Representative article comparison, both widths/colors and text enlargement (15.9s)
shsh-check	Verify theme, migrated output and browser behavior	2026-09-18T13:50:42.5020885Z   ✓  231 [webkit] › tests/review.spec.ts:70:3 › Representative specimen comparison, both widths/colors and text enlargement (11.7s)
shsh-check	Verify theme, migrated output and browser behavior	2026-09-18T13:50:43.6252434Z   ✓  233 [webkit] › tests/sharing.spec.ts:59:1 › failed star download preserves reading and share links and announces failure (1.1s)
shsh-check	Verify theme, migrated output and browser behavior	2026-09-18T13:50:44.2652294Z   ✓  232 [webkit] › tests/sharing.spec.ts:14:1 › shared document URLs, encoded titles, service order and keyboard navigation (2.4s)
shsh-check	Verify theme, migrated output and browser behavior	2026-09-18T13:50:44.6499154Z   ✓  234 [webkit] › tests/sharing.spec.ts:72:1 › preview cannot share or load stars; JS-free production retains ordinary links (1.0s)
shsh-check	Verify theme, migrated output and browser behavior	2026-09-18T13:50:46.9615967Z   ✓  235 [webkit] › tests/sharing.spec.ts:103:1 › sharing retains mock geometry and icon styling at both widths and palettes (2.7s)
shsh-check	Verify theme, migrated output and browser behavior	2026-09-18T13:50:50.1159105Z   ✓  236 [webkit] › tests/site.spec.ts:9:3 › Migrated site production: all embed positions, URLs and publication controls (5.5s)
shsh-check	Verify theme, migrated output and browser behavior	2026-09-18T13:50:51.2617026Z   ✓  238 [webkit] › tests/site.spec.ts:99:1 › real video reserves its intrinsic ratio before loading; native playback dimensions agree (1.1s)
shsh-check	Verify theme, migrated output and browser behavior	2026-09-18T13:50:52.1250770Z   ✓  237 [webkit] › tests/site.spec.ts:9:3 › Migrated site preview: all embed positions, URLs and publication controls (5.2s)
shsh-check	Verify theme, migrated output and browser behavior	2026-09-18T13:50:52.5914502Z   ✓  240 [webkit] › tests/theme.spec.ts:50:1 › saved pref-theme is applied before styles load (452ms)
shsh-check	Verify theme, migrated output and browser behavior	2026-09-18T13:50:53.3668114Z   ✓  239 [webkit] › tests/theme.spec.ts:4:1 › portrait and landscape keep the type scale while explicit text enlargement still works (2.1s)
shsh-check	Verify theme, migrated output and browser behavior	2026-09-18T13:50:53.4838449Z   ✓  241 [webkit] › tests/theme.spec.ts:71:1 › OS follows until a keyboard choice, persists and ignores mock query parameters (882ms)
shsh-check	Verify theme, migrated output and browser behavior	2026-09-18T13:50:53.9537923Z   ✓  243 [webkit] › tests/theme.spec.ts:124:1 › invalid saved value uses OS preference (453ms)
shsh-check	Verify theme, migrated output and browser behavior	2026-09-18T13:50:53.9539891Z   ✓  242 [webkit] › tests/theme.spec.ts:99:1 › invalid and unavailable storage retain OS fallback and allow a page-local choice (578ms)
shsh-check	Verify theme, migrated output and browser behavior	2026-09-18T13:50:54.7899880Z   ✓  244 [webkit] › tests/theme.spec.ts:131:1 › without JavaScript both OS palettes, navigation and subscription remain usable (822ms)
shsh-check	Verify theme, migrated output and browser behavior	2026-09-18T13:50:56.4738776Z   ✓  246 [webkit] › tests/tooling.spec.ts:5:1 › Hugo formatting preserves inline spaces, attributes, render hooks and compiled assets (1.7s)
shsh-check	Verify theme, migrated output and browser behavior	2026-09-18T13:50:57.9396000Z   ✓  245 [webkit] › tests/theme.spec.ts:148:1 › shared shell keeps mock dimensions at desktop and mobile widths in both palettes (4.0s)
shsh-check	Verify theme, migrated output and browser behavior	2026-09-18T13:50:58.0699647Z
shsh-check	Verify theme, migrated output and browser behavior	2026-09-18T13:50:58.0702540Z   246 passed (8.4m)
