[WebServer] (node:17179) Warning: The 'NO_COLOR' env is ignored due to the 'FORCE_COLOR' env being set.
[WebServer] (Use `node --trace-warnings ...` to show where the warning was created)

Running 3 tests using 3 workers

(node:17194) Warning: The 'NO_COLOR' env is ignored due to the 'FORCE_COLOR' env being set.
(Use `node --trace-warnings ...` to show where the warning was created)
(node:17195) Warning: The 'NO_COLOR' env is ignored due to the 'FORCE_COLOR' env being set.
(Use `node --trace-warnings ...` to show where the warning was created)
(node:17193) Warning: The 'NO_COLOR' env is ignored due to the 'FORCE_COLOR' env being set.
(Use `node --trace-warnings ...` to show where the warning was created)
  ✓  3 [chromium] › tests/prose.spec.ts:115:1 › the first tap on a revealed copy button copies once after code loses focus (300ms)
  ✓  2 [firefox] › tests/prose.spec.ts:115:1 › the first tap on a revealed copy button copies once after code loses focus (955ms)
  ✘  1 [webkit] › tests/prose.spec.ts:115:1 › the first tap on a revealed copy button copies once after code loses focus (5.6s)


  1) [webkit] › tests/prose.spec.ts:115:1 › the first tap on a revealed copy button copies once after code loses focus

    Error: expect(locator).toHaveAttribute(expected) failed

    Locator:  locator('html')
    Expected: "1"
    Received: ""
    Timeout:  5000ms

    Call log:
      - Expect "toHaveAttribute" locator('html') with timeout 5000ms
      - waiting for locator('html')
        14 × locator resolved to <html lang="ja" data-theme="light">…</html>
           - unexpected value "null"


      142 |   await expect(button).toHaveCSS("opacity", "1");
      143 |   await button.tap();
    > 144 |   await expect(page.locator("html")).toHaveAttribute("data-copy-calls", "1");
          |                                      ^
      145 |   await expect(page.locator("html")).toHaveAttribute(
      146 |     "data-copied",
      147 |     '# 日本語コメント\nputs "Hello & <world>"',
        at /Users/shimoju/dev/src/github.com/shimoju/shimoju.jp/themes/shsh/tests/prose.spec.ts:144:38

    Error Context: test-results/prose-the-first-tap-on-a-r-55d6d-once-after-code-loses-focus-webkit/error-context.md

    attachment #2: trace (application/zip) ─────────────────────────────────────────────────────────
    test-results/prose-the-first-tap-on-a-r-55d6d-once-after-code-loses-focus-webkit/trace.zip
    Usage:

        pnpm exec playwright show-trace test-results/prose-the-first-tap-on-a-r-55d6d-once-after-code-loses-focus-webkit/trace.zip

    ────────────────────────────────────────────────────────────────────────────────────────────────

  1 failed
    [webkit] › tests/prose.spec.ts:115:1 › the first tap on a revealed copy button copies once after code loses focus
  2 passed (6.3s)
