[WebServer] (node:17620) Warning: The 'NO_COLOR' env is ignored due to the 'FORCE_COLOR' env being set.
[WebServer] (Use `node --trace-warnings ...` to show where the warning was created)

Running 1 test using 1 worker

(node:17634) Warning: The 'NO_COLOR' env is ignored due to the 'FORCE_COLOR' env being set.
(Use `node --trace-warnings ...` to show where the warning was created)
copy-trace pointerdown SPAN null false
copy-trace pointerup SPAN null false
copy-trace mousedown SPAN null false
copy-trace focusin PRE null false
copy-trace click SPAN null true
copy-trace pointerdown svg null true
copy-trace pointerup svg null true
copy-trace mousedown svg null true
copy-trace focusout PRE null false
copy-trace click DIV null true
  ✘  1 [webkit] › tests/prose.spec.ts:115:1 › the first tap on a revealed copy button copies once after code loses focus (5.5s)


  1) [webkit] › tests/prose.spec.ts:115:1 › the first tap on a revealed copy button copies once after code loses focus

    Error: expect(locator).toHaveAttribute(expected) failed

    Locator:  locator('html')
    Expected: "1"
    Received: ""
    Timeout:  5000ms

    Call log:
      - Expect "toHaveAttribute" locator('html') with timeout 5000ms
      - waiting for locator('html')
        14 × locator resolved to <html lang="ja" data-theme="light">…</html>
           - unexpected value "null"


      154 |   await expect(button).toHaveCSS("opacity", "1");
      155 |   await button.tap();
    > 156 |   await expect(page.locator("html")).toHaveAttribute("data-copy-calls", "1");
          |                                      ^
      157 |   await expect(page.locator("html")).toHaveAttribute(
      158 |     "data-copied",
      159 |     '# 日本語コメント\nputs "Hello & <world>"',
        at /Users/shimoju/dev/src/github.com/shimoju/shimoju.jp/themes/shsh/tests/prose.spec.ts:156:38

    Error Context: test-results/prose-the-first-tap-on-a-r-55d6d-once-after-code-loses-focus-webkit/error-context.md

    attachment #2: trace (application/zip) ─────────────────────────────────────────────────────────
    test-results/prose-the-first-tap-on-a-r-55d6d-once-after-code-loses-focus-webkit/trace.zip
    Usage:

        pnpm exec playwright show-trace test-results/prose-the-first-tap-on-a-r-55d6d-once-after-code-loses-focus-webkit/trace.zip

    ────────────────────────────────────────────────────────────────────────────────────────────────

  1 failed
    [webkit] › tests/prose.spec.ts:115:1 › the first tap on a revealed copy button copies once after code loses focus
