Refreshing run status every 60 seconds. Press Ctrl+C to quit.

* hugo-theme shsh · 35335359283
Triggered via push less than a minute ago

JOBS
* shsh-check (ID 105568825002)
  ✓ Set up job
  ✓ Run actions/checkout@3d3c42e5aac5ba805825da76410c181273ba90b1
  ✓ Run actions/setup-node@820762786026740c76f36085b0efc47a31fe5020
  ✓ Run pnpm/action-setup@0977fd99725f1db4007ccb2928dbb4e90d06cc86
  ✓ Run peaceiris/actions-hugo@6b1ee2dcc06c9b6629a5317fa0146473914d05e1
  ✓ Run pnpm install --frozen-lockfile
  * Run pnpm exec playwright install --with-deps chromium firefox webkit
  * Verify theme, migrated output and browser behavior
  * Run actions/upload-artifact@043fb46d1a93c77aae656e7c1c64a875d1fc6a0a
  * Post Run pnpm/action-setup@0977fd99725f1db4007ccb2928dbb4e90d06cc86
  * Post Run actions/setup-node@820762786026740c76f36085b0efc47a31fe5020
  * Post Run actions/checkout@3d3c42e5aac5ba805825da76410c181273ba90b1
Refreshing run status every 60 seconds. Press Ctrl+C to quit.

* hugo-theme shsh · 35335359283
Triggered via push about 1 minute ago

JOBS
* shsh-check (ID 105568825002)
  ✓ Set up job
  ✓ Run actions/checkout@3d3c42e5aac5ba805825da76410c181273ba90b1
  ✓ Run actions/setup-node@820762786026740c76f36085b0efc47a31fe5020
  ✓ Run pnpm/action-setup@0977fd99725f1db4007ccb2928dbb4e90d06cc86
  ✓ Run peaceiris/actions-hugo@6b1ee2dcc06c9b6629a5317fa0146473914d05e1
  ✓ Run pnpm install --frozen-lockfile
  ✓ Run pnpm exec playwright install --with-deps chromium firefox webkit
  * Verify theme, migrated output and browser behavior
  * Run actions/upload-artifact@043fb46d1a93c77aae656e7c1c64a875d1fc6a0a
  * Post Run pnpm/action-setup@0977fd99725f1db4007ccb2928dbb4e90d06cc86
  * Post Run actions/setup-node@820762786026740c76f36085b0efc47a31fe5020
  * Post Run actions/checkout@3d3c42e5aac5ba805825da76410c181273ba90b1
Refreshing run status every 60 seconds. Press Ctrl+C to quit.

* hugo-theme shsh · 35335359283
Triggered via push about 2 minutes ago

JOBS
* shsh-check (ID 105568825002)
  ✓ Set up job
  ✓ Run actions/checkout@3d3c42e5aac5ba805825da76410c181273ba90b1
  ✓ Run actions/setup-node@820762786026740c76f36085b0efc47a31fe5020
  ✓ Run pnpm/action-setup@0977fd99725f1db4007ccb2928dbb4e90d06cc86
  ✓ Run peaceiris/actions-hugo@6b1ee2dcc06c9b6629a5317fa0146473914d05e1
  ✓ Run pnpm install --frozen-lockfile
  ✓ Run pnpm exec playwright install --with-deps chromium firefox webkit
  * Verify theme, migrated output and browser behavior
  * Run actions/upload-artifact@043fb46d1a93c77aae656e7c1c64a875d1fc6a0a
  * Post Run pnpm/action-setup@0977fd99725f1db4007ccb2928dbb4e90d06cc86
  * Post Run actions/setup-node@820762786026740c76f36085b0efc47a31fe5020
  * Post Run actions/checkout@3d3c42e5aac5ba805825da76410c181273ba90b1
Refreshing run status every 60 seconds. Press Ctrl+C to quit.

* hugo-theme shsh · 35335359283
Triggered via push about 3 minutes ago

JOBS
* shsh-check (ID 105568825002)
  ✓ Set up job
  ✓ Run actions/checkout@3d3c42e5aac5ba805825da76410c181273ba90b1
  ✓ Run actions/setup-node@820762786026740c76f36085b0efc47a31fe5020
  ✓ Run pnpm/action-setup@0977fd99725f1db4007ccb2928dbb4e90d06cc86
  ✓ Run peaceiris/actions-hugo@6b1ee2dcc06c9b6629a5317fa0146473914d05e1
  ✓ Run pnpm install --frozen-lockfile
  ✓ Run pnpm exec playwright install --with-deps chromium firefox webkit
  * Verify theme, migrated output and browser behavior
  * Run actions/upload-artifact@043fb46d1a93c77aae656e7c1c64a875d1fc6a0a
  * Post Run pnpm/action-setup@0977fd99725f1db4007ccb2928dbb4e90d06cc86
  * Post Run actions/setup-node@820762786026740c76f36085b0efc47a31fe5020
  * Post Run actions/checkout@3d3c42e5aac5ba805825da76410c181273ba90b1
X hugo-theme shsh · 35335359283
Triggered via push about 4 minutes ago

JOBS
X shsh-check in 4m17s (ID 105568825002)
  ✓ Set up job
  ✓ Run actions/checkout@3d3c42e5aac5ba805825da76410c181273ba90b1
  ✓ Run actions/setup-node@820762786026740c76f36085b0efc47a31fe5020
  ✓ Run pnpm/action-setup@0977fd99725f1db4007ccb2928dbb4e90d06cc86
  ✓ Run peaceiris/actions-hugo@6b1ee2dcc06c9b6629a5317fa0146473914d05e1
  ✓ Run pnpm install --frozen-lockfile
  ✓ Run pnpm exec playwright install --with-deps chromium firefox webkit
  X Verify theme, migrated output and browser behavior
  ✓ Run actions/upload-artifact@043fb46d1a93c77aae656e7c1c64a875d1fc6a0a
  ✓ Post Run pnpm/action-setup@0977fd99725f1db4007ccb2928dbb4e90d06cc86
  - Post Run actions/setup-node@820762786026740c76f36085b0efc47a31fe5020
  ✓ Post Run actions/checkout@3d3c42e5aac5ba805825da76410c181273ba90b1
  ✓ Complete job

ANNOTATIONS
X The run was canceled by @shimoju.
shsh-check: .github#1

X The operation was canceled.
shsh-check: .github#292
