2026-09-18T15:32:31.6996824Z ##[group]Run mkdir -p .cache/ci
2026-09-18T15:32:31.6997162Z ^[[36;1mmkdir -p .cache/ci^[[0m
2026-09-18T15:32:31.6997414Z ^[[36;1mstart=$(date +%s)^[[0m
2026-09-18T15:32:31.6997641Z ^[[36;1mset +e^[[0m
2026-09-18T15:32:31.6998091Z ^[[36;1mpnpm check 2>&1 | tee .cache/ci/check.log^[[0m
2026-09-18T15:32:31.6998412Z ^[[36;1mresult=${PIPESTATUS[0]}^[[0m
2026-09-18T15:32:31.6998797Z ^[[36;1mprintf '%s\n' "$(( $(date +%s) - start ))" > .cache/ci/seconds.txt^[[0m
2026-09-18T15:32:31.6999153Z ^[[36;1mexit "$result"^[[0m
2026-09-18T15:32:31.7037398Z shell: /usr/bin/bash --noprofile --norc -e -o pipefail {0}
2026-09-18T15:32:31.7037758Z env:
2026-09-18T15:32:31.7038017Z   PNPM_HOME: /home/runner/setup-pnpm/node_modules/.bin
2026-09-18T15:32:31.7038337Z ##[endgroup]
2026-09-18T15:32:31.7278957Z $ pnpm format:check && pnpm lint && pnpm lint:css && pnpm check:progress && pnpm check:tooling && pnpm build:fixtures && pnpm check:theme && pnpm check:collections && pnpm check:prose && pnpm check:media && pnpm check:sharing && pnpm check:metadata && pnpm build:review && pnpm build:full-review && pnpm build:site-fixture && pnpm check:site-inputs && pnpm check:site-output && pnpm test
2026-09-18T15:32:31.7439940Z $ node scripts/format.mjs
2026-09-18T15:32:31.8687968Z Checking formatting...
2026-09-18T15:32:31.8688311Z
2026-09-18T15:32:33.3864354Z All matched files use the correct format.
2026-09-18T15:32:33.3874667Z Finished in 1516ms on 313 files using 4 threads.
2026-09-18T15:32:34.2109253Z Go templates: 58 checked, 0 differ.
2026-09-18T15:32:34.2388158Z $ oxlint --type-aware --type-check --deny-warnings scripts tests assets playwright.config.ts
2026-09-18T15:32:34.7690749Z Found 0 warnings and 0 errors.
2026-09-18T15:32:34.7691968Z Finished in 495ms on 42 files with 112 rules using 4 threads.
2026-09-18T15:32:34.7902236Z $ stylelint "assets/css/**/*.css" "tests/fixtures/**/*.css" --allow-empty-input
2026-09-18T15:32:35.4976854Z $ node scripts/verify-progress.mjs
2026-09-18T15:32:42.1881226Z Progress valid: 72 tasks; requirements Q1–Q34; discipline Q1–Q9; references and DAG checked. Human evidence still requires review.
2026-09-18T15:32:42.2379753Z $ node --experimental-strip-types scripts/verify-tooling.ts
2026-09-18T15:32:43.2264419Z Toolchain probes passed. Hugo/formatter output is ready for three-engine browser comparison.
2026-09-18T15:32:43.2268879Z { hugo_before_ms: 52, template_format_ms: 101, hugo_after_ms: 51 }
2026-09-18T15:32:43.2804187Z $ node scripts/build-fixtures.ts
2026-09-18T15:32:43.3845572Z Start building sites …
2026-09-18T15:32:43.3846371Z hugo v0.166.0-78400b4de8adc99273d3e674ed6c4d14c3bdf669 linux/amd64 BuildDate=2026-09-09T14:45:02Z VendorInfo=gohugoio
2026-09-18T15:32:43.3846845Z
2026-09-18T15:32:43.4558084Z
2026-09-18T15:32:43.4560295Z                   │ JA
2026-09-18T15:32:43.4560951Z ──────────────────┼────
2026-09-18T15:32:43.4561412Z  Pages            │ 16
2026-09-18T15:32:43.4561798Z  Paginator pages  │  4
2026-09-18T15:32:43.4562069Z  Non-page files   │  0
2026-09-18T15:32:43.4562321Z  Static files     │  0
2026-09-18T15:32:43.4562615Z  Processed images │  0
2026-09-18T15:32:43.4562899Z  Aliases          │  2
2026-09-18T15:32:43.4563148Z  Cleaned          │  0
2026-09-18T15:32:43.4563284Z
2026-09-18T15:32:43.4563377Z Total in 73 ms
2026-09-18T15:32:43.4941456Z Start building sites …
2026-09-18T15:32:43.4942772Z hugo v0.166.0-78400b4de8adc99273d3e674ed6c4d14c3bdf669 linux/amd64 BuildDate=2026-09-09T14:45:02Z VendorInfo=gohugoio
2026-09-18T15:32:43.4943817Z
2026-09-18T15:32:43.5589593Z
2026-09-18T15:32:43.5591260Z                   │ JA
2026-09-18T15:32:43.5591899Z ──────────────────┼────
2026-09-18T15:32:43.5592402Z  Pages            │ 16
2026-09-18T15:32:43.5592892Z  Paginator pages  │  4
2026-09-18T15:32:43.5593376Z  Non-page files   │  0
2026-09-18T15:32:43.5594067Z  Static files     │  0
2026-09-18T15:32:43.5594550Z  Processed images │  0
2026-09-18T15:32:43.5595025Z  Aliases          │  2
2026-09-18T15:32:43.5595494Z  Cleaned          │  0
2026-09-18T15:32:43.5595739Z
2026-09-18T15:32:43.5596264Z Total in 66 ms
2026-09-18T15:32:43.5975873Z Start building sites …
2026-09-18T15:32:43.5977215Z hugo v0.166.0-78400b4de8adc99273d3e674ed6c4d14c3bdf669 linux/amd64 BuildDate=2026-09-09T14:45:02Z VendorInfo=gohugoio
2026-09-18T15:32:43.5978247Z
2026-09-18T15:32:43.6606871Z
2026-09-18T15:32:43.6608125Z                   │ JA
2026-09-18T15:32:43.6608769Z ──────────────────┼────
2026-09-18T15:32:43.6609243Z  Pages            │ 16
2026-09-18T15:32:43.6609548Z  Paginator pages  │  4
2026-09-18T15:32:43.6609980Z  Non-page files   │  0
2026-09-18T15:32:43.6610414Z  Static files     │  0
2026-09-18T15:32:43.6610851Z  Processed images │  0
2026-09-18T15:32:43.6611278Z  Aliases          │  2
2026-09-18T15:32:43.6611528Z  Cleaned          │  0
2026-09-18T15:32:43.6611662Z
2026-09-18T15:32:43.6611755Z Total in 64 ms
2026-09-18T15:32:43.6844517Z $ node scripts/verify-theme.ts
2026-09-18T15:32:45.5782883Z Theme foundation: HTML, production/preview/development assets, invalid configuration and minimal alternative site passed.
2026-09-18T15:32:45.6077127Z $ node scripts/verify-collections.ts
2026-09-18T15:32:47.3643149Z Collections: empty/single/default10/custom2, UTC ties, mainSections, publication filters, summaries, dates and invalid inputs passed.
2026-09-18T15:32:47.4509387Z Discovery: local year/month, all-section order, tie navigation, fixed-page exclusion, original term case and HTML/feed title consistency passed.
2026-09-18T15:32:47.4731632Z $ node scripts/verify-prose.ts
2026-09-18T15:32:48.2397526Z Prose: date fallback/day boundaries/visibility/types, legal footnote IDs, full real article HTML and native heading IDs passed.
2026-09-18T15:32:48.2681346Z $ node scripts/verify-media.ts
2026-09-18T15:32:48.5246000Z Start building sites …
2026-09-18T15:32:48.5247298Z hugo v0.166.0-78400b4de8adc99273d3e674ed6c4d14c3bdf669 linux/amd64 BuildDate=2026-09-09T14:45:02Z VendorInfo=gohugoio
2026-09-18T15:32:48.5247914Z
2026-09-18T15:32:55.7957293Z
2026-09-18T15:32:55.7958983Z                   │ JA
2026-09-18T15:32:55.7959682Z ──────────────────┼────
2026-09-18T15:32:55.7960212Z  Pages            │ 15
2026-09-18T15:32:55.7960711Z  Paginator pages  │  2
2026-09-18T15:32:55.7961251Z  Non-page files   │ 13
2026-09-18T15:32:55.7961767Z  Static files     │  4
2026-09-18T15:32:55.7962251Z  Processed images │ 46
2026-09-18T15:32:55.7962725Z  Aliases          │  2
2026-09-18T15:32:55.7963171Z  Cleaned          │  0
2026-09-18T15:32:55.7963402Z
2026-09-18T15:32:55.7963829Z Total in 7272 ms
2026-09-18T15:32:55.8358893Z Start building sites …
2026-09-18T15:32:55.8360244Z hugo v0.166.0-78400b4de8adc99273d3e674ed6c4d14c3bdf669 linux/amd64 BuildDate=2026-09-09T14:45:02Z VendorInfo=gohugoio
2026-09-18T15:32:55.8361116Z
2026-09-18T15:32:55.9019524Z
2026-09-18T15:32:55.9021372Z                   │ JA
2026-09-18T15:32:55.9022015Z ──────────────────┼────
2026-09-18T15:32:55.9022521Z  Pages            │ 15
2026-09-18T15:32:55.9022927Z  Paginator pages  │  2
2026-09-18T15:32:55.9023224Z  Non-page files   │ 13
2026-09-18T15:32:55.9023990Z  Static files     │  4
2026-09-18T15:32:55.9024437Z  Processed images │ 46
2026-09-18T15:32:55.9024854Z  Aliases          │  2
2026-09-18T15:32:55.9025263Z  Cleaned          │  0
2026-09-18T15:32:55.9025783Z
2026-09-18T15:32:55.9025936Z Total in 67 ms
2026-09-18T15:32:57.5108372Z Media: production/preview HTML, unchanged original media, unavailable external URL and invalid inputs passed.
2026-09-18T15:32:57.5475331Z $ node scripts/verify-sharing.ts
2026-09-18T15:32:58.8977270Z Sharing: defaults, ordered services, fixed pages/posts, escaped title/URLs, author setting, invalid inputs and preview isolation passed.
2026-09-18T15:32:58.9248533Z $ node scripts/verify-metadata.ts
2026-09-18T15:33:03.9173697Z Metadata fixtures: all HTML valid; asset/static/external defaults, bundle isolation, input failures, preview and empty feed built. XML/head assertions run in metadata.spec.ts.
2026-09-18T15:33:03.9630165Z $ node scripts/build-review-fixture.ts
2026-09-18T15:33:04.1303865Z Start building sites …
2026-09-18T15:33:04.1305395Z hugo v0.166.0-78400b4de8adc99273d3e674ed6c4d14c3bdf669 linux/amd64 BuildDate=2026-09-09T14:45:02Z VendorInfo=gohugoio
2026-09-18T15:33:04.1306026Z
2026-09-18T15:33:19.4977770Z
2026-09-18T15:33:19.4979616Z                   │ JA
2026-09-18T15:33:19.4980333Z ──────────────────┼────
2026-09-18T15:33:19.4980821Z  Pages            │ 46
2026-09-18T15:33:19.4981111Z  Paginator pages  │  5
2026-09-18T15:33:19.4981385Z  Non-page files   │  6
2026-09-18T15:33:19.4981638Z  Static files     │  0
2026-09-18T15:33:19.4981906Z  Processed images │ 54
2026-09-18T15:33:19.4982157Z  Aliases          │ 15
2026-09-18T15:33:19.4982396Z  Cleaned          │  0
2026-09-18T15:33:19.4982523Z
2026-09-18T15:33:19.4982632Z Total in 15369 ms
2026-09-18T15:33:19.5389303Z Start building sites …
2026-09-18T15:33:19.5390605Z hugo v0.166.0-78400b4de8adc99273d3e674ed6c4d14c3bdf669 linux/amd64 BuildDate=2026-09-09T14:45:02Z VendorInfo=gohugoio
2026-09-18T15:33:19.5391441Z
2026-09-18T15:33:19.6708776Z
2026-09-18T15:33:19.6710258Z                   │ JA
2026-09-18T15:33:19.6710849Z ──────────────────┼────
2026-09-18T15:33:19.6711165Z  Pages            │ 46
2026-09-18T15:33:19.6711444Z  Paginator pages  │  5
2026-09-18T15:33:19.6711766Z  Non-page files   │  6
2026-09-18T15:33:19.6712024Z  Static files     │  0
2026-09-18T15:33:19.6712280Z  Processed images │ 54
2026-09-18T15:33:19.6712536Z  Aliases          │ 15
2026-09-18T15:33:19.6712790Z  Cleaned          │  0
2026-09-18T15:33:19.6712920Z
2026-09-18T15:33:19.6713015Z Total in 133 ms
2026-09-18T15:33:19.6962452Z $ node scripts/build-full-review.ts
2026-09-18T15:33:19.9524677Z Start building sites …
2026-09-18T15:33:19.9526128Z hugo v0.166.0-78400b4de8adc99273d3e674ed6c4d14c3bdf669 linux/amd64 BuildDate=2026-09-09T14:45:02Z VendorInfo=gohugoio
2026-09-18T15:33:19.9526731Z
2026-09-18T15:33:20.0791842Z
2026-09-18T15:33:20.0794973Z                   │ JA
2026-09-18T15:33:20.0795556Z ──────────────────┼────
2026-09-18T15:33:20.0795924Z  Pages            │ 24
2026-09-18T15:33:20.0796298Z  Paginator pages  │  8
2026-09-18T15:33:20.0796628Z  Non-page files   │  6
2026-09-18T15:33:20.0796940Z  Static files     │  0
2026-09-18T15:33:20.0797261Z  Processed images │ 54
2026-09-18T15:33:20.0797595Z  Aliases          │  4
2026-09-18T15:33:20.0797892Z  Cleaned          │  0
2026-09-18T15:33:20.0798049Z
2026-09-18T15:33:20.0798166Z Total in 128 ms
2026-09-18T15:33:20.1256334Z Start building sites …
2026-09-18T15:33:20.1257661Z hugo v0.166.0-78400b4de8adc99273d3e674ed6c4d14c3bdf669 linux/amd64 BuildDate=2026-09-09T14:45:02Z VendorInfo=gohugoio
2026-09-18T15:33:20.1258535Z
2026-09-18T15:33:20.1973765Z
2026-09-18T15:33:20.1977697Z                   │ JA
2026-09-18T15:33:20.1978452Z ──────────────────┼────
2026-09-18T15:33:20.1978977Z  Pages            │ 15
2026-09-18T15:33:20.1979425Z  Paginator pages  │  0
2026-09-18T15:33:20.1979949Z  Non-page files   │  0
2026-09-18T15:33:20.1980530Z  Static files     │  0
2026-09-18T15:33:20.1981050Z  Processed images │ 15
2026-09-18T15:33:20.1981611Z  Aliases          │  2
2026-09-18T15:33:20.1981931Z  Cleaned          │  0
2026-09-18T15:33:20.1982104Z
2026-09-18T15:33:20.1982215Z Total in 73 ms
2026-09-18T15:33:20.2446286Z Start building sites …
2026-09-18T15:33:20.2447536Z hugo v0.166.0-78400b4de8adc99273d3e674ed6c4d14c3bdf669 linux/amd64 BuildDate=2026-09-09T14:45:02Z VendorInfo=gohugoio
2026-09-18T15:33:20.2448360Z
2026-09-18T15:33:20.3204413Z
2026-09-18T15:33:20.3207412Z                   │ JA
2026-09-18T15:33:20.3207995Z ──────────────────┼────
2026-09-18T15:33:20.3208461Z  Pages            │ 16
2026-09-18T15:33:20.3208902Z  Paginator pages  │  0
2026-09-18T15:33:20.3209324Z  Non-page files   │  0
2026-09-18T15:33:20.3209734Z  Static files     │  0
2026-09-18T15:33:20.3210161Z  Processed images │ 15
2026-09-18T15:33:20.3210577Z  Aliases          │  2
2026-09-18T15:33:20.3210985Z  Cleaned          │  0
2026-09-18T15:33:20.3211196Z
2026-09-18T15:33:20.3211340Z Total in 77 ms
2026-09-18T15:33:20.3246601Z Full review: 40 frozen product screens mapped; specimen stays in representative suite.
2026-09-18T15:33:22.0868740Z Full review HTML: all production, preview and boundary fixture pages valid.
2026-09-18T15:33:22.1281575Z $ node scripts/build-site-fixture.ts
2026-09-18T15:33:40.8729300Z {
2026-09-18T15:33:40.8729733Z   "command": [
2026-09-18T15:33:40.8730087Z     "hugo",
2026-09-18T15:33:40.8730328Z     "--source",
2026-09-18T15:33:40.8730739Z     "/home/runner/work/shimoju.jp/shimoju.jp/themes/shsh/.cache/site/source",
2026-09-18T15:33:40.8731140Z     "--themesDir",
2026-09-18T15:33:40.8731461Z     "/home/runner/work/shimoju.jp/shimoju.jp/themes",
2026-09-18T15:33:40.8731771Z     "--destination",
2026-09-18T15:33:40.8732191Z     "/home/runner/work/shimoju.jp/shimoju.jp/themes/shsh/.cache/site/production",
2026-09-18T15:33:40.8732600Z     "--cacheDir",
2026-09-18T15:33:40.8732990Z     "/home/runner/work/shimoju.jp/shimoju.jp/themes/shsh/.cache/site/hugo-cache",
2026-09-18T15:33:40.8733627Z     "--environment",
2026-09-18T15:33:40.8733918Z     "production",
2026-09-18T15:33:40.8734127Z     "--clock",
2026-09-18T15:33:40.8734357Z     "2026-09-17T12:00:00+09:00",
2026-09-18T15:33:40.8734650Z     "--cleanDestinationDir",
2026-09-18T15:33:40.8734913Z     "--panicOnWarning"
2026-09-18T15:33:40.8735129Z   ],
2026-09-18T15:33:40.8735322Z   "live": false,
2026-09-18T15:33:40.8735564Z   "environment": "production",
2026-09-18T15:33:40.8735811Z   "exitCode": 0,
2026-09-18T15:33:40.8736028Z   "seconds": 18.666830984,
2026-09-18T15:33:40.8738099Z   "stdout": "Start building sites … \nhugo v0.166.0-78400b4de8adc99273d3e674ed6c4d14c3bdf669 linux/amd64 BuildDate=2026-09-09T14:45:02Z VendorInfo=gohugoio\n\n\n                  │ JA  \n──────────────────┼─────\n Pages            │ 160 \n Paginator pages  │  14 \n Non-page files   │  19 \n Static files     │   6 \n Processed images │ 124 \n Aliases          │  46 \n Cleaned          │   0 \n\nTotal in 18617 ms\n",
2026-09-18T15:33:40.8739545Z   "stderr": ""
2026-09-18T15:33:40.8739761Z }
2026-09-18T15:33:41.2049359Z {
2026-09-18T15:33:41.2049804Z   "command": [
2026-09-18T15:33:41.2050050Z     "hugo",
2026-09-18T15:33:41.2050260Z     "--source",
2026-09-18T15:33:41.2050670Z     "/home/runner/work/shimoju.jp/shimoju.jp/themes/shsh/.cache/site/source",
2026-09-18T15:33:41.2051116Z     "--themesDir",
2026-09-18T15:33:41.2051413Z     "/home/runner/work/shimoju.jp/shimoju.jp/themes",
2026-09-18T15:33:41.2051725Z     "--destination",
2026-09-18T15:33:41.2052111Z     "/home/runner/work/shimoju.jp/shimoju.jp/themes/shsh/.cache/site/preview",
2026-09-18T15:33:41.2052529Z     "--cacheDir",
2026-09-18T15:33:41.2052912Z     "/home/runner/work/shimoju.jp/shimoju.jp/themes/shsh/.cache/site/hugo-cache",
2026-09-18T15:33:41.2053310Z     "--environment",
2026-09-18T15:33:41.2053867Z     "preview",
2026-09-18T15:33:41.2054098Z     "--clock",
2026-09-18T15:33:41.2054337Z     "2026-09-17T12:00:00+09:00",
2026-09-18T15:33:41.2054610Z     "--cleanDestinationDir",
2026-09-18T15:33:41.2054865Z     "--panicOnWarning",
2026-09-18T15:33:41.2055113Z     "--baseURL",
2026-09-18T15:33:41.2055373Z     "https://preview.invalid/"
2026-09-18T15:33:41.2055630Z   ],
2026-09-18T15:33:41.2055824Z   "live": false,
2026-09-18T15:33:41.2056314Z   "environment": "preview",
2026-09-18T15:33:41.2056552Z   "exitCode": 0,
2026-09-18T15:33:41.2056825Z   "seconds": 0.3314771019999971,
2026-09-18T15:33:41.2058991Z   "stdout": "Start building sites … \nhugo v0.166.0-78400b4de8adc99273d3e674ed6c4d14c3bdf669 linux/amd64 BuildDate=2026-09-09T14:45:02Z VendorInfo=gohugoio\n\n\n                  │ JA  \n──────────────────┼─────\n Pages            │ 160 \n Paginator pages  │  14 \n Non-page files   │  19 \n Static files     │   6 \n Processed images │ 124 \n Aliases          │  46 \n Cleaned          │   0 \n\nTotal in 294 ms\n",
2026-09-18T15:33:41.2060425Z   "stderr": ""
2026-09-18T15:33:41.2060648Z }
2026-09-18T15:33:41.2273280Z $ node scripts/verify-site-inputs.ts
2026-09-18T15:33:41.5213042Z Site inputs: 80 original source/assets, 7 authorized changes, 62 Markdown files and 46 embeds verified. Offline production/preview passed.
2026-09-18T15:33:41.5493100Z $ node scripts/verify-site-output.ts
2026-09-18T15:33:45.4725327Z All 340 production/preview HTML files valid; F015 exact-title length exception only.
2026-09-18T15:33:45.5250097Z $ playwright test
2026-09-18T15:33:46.8052706Z
2026-09-18T15:33:46.8053963Z Running 246 tests using 2 workers
2026-09-18T15:33:46.8054651Z
2026-09-18T15:33:49.2216521Z   ✓    2 [chromium] › tests/collections.spec.ts:4:1 › home and section pagination retain newer-left/older-right and first-page introduction (1.5s)
2026-09-18T15:33:49.6151715Z   ✓    3 [chromium] › tests/collections.spec.ts:91:1 › pagination and whole-card links work without JavaScript (376ms)
2026-09-18T15:33:54.7408762Z   ✓    1 [chromium] › tests/collections.spec.ts:29:1 › list text, separators and pager preserve frozen mock styles in both widths and palettes (7.0s)
2026-09-18T15:33:55.5767496Z   ✓    4 [chromium] › tests/full-review.spec.ts:9:3 › Full screen home (5.9s)
2026-09-18T15:33:59.7515463Z   ✓    5 [chromium] › tests/full-review.spec.ts:9:3 › Full screen home-2 (5.0s)
2026-09-18T15:34:00.1355261Z   ✓    6 [chromium] › tests/full-review.spec.ts:9:3 › Full screen home-3 (4.5s)
2026-09-18T15:34:05.0261227Z   ✓    8 [chromium] › tests/full-review.spec.ts:9:3 › Full screen posts-2 (4.9s)
2026-09-18T15:34:05.0803831Z   ✓    7 [chromium] › tests/full-review.spec.ts:9:3 › Full screen posts (5.3s)
2026-09-18T15:34:09.4946558Z   ✓    9 [chromium] › tests/full-review.spec.ts:9:3 › Full screen posts-3 (4.5s)
2026-09-18T15:34:09.7683324Z   ✓   10 [chromium] › tests/full-review.spec.ts:9:3 › Full screen tags (4.7s)
2026-09-18T15:34:13.6558134Z   ✓   11 [chromium] › tests/full-review.spec.ts:9:3 › Full screen tags-empty (4.1s)
2026-09-18T15:34:14.6896711Z   ✓   12 [chromium] › tests/full-review.spec.ts:9:3 › Full screen tag-1 (4.9s)
2026-09-18T15:34:18.0558263Z   ✓   13 [chromium] › tests/full-review.spec.ts:9:3 › Full screen tag-2 (4.4s)
2026-09-18T15:34:19.5992739Z   ✓   14 [chromium] › tests/full-review.spec.ts:9:3 › Full screen tag-3 (4.9s)
2026-09-18T15:34:22.9894269Z   ✓   15 [chromium] › tests/full-review.spec.ts:9:3 › Full screen tag-4 (4.9s)
2026-09-18T15:34:24.6089288Z   ✓   16 [chromium] › tests/full-review.spec.ts:9:3 › Full screen tag-5 (5.0s)
2026-09-18T15:34:27.4675594Z   ✓   17 [chromium] › tests/full-review.spec.ts:9:3 › Full screen tag-6 (4.5s)
2026-09-18T15:34:29.5289247Z   ✓   18 [chromium] › tests/full-review.spec.ts:9:3 › Full screen tag-7 (4.9s)
2026-09-18T15:34:32.3629085Z   ✓   19 [chromium] › tests/full-review.spec.ts:9:3 › Full screen tag-8 (4.9s)
2026-09-18T15:34:34.0654075Z   ✓   20 [chromium] › tests/full-review.spec.ts:9:3 › Full screen tag-9 (4.5s)
2026-09-18T15:34:37.3082914Z   ✓   21 [chromium] › tests/full-review.spec.ts:9:3 › Full screen tag-10 (4.9s)
2026-09-18T15:34:39.0299831Z   ✓   22 [chromium] › tests/full-review.spec.ts:9:3 › Full screen tag-11 (5.0s)
2026-09-18T15:34:41.6987188Z   ✓   23 [chromium] › tests/full-review.spec.ts:9:3 › Full screen categories (4.4s)
2026-09-18T15:34:43.3260076Z   ✓   24 [chromium] › tests/full-review.spec.ts:9:3 › Full screen categories-empty (4.3s)
2026-09-18T15:34:46.9674514Z   ✓   25 [chromium] › tests/full-review.spec.ts:9:3 › Full screen category-1 (5.3s)
2026-09-18T15:34:48.3015403Z   ✓   26 [chromium] › tests/full-review.spec.ts:9:3 › Full screen category-2 (5.0s)
2026-09-18T15:34:51.4996379Z   ✓   27 [chromium] › tests/full-review.spec.ts:9:3 › Full screen category-2-2 (4.5s)
2026-09-18T15:34:53.7235709Z   ✓   28 [chromium] › tests/full-review.spec.ts:9:3 › Full screen tag-pagination (5.4s)
2026-09-18T15:34:56.5765494Z   ✓   29 [chromium] › tests/full-review.spec.ts:9:3 › Full screen tag-pagination-2 (5.1s)
2026-09-18T15:34:58.3437583Z   ✓   30 [chromium] › tests/full-review.spec.ts:9:3 › Full screen tag-pagination-3 (4.6s)
2026-09-18T15:35:02.0947554Z   ✓   31 [chromium] › tests/full-review.spec.ts:9:3 › Full screen category-pagination (5.5s)
2026-09-18T15:35:03.4966026Z   ✓   32 [chromium] › tests/full-review.spec.ts:9:3 › Full screen category-pagination-2 (5.1s)
2026-09-18T15:35:06.5657473Z   ✓   33 [chromium] › tests/full-review.spec.ts:9:3 › Full screen category-pagination-3 (4.5s)
2026-09-18T15:35:15.4345329Z   ✓   35 [chromium] › tests/full-review.spec.ts:9:3 › Full screen article-hugo (8.9s)
2026-09-18T15:35:20.3023715Z   ✓   36 [chromium] › tests/full-review.spec.ts:9:3 › Full screen article-diary (4.9s)
2026-09-18T15:35:25.2420705Z   ✓   37 [chromium] › tests/full-review.spec.ts:9:3 › Full screen article-bgm (4.9s)
2026-09-18T15:35:27.1779403Z   ✓   34 [chromium] › tests/full-review.spec.ts:9:3 › Full screen article (23.7s)
2026-09-18T15:35:30.6819606Z   ✓   38 [chromium] › tests/full-review.spec.ts:9:3 › Full screen article-pasmo (5.4s)
2026-09-18T15:35:35.6190065Z   ✓   40 [chromium] › tests/full-review.spec.ts:9:3 › Full screen archives (4.9s)
2026-09-18T15:35:39.6452757Z   ✓   41 [chromium] › tests/full-review.spec.ts:9:3 › Full screen 404 (4.0s)
2026-09-18T15:35:41.0630510Z   ✓   39 [chromium] › tests/full-review.spec.ts:9:3 › Full screen about (13.9s)
2026-09-18T15:35:43.8147606Z   ✓   42 [chromium] › tests/full-review.spec.ts:9:3 › Full screen empty (4.2s)
2026-09-18T15:35:45.4955555Z   ✓   43 [chromium] › tests/full-review.spec.ts:9:3 › Full screen single-item (4.4s)
2026-09-18T15:35:46.6229990Z   ✓   45 [chromium] › tests/media.spec.ts:10:1 › responsive candidates, originals, dimensions, loading and figure semantics (1.1s)
2026-09-18T15:35:48.5369813Z   ✓   44 [chromium] › tests/full-review.spec.ts:138:1 › discovery semantics, keyboard, fixed pages and JavaScript-disabled navigation (4.7s)
2026-09-18T15:35:49.6777522Z   ✓   46 [chromium] › tests/media.spec.ts:88:1 › WebP preserves PNG pixels and transparency at each generated width (3.0s)
2026-09-18T15:35:50.5065728Z   ✓   48 [chromium] › tests/media.spec.ts:193:1 › DPR chooses fitting candidates and JavaScript-free media remain usable (806ms)
2026-09-18T15:35:50.6778952Z   ✓   49 [chromium] › tests/metadata.spec.ts:52:1 › RSS uses all ordered articles, plain common summaries and stable document GUIDs (150ms)
2026-09-18T15:35:50.8325390Z   ✓   50 [chromium] › tests/metadata.spec.ts:79:1 › taxonomy feeds contain term pages, term feeds filter posts, empty feeds have no fake dates (141ms)
2026-09-18T15:35:51.0984626Z   ✓   51 [chromium] › tests/metadata.spec.ts:109:1 › canonical and discovery URLs follow the active pager and build baseURL (254ms)
2026-09-18T15:35:51.2559630Z   ✓   52 [chromium] › tests/metadata.spec.ts:135:1 › description, dates and JSON-LD preserve page roles and safe text (138ms)
2026-09-18T15:35:51.4643817Z   ✓   53 [chromium] › tests/metadata.spec.ts:170:1 › SNS images use cover, global assets/static/external defaults or none, never body images (188ms)
2026-09-18T15:35:51.6865657Z   ✓   54 [chromium] › tests/metadata.spec.ts:193:1 › all XML parses, sitemap and robots follow production and preview (202ms)
2026-09-18T15:35:55.0034253Z   ✓   55 [chromium] › tests/migration.spec.ts:41:3 › All migrated outputs: production (3.3s)
2026-09-18T15:35:55.9171876Z   ✓   56 [chromium] › tests/migration.spec.ts:41:3 › All migrated outputs: preview (894ms)
2026-09-18T15:35:56.1295025Z   ✓   47 [chromium] › tests/media.spec.ts:151:1 › media geometry matches mock, small images stay small, both colors remain accessible (7.6s)
2026-09-18T15:35:56.6856065Z   ✓   58 [chromium] › tests/prose.spec.ts:47:1 › failed copy announces manual fallback, permits retry, and resets success after three seconds (518ms)
2026-09-18T15:35:56.8436030Z   ✓   57 [chromium] › tests/prose.spec.ts:19:1 › copy preserves code with Japanese, inline/table numbers, unknown language and no label (903ms)
2026-09-18T15:35:57.5628486Z   ✓   60 [chromium] › tests/prose.spec.ts:95:1 › touch reveals copy, outside tap and horizontal scroll dismiss it (701ms)
2026-09-18T15:35:57.6775566Z   ✓   59 [chromium] › tests/prose.spec.ts:74:1 › keyboard reveals copy and Escape returns focus to selectable code (971ms)
2026-09-18T15:35:58.3985974Z   ✓   61 [chromium] › tests/prose.spec.ts:116:1 › the first tap on a revealed copy button copies exactly once (817ms)
2026-09-18T15:36:02.4164900Z   ✓   63 [chromium] › tests/prose.spec.ts:256:1 › full real article preserves mock prose layout in both palettes and widths (4.0s)
2026-09-18T15:36:05.5348291Z   ✓   62 [chromium] › tests/prose.spec.ts:160:1 › prose matches mock type and spacing; footnotes, headings, dates and JS-free reading work (7.8s)
2026-09-18T15:36:07.8717640Z   ✓   64 [chromium] › tests/review.spec.ts:70:3 › Representative home comparison, both widths/colors and text enlargement (5.4s)
2026-09-18T15:36:10.7229406Z   ✓   65 [chromium] › tests/review.spec.ts:70:3 › Representative posts comparison, both widths/colors and text enlargement (5.2s)
2026-09-18T15:36:25.5075798Z   ✓   67 [chromium] › tests/review.spec.ts:70:3 › Representative specimen comparison, both widths/colors and text enlargement (14.8s)
2026-09-18T15:36:27.4592444Z   ✓   68 [chromium] › tests/sharing.spec.ts:14:1 › shared document URLs, encoded titles, service order and keyboard navigation (1.9s)
2026-09-18T15:36:28.3125291Z   ✓   69 [chromium] › tests/sharing.spec.ts:59:1 › failed star download preserves reading and share links and announces failure (835ms)
2026-09-18T15:36:28.7396168Z   ✓   70 [chromium] › tests/sharing.spec.ts:72:1 › preview cannot share or load stars; JS-free production retains ordinary links (415ms)
2026-09-18T15:36:30.3239586Z   ✓   71 [chromium] › tests/sharing.spec.ts:103:1 › sharing retains mock geometry and icon styling at both widths and palettes (1.6s)
2026-09-18T15:36:31.6796329Z   ✓   66 [chromium] › tests/review.spec.ts:70:3 › Representative article comparison, both widths/colors and text enlargement (23.8s)
2026-09-18T15:36:33.9256355Z   ✓   72 [chromium] › tests/site.spec.ts:9:3 › Migrated site production: all embed positions, URLs and publication controls (3.6s)
2026-09-18T15:36:34.5530674Z   ✓   74 [chromium] › tests/site.spec.ts:99:1 › real video reserves its intrinsic ratio before loading; native playback dimensions agree (615ms)
2026-09-18T15:36:35.2686354Z   ✓   73 [chromium] › tests/site.spec.ts:9:3 › Migrated site preview: all embed positions, URLs and publication controls (3.6s)
2026-09-18T15:36:35.4880945Z   ✓   76 [chromium] › tests/theme.spec.ts:50:1 › saved pref-theme is applied before styles load (198ms)
2026-09-18T15:36:35.5809945Z   ✓   75 [chromium] › tests/theme.spec.ts:4:1 › portrait and landscape keep the type scale while explicit text enlargement still works (1.0s)
2026-09-18T15:36:35.8816900Z   ✓   78 [chromium] › tests/theme.spec.ts:99:1 › invalid and unavailable storage retain OS fallback and allow a page-local choice (283ms)
2026-09-18T15:36:35.9614402Z   ✓   77 [chromium] › tests/theme.spec.ts:71:1 › OS follows until a keyboard choice, persists and ignores mock query parameters (454ms)
2026-09-18T15:36:36.0880861Z   ✓   79 [chromium] › tests/theme.spec.ts:124:1 › invalid saved value uses OS preference (192ms)
2026-09-18T15:36:36.4104138Z   ✓   80 [chromium] › tests/theme.spec.ts:131:1 › without JavaScript both OS palettes, navigation and subscription remain usable (434ms)
2026-09-18T15:36:37.7526077Z   ✓   82 [chromium] › tests/tooling.spec.ts:5:1 › Hugo formatting preserves inline spaces, attributes, render hooks and compiled assets (1.3s)
2026-09-18T15:36:39.7513897Z   ✓   81 [chromium] › tests/theme.spec.ts:148:1 › shared shell keeps mock dimensions at desktop and mobile widths in both palettes (3.6s)
2026-09-18T15:36:42.8588674Z   ✓   83 [firefox] › tests/collections.spec.ts:4:1 › home and section pagination retain newer-left/older-right and first-page introduction (3.5s)
2026-09-18T15:36:43.8454712Z   ✓   85 [firefox] › tests/collections.spec.ts:91:1 › pagination and whole-card links work without JavaScript (950ms)
2026-09-18T15:36:51.8300789Z   ✓   86 [firefox] › tests/full-review.spec.ts:9:3 › Full screen home (7.9s)
2026-09-18T15:36:53.9239464Z   ✓   84 [firefox] › tests/collections.spec.ts:29:1 › list text, separators and pager preserve frozen mock styles in both widths and palettes (12.7s)
2026-09-18T15:36:59.1072256Z   ✓   87 [firefox] › tests/full-review.spec.ts:9:3 › Full screen home-2 (7.3s)
2026-09-18T15:37:01.0016023Z   ✓   88 [firefox] › tests/full-review.spec.ts:9:3 › Full screen home-3 (7.0s)
2026-09-18T15:37:06.6281228Z   ✓   89 [firefox] › tests/full-review.spec.ts:9:3 › Full screen posts (7.5s)
2026-09-18T15:37:08.2409416Z   ✓   90 [firefox] › tests/full-review.spec.ts:9:3 › Full screen posts-2 (7.2s)
2026-09-18T15:37:15.4548910Z   ✓   92 [firefox] › tests/full-review.spec.ts:9:3 › Full screen tags (7.2s)
2026-09-18T15:37:15.6537536Z   ✓   91 [firefox] › tests/full-review.spec.ts:9:3 › Full screen posts-3 (9.0s)
2026-09-18T15:37:21.9667215Z   ✓   93 [firefox] › tests/full-review.spec.ts:9:3 › Full screen tags-empty (6.5s)
2026-09-18T15:37:22.7625323Z   ✓   94 [firefox] › tests/full-review.spec.ts:9:3 › Full screen tag-1 (7.1s)
2026-09-18T15:37:29.4174106Z   ✓   96 [firefox] › tests/full-review.spec.ts:9:3 › Full screen tag-3 (6.6s)
2026-09-18T15:37:31.6227694Z   ✓   95 [firefox] › tests/full-review.spec.ts:9:3 › Full screen tag-2 (9.6s)
2026-09-18T15:37:36.5229907Z   ✓   97 [firefox] › tests/full-review.spec.ts:9:3 › Full screen tag-4 (7.1s)
2026-09-18T15:37:38.5775266Z   ✓   98 [firefox] › tests/full-review.spec.ts:9:3 › Full screen tag-5 (6.9s)
2026-09-18T15:37:43.5205235Z   ✓   99 [firefox] › tests/full-review.spec.ts:9:3 › Full screen tag-6 (7.0s)
2026-09-18T15:37:45.7083402Z   ✓  100 [firefox] › tests/full-review.spec.ts:9:3 › Full screen tag-7 (7.1s)
2026-09-18T15:37:52.2536104Z   ✓  102 [firefox] › tests/full-review.spec.ts:9:3 › Full screen tag-9 (6.5s)
2026-09-18T15:37:53.5121937Z   ✓  101 [firefox] › tests/full-review.spec.ts:9:3 › Full screen tag-8 (10.0s)
2026-09-18T15:37:59.4572064Z   ✓  103 [firefox] › tests/full-review.spec.ts:9:3 › Full screen tag-10 (7.2s)
2026-09-18T15:38:00.7038787Z   ✓  104 [firefox] › tests/full-review.spec.ts:9:3 › Full screen tag-11 (7.2s)
2026-09-18T15:38:06.9421168Z   ✓  106 [firefox] › tests/full-review.spec.ts:9:3 › Full screen categories-empty (6.2s)
2026-09-18T15:38:08.7872911Z   ✓  105 [firefox] › tests/full-review.spec.ts:9:3 › Full screen categories (9.3s)
2026-09-18T15:38:14.0866339Z   ✓  107 [firefox] › tests/full-review.spec.ts:9:3 › Full screen category-1 (7.1s)
2026-09-18T15:38:15.9763907Z   ✓  108 [firefox] › tests/full-review.spec.ts:9:3 › Full screen category-2 (7.2s)
2026-09-18T15:38:21.3200381Z   ✓  109 [firefox] › tests/full-review.spec.ts:9:3 › Full screen category-2-2 (7.2s)
2026-09-18T15:38:23.4849205Z   ✓  110 [firefox] › tests/full-review.spec.ts:9:3 › Full screen tag-pagination (7.5s)
2026-09-18T15:38:30.1134433Z   ✓  112 [firefox] › tests/full-review.spec.ts:9:3 › Full screen tag-pagination-3 (6.6s)
2026-09-18T15:38:31.6398911Z   ✓  111 [firefox] › tests/full-review.spec.ts:9:3 › Full screen tag-pagination-2 (10.3s)
2026-09-18T15:38:37.4573946Z   ✓  113 [firefox] › tests/full-review.spec.ts:9:3 › Full screen category-pagination (7.3s)
2026-09-18T15:38:38.9371412Z   ✓  114 [firefox] › tests/full-review.spec.ts:9:3 › Full screen category-pagination-2 (7.3s)
2026-09-18T15:38:46.9841515Z   ✓  115 [firefox] › tests/full-review.spec.ts:9:3 › Full screen category-pagination-3 (9.5s)
2026-09-18T15:38:57.8085062Z   ✓  117 [firefox] › tests/full-review.spec.ts:9:3 › Full screen article-hugo (10.8s)
2026-09-18T15:39:00.0525330Z   ✓  116 [firefox] › tests/full-review.spec.ts:9:3 › Full screen article (21.1s)
2026-09-18T15:39:05.0628798Z   ✓  118 [firefox] › tests/full-review.spec.ts:9:3 › Full screen article-diary (7.2s)
2026-09-18T15:39:07.5868874Z   ✓  119 [firefox] › tests/full-review.spec.ts:9:3 › Full screen article-bgm (7.5s)
2026-09-18T15:39:12.9984602Z   ✓  120 [firefox] › tests/full-review.spec.ts:9:3 › Full screen article-pasmo (7.9s)
2026-09-18T15:39:21.0206076Z   ✓  122 [firefox] › tests/full-review.spec.ts:9:3 › Full screen archives (8.0s)
2026-09-18T15:39:21.6355537Z   ✓  121 [firefox] › tests/full-review.spec.ts:9:3 › Full screen about (14.0s)
2026-09-18T15:39:28.6340451Z   ✓  123 [firefox] › tests/full-review.spec.ts:9:3 › Full screen 404 (7.6s)
2026-09-18T15:39:29.4387259Z   ✓  124 [firefox] › tests/full-review.spec.ts:9:3 › Full screen empty (7.8s)
2026-09-18T15:39:35.6196585Z   ✓  125 [firefox] › tests/full-review.spec.ts:9:3 › Full screen single-item (7.0s)
2026-09-18T15:39:37.4473872Z   ✓  127 [firefox] › tests/media.spec.ts:10:1 › responsive candidates, originals, dimensions, loading and figure semantics (1.8s)
2026-09-18T15:39:37.7818029Z   ✓  126 [firefox] › tests/full-review.spec.ts:138:1 › discovery semantics, keyboard, fixed pages and JavaScript-disabled navigation (8.3s)
2026-09-18T15:39:40.3502718Z   ✓  128 [firefox] › tests/media.spec.ts:88:1 › WebP preserves PNG pixels and transparency at each generated width (2.9s)
2026-09-18T15:39:42.2631790Z   ✓  130 [firefox] › tests/media.spec.ts:193:1 › DPR chooses fitting candidates and JavaScript-free media remain usable (1.9s)
2026-09-18T15:39:42.6598288Z   ✓  131 [firefox] › tests/metadata.spec.ts:52:1 › RSS uses all ordered articles, plain common summaries and stable document GUIDs (372ms)
2026-09-18T15:39:44.9826925Z   ✓  132 [firefox] › tests/metadata.spec.ts:79:1 › taxonomy feeds contain term pages, term feeds filter posts, empty feeds have no fake dates (2.3s)
2026-09-18T15:39:45.4849337Z   ✓  133 [firefox] › tests/metadata.spec.ts:109:1 › canonical and discovery URLs follow the active pager and build baseURL (487ms)
2026-09-18T15:39:45.7208501Z   ✓  129 [firefox] › tests/media.spec.ts:151:1 › media geometry matches mock, small images stay small, both colors remain accessible (7.9s)
2026-09-18T15:39:45.8551810Z   ✓  134 [firefox] › tests/metadata.spec.ts:135:1 › description, dates and JSON-LD preserve page roles and safe text (357ms)
2026-09-18T15:39:46.1936237Z   ✓  135 [firefox] › tests/metadata.spec.ts:170:1 › SNS images use cover, global assets/static/external defaults or none, never body images (449ms)
2026-09-18T15:39:46.3070371Z   ✓  136 [firefox] › tests/metadata.spec.ts:193:1 › all XML parses, sitemap and robots follow production and preview (437ms)
2026-09-18T15:39:47.3116723Z   ✓  138 [firefox] › tests/migration.spec.ts:41:3 › All migrated outputs: preview (965ms)
2026-09-18T15:39:48.6115910Z   ✓  139 [firefox] › tests/prose.spec.ts:19:1 › copy preserves code with Japanese, inline/table numbers, unknown language and no label (1.3s)
2026-09-18T15:39:49.3105004Z   ✓  137 [firefox] › tests/migration.spec.ts:41:3 › All migrated outputs: production (3.1s)
2026-09-18T15:39:49.4165803Z   ✓  140 [firefox] › tests/prose.spec.ts:47:1 › failed copy announces manual fallback, permits retry, and resets success after three seconds (780ms)
2026-09-18T15:39:50.5840505Z   ✓  141 [firefox] › tests/prose.spec.ts:74:1 › keyboard reveals copy and Escape returns focus to selectable code (1.2s)
2026-09-18T15:39:50.6354923Z   ✓  142 [firefox] › tests/prose.spec.ts:95:1 › touch reveals copy, outside tap and horizontal scroll dismiss it (1.2s)
2026-09-18T15:39:52.0321358Z   ✓  143 [firefox] › tests/prose.spec.ts:116:1 › the first tap on a revealed copy button copies exactly once (1.4s)
2026-09-18T15:39:55.7915790Z   ✓  145 [firefox] › tests/prose.spec.ts:256:1 › full real article preserves mock prose layout in both palettes and widths (3.7s)
2026-09-18T15:40:04.9840630Z   ✓  144 [firefox] › tests/prose.spec.ts:160:1 › prose matches mock type and spacing; footnotes, headings, dates and JS-free reading work (14.3s)
2026-09-18T15:40:05.1029844Z   ✓  146 [firefox] › tests/review.spec.ts:70:3 › Representative home comparison, both widths/colors and text enlargement (9.3s)
2026-09-18T15:40:12.2649530Z   ✓  147 [firefox] › tests/review.spec.ts:70:3 › Representative posts comparison, both widths/colors and text enlargement (7.3s)
2026-09-18T15:40:26.1406515Z   ✓  148 [firefox] › tests/review.spec.ts:70:3 › Representative article comparison, both widths/colors and text enlargement (21.0s)
2026-09-18T15:40:27.4766101Z   ✓  149 [firefox] › tests/review.spec.ts:70:3 › Representative specimen comparison, both widths/colors and text enlargement (15.2s)
2026-09-18T15:40:28.8718824Z   ✓  151 [firefox] › tests/sharing.spec.ts:59:1 › failed star download preserves reading and share links and announces failure (1.4s)
2026-09-18T15:40:29.5926127Z   ✓  150 [firefox] › tests/sharing.spec.ts:14:1 › shared document URLs, encoded titles, service order and keyboard navigation (3.4s)
2026-09-18T15:40:30.0098229Z   ✓  152 [firefox] › tests/sharing.spec.ts:72:1 › preview cannot share or load stars; JS-free production retains ordinary links (1.1s)
2026-09-18T15:40:32.5275754Z   ✓  153 [firefox] › tests/sharing.spec.ts:103:1 › sharing retains mock geometry and icon styling at both widths and palettes (2.9s)
2026-09-18T15:40:36.4176125Z   ✓  154 [firefox] › tests/site.spec.ts:9:3 › Migrated site production: all embed positions, URLs and publication controls (6.4s)
2026-09-18T15:40:37.5139979Z   ✓  156 [firefox] › tests/site.spec.ts:99:1 › real video reserves its intrinsic ratio before loading; native playback dimensions agree (1.1s)
2026-09-18T15:40:38.4779021Z   ✓  155 [firefox] › tests/site.spec.ts:9:3 › Migrated site preview: all embed positions, URLs and publication controls (5.9s)
2026-09-18T15:40:39.0210787Z   ✓  158 [firefox] › tests/theme.spec.ts:50:1 › saved pref-theme is applied before styles load (517ms)
2026-09-18T15:40:39.8512415Z   ✓  159 [firefox] › tests/theme.spec.ts:71:1 › OS follows until a keyboard choice, persists and ignores mock query parameters (813ms)
2026-09-18T15:40:40.3803792Z   ✓  160 [firefox] › tests/theme.spec.ts:99:1 › invalid and unavailable storage retain OS fallback and allow a page-local choice (515ms)
2026-09-18T15:40:40.9258920Z   ✓  157 [firefox] › tests/theme.spec.ts:4:1 › portrait and landscape keep the type scale while explicit text enlargement still works (3.4s)
2026-09-18T15:40:41.6373388Z   ✓  162 [firefox] › tests/theme.spec.ts:131:1 › without JavaScript both OS palettes, navigation and subscription remain usable (700ms)
2026-09-18T15:40:42.5225398Z   ✓  161 [firefox] › tests/theme.spec.ts:124:1 › invalid saved value uses OS preference (2.1s)
2026-09-18T15:40:44.8949776Z   ✓  164 [firefox] › tests/tooling.spec.ts:5:1 › Hugo formatting preserves inline spaces, attributes, render hooks and compiled assets (2.3s)
2026-09-18T15:40:47.5588162Z   ✓  163 [firefox] › tests/theme.spec.ts:148:1 › shared shell keeps mock dimensions at desktop and mobile widths in both palettes (5.9s)
2026-09-18T15:40:53.3691463Z   ✓  165 [webkit] › tests/collections.spec.ts:4:1 › home and section pagination retain newer-left/older-right and first-page introduction (6.7s)
2026-09-18T15:40:54.2772698Z   ✓  167 [webkit] › tests/collections.spec.ts:91:1 › pagination and whole-card links work without JavaScript (898ms)
2026-09-18T15:41:00.4125138Z   ✓  166 [webkit] › tests/collections.spec.ts:29:1 › list text, separators and pager preserve frozen mock styles in both widths and palettes (12.0s)
2026-09-18T15:41:02.0089941Z   ✓  168 [webkit] › tests/full-review.spec.ts:9:3 › Full screen home (7.7s)
2026-09-18T15:41:07.6486896Z   ✓  169 [webkit] › tests/full-review.spec.ts:9:3 › Full screen home-2 (7.2s)
2026-09-18T15:41:08.7808403Z   ✓  170 [webkit] › tests/full-review.spec.ts:9:3 › Full screen home-3 (6.8s)
2026-09-18T15:41:14.9582930Z   ✓  171 [webkit] › tests/full-review.spec.ts:9:3 › Full screen posts (7.3s)
2026-09-18T15:41:15.8318020Z   ✓  172 [webkit] › tests/full-review.spec.ts:9:3 › Full screen posts-2 (7.0s)
2026-09-18T15:41:21.6886896Z   ✓  173 [webkit] › tests/full-review.spec.ts:9:3 › Full screen posts-3 (6.7s)
2026-09-18T15:41:22.5754654Z   ✓  174 [webkit] › tests/full-review.spec.ts:9:3 › Full screen tags (6.7s)
2026-09-18T15:41:27.9365539Z   ✓  175 [webkit] › tests/full-review.spec.ts:9:3 › Full screen tags-empty (6.2s)
2026-09-18T15:41:29.6476380Z   ✓  176 [webkit] › tests/full-review.spec.ts:9:3 › Full screen tag-1 (7.1s)
2026-09-18T15:41:34.9707685Z   ✓  177 [webkit] › tests/full-review.spec.ts:9:3 › Full screen tag-2 (7.0s)
2026-09-18T15:41:36.4574237Z   ✓  178 [webkit] › tests/full-review.spec.ts:9:3 › Full screen tag-3 (6.8s)
2026-09-18T15:41:41.9947440Z   ✓  179 [webkit] › tests/full-review.spec.ts:9:3 › Full screen tag-4 (7.0s)
2026-09-18T15:41:43.4704031Z   ✓  180 [webkit] › tests/full-review.spec.ts:9:3 › Full screen tag-5 (7.0s)
2026-09-18T15:41:48.8525440Z   ✓  181 [webkit] › tests/full-review.spec.ts:9:3 › Full screen tag-6 (6.8s)
2026-09-18T15:41:50.7025328Z   ✓  182 [webkit] › tests/full-review.spec.ts:9:3 › Full screen tag-7 (7.2s)
2026-09-18T15:41:55.8567124Z   ✓  183 [webkit] › tests/full-review.spec.ts:9:3 › Full screen tag-8 (7.0s)
2026-09-18T15:41:57.4418955Z   ✓  184 [webkit] › tests/full-review.spec.ts:9:3 › Full screen tag-9 (6.7s)
2026-09-18T15:42:02.9666265Z   ✓  185 [webkit] › tests/full-review.spec.ts:9:3 › Full screen tag-10 (7.1s)
2026-09-18T15:42:04.4205370Z   ✓  186 [webkit] › tests/full-review.spec.ts:9:3 › Full screen tag-11 (7.0s)
2026-09-18T15:42:09.1700107Z   ✓  187 [webkit] › tests/full-review.spec.ts:9:3 › Full screen categories (6.2s)
2026-09-18T15:42:10.3465088Z   ✓  188 [webkit] › tests/full-review.spec.ts:9:3 › Full screen categories-empty (5.9s)
2026-09-18T15:42:16.4260487Z   ✓  189 [webkit] › tests/full-review.spec.ts:9:3 › Full screen category-1 (7.2s)
2026-09-18T15:42:17.4620237Z   ✓  190 [webkit] › tests/full-review.spec.ts:9:3 › Full screen category-2 (7.1s)
2026-09-18T15:42:23.3260422Z   ✓  191 [webkit] › tests/full-review.spec.ts:9:3 › Full screen category-2-2 (6.9s)
2026-09-18T15:42:24.9515275Z   ✓  192 [webkit] › tests/full-review.spec.ts:9:3 › Full screen tag-pagination (7.5s)
2026-09-18T15:42:30.5784644Z   ✓  193 [webkit] › tests/full-review.spec.ts:9:3 › Full screen tag-pagination-2 (7.2s)
2026-09-18T15:42:31.7465195Z   ✓  194 [webkit] › tests/full-review.spec.ts:9:3 › Full screen tag-pagination-3 (6.8s)
2026-09-18T15:42:38.0155548Z   ✓  195 [webkit] › tests/full-review.spec.ts:9:3 › Full screen category-pagination (7.4s)
2026-09-18T15:42:38.8145489Z   ✓  196 [webkit] › tests/full-review.spec.ts:9:3 › Full screen category-pagination-2 (7.1s)
2026-09-18T15:42:44.7345007Z   ✓  197 [webkit] › tests/full-review.spec.ts:9:3 › Full screen category-pagination-3 (6.7s)
2026-09-18T15:42:55.3195233Z   ✓  199 [webkit] › tests/full-review.spec.ts:9:3 › Full screen article-hugo (10.6s)
2026-09-18T15:42:59.3872232Z   ✓  198 [webkit] › tests/full-review.spec.ts:9:3 › Full screen article (20.5s)
2026-09-18T15:43:02.0657781Z   ✓  200 [webkit] › tests/full-review.spec.ts:9:3 › Full screen article-diary (6.7s)
2026-09-18T15:43:06.3686731Z   ✓  201 [webkit] › tests/full-review.spec.ts:9:3 › Full screen article-bgm (7.0s)
2026-09-18T15:43:09.2753030Z   ✓  202 [webkit] › tests/full-review.spec.ts:9:3 › Full screen article-pasmo (7.2s)
2026-09-18T15:43:16.1173195Z   ✓  204 [webkit] › tests/full-review.spec.ts:9:3 › Full screen archives (6.8s)
2026-09-18T15:43:19.1127974Z   ✓  203 [webkit] › tests/full-review.spec.ts:9:3 › Full screen about (12.7s)
2026-09-18T15:43:22.2482690Z   ✓  205 [webkit] › tests/full-review.spec.ts:9:3 › Full screen 404 (6.1s)
2026-09-18T15:43:25.2457688Z   ✓  206 [webkit] › tests/full-review.spec.ts:9:3 › Full screen empty (6.1s)
2026-09-18T15:43:28.5631199Z   ✓  207 [webkit] › tests/full-review.spec.ts:9:3 › Full screen single-item (6.3s)
2026-09-18T15:43:30.8396479Z   ✓  209 [webkit] › tests/media.spec.ts:10:1 › responsive candidates, originals, dimensions, loading and figure semantics (2.2s)
2026-09-18T15:43:33.5711409Z   ✓  208 [webkit] › tests/full-review.spec.ts:138:1 › discovery semantics, keyboard, fixed pages and JavaScript-disabled navigation (8.3s)
2026-09-18T15:43:34.9304949Z   ✓  210 [webkit] › tests/media.spec.ts:88:1 › WebP preserves PNG pixels and transparency at each generated width (4.1s)
2026-09-18T15:43:37.3691901Z   ✓  212 [webkit] › tests/media.spec.ts:193:1 › DPR chooses fitting candidates and JavaScript-free media remain usable (2.4s)
2026-09-18T15:43:37.7717951Z   ✓  213 [webkit] › tests/metadata.spec.ts:52:1 › RSS uses all ordered articles, plain common summaries and stable document GUIDs (366ms)
2026-09-18T15:43:38.1496802Z   ✓  214 [webkit] › tests/metadata.spec.ts:79:1 › taxonomy feeds contain term pages, term feeds filter posts, empty feeds have no fake dates (364ms)
2026-09-18T15:43:38.7968082Z   ✓  215 [webkit] › tests/metadata.spec.ts:109:1 › canonical and discovery URLs follow the active pager and build baseURL (627ms)
2026-09-18T15:43:39.3015903Z   ✓  216 [webkit] › tests/metadata.spec.ts:135:1 › description, dates and JSON-LD preserve page roles and safe text (475ms)
2026-09-18T15:43:39.7729479Z   ✓  217 [webkit] › tests/metadata.spec.ts:170:1 › SNS images use cover, global assets/static/external defaults or none, never body images (456ms)
2026-09-18T15:43:40.3608817Z   ✓  218 [webkit] › tests/metadata.spec.ts:193:1 › all XML parses, sitemap and robots follow production and preview (564ms)
2026-09-18T15:43:43.1287609Z   ✓  211 [webkit] › tests/media.spec.ts:151:1 › media geometry matches mock, small images stay small, both colors remain accessible (9.5s)
2026-09-18T15:43:43.6569624Z   ✓  219 [webkit] › tests/migration.spec.ts:41:3 › All migrated outputs: production (3.3s)
2026-09-18T15:43:44.0375462Z   ✓  220 [webkit] › tests/migration.spec.ts:41:3 › All migrated outputs: preview (869ms)
2026-09-18T15:43:45.2185492Z   ✓  222 [webkit] › tests/prose.spec.ts:47:1 › failed copy announces manual fallback, permits retry, and resets success after three seconds (1.2s)
2026-09-18T15:43:45.9636058Z   ✓  221 [webkit] › tests/prose.spec.ts:19:1 › copy preserves code with Japanese, inline/table numbers, unknown language and no label (2.3s)
2026-09-18T15:43:46.9704384Z   ✓  223 [webkit] › tests/prose.spec.ts:74:1 › keyboard reveals copy and Escape returns focus to selectable code (1.7s)
2026-09-18T15:43:47.5343777Z   ✓  224 [webkit] › tests/prose.spec.ts:95:1 › touch reveals copy, outside tap and horizontal scroll dismiss it (1.6s)
2026-09-18T15:43:48.5757679Z   ✓  225 [webkit] › tests/prose.spec.ts:116:1 › the first tap on a revealed copy button copies exactly once (1.6s)
2026-09-18T15:43:52.8115808Z   ✓  227 [webkit] › tests/prose.spec.ts:256:1 › full real article preserves mock prose layout in both palettes and widths (4.2s)
2026-09-18T15:43:59.2095701Z   ✓  226 [webkit] › tests/prose.spec.ts:160:1 › prose matches mock type and spacing; footnotes, headings, dates and JS-free reading work (11.7s)
2026-09-18T15:44:00.4455626Z   ✓  228 [webkit] › tests/review.spec.ts:70:3 › Representative home comparison, both widths/colors and text enlargement (7.6s)
2026-09-18T15:44:06.5975674Z   ✓  229 [webkit] › tests/review.spec.ts:70:3 › Representative posts comparison, both widths/colors and text enlargement (7.4s)
2026-09-18T15:44:20.6769348Z   ✓  230 [webkit] › tests/review.spec.ts:70:3 › Representative article comparison, both widths/colors and text enlargement (20.2s)
2026-09-18T15:44:21.5176370Z   ✓  231 [webkit] › tests/review.spec.ts:70:3 › Representative specimen comparison, both widths/colors and text enlargement (14.9s)
2026-09-18T15:44:22.9284316Z   ✓  233 [webkit] › tests/sharing.spec.ts:59:1 › failed star download preserves reading and share links and announces failure (1.4s)
2026-09-18T15:44:23.9180225Z   ✓  232 [webkit] › tests/sharing.spec.ts:14:1 › shared document URLs, encoded titles, service order and keyboard navigation (3.2s)
2026-09-18T15:44:24.1458025Z   ✓  234 [webkit] › tests/sharing.spec.ts:72:1 › preview cannot share or load stars; JS-free production retains ordinary links (1.2s)
2026-09-18T15:44:27.3342302Z   ✓  235 [webkit] › tests/sharing.spec.ts:103:1 › sharing retains mock geometry and icon styling at both widths and palettes (3.4s)
2026-09-18T15:44:31.0174219Z   ✓  236 [webkit] › tests/site.spec.ts:9:3 › Migrated site production: all embed positions, URLs and publication controls (6.9s)
2026-09-18T15:44:32.4965570Z   ✓  238 [webkit] › tests/site.spec.ts:99:1 › real video reserves its intrinsic ratio before loading; native playback dimensions agree (1.5s)
2026-09-18T15:44:33.5631944Z   ✓  237 [webkit] › tests/site.spec.ts:9:3 › Migrated site preview: all embed positions, URLs and publication controls (6.2s)
2026-09-18T15:44:34.1432669Z   ✓  240 [webkit] › tests/theme.spec.ts:50:1 › saved pref-theme is applied before styles load (559ms)
2026-09-18T15:44:35.0788444Z   ✓  239 [webkit] › tests/theme.spec.ts:4:1 › portrait and landscape keep the type scale while explicit text enlargement still works (2.6s)
2026-09-18T15:44:35.3469047Z   ✓  241 [webkit] › tests/theme.spec.ts:71:1 › OS follows until a keyboard choice, persists and ignores mock query parameters (1.2s)
2026-09-18T15:44:35.7905829Z   ✓  242 [webkit] › tests/theme.spec.ts:99:1 › invalid and unavailable storage retain OS fallback and allow a page-local choice (696ms)
2026-09-18T15:44:35.9285569Z   ✓  243 [webkit] › tests/theme.spec.ts:124:1 › invalid saved value uses OS preference (568ms)
2026-09-18T15:44:36.7388941Z   ✓  244 [webkit] › tests/theme.spec.ts:131:1 › without JavaScript both OS palettes, navigation and subscription remain usable (935ms)
2026-09-18T15:44:38.8711803Z   ✓  246 [webkit] › tests/tooling.spec.ts:5:1 › Hugo formatting preserves inline spaces, attributes, render hooks and compiled assets (2.1s)
2026-09-18T15:44:40.8724270Z   ✓  245 [webkit] › tests/theme.spec.ts:148:1 › shared shell keeps mock dimensions at desktop and mobile widths in both palettes (4.9s)
2026-09-18T15:44:41.0213260Z
2026-09-18T15:44:41.0221513Z   246 passed (10.9m)
