$ pnpm format:check && pnpm lint && pnpm lint:css && pnpm check:progress && pnpm check:tooling && pnpm build:fixtures && pnpm check:theme && pnpm check:collections && pnpm check:prose && pnpm check:media && pnpm check:sharing && pnpm check:metadata && pnpm build:review && pnpm build:full-review && pnpm build:site-fixture && pnpm check:site-inputs && pnpm check:site-output && pnpm test
$ node scripts/format.mjs
Checking formatting...

All matched files use the correct format.
Finished in 381ms on 311 files using 10 threads.
Go templates: 58 checked, 0 differ.
$ oxlint --type-aware --type-check --deny-warnings scripts tests assets playwright.config.ts
$ stylelint "assets/css/**/*.css" "tests/fixtures/**/*.css" --allow-empty-input
$ node scripts/verify-progress.mjs
Progress valid: 71 tasks; requirements Q1–Q34; discipline Q1–Q9; references and DAG checked. Human evidence still requires review.
$ node --experimental-strip-types scripts/verify-tooling.ts
Toolchain probes passed. Hugo/formatter output is ready for three-engine browser comparison.
{ hugo_before_ms: 157, template_format_ms: 36, hugo_after_ms: 34 }
$ node scripts/build-fixtures.ts
Start building sites …
hugo v0.166.0+extended+withdeploy darwin/arm64 BuildDate=2026-09-09T14:45:02Z VendorInfo=Homebrew


                  │ JA
──────────────────┼────
 Pages            │ 16
 Paginator pages  │  4
 Non-page files   │  0
 Static files     │  0
 Processed images │  0
 Aliases          │  2
 Cleaned          │  0

Total in 32 ms
Start building sites …
hugo v0.166.0+extended+withdeploy darwin/arm64 BuildDate=2026-09-09T14:45:02Z VendorInfo=Homebrew


                  │ JA
──────────────────┼────
 Pages            │ 16
 Paginator pages  │  4
 Non-page files   │  0
 Static files     │  0
 Processed images │  0
 Aliases          │  2
 Cleaned          │  0

Total in 30 ms
Start building sites …
hugo v0.166.0+extended+withdeploy darwin/arm64 BuildDate=2026-09-09T14:45:02Z VendorInfo=Homebrew


                  │ JA
──────────────────┼────
 Pages            │ 16
 Paginator pages  │  4
 Non-page files   │  0
 Static files     │  0
 Processed images │  0
 Aliases          │  2
 Cleaned          │  0

Total in 30 ms
$ node scripts/verify-theme.ts
Theme foundation: HTML, production/preview/development assets, invalid configuration and minimal alternative site passed.
$ node scripts/verify-collections.ts
Collections: empty/single/default10/custom2, UTC ties, mainSections, publication filters, summaries, dates and invalid inputs passed.
Discovery: local year/month, all-section order, tie navigation, fixed-page exclusion, original term case and HTML/feed title consistency passed.
$ node scripts/verify-prose.ts
Prose: date fallback/day boundaries/visibility/types, legal footnote IDs, full real article HTML and native heading IDs passed.
$ node scripts/verify-media.ts
Start building sites …
hugo v0.166.0+extended+withdeploy darwin/arm64 BuildDate=2026-09-09T14:45:02Z VendorInfo=Homebrew


                  │ JA
──────────────────┼────
 Pages            │ 15
 Paginator pages  │  2
 Non-page files   │ 13
 Static files     │  4
 Processed images │ 46
 Aliases          │  2
 Cleaned          │  0

Total in 2365 ms
Start building sites …
hugo v0.166.0+extended+withdeploy darwin/arm64 BuildDate=2026-09-09T14:45:02Z VendorInfo=Homebrew


                  │ JA
──────────────────┼────
 Pages            │ 15
 Paginator pages  │  2
 Non-page files   │ 13
 Static files     │  4
 Processed images │ 46
 Aliases          │  2
 Cleaned          │  0

Total in 37 ms
Media: production/preview HTML, unchanged original media, unavailable external URL and invalid inputs passed.
$ node scripts/verify-sharing.ts
Sharing: defaults, ordered services, fixed pages/posts, escaped title/URLs, author setting, invalid inputs and preview isolation passed.
$ node scripts/verify-metadata.ts
Metadata fixtures: all HTML valid; asset/static/external defaults, bundle isolation, input failures, preview and empty feed built. XML/head assertions run in metadata.spec.ts.
$ node scripts/build-review-fixture.ts
Start building sites …
hugo v0.166.0+extended+withdeploy darwin/arm64 BuildDate=2026-09-09T14:45:02Z VendorInfo=Homebrew


                  │ JA
──────────────────┼────
 Pages            │ 46
 Paginator pages  │  5
 Non-page files   │  6
 Static files     │  0
 Processed images │ 54
 Aliases          │ 15
 Cleaned          │  0

Total in 4259 ms
Start building sites …
hugo v0.166.0+extended+withdeploy darwin/arm64 BuildDate=2026-09-09T14:45:02Z VendorInfo=Homebrew


                  │ JA
──────────────────┼────
 Pages            │ 46
 Paginator pages  │  5
 Non-page files   │  6
 Static files     │  0
 Processed images │ 54
 Aliases          │ 15
 Cleaned          │  0

Total in 48 ms
$ node scripts/build-full-review.ts
Start building sites …
hugo v0.166.0+extended+withdeploy darwin/arm64 BuildDate=2026-09-09T14:45:02Z VendorInfo=Homebrew


                  │ JA
──────────────────┼────
 Pages            │ 24
 Paginator pages  │  8
 Non-page files   │  6
 Static files     │  0
 Processed images │ 54
 Aliases          │  4
 Cleaned          │  0

Total in 43 ms
Start building sites …
hugo v0.166.0+extended+withdeploy darwin/arm64 BuildDate=2026-09-09T14:45:02Z VendorInfo=Homebrew


                  │ JA
──────────────────┼────
 Pages            │ 15
 Paginator pages  │  0
 Non-page files   │  0
 Static files     │  0
 Processed images │ 15
 Aliases          │  2
 Cleaned          │  0

Total in 28 ms
Start building sites …
hugo v0.166.0+extended+withdeploy darwin/arm64 BuildDate=2026-09-09T14:45:02Z VendorInfo=Homebrew


                  │ JA
──────────────────┼────
 Pages            │ 16
 Paginator pages  │  0
 Non-page files   │  0
 Static files     │  0
 Processed images │ 15
 Aliases          │  2
 Cleaned          │  0

Total in 28 ms
Full review: 40 frozen product screens mapped; specimen stays in representative suite.
Full review HTML: all production, preview and boundary fixture pages valid.
$ node scripts/build-site-fixture.ts
{
  "command": [
    "hugo",
    "--source",
    "/Users/shimoju/dev/src/github.com/shimoju/shimoju.jp/themes/shsh/.cache/site/source",
    "--themesDir",
    "/Users/shimoju/dev/src/github.com/shimoju/shimoju.jp/themes",
    "--destination",
    "/Users/shimoju/dev/src/github.com/shimoju/shimoju.jp/themes/shsh/.cache/site/production",
    "--cacheDir",
    "/Users/shimoju/dev/src/github.com/shimoju/shimoju.jp/themes/shsh/.cache/site/hugo-cache",
    "--environment",
    "production",
    "--clock",
    "2026-09-17T12:00:00+09:00",
    "--cleanDestinationDir",
    "--panicOnWarning"
  ],
  "live": false,
  "environment": "production",
  "exitCode": 0,
  "seconds": 5.236492125000001,
  "stdout": "Start building sites … \nhugo v0.166.0+extended+withdeploy darwin/arm64 BuildDate=2026-09-09T14:45:02Z VendorInfo=Homebrew\n\n\n                  │ JA  \n──────────────────┼─────\n Pages            │ 160 \n Paginator pages  │  14 \n Non-page files   │  19 \n Static files     │   6 \n Processed images │ 124 \n Aliases          │  46 \n Cleaned          │   0 \n\nTotal in 5206 ms\n",
  "stderr": ""
}
{
  "command": [
    "hugo",
    "--source",
    "/Users/shimoju/dev/src/github.com/shimoju/shimoju.jp/themes/shsh/.cache/site/source",
    "--themesDir",
    "/Users/shimoju/dev/src/github.com/shimoju/shimoju.jp/themes",
    "--destination",
    "/Users/shimoju/dev/src/github.com/shimoju/shimoju.jp/themes/shsh/.cache/site/preview",
    "--cacheDir",
    "/Users/shimoju/dev/src/github.com/shimoju/shimoju.jp/themes/shsh/.cache/site/hugo-cache",
    "--environment",
    "preview",
    "--clock",
    "2026-09-17T12:00:00+09:00",
    "--cleanDestinationDir",
    "--panicOnWarning",
    "--baseURL",
    "https://preview.invalid/"
  ],
  "live": false,
  "environment": "preview",
  "exitCode": 0,
  "seconds": 0.21911337499999992,
  "stdout": "Start building sites … \nhugo v0.166.0+extended+withdeploy darwin/arm64 BuildDate=2026-09-09T14:45:02Z VendorInfo=Homebrew\n\n\n                  │ JA  \n──────────────────┼─────\n Pages            │ 160 \n Paginator pages  │  14 \n Non-page files   │  19 \n Static files     │   6 \n Processed images │ 124 \n Aliases          │  46 \n Cleaned          │   0 \n\nTotal in 167 ms\n",
  "stderr": ""
}
$ node scripts/verify-site-inputs.ts
Site inputs: 80 original source/assets, 7 authorized changes, 62 Markdown files and 46 embeds verified. Offline production/preview passed.
$ node scripts/verify-site-output.ts
All 340 production/preview HTML files valid; F015 exact-title length exception only.
$ playwright test
[WebServer] (node:70553) Warning: The 'NO_COLOR' env is ignored due to the 'FORCE_COLOR' env being set.
[WebServer] (Use `node --trace-warnings ...` to show where the warning was created)

Running 246 tests using 5 workers

(node:70555) Warning: The 'NO_COLOR' env is ignored due to the 'FORCE_COLOR' env being set.
(Use `node --trace-warnings ...` to show where the warning was created)
(node:70556) Warning: The 'NO_COLOR' env is ignored due to the 'FORCE_COLOR' env being set.
(Use `node --trace-warnings ...` to show where the warning was created)
(node:70554) Warning: The 'NO_COLOR' env is ignored due to the 'FORCE_COLOR' env being set.
(Use `node --trace-warnings ...` to show where the warning was created)
(node:70557) Warning: The 'NO_COLOR' env is ignored due to the 'FORCE_COLOR' env being set.
(Use `node --trace-warnings ...` to show where the warning was created)
(node:70558) Warning: The 'NO_COLOR' env is ignored due to the 'FORCE_COLOR' env being set.
(Use `node --trace-warnings ...` to show where the warning was created)
  ✓    2 [chromium] › tests/collections.spec.ts:91:1 › pagination and whole-card links work without JavaScript (429ms)
  ✓    4 [chromium] › tests/collections.spec.ts:4:1 › home and section pagination retain newer-left/older-right and first-page introduction (769ms)
  ✓    1 [chromium] › tests/full-review.spec.ts:9:3 › Full screen home-2 (2.9s)
  ✓    6 [chromium] › tests/full-review.spec.ts:9:3 › Full screen home-3 (2.6s)
  ✓    3 [chromium] › tests/full-review.spec.ts:9:3 › Full screen home (3.1s)
  ✓    5 [chromium] › tests/collections.spec.ts:29:1 › list text, separators and pager preserve frozen mock styles in both widths and palettes (3.3s)
  ✓    7 [chromium] › tests/full-review.spec.ts:9:3 › Full screen posts (3.0s)
  ✓    9 [chromium] › tests/full-review.spec.ts:9:3 › Full screen posts-3 (2.4s)
  ✓    8 [chromium] › tests/full-review.spec.ts:9:3 › Full screen posts-2 (2.5s)
  ✓   11 [chromium] › tests/full-review.spec.ts:9:3 › Full screen tags-empty (2.3s)
  ✓   10 [chromium] › tests/full-review.spec.ts:9:3 › Full screen tags (2.5s)
  ✓   12 [chromium] › tests/full-review.spec.ts:9:3 › Full screen tag-1 (2.7s)
  ✓   13 [chromium] › tests/full-review.spec.ts:9:3 › Full screen tag-2 (2.4s)
  ✓   14 [chromium] › tests/full-review.spec.ts:9:3 › Full screen tag-3 (2.7s)
  ✓   16 [chromium] › tests/full-review.spec.ts:9:3 › Full screen tag-5 (2.6s)
  ✓   15 [chromium] › tests/full-review.spec.ts:9:3 › Full screen tag-4 (2.7s)
  ✓   17 [chromium] › tests/full-review.spec.ts:9:3 › Full screen tag-6 (2.3s)
  ✓   18 [chromium] › tests/full-review.spec.ts:9:3 › Full screen tag-7 (2.7s)
  ✓   20 [chromium] › tests/full-review.spec.ts:9:3 › Full screen tag-9 (2.4s)
  ✓   19 [chromium] › tests/full-review.spec.ts:9:3 › Full screen tag-8 (2.7s)
  ✓   21 [chromium] › tests/full-review.spec.ts:9:3 › Full screen tag-10 (2.7s)
  ✓   22 [chromium] › tests/full-review.spec.ts:9:3 › Full screen tag-11 (2.7s)
  ✓   23 [chromium] › tests/full-review.spec.ts:9:3 › Full screen categories (2.3s)
  ✓   24 [chromium] › tests/full-review.spec.ts:9:3 › Full screen categories-empty (2.3s)
  ✓   25 [chromium] › tests/full-review.spec.ts:9:3 › Full screen category-1 (2.9s)
  ✓   26 [chromium] › tests/full-review.spec.ts:9:3 › Full screen category-2 (2.8s)
  ✓   27 [chromium] › tests/full-review.spec.ts:9:3 › Full screen category-2-2 (2.5s)
  ✓   29 [chromium] › tests/full-review.spec.ts:9:3 › Full screen tag-pagination-2 (2.8s)
  ✓   28 [chromium] › tests/full-review.spec.ts:9:3 › Full screen tag-pagination (3.0s)
  ✓   30 [chromium] › tests/full-review.spec.ts:9:3 › Full screen tag-pagination-3 (2.5s)
  ✓   32 [chromium] › tests/full-review.spec.ts:9:3 › Full screen category-pagination-2 (2.7s)
  ✓   31 [chromium] › tests/full-review.spec.ts:9:3 › Full screen category-pagination (2.9s)
  ✓   33 [chromium] › tests/full-review.spec.ts:9:3 › Full screen category-pagination-3 (2.6s)
  ✓   37 [chromium] › tests/full-review.spec.ts:9:3 › Full screen article-bgm (2.9s)
  ✓   36 [chromium] › tests/full-review.spec.ts:9:3 › Full screen article-diary (2.9s)
  ✓   35 [chromium] › tests/full-review.spec.ts:9:3 › Full screen article-hugo (4.9s)
  ✓   38 [chromium] › tests/full-review.spec.ts:9:3 › Full screen article-pasmo (3.4s)
  ✓   40 [chromium] › tests/full-review.spec.ts:9:3 › Full screen archives (3.0s)
  ✓   41 [chromium] › tests/full-review.spec.ts:9:3 › Full screen 404 (2.4s)
  ✓   42 [chromium] › tests/full-review.spec.ts:9:3 › Full screen empty (2.4s)
  ✓   45 [chromium] › tests/media.spec.ts:10:1 › responsive candidates, originals, dimensions, loading and figure semantics (558ms)
  ✓   43 [chromium] › tests/full-review.spec.ts:9:3 › Full screen single-item (2.6s)
  ✓   44 [chromium] › tests/full-review.spec.ts:138:1 › discovery semantics, keyboard, fixed pages and JavaScript-disabled navigation (2.5s)
  ✓   46 [chromium] › tests/media.spec.ts:88:1 › WebP preserves PNG pixels and transparency at each generated width (1.4s)
  ✓   49 [chromium] › tests/metadata.spec.ts:52:1 › RSS uses all ordered articles, plain common summaries and stable document GUIDs (104ms)
  ✓   48 [chromium] › tests/media.spec.ts:193:1 › DPR chooses fitting candidates and JavaScript-free media remain usable (447ms)
  ✓   50 [chromium] › tests/metadata.spec.ts:79:1 › taxonomy feeds contain term pages, term feeds filter posts, empty feeds have no fake dates (94ms)
  ✓   52 [chromium] › tests/metadata.spec.ts:135:1 › description, dates and JSON-LD preserve page roles and safe text (98ms)
  ✓   51 [chromium] › tests/metadata.spec.ts:109:1 › canonical and discovery URLs follow the active pager and build baseURL (157ms)
  ✓   53 [chromium] › tests/metadata.spec.ts:170:1 › SNS images use cover, global assets/static/external defaults or none, never body images (111ms)
  ✓   54 [chromium] › tests/metadata.spec.ts:193:1 › all XML parses, sitemap and robots follow production and preview (129ms)
  ✓   56 [chromium] › tests/migration.spec.ts:41:3 › All migrated outputs: preview (507ms)
  ✓   39 [chromium] › tests/full-review.spec.ts:9:3 › Full screen about (8.1s)
  ✓   34 [chromium] › tests/full-review.spec.ts:9:3 › Full screen article (11.9s)
  ✓   57 [chromium] › tests/prose.spec.ts:19:1 › copy preserves code with Japanese, inline/table numbers, unknown language and no label (652ms)
  ✓   58 [chromium] › tests/prose.spec.ts:47:1 › failed copy announces manual fallback, permits retry, and resets success after three seconds (297ms)
  ✓   55 [chromium] › tests/migration.spec.ts:41:3 › All migrated outputs: production (1.4s)
  ✓   59 [chromium] › tests/prose.spec.ts:74:1 › keyboard reveals copy and Escape returns focus to selectable code (394ms)
  ✓   47 [chromium] › tests/media.spec.ts:151:1 › media geometry matches mock, small images stay small, both colors remain accessible (3.1s)
  ✓   60 [chromium] › tests/prose.spec.ts:95:1 › touch reveals copy, outside tap and horizontal scroll dismiss it (418ms)
  ✓   61 [chromium] › tests/prose.spec.ts:116:1 › the first tap on a revealed copy button copies exactly once (520ms)
  ✓   63 [chromium] › tests/prose.spec.ts:256:1 › full real article preserves mock prose layout in both palettes and widths (1.9s)
  ✓   65 [chromium] › tests/review.spec.ts:70:3 › Representative posts comparison, both widths/colors and text enlargement (3.0s)
  ✓   64 [chromium] › tests/review.spec.ts:70:3 › Representative home comparison, both widths/colors and text enlargement (3.3s)
  ✓   69 [chromium] › tests/sharing.spec.ts:59:1 › failed star download preserves reading and share links and announces failure (486ms)
  ✓   62 [chromium] › tests/prose.spec.ts:160:1 › prose matches mock type and spacing; footnotes, headings, dates and JS-free reading work (4.2s)
  ✓   70 [chromium] › tests/sharing.spec.ts:72:1 › preview cannot share or load stars; JS-free production retains ordinary links (320ms)
  ✓   68 [chromium] › tests/sharing.spec.ts:14:1 › shared document URLs, encoded titles, service order and keyboard navigation (1.1s)
  ✓   71 [chromium] › tests/sharing.spec.ts:103:1 › sharing retains mock geometry and icon styling at both widths and palettes (772ms)
  ✓   74 [chromium] › tests/site.spec.ts:99:1 › real video reserves its intrinsic ratio before loading; native playback dimensions agree (324ms)
  ✓   75 [chromium] › tests/theme.spec.ts:4:1 › portrait and landscape keep the type scale while explicit text enlargement still works (676ms)
  ✓   76 [chromium] › tests/theme.spec.ts:50:1 › saved pref-theme is applied before styles load (133ms)
  ✓   72 [chromium] › tests/site.spec.ts:9:3 › Migrated site production: all embed positions, URLs and publication controls (2.0s)
  ✓   73 [chromium] › tests/site.spec.ts:9:3 › Migrated site preview: all embed positions, URLs and publication controls (1.9s)
  ✓   77 [chromium] › tests/theme.spec.ts:71:1 › OS follows until a keyboard choice, persists and ignores mock query parameters (275ms)
  ✓   79 [chromium] › tests/theme.spec.ts:124:1 › invalid saved value uses OS preference (131ms)
  ✓   78 [chromium] › tests/theme.spec.ts:99:1 › invalid and unavailable storage retain OS fallback and allow a page-local choice (198ms)
  ✓   80 [chromium] › tests/theme.spec.ts:131:1 › without JavaScript both OS palettes, navigation and subscription remain usable (307ms)
(node:70987) Warning: The 'NO_COLOR' env is ignored due to the 'FORCE_COLOR' env being set.
(Use `node --trace-warnings ...` to show where the warning was created)
  ✓   82 [chromium] › tests/tooling.spec.ts:5:1 › Hugo formatting preserves inline spaces, attributes, render hooks and compiled assets (751ms)
(node:70997) Warning: The 'NO_COLOR' env is ignored due to the 'FORCE_COLOR' env being set.
(Use `node --trace-warnings ...` to show where the warning was created)
  ✓   81 [chromium] › tests/theme.spec.ts:148:1 › shared shell keeps mock dimensions at desktop and mobile widths in both palettes (1.6s)
(node:71003) Warning: The 'NO_COLOR' env is ignored due to the 'FORCE_COLOR' env being set.
(Use `node --trace-warnings ...` to show where the warning was created)
  ✓   67 [chromium] › tests/review.spec.ts:70:3 › Representative specimen comparison, both widths/colors and text enlargement (7.7s)
(node:71009) Warning: The 'NO_COLOR' env is ignored due to the 'FORCE_COLOR' env being set.
(Use `node --trace-warnings ...` to show where the warning was created)
  ✓   85 [firefox] › tests/collections.spec.ts:91:1 › pagination and whole-card links work without JavaScript (1.7s)
  ✓   66 [chromium] › tests/review.spec.ts:70:3 › Representative article comparison, both widths/colors and text enlargement (11.5s)
(node:71045) Warning: The 'NO_COLOR' env is ignored due to the 'FORCE_COLOR' env being set.
(Use `node --trace-warnings ...` to show where the warning was created)
  ✓   83 [firefox] › tests/collections.spec.ts:4:1 › home and section pagination retain newer-left/older-right and first-page introduction (2.5s)
  ✓   87 [firefox] › tests/full-review.spec.ts:9:3 › Full screen home-2 (4.6s)
  ✓   86 [firefox] › tests/full-review.spec.ts:9:3 › Full screen home (5.7s)
  ✓   89 [firefox] › tests/full-review.spec.ts:9:3 › Full screen posts (4.5s)
  ✓   84 [firefox] › tests/collections.spec.ts:29:1 › list text, separators and pager preserve frozen mock styles in both widths and palettes (7.7s)
  ✓   88 [firefox] › tests/full-review.spec.ts:9:3 › Full screen home-3 (5.0s)
  ✓   90 [firefox] › tests/full-review.spec.ts:9:3 › Full screen posts-2 (4.9s)
  ✓   91 [firefox] › tests/full-review.spec.ts:9:3 › Full screen posts-3 (5.0s)
  ✓   92 [firefox] › tests/full-review.spec.ts:9:3 › Full screen tags (5.0s)
  ✓   93 [firefox] › tests/full-review.spec.ts:9:3 › Full screen tags-empty (4.9s)
  ✓   94 [firefox] › tests/full-review.spec.ts:9:3 › Full screen tag-1 (5.0s)
  ✓   95 [firefox] › tests/full-review.spec.ts:9:3 › Full screen tag-2 (4.2s)
  ✓   96 [firefox] › tests/full-review.spec.ts:9:3 › Full screen tag-3 (4.1s)
  ✓   97 [firefox] › tests/full-review.spec.ts:9:3 › Full screen tag-4 (4.2s)
  ✓   98 [firefox] › tests/full-review.spec.ts:9:3 › Full screen tag-5 (4.2s)
  ✓   99 [firefox] › tests/full-review.spec.ts:9:3 › Full screen tag-6 (4.2s)
  ✓  100 [firefox] › tests/full-review.spec.ts:9:3 › Full screen tag-7 (4.1s)
  ✓  101 [firefox] › tests/full-review.spec.ts:9:3 › Full screen tag-8 (4.2s)
  ✓  102 [firefox] › tests/full-review.spec.ts:9:3 › Full screen tag-9 (4.1s)
  ✓  103 [firefox] › tests/full-review.spec.ts:9:3 › Full screen tag-10 (4.1s)
  ✓  104 [firefox] › tests/full-review.spec.ts:9:3 › Full screen tag-11 (4.3s)
  ✓  105 [firefox] › tests/full-review.spec.ts:9:3 › Full screen categories (5.2s)
  ✓  108 [firefox] › tests/full-review.spec.ts:9:3 › Full screen category-2 (4.1s)
  ✓  106 [firefox] › tests/full-review.spec.ts:9:3 › Full screen categories-empty (5.2s)
  ✓  107 [firefox] › tests/full-review.spec.ts:9:3 › Full screen category-1 (5.3s)
  ✓  109 [firefox] › tests/full-review.spec.ts:9:3 › Full screen category-2-2 (5.5s)
  ✓  110 [firefox] › tests/full-review.spec.ts:9:3 › Full screen tag-pagination (4.1s)
  ✓  112 [firefox] › tests/full-review.spec.ts:9:3 › Full screen tag-pagination-3 (3.9s)
  ✓  113 [firefox] › tests/full-review.spec.ts:9:3 › Full screen category-pagination (4.2s)
  ✓  111 [firefox] › tests/full-review.spec.ts:9:3 › Full screen tag-pagination-2 (5.9s)
  ✓  114 [firefox] › tests/full-review.spec.ts:9:3 › Full screen category-pagination-2 (4.1s)
  ✓  115 [firefox] › tests/full-review.spec.ts:9:3 › Full screen category-pagination-3 (4.1s)
  ✓  118 [firefox] › tests/full-review.spec.ts:9:3 › Full screen article-diary (4.4s)
  ✓  119 [firefox] › tests/full-review.spec.ts:9:3 › Full screen article-bgm (4.4s)
  ✓  117 [firefox] › tests/full-review.spec.ts:9:3 › Full screen article-hugo (6.4s)
  ✓  120 [firefox] › tests/full-review.spec.ts:9:3 › Full screen article-pasmo (4.7s)
  ✓  122 [firefox] › tests/full-review.spec.ts:9:3 › Full screen archives (4.3s)
  ✓  123 [firefox] › tests/full-review.spec.ts:9:3 › Full screen 404 (3.8s)
  ✓  116 [firefox] › tests/full-review.spec.ts:9:3 › Full screen article (11.5s)
  ✓  124 [firefox] › tests/full-review.spec.ts:9:3 › Full screen empty (3.8s)
  ✓  127 [firefox] › tests/media.spec.ts:10:1 › responsive candidates, originals, dimensions, loading and figure semantics (1.1s)
  ✓  121 [firefox] › tests/full-review.spec.ts:9:3 › Full screen about (7.2s)
  ✓  130 [firefox] › tests/media.spec.ts:193:1 › DPR chooses fitting candidates and JavaScript-free media remain usable (1.0s)
  ✓  125 [firefox] › tests/full-review.spec.ts:9:3 › Full screen single-item (3.9s)
  ✓  131 [firefox] › tests/metadata.spec.ts:52:1 › RSS uses all ordered articles, plain common summaries and stable document GUIDs (229ms)
  ✓  132 [firefox] › tests/metadata.spec.ts:79:1 › taxonomy feeds contain term pages, term feeds filter posts, empty feeds have no fake dates (252ms)
  ✓  128 [firefox] › tests/media.spec.ts:88:1 › WebP preserves PNG pixels and transparency at each generated width (3.1s)
  ✓  135 [firefox] › tests/metadata.spec.ts:170:1 › SNS images use cover, global assets/static/external defaults or none, never body images (312ms)
  ✓  136 [firefox] › tests/metadata.spec.ts:193:1 › all XML parses, sitemap and robots follow production and preview (287ms)
  ✓  126 [firefox] › tests/full-review.spec.ts:138:1 › discovery semantics, keyboard, fixed pages and JavaScript-disabled navigation (4.5s)
  ✓  133 [firefox] › tests/metadata.spec.ts:109:1 › canonical and discovery URLs follow the active pager and build baseURL (1.5s)
  ✓  134 [firefox] › tests/metadata.spec.ts:135:1 › description, dates and JSON-LD preserve page roles and safe text (1.7s)
  ✓  140 [firefox] › tests/prose.spec.ts:47:1 › failed copy announces manual fallback, permits retry, and resets success after three seconds (619ms)
  ✓  129 [firefox] › tests/media.spec.ts:151:1 › media geometry matches mock, small images stay small, both colors remain accessible (4.5s)
  ✓  139 [firefox] › tests/prose.spec.ts:19:1 › copy preserves code with Japanese, inline/table numbers, unknown language and no label (974ms)
  ✓  137 [firefox] › tests/migration.spec.ts:41:3 › All migrated outputs: production (1.7s)
  ✓  138 [firefox] › tests/migration.spec.ts:41:3 › All migrated outputs: preview (1.9s)
  ✓  141 [firefox] › tests/prose.spec.ts:74:1 › keyboard reveals copy and Escape returns focus to selectable code (774ms)
  ✓  142 [firefox] › tests/prose.spec.ts:95:1 › touch reveals copy, outside tap and horizontal scroll dismiss it (787ms)
  ✓  143 [firefox] › tests/prose.spec.ts:116:1 › the first tap on a revealed copy button copies exactly once (913ms)
  ✓  145 [firefox] › tests/prose.spec.ts:256:1 › full real article preserves mock prose layout in both palettes and widths (1.7s)
  ✓  146 [firefox] › tests/review.spec.ts:70:3 › Representative home comparison, both widths/colors and text enlargement (4.3s)
  ✓  147 [firefox] › tests/review.spec.ts:70:3 › Representative posts comparison, both widths/colors and text enlargement (5.5s)
  ✓  150 [firefox] › tests/sharing.spec.ts:14:1 › shared document URLs, encoded titles, service order and keyboard navigation (2.0s)
  ✓  151 [firefox] › tests/sharing.spec.ts:59:1 › failed star download preserves reading and share links and announces failure (850ms)
  ✓  144 [firefox] › tests/prose.spec.ts:160:1 › prose matches mock type and spacing; footnotes, headings, dates and JS-free reading work (7.0s)
  ✓  152 [firefox] › tests/sharing.spec.ts:72:1 › preview cannot share or load stars; JS-free production retains ordinary links (735ms)
  ✓  153 [firefox] › tests/sharing.spec.ts:103:1 › sharing retains mock geometry and icon styling at both widths and palettes (1.5s)
  ✓  156 [firefox] › tests/site.spec.ts:99:1 › real video reserves its intrinsic ratio before loading; native playback dimensions agree (539ms)
  ✓  157 [firefox] › tests/theme.spec.ts:4:1 › portrait and landscape keep the type scale while explicit text enlargement still works (1.2s)
  ✓  154 [firefox] › tests/site.spec.ts:9:3 › Migrated site production: all embed positions, URLs and publication controls (3.3s)
  ✓  158 [firefox] › tests/theme.spec.ts:50:1 › saved pref-theme is applied before styles load (277ms)
  ✓  155 [firefox] › tests/site.spec.ts:9:3 › Migrated site preview: all embed positions, URLs and publication controls (3.1s)
  ✓  159 [firefox] › tests/theme.spec.ts:71:1 › OS follows until a keyboard choice, persists and ignores mock query parameters (493ms)
  ✓  160 [firefox] › tests/theme.spec.ts:99:1 › invalid and unavailable storage retain OS fallback and allow a page-local choice (327ms)
  ✓  149 [firefox] › tests/review.spec.ts:70:3 › Representative specimen comparison, both widths/colors and text enlargement (8.7s)
  ✓  161 [firefox] › tests/theme.spec.ts:124:1 › invalid saved value uses OS preference (272ms)
  ✓  162 [firefox] › tests/theme.spec.ts:131:1 › without JavaScript both OS palettes, navigation and subscription remain usable (483ms)
(node:71525) Warning: The 'NO_COLOR' env is ignored due to the 'FORCE_COLOR' env being set.
(Use `node --trace-warnings ...` to show where the warning was created)
(node:71527) Warning: The 'NO_COLOR' env is ignored due to the 'FORCE_COLOR' env being set.
(Use `node --trace-warnings ...` to show where the warning was created)
  ✓  164 [firefox] › tests/tooling.spec.ts:5:1 › Hugo formatting preserves inline spaces, attributes, render hooks and compiled assets (1.4s)
  ✓  148 [firefox] › tests/review.spec.ts:70:3 › Representative article comparison, both widths/colors and text enlargement (11.6s)
(node:71551) Warning: The 'NO_COLOR' env is ignored due to the 'FORCE_COLOR' env being set.
(Use `node --trace-warnings ...` to show where the warning was created)
(node:71553) Warning: The 'NO_COLOR' env is ignored due to the 'FORCE_COLOR' env being set.
(Use `node --trace-warnings ...` to show where the warning was created)
  ✓  163 [firefox] › tests/theme.spec.ts:148:1 › shared shell keeps mock dimensions at desktop and mobile widths in both palettes (3.0s)
  ✓  167 [webkit] › tests/collections.spec.ts:91:1 › pagination and whole-card links work without JavaScript (932ms)
(node:71592) Warning: The 'NO_COLOR' env is ignored due to the 'FORCE_COLOR' env being set.
(Use `node --trace-warnings ...` to show where the warning was created)
  ✓  165 [webkit] › tests/collections.spec.ts:4:1 › home and section pagination retain newer-left/older-right and first-page introduction (1.4s)
  ✓  168 [webkit] › tests/full-review.spec.ts:9:3 › Full screen home (4.9s)
  ✓  169 [webkit] › tests/full-review.spec.ts:9:3 › Full screen home-3 (4.4s)
  ✓  171 [webkit] › tests/full-review.spec.ts:9:3 › Full screen posts (4.7s)
  ✓  170 [webkit] › tests/full-review.spec.ts:9:3 › Full screen home-2 (4.5s)
  ✓  166 [webkit] › tests/collections.spec.ts:29:1 › list text, separators and pager preserve frozen mock styles in both widths and palettes (6.7s)
  ✓  172 [webkit] › tests/full-review.spec.ts:9:3 › Full screen posts-2 (4.1s)
  ✓  173 [webkit] › tests/full-review.spec.ts:9:3 › Full screen posts-3 (4.1s)
  ✓  175 [webkit] › tests/full-review.spec.ts:9:3 › Full screen tags-empty (3.8s)
  ✓  174 [webkit] › tests/full-review.spec.ts:9:3 › Full screen tags (4.0s)
  ✓  176 [webkit] › tests/full-review.spec.ts:9:3 › Full screen tag-1 (4.1s)
  ✓  177 [webkit] › tests/full-review.spec.ts:9:3 › Full screen tag-2 (3.6s)
  ✓  178 [webkit] › tests/full-review.spec.ts:9:3 › Full screen tag-3 (3.8s)
  ✓  179 [webkit] › tests/full-review.spec.ts:9:3 › Full screen tag-4 (3.8s)
  ✓  180 [webkit] › tests/full-review.spec.ts:9:3 › Full screen tag-5 (3.8s)
  ✓  181 [webkit] › tests/full-review.spec.ts:9:3 › Full screen tag-6 (3.6s)
  ✓  182 [webkit] › tests/full-review.spec.ts:9:3 › Full screen tag-7 (3.6s)
  ✓  183 [webkit] › tests/full-review.spec.ts:9:3 › Full screen tag-8 (3.6s)
  ✓  184 [webkit] › tests/full-review.spec.ts:9:3 › Full screen tag-9 (3.6s)
  ✓  185 [webkit] › tests/full-review.spec.ts:9:3 › Full screen tag-10 (3.7s)
  ✓  186 [webkit] › tests/full-review.spec.ts:9:3 › Full screen tag-11 (3.8s)
  ✓  187 [webkit] › tests/full-review.spec.ts:9:3 › Full screen categories (3.6s)
  ✓  188 [webkit] › tests/full-review.spec.ts:9:3 › Full screen categories-empty (3.6s)
  ✓  190 [webkit] › tests/full-review.spec.ts:9:3 › Full screen category-2 (3.7s)
  ✓  189 [webkit] › tests/full-review.spec.ts:9:3 › Full screen category-1 (3.9s)
  ✓  191 [webkit] › tests/full-review.spec.ts:9:3 › Full screen category-2-2 (3.7s)
  ✓  192 [webkit] › tests/full-review.spec.ts:9:3 › Full screen tag-pagination (4.1s)
  ✓  193 [webkit] › tests/full-review.spec.ts:9:3 › Full screen tag-pagination-2 (4.0s)
  ✓  194 [webkit] › tests/full-review.spec.ts:9:3 › Full screen tag-pagination-3 (3.8s)
  ✓  195 [webkit] › tests/full-review.spec.ts:9:3 › Full screen category-pagination (3.9s)
  ✓  196 [webkit] › tests/full-review.spec.ts:9:3 › Full screen category-pagination-2 (3.9s)
  ✓  197 [webkit] › tests/full-review.spec.ts:9:3 › Full screen category-pagination-3 (3.8s)
  ✓  200 [webkit] › tests/full-review.spec.ts:9:3 › Full screen article-diary (4.2s)
  ✓  201 [webkit] › tests/full-review.spec.ts:9:3 › Full screen article-bgm (4.1s)
  ✓  199 [webkit] › tests/full-review.spec.ts:9:3 › Full screen article-hugo (5.7s)
  ✓  202 [webkit] › tests/full-review.spec.ts:9:3 › Full screen article-pasmo (4.3s)
  ✓  204 [webkit] › tests/full-review.spec.ts:9:3 › Full screen archives (4.1s)
  ✓  205 [webkit] › tests/full-review.spec.ts:9:3 › Full screen 404 (3.6s)
  ✓  198 [webkit] › tests/full-review.spec.ts:9:3 › Full screen article (10.7s)
  ✓  206 [webkit] › tests/full-review.spec.ts:9:3 › Full screen empty (3.6s)
  ✓  203 [webkit] › tests/full-review.spec.ts:9:3 › Full screen about (6.4s)
  ✓  209 [webkit] › tests/media.spec.ts:10:1 › responsive candidates, originals, dimensions, loading and figure semantics (1.1s)
  ✓  212 [webkit] › tests/media.spec.ts:193:1 › DPR chooses fitting candidates and JavaScript-free media remain usable (1.3s)
  ✓  210 [webkit] › tests/media.spec.ts:88:1 › WebP preserves PNG pixels and transparency at each generated width (1.9s)
  ✓  207 [webkit] › tests/full-review.spec.ts:9:3 › Full screen single-item (3.6s)
  ✓  213 [webkit] › tests/metadata.spec.ts:52:1 › RSS uses all ordered articles, plain common summaries and stable document GUIDs (239ms)
  ✓  214 [webkit] › tests/metadata.spec.ts:79:1 › taxonomy feeds contain term pages, term feeds filter posts, empty feeds have no fake dates (259ms)
  ✓  215 [webkit] › tests/metadata.spec.ts:109:1 › canonical and discovery URLs follow the active pager and build baseURL (306ms)
  ✓  216 [webkit] › tests/metadata.spec.ts:135:1 › description, dates and JSON-LD preserve page roles and safe text (249ms)
  ✓  217 [webkit] › tests/metadata.spec.ts:170:1 › SNS images use cover, global assets/static/external defaults or none, never body images (277ms)
  ✓  218 [webkit] › tests/metadata.spec.ts:193:1 › all XML parses, sitemap and robots follow production and preview (345ms)
  ✓  208 [webkit] › tests/full-review.spec.ts:138:1 › discovery semantics, keyboard, fixed pages and JavaScript-disabled navigation (4.1s)
  ✓  220 [webkit] › tests/migration.spec.ts:41:3 › All migrated outputs: preview (598ms)
  ✓  222 [webkit] › tests/prose.spec.ts:47:1 › failed copy announces manual fallback, permits retry, and resets success after three seconds (497ms)
  ✓  221 [webkit] › tests/prose.spec.ts:19:1 › copy preserves code with Japanese, inline/table numbers, unknown language and no label (835ms)
  ✓  223 [webkit] › tests/prose.spec.ts:74:1 › keyboard reveals copy and Escape returns focus to selectable code (712ms)
  ✓  224 [webkit] › tests/prose.spec.ts:95:1 › touch reveals copy, outside tap and horizontal scroll dismiss it (718ms)
  ✓  225 [webkit] › tests/prose.spec.ts:116:1 › the first tap on a revealed copy button copies exactly once (796ms)
  ✓  211 [webkit] › tests/media.spec.ts:151:1 › media geometry matches mock, small images stay small, both colors remain accessible (4.2s)
  ✓  219 [webkit] › tests/migration.spec.ts:41:3 › All migrated outputs: production (2.6s)
  ✓  227 [webkit] › tests/prose.spec.ts:256:1 › full real article preserves mock prose layout in both palettes and widths (1.7s)
  ✓  229 [webkit] › tests/review.spec.ts:70:3 › Representative posts comparison, both widths/colors and text enlargement (4.1s)
  ✓  228 [webkit] › tests/review.spec.ts:70:3 › Representative home comparison, both widths/colors and text enlargement (4.2s)
  ✓  233 [webkit] › tests/sharing.spec.ts:59:1 › failed star download preserves reading and share links and announces failure (926ms)
  ✓  234 [webkit] › tests/sharing.spec.ts:72:1 › preview cannot share or load stars; JS-free production retains ordinary links (636ms)
  ✓  232 [webkit] › tests/sharing.spec.ts:14:1 › shared document URLs, encoded titles, service order and keyboard navigation (1.7s)
  ✓  226 [webkit] › tests/prose.spec.ts:160:1 › prose matches mock type and spacing; footnotes, headings, dates and JS-free reading work (6.8s)
  ✓  235 [webkit] › tests/sharing.spec.ts:103:1 › sharing retains mock geometry and icon styling at both widths and palettes (1.4s)
  ✓  238 [webkit] › tests/site.spec.ts:99:1 › real video reserves its intrinsic ratio before loading; native playback dimensions agree (709ms)
  ✓  236 [webkit] › tests/site.spec.ts:9:3 › Migrated site production: all embed positions, URLs and publication controls (2.9s)
  ✓  239 [webkit] › tests/theme.spec.ts:4:1 › portrait and landscape keep the type scale while explicit text enlargement still works (953ms)
  ✓  237 [webkit] › tests/site.spec.ts:9:3 › Migrated site preview: all embed positions, URLs and publication controls (2.7s)
  ✓  240 [webkit] › tests/theme.spec.ts:50:1 › saved pref-theme is applied before styles load (319ms)
  ✓  231 [webkit] › tests/review.spec.ts:70:3 › Representative specimen comparison, both widths/colors and text enlargement (7.7s)
  ✓  242 [webkit] › tests/theme.spec.ts:124:1 › invalid saved value uses OS preference (296ms)
  ✓  243 [webkit] › tests/theme.spec.ts:99:1 › invalid and unavailable storage retain OS fallback and allow a page-local choice (346ms)
  ✓  241 [webkit] › tests/theme.spec.ts:71:1 › OS follows until a keyboard choice, persists and ignores mock query parameters (557ms)
  ✓  244 [webkit] › tests/theme.spec.ts:131:1 › without JavaScript both OS palettes, navigation and subscription remain usable (447ms)
  ✓  246 [webkit] › tests/tooling.spec.ts:5:1 › Hugo formatting preserves inline spaces, attributes, render hooks and compiled assets (1.1s)
  ✓  230 [webkit] › tests/review.spec.ts:70:3 › Representative article comparison, both widths/colors and text enlargement (10.0s)
  ✓  245 [webkit] › tests/theme.spec.ts:148:1 › shared shell keeps mock dimensions at desktop and mobile widths in both palettes (2.5s)

  246 passed (2.5m)
