node:internal/modules/run_main:107
    triggerUncaughtException(
    ^

AssertionError [ERR_ASSERTION]: Expected values to be strictly deep-equal:
+ actual - expected

  [
    '業務経験',
    '',
    '',
+   '所属',
+   '時期',
+   '職種'
  ]

    at file:///Users/shimoju/dev/src/github.com/shimoju/shimoju.jp/themes/shsh/scripts/verify-review-submission.ts:44:18
    at runNextTicks (node:internal/process/task_queues:65:5)
    at process.processImmediate (node:internal/timers:541:9) {
  generatedMessage: true,
  code: 'ERR_ASSERTION',
  actual: [ '業務経験', '', '', '所属', '時期', '職種' ],
  expected: [ '業務経験', '', '' ],
  operator: 'deepStrictEqual',
  diff: 'simple'
}

Node.js v24.21.0
