$ pnpm format:check && pnpm lint && pnpm lint:css && pnpm check:progress && pnpm check:tooling && pnpm build:fixtures && pnpm check:theme && pnpm check:collections && pnpm check:prose && pnpm check:media && pnpm test
$ node scripts/format.mjs
Checking formatting...

All matched files use the correct format.
Finished in 139ms on 62 files using 10 threads.
Go templates: 36 checked, 0 differ.
$ oxlint --type-aware --type-check --deny-warnings scripts tests themes playwright.config.ts
$ stylelint "themes/shsh/assets/css/**/*.css" "tests/fixtures/**/*.css" --allow-empty-input
$ node scripts/verify-progress.mjs
Progress valid: 18 tasks; requirements Q1–Q34; discipline Q1–Q9; references and DAG checked. Human evidence still requires review.
$ node --experimental-strip-types scripts/verify-tooling.ts
Toolchain probes passed. Hugo/formatter output is ready for three-engine browser comparison.
{ hugo_before_ms: 56, template_format_ms: 33, hugo_after_ms: 29 }
$ node scripts/build-fixtures.ts
Start building sites …
hugo v0.166.0+extended+withdeploy darwin/arm64 BuildDate=2026-09-09T14:45:02Z VendorInfo=Homebrew


                  │ JA
──────────────────┼────
 Pages            │ 15
 Paginator pages  │  4
 Non-page files   │  0
 Static files     │  0
 Processed images │  0
 Aliases          │  2
 Cleaned          │  0

Total in 26 ms
Start building sites …
hugo v0.166.0+extended+withdeploy darwin/arm64 BuildDate=2026-09-09T14:45:02Z VendorInfo=Homebrew


                  │ JA
──────────────────┼────
 Pages            │ 15
 Paginator pages  │  4
 Non-page files   │  0
 Static files     │  0
 Processed images │  0
 Aliases          │  2
 Cleaned          │  0

Total in 25 ms
Start building sites …
hugo v0.166.0+extended+withdeploy darwin/arm64 BuildDate=2026-09-09T14:45:02Z VendorInfo=Homebrew


                  │ JA
──────────────────┼────
 Pages            │ 15
 Paginator pages  │  4
 Non-page files   │  0
 Static files     │  0
 Processed images │  0
 Aliases          │  2
 Cleaned          │  0

Total in 26 ms
$ node scripts/verify-theme.ts
Theme foundation: HTML, production/preview/development assets, invalid configuration and minimal alternative site passed.
$ node scripts/verify-collections.ts
Collections: empty/single/default10/custom2, UTC ties, mainSections, publication filters, summaries, dates and invalid inputs passed.
$ node scripts/verify-prose.ts
Prose: date fallback/day boundaries/visibility/types, legal footnote IDs, full real article HTML and native heading IDs passed.
$ node scripts/verify-media.ts
Start building sites …
hugo v0.166.0+extended+withdeploy darwin/arm64 BuildDate=2026-09-09T14:45:02Z VendorInfo=Homebrew


                  │ JA
──────────────────┼────
 Pages            │ 14
 Paginator pages  │  2
 Non-page files   │ 12
 Static files     │  4
 Processed images │ 46
 Aliases          │  2
 Cleaned          │  0

Total in 2302 ms
Start building sites …
hugo v0.166.0+extended+withdeploy darwin/arm64 BuildDate=2026-09-09T14:45:02Z VendorInfo=Homebrew


                  │ JA
──────────────────┼────
 Pages            │ 14
 Paginator pages  │  2
 Non-page files   │ 12
 Static files     │  4
 Processed images │ 46
 Aliases          │  2
 Cleaned          │  0

Total in 31 ms
Media: production/preview HTML, unchanged original media, unavailable external URL and invalid inputs passed.
$ playwright test
[WebServer] (node:60129) Warning: The 'NO_COLOR' env is ignored due to the 'FORCE_COLOR' env being set.
[WebServer] (Use `node --trace-warnings ...` to show where the warning was created)

Running 60 tests using 5 workers

(node:60133) Warning: The 'NO_COLOR' env is ignored due to the 'FORCE_COLOR' env being set.
(Use `node --trace-warnings ...` to show where the warning was created)
(node:60130) Warning: The 'NO_COLOR' env is ignored due to the 'FORCE_COLOR' env being set.
(Use `node --trace-warnings ...` to show where the warning was created)
(node:60131) Warning: The 'NO_COLOR' env is ignored due to the 'FORCE_COLOR' env being set.
(Use `node --trace-warnings ...` to show where the warning was created)
(node:60132) Warning: The 'NO_COLOR' env is ignored due to the 'FORCE_COLOR' env being set.
(Use `node --trace-warnings ...` to show where the warning was created)
(node:60134) Warning: The 'NO_COLOR' env is ignored due to the 'FORCE_COLOR' env being set.
(Use `node --trace-warnings ...` to show where the warning was created)
  ✓   5 [chromium] › tests/collections.spec.ts:87:1 › pagination and whole-card links work without JavaScript (378ms)
  ✓   4 [chromium] › tests/media.spec.ts:10:1 › responsive candidates, originals, dimensions, loading and figure semantics (613ms)
  ✓   1 [chromium] › tests/collections.spec.ts:4:1 › home and section pagination retain newer-left/older-right and first-page introduction (785ms)
  ✓   7 [chromium] › tests/media.spec.ts:167:1 › DPR chooses fitting candidates and JavaScript-free media remain usable (429ms)
  ✓   2 [chromium] › tests/media.spec.ts:62:1 › WebP preserves PNG pixels and transparency at each generated width (1.3s)
  ✓   9 [chromium] › tests/prose.spec.ts:46:1 › failed copy announces manual fallback, permits retry, and resets success after three seconds (303ms)
  ✓   8 [chromium] › tests/prose.spec.ts:18:1 › copy preserves code with Japanese, inline/table numbers, unknown language and no label (651ms)
  ✓  10 [chromium] › tests/prose.spec.ts:73:1 › keyboard reveals copy and Escape returns focus to selectable code (454ms)
  ✓  11 [chromium] › tests/prose.spec.ts:94:1 › touch reveals copy, outside tap and horizontal scroll dismiss it (389ms)
  ✓  14 [chromium] › tests/theme.spec.ts:4:1 › saved pref-theme is applied before styles load (133ms)
  ✓  15 [chromium] › tests/theme.spec.ts:25:1 › OS follows until a keyboard choice, persists and ignores mock query parameters (266ms)
  ✓  16 [chromium] › tests/theme.spec.ts:53:1 › invalid and unavailable storage retain OS fallback and allow a page-local choice (190ms)
  ✓  17 [chromium] › tests/theme.spec.ts:78:1 › invalid saved value uses OS preference (120ms)
  ✓  18 [chromium] › tests/theme.spec.ts:85:1 › without JavaScript both OS palettes, navigation and subscription remain usable (229ms)
  ✓   3 [chromium] › tests/collections.spec.ts:29:1 › list text, separators and pager preserve frozen mock styles in both widths and palettes (3.2s)
  ✓   6 [chromium] › tests/media.spec.ts:125:1 › media geometry matches mock, small images stay small, both colors remain accessible (3.0s)
  ✓  13 [chromium] › tests/prose.spec.ts:204:1 › full real article preserves mock prose layout in both palettes and widths (1.8s)
(node:60198) Warning: The 'NO_COLOR' env is ignored due to the 'FORCE_COLOR' env being set.
(Use `node --trace-warnings ...` to show where the warning was created)
  ✓  20 [chromium] › tests/tooling.spec.ts:5:1 › Hugo formatting preserves inline spaces, attributes, render hooks and compiled assets (683ms)
(node:60200) Warning: The 'NO_COLOR' env is ignored due to the 'FORCE_COLOR' env being set.
(Use `node --trace-warnings ...` to show where the warning was created)
(node:60203) Warning: The 'NO_COLOR' env is ignored due to the 'FORCE_COLOR' env being set.
(Use `node --trace-warnings ...` to show where the warning was created)
  ✓  19 [chromium] › tests/theme.spec.ts:102:1 › shared shell keeps mock dimensions at desktop and mobile widths in both palettes (1.5s)
(node:60209) Warning: The 'NO_COLOR' env is ignored due to the 'FORCE_COLOR' env being set.
(Use `node --trace-warnings ...` to show where the warning was created)
  ✓  12 [chromium] › tests/prose.spec.ts:115:1 › prose matches mock type and spacing; footnotes, headings, dates and JS-free reading work (3.4s)
(node:60225) Warning: The 'NO_COLOR' env is ignored due to the 'FORCE_COLOR' env being set.
(Use `node --trace-warnings ...` to show where the warning was created)
  ✓  21 [firefox] › tests/collections.spec.ts:4:1 › home and section pagination retain newer-left/older-right and first-page introduction (1.9s)
  ✓  23 [firefox] › tests/collections.spec.ts:87:1 › pagination and whole-card links work without JavaScript (1.4s)
  ✓  24 [firefox] › tests/media.spec.ts:10:1 › responsive candidates, originals, dimensions, loading and figure semantics (2.1s)
  ✓  27 [firefox] › tests/media.spec.ts:167:1 › DPR chooses fitting candidates and JavaScript-free media remain usable (1.1s)
  ✓  29 [firefox] › tests/prose.spec.ts:46:1 › failed copy announces manual fallback, permits retry, and resets success after three seconds (528ms)
  ✓  25 [firefox] › tests/media.spec.ts:62:1 › WebP preserves PNG pixels and transparency at each generated width (2.4s)
  ✓  28 [firefox] › tests/prose.spec.ts:18:1 › copy preserves code with Japanese, inline/table numbers, unknown language and no label (1.1s)
  ✓  30 [firefox] › tests/prose.spec.ts:73:1 › keyboard reveals copy and Escape returns focus to selectable code (938ms)
  ✓  31 [firefox] › tests/prose.spec.ts:94:1 › touch reveals copy, outside tap and horizontal scroll dismiss it (816ms)
  ✓  34 [firefox] › tests/theme.spec.ts:4:1 › saved pref-theme is applied before styles load (369ms)
  ✓  35 [firefox] › tests/theme.spec.ts:25:1 › OS follows until a keyboard choice, persists and ignores mock query parameters (652ms)
  ✓  26 [firefox] › tests/media.spec.ts:125:1 › media geometry matches mock, small images stay small, both colors remain accessible (4.4s)
  ✓  36 [firefox] › tests/theme.spec.ts:53:1 › invalid and unavailable storage retain OS fallback and allow a page-local choice (447ms)
  ✓  33 [firefox] › tests/prose.spec.ts:204:1 › full real article preserves mock prose layout in both palettes and widths (1.6s)
  ✓  37 [firefox] › tests/theme.spec.ts:78:1 › invalid saved value uses OS preference (296ms)
  ✓  38 [firefox] › tests/theme.spec.ts:85:1 › without JavaScript both OS palettes, navigation and subscription remain usable (451ms)
  ✓  22 [firefox] › tests/collections.spec.ts:29:1 › list text, separators and pager preserve frozen mock styles in both widths and palettes (6.8s)
(node:60304) Warning: The 'NO_COLOR' env is ignored due to the 'FORCE_COLOR' env being set.
(Use `node --trace-warnings ...` to show where the warning was created)
(node:60307) Warning: The 'NO_COLOR' env is ignored due to the 'FORCE_COLOR' env being set.
(Use `node --trace-warnings ...` to show where the warning was created)
  ✓  41 [webkit] › tests/collections.spec.ts:4:1 › home and section pagination retain newer-left/older-right and first-page introduction (988ms)
  ✓  40 [firefox] › tests/tooling.spec.ts:5:1 › Hugo formatting preserves inline spaces, attributes, render hooks and compiled assets (2.2s)
  ✓  43 [webkit] › tests/collections.spec.ts:87:1 › pagination and whole-card links work without JavaScript (368ms)
(node:60341) Warning: The 'NO_COLOR' env is ignored due to the 'FORCE_COLOR' env being set.
(Use `node --trace-warnings ...` to show where the warning was created)
  ✓  44 [webkit] › tests/media.spec.ts:62:1 › WebP preserves PNG pixels and transparency at each generated width (1.4s)
  ✓  45 [webkit] › tests/media.spec.ts:10:1 › responsive candidates, originals, dimensions, loading and figure semantics (906ms)
  ✓  39 [firefox] › tests/theme.spec.ts:102:1 › shared shell keeps mock dimensions at desktop and mobile widths in both palettes (4.7s)
  ✓  47 [webkit] › tests/media.spec.ts:167:1 › DPR chooses fitting candidates and JavaScript-free media remain usable (975ms)
(node:60373) Warning: The 'NO_COLOR' env is ignored due to the 'FORCE_COLOR' env being set.
(Use `node --trace-warnings ...` to show where the warning was created)
  ✓  48 [webkit] › tests/prose.spec.ts:46:1 › failed copy announces manual fallback, permits retry, and resets success after three seconds (507ms)
  ✓  42 [webkit] › tests/collections.spec.ts:29:1 › list text, separators and pager preserve frozen mock styles in both widths and palettes (4.9s)
  ✓  50 [webkit] › tests/prose.spec.ts:73:1 › keyboard reveals copy and Escape returns focus to selectable code (724ms)
  ✓  32 [firefox] › tests/prose.spec.ts:115:1 › prose matches mock type and spacing; footnotes, headings, dates and JS-free reading work (8.7s)
  ✓  49 [webkit] › tests/prose.spec.ts:18:1 › copy preserves code with Japanese, inline/table numbers, unknown language and no label (1.1s)
  ✓  51 [webkit] › tests/prose.spec.ts:94:1 › touch reveals copy, outside tap and horizontal scroll dismiss it (699ms)
  ✓  53 [webkit] › tests/theme.spec.ts:4:1 › saved pref-theme is applied before styles load (291ms)
(node:60409) Warning: The 'NO_COLOR' env is ignored due to the 'FORCE_COLOR' env being set.
(Use `node --trace-warnings ...` to show where the warning was created)
  ✓  55 [webkit] › tests/theme.spec.ts:53:1 › invalid and unavailable storage retain OS fallback and allow a page-local choice (284ms)
  ✓  54 [webkit] › tests/theme.spec.ts:25:1 › OS follows until a keyboard choice, persists and ignores mock query parameters (398ms)
  ✓  46 [webkit] › tests/media.spec.ts:125:1 › media geometry matches mock, small images stay small, both colors remain accessible (3.6s)
  ✓  56 [webkit] › tests/theme.spec.ts:78:1 › invalid saved value uses OS preference (250ms)
  ✓  58 [webkit] › tests/theme.spec.ts:85:1 › without JavaScript both OS palettes, navigation and subscription remain usable (496ms)
  ✓  60 [webkit] › tests/tooling.spec.ts:5:1 › Hugo formatting preserves inline spaces, attributes, render hooks and compiled assets (1.2s)
  ✓  57 [webkit] › tests/prose.spec.ts:204:1 › full real article preserves mock prose layout in both palettes and widths (1.4s)
  ✓  59 [webkit] › tests/theme.spec.ts:102:1 › shared shell keeps mock dimensions at desktop and mobile widths in both palettes (2.6s)
  ✓  52 [webkit] › tests/prose.spec.ts:115:1 › prose matches mock type and spacing; footnotes, headings, dates and JS-free reading work (4.5s)

  60 passed (22.7s)
[WebServer] (node:60843) Warning: The 'NO_COLOR' env is ignored due to the 'FORCE_COLOR' env being set.
[WebServer] (Use `node --trace-warnings ...` to show where the warning was created)

Running 12 tests using 5 workers

(node:60845) Warning: The 'NO_COLOR' env is ignored due to the 'FORCE_COLOR' env being set.
(Use `node --trace-warnings ...` to show where the warning was created)
(node:60844) Warning: The 'NO_COLOR' env is ignored due to the 'FORCE_COLOR' env being set.
(Use `node --trace-warnings ...` to show where the warning was created)
(node:60847) Warning: The 'NO_COLOR' env is ignored due to the 'FORCE_COLOR' env being set.
(Use `node --trace-warnings ...` to show where the warning was created)
(node:60846) Warning: The 'NO_COLOR' env is ignored due to the 'FORCE_COLOR' env being set.
(Use `node --trace-warnings ...` to show where the warning was created)
(node:60848) Warning: The 'NO_COLOR' env is ignored due to the 'FORCE_COLOR' env being set.
(Use `node --trace-warnings ...` to show where the warning was created)
  ✓   1 [chromium] › tests/media.spec.ts:10:1 › responsive candidates, originals, dimensions, loading and figure semantics (556ms)
  ✓   4 [chromium] › tests/media.spec.ts:172:1 › DPR chooses fitting candidates and JavaScript-free media remain usable (565ms)
(node:60871) Warning: The 'NO_COLOR' env is ignored due to the 'FORCE_COLOR' env being set.
(Use `node --trace-warnings ...` to show where the warning was created)
(node:60869) Warning: The 'NO_COLOR' env is ignored due to the 'FORCE_COLOR' env being set.
(Use `node --trace-warnings ...` to show where the warning was created)
  ✓   3 [chromium] › tests/media.spec.ts:67:1 › WebP preserves PNG pixels and transparency at each generated width (1.2s)
(node:60880) Warning: The 'NO_COLOR' env is ignored due to the 'FORCE_COLOR' env being set.
(Use `node --trace-warnings ...` to show where the warning was created)
  ✓   5 [firefox] › tests/media.spec.ts:10:1 › responsive candidates, originals, dimensions, loading and figure semantics (1.8s)
  ✓   2 [chromium] › tests/media.spec.ts:130:1 › media geometry matches mock, small images stay small, both colors remain accessible (2.9s)
(node:60906) Warning: The 'NO_COLOR' env is ignored due to the 'FORCE_COLOR' env being set.
(Use `node --trace-warnings ...` to show where the warning was created)
(node:60907) Warning: The 'NO_COLOR' env is ignored due to the 'FORCE_COLOR' env being set.
(Use `node --trace-warnings ...` to show where the warning was created)
  ✓   9 [webkit] › tests/media.spec.ts:10:1 › responsive candidates, originals, dimensions, loading and figure semantics (951ms)
  ✓   7 [firefox] › tests/media.spec.ts:67:1 › WebP preserves PNG pixels and transparency at each generated width (2.8s)
  ✓  10 [webkit] › tests/media.spec.ts:67:1 › WebP preserves PNG pixels and transparency at each generated width (1.5s)
  ✓   8 [firefox] › tests/media.spec.ts:172:1 › DPR chooses fitting candidates and JavaScript-free media remain usable (2.4s)
(node:60946) Warning: The 'NO_COLOR' env is ignored due to the 'FORCE_COLOR' env being set.
(Use `node --trace-warnings ...` to show where the warning was created)
  ✓  12 [webkit] › tests/media.spec.ts:172:1 › DPR chooses fitting candidates and JavaScript-free media remain usable (900ms)
  ✓   6 [firefox] › tests/media.spec.ts:130:1 › media geometry matches mock, small images stay small, both colors remain accessible (5.5s)
  ✓  11 [webkit] › tests/media.spec.ts:130:1 › media geometry matches mock, small images stay small, both colors remain accessible (2.9s)

  12 passed (7.8s)
Start building sites …
hugo v0.166.0+extended+withdeploy darwin/arm64 BuildDate=2026-09-09T14:45:02Z VendorInfo=Homebrew


                  │ JA
──────────────────┼────
 Pages            │ 14
 Paginator pages  │  2
 Non-page files   │ 13
 Static files     │  4
 Processed images │ 46
 Aliases          │  2
 Cleaned          │  0

Total in 2320 ms
Start building sites …
hugo v0.166.0+extended+withdeploy darwin/arm64 BuildDate=2026-09-09T14:45:02Z VendorInfo=Homebrew


                  │ JA
──────────────────┼────
 Pages            │ 14
 Paginator pages  │  2
 Non-page files   │ 13
 Static files     │  4
 Processed images │ 46
 Aliases          │  2
 Cleaned          │  0

Total in 31 ms
Media: production/preview HTML, unchanged original media, unavailable external URL and invalid inputs passed.
