[WebServer] (node:74696) Warning: The 'NO_COLOR' env is ignored due to the 'FORCE_COLOR' env being set.
[WebServer] (Use `node --trace-warnings ...` to show where the warning was created)

Running 12 tests using 5 workers

(node:74701) Warning: The 'NO_COLOR' env is ignored due to the 'FORCE_COLOR' env being set.
(Use `node --trace-warnings ...` to show where the warning was created)
(node:74700) Warning: The 'NO_COLOR' env is ignored due to the 'FORCE_COLOR' env being set.
(Use `node --trace-warnings ...` to show where the warning was created)
(node:74699) Warning: The 'NO_COLOR' env is ignored due to the 'FORCE_COLOR' env being set.
(Use `node --trace-warnings ...` to show where the warning was created)
(node:74698) Warning: The 'NO_COLOR' env is ignored due to the 'FORCE_COLOR' env being set.
(Use `node --trace-warnings ...` to show where the warning was created)
(node:74697) Warning: The 'NO_COLOR' env is ignored due to the 'FORCE_COLOR' env being set.
(Use `node --trace-warnings ...` to show where the warning was created)
  ✓   5 [chromium] › tests/review.spec.ts:69:3 › R001 posts comparison, both widths/colors and text enlargement (2.8s)
  ✓   1 [chromium] › tests/review.spec.ts:69:3 › R001 home comparison, both widths/colors and text enlargement (2.9s)
(node:74747) Warning: The 'NO_COLOR' env is ignored due to the 'FORCE_COLOR' env being set.
(Use `node --trace-warnings ...` to show where the warning was created)
(node:74748) Warning: The 'NO_COLOR' env is ignored due to the 'FORCE_COLOR' env being set.
(Use `node --trace-warnings ...` to show where the warning was created)
  ✓   2 [chromium] › tests/review.spec.ts:69:3 › R001 specimen comparison, both widths/colors and text enlargement (6.2s)
  ✓   3 [firefox] › tests/review.spec.ts:69:3 › R001 home comparison, both widths/colors and text enlargement (5.7s)
(node:74784) Warning: The 'NO_COLOR' env is ignored due to the 'FORCE_COLOR' env being set.
(Use `node --trace-warnings ...` to show where the warning was created)
(node:74787) Warning: The 'NO_COLOR' env is ignored due to the 'FORCE_COLOR' env being set.
(Use `node --trace-warnings ...` to show where the warning was created)
  ✓   4 [chromium] › tests/review.spec.ts:69:3 › R001 article comparison, both widths/colors and text enlargement (9.4s)
(node:74824) Warning: The 'NO_COLOR' env is ignored due to the 'FORCE_COLOR' env being set.
(Use `node --trace-warnings ...` to show where the warning was created)
  ✓   6 [firefox] › tests/review.spec.ts:69:3 › R001 posts comparison, both widths/colors and text enlargement (5.5s)
  ✓   9 [webkit] › tests/review.spec.ts:69:3 › R001 home comparison, both widths/colors and text enlargement (3.2s)
(node:74839) Warning: The 'NO_COLOR' env is ignored due to the 'FORCE_COLOR' env being set.
(Use `node --trace-warnings ...` to show where the warning was created)
  ✓  10 [webkit] › tests/review.spec.ts:69:3 › R001 posts comparison, both widths/colors and text enlargement (3.5s)
  ✓  11 [webkit] › tests/review.spec.ts:69:3 › R001 specimen comparison, both widths/colors and text enlargement (5.3s)
  ✓   7 [firefox] › tests/review.spec.ts:69:3 › R001 article comparison, both widths/colors and text enlargement (12.8s)
  ✓   8 [firefox] › tests/review.spec.ts:69:3 › R001 specimen comparison, both widths/colors and text enlargement (9.6s)
  ✓  12 [webkit] › tests/review.spec.ts:69:3 › R001 article comparison, both widths/colors and text enlargement (6.8s)

  12 passed (18.2s)
