$ pnpm format:check && pnpm lint && pnpm lint:css && pnpm check:progress && pnpm check:tooling && pnpm build:fixtures && pnpm check:theme && pnpm check:collections && pnpm check:prose && pnpm check:media && pnpm check:sharing && pnpm check:metadata && pnpm build:review && pnpm build:full-review && pnpm test
$ node scripts/format.mjs
Checking formatting...

All matched files use the correct format.
Finished in 199ms on 90 files using 10 threads.
Go templates: 56 checked, 0 differ.
$ oxlint --type-aware --type-check --deny-warnings scripts tests assets playwright.config.ts
$ stylelint "assets/css/**/*.css" "tests/fixtures/**/*.css" --allow-empty-input
$ node scripts/verify-progress.mjs
Progress valid: 23 tasks; requirements Q1–Q34; discipline Q1–Q9; references and DAG checked. Human evidence still requires review.
$ node --experimental-strip-types scripts/verify-tooling.ts
Toolchain probes passed. Hugo/formatter output is ready for three-engine browser comparison.
{ hugo_before_ms: 28, template_format_ms: 33, hugo_after_ms: 29 }
$ node scripts/build-fixtures.ts
Start building sites …
hugo v0.166.0+extended+withdeploy darwin/arm64 BuildDate=2026-09-09T14:45:02Z VendorInfo=Homebrew


                  │ JA
──────────────────┼────
 Pages            │ 16
 Paginator pages  │  4
 Non-page files   │  0
 Static files     │  0
 Processed images │  0
 Aliases          │  2
 Cleaned          │  0

Total in 28 ms
Start building sites …
hugo v0.166.0+extended+withdeploy darwin/arm64 BuildDate=2026-09-09T14:45:02Z VendorInfo=Homebrew


                  │ JA
──────────────────┼────
 Pages            │ 16
 Paginator pages  │  4
 Non-page files   │  0
 Static files     │  0
 Processed images │  0
 Aliases          │  2
 Cleaned          │  0

Total in 28 ms
Start building sites …
hugo v0.166.0+extended+withdeploy darwin/arm64 BuildDate=2026-09-09T14:45:02Z VendorInfo=Homebrew


                  │ JA
──────────────────┼────
 Pages            │ 16
 Paginator pages  │  4
 Non-page files   │  0
 Static files     │  0
 Processed images │  0
 Aliases          │  2
 Cleaned          │  0

Total in 28 ms
$ node scripts/verify-theme.ts
Theme foundation: HTML, production/preview/development assets, invalid configuration and minimal alternative site passed.
$ node scripts/verify-collections.ts
Collections: empty/single/default10/custom2, UTC ties, mainSections, publication filters, summaries, dates and invalid inputs passed.
Discovery: local year/month, all-section order, tie navigation, fixed-page exclusion, original term case and HTML/feed title consistency passed.
$ node scripts/verify-prose.ts
Prose: date fallback/day boundaries/visibility/types, legal footnote IDs, full real article HTML and native heading IDs passed.
$ node scripts/verify-media.ts
Start building sites …
hugo v0.166.0+extended+withdeploy darwin/arm64 BuildDate=2026-09-09T14:45:02Z VendorInfo=Homebrew


                  │ JA
──────────────────┼────
 Pages            │ 15
 Paginator pages  │  2
 Non-page files   │ 13
 Static files     │  4
 Processed images │ 46
 Aliases          │  2
 Cleaned          │  0

Total in 2374 ms
Start building sites …
hugo v0.166.0+extended+withdeploy darwin/arm64 BuildDate=2026-09-09T14:45:02Z VendorInfo=Homebrew


                  │ JA
──────────────────┼────
 Pages            │ 15
 Paginator pages  │  2
 Non-page files   │ 13
 Static files     │  4
 Processed images │ 46
 Aliases          │  2
 Cleaned          │  0

Total in 33 ms
Media: production/preview HTML, unchanged original media, unavailable external URL and invalid inputs passed.
$ node scripts/verify-sharing.ts
Sharing: defaults, ordered services, fixed pages/posts, escaped title/URLs, author setting, invalid inputs and preview isolation passed.
$ node scripts/verify-metadata.ts
Metadata fixtures: all HTML valid; asset/static/external defaults, bundle isolation, input failures, preview and empty feed built. XML/head assertions run in metadata.spec.ts.
$ node scripts/build-review-fixture.ts
Start building sites …
hugo v0.166.0+extended+withdeploy darwin/arm64 BuildDate=2026-09-09T14:45:02Z VendorInfo=Homebrew


                  │ JA
──────────────────┼────
 Pages            │ 46
 Paginator pages  │  5
 Non-page files   │  6
 Static files     │  0
 Processed images │ 54
 Aliases          │ 15
 Cleaned          │  0

Total in 4258 ms
Start building sites …
hugo v0.166.0+extended+withdeploy darwin/arm64 BuildDate=2026-09-09T14:45:02Z VendorInfo=Homebrew


                  │ JA
──────────────────┼────
 Pages            │ 46
 Paginator pages  │  5
 Non-page files   │  6
 Static files     │  0
 Processed images │ 54
 Aliases          │ 15
 Cleaned          │  0

Total in 45 ms
$ node scripts/build-full-review.ts
Start building sites …
hugo v0.166.0+extended+withdeploy darwin/arm64 BuildDate=2026-09-09T14:45:02Z VendorInfo=Homebrew


                  │ JA
──────────────────┼────
 Pages            │ 24
 Paginator pages  │  8
 Non-page files   │  6
 Static files     │  0
 Processed images │ 54
 Aliases          │  4
 Cleaned          │  0

Total in 42 ms
Start building sites …
hugo v0.166.0+extended+withdeploy darwin/arm64 BuildDate=2026-09-09T14:45:02Z VendorInfo=Homebrew


                  │ JA
──────────────────┼────
 Pages            │ 15
 Paginator pages  │  0
 Non-page files   │  0
 Static files     │  0
 Processed images │ 15
 Aliases          │  2
 Cleaned          │  0

Total in 29 ms
Start building sites …
hugo v0.166.0+extended+withdeploy darwin/arm64 BuildDate=2026-09-09T14:45:02Z VendorInfo=Homebrew


                  │ JA
──────────────────┼────
 Pages            │ 16
 Paginator pages  │  0
 Non-page files   │  0
 Static files     │  0
 Processed images │ 15
 Aliases          │  2
 Cleaned          │  0

Total in 29 ms
Full review: 40 frozen product screens mapped; specimen stays in representative suite.
Full review HTML: all production, preview and boundary fixture pages valid.
$ playwright test
[WebServer] (node:21707) Warning: The 'NO_COLOR' env is ignored due to the 'FORCE_COLOR' env being set.
[WebServer] (Use `node --trace-warnings ...` to show where the warning was created)

Running 225 tests using 5 workers

(node:21711) Warning: The 'NO_COLOR' env is ignored due to the 'FORCE_COLOR' env being set.
(Use `node --trace-warnings ...` to show where the warning was created)
(node:21709) Warning: The 'NO_COLOR' env is ignored due to the 'FORCE_COLOR' env being set.
(Use `node --trace-warnings ...` to show where the warning was created)
(node:21712) Warning: The 'NO_COLOR' env is ignored due to the 'FORCE_COLOR' env being set.
(Use `node --trace-warnings ...` to show where the warning was created)
(node:21708) Warning: The 'NO_COLOR' env is ignored due to the 'FORCE_COLOR' env being set.
(Use `node --trace-warnings ...` to show where the warning was created)
(node:21710) Warning: The 'NO_COLOR' env is ignored due to the 'FORCE_COLOR' env being set.
(Use `node --trace-warnings ...` to show where the warning was created)
  ✓    1 [chromium] › tests/collections.spec.ts:91:1 › pagination and whole-card links work without JavaScript (407ms)
  ✓    3 [chromium] › tests/collections.spec.ts:4:1 › home and section pagination retain newer-left/older-right and first-page introduction (724ms)
  ✓    5 [chromium] › tests/full-review.spec.ts:8:3 › Full screen home-2 (2.6s)
  ✓    6 [chromium] › tests/full-review.spec.ts:8:3 › Full screen home-3 (2.4s)
  ✓    4 [chromium] › tests/full-review.spec.ts:8:3 › Full screen home (2.9s)
  ✓    2 [chromium] › tests/collections.spec.ts:29:1 › list text, separators and pager preserve frozen mock styles in both widths and palettes (2.9s)
  ✓    7 [chromium] › tests/full-review.spec.ts:8:3 › Full screen posts (2.6s)
  ✓    9 [chromium] › tests/full-review.spec.ts:8:3 › Full screen posts-3 (2.1s)
  ✓    8 [chromium] › tests/full-review.spec.ts:8:3 › Full screen posts-2 (2.3s)
  ✓   11 [chromium] › tests/full-review.spec.ts:8:3 › Full screen tags-empty (2.0s)
  ✓   10 [chromium] › tests/full-review.spec.ts:8:3 › Full screen tags (2.3s)
  ✓   12 [chromium] › tests/full-review.spec.ts:8:3 › Full screen tag-1 (2.5s)
  ✓   13 [chromium] › tests/full-review.spec.ts:8:3 › Full screen tag-2 (2.1s)
  ✓   14 [chromium] › tests/full-review.spec.ts:8:3 › Full screen tag-3 (2.4s)
  ✓   15 [chromium] › tests/full-review.spec.ts:8:3 › Full screen tag-4 (2.4s)
  ✓   16 [chromium] › tests/full-review.spec.ts:8:3 › Full screen tag-5 (2.5s)
  ✓   17 [chromium] › tests/full-review.spec.ts:8:3 › Full screen tag-6 (2.1s)
  ✓   18 [chromium] › tests/full-review.spec.ts:8:3 › Full screen tag-7 (2.3s)
  ✓   20 [chromium] › tests/full-review.spec.ts:8:3 › Full screen tag-9 (2.1s)
  ✓   19 [chromium] › tests/full-review.spec.ts:8:3 › Full screen tag-8 (2.3s)
  ✓   21 [chromium] › tests/full-review.spec.ts:8:3 › Full screen tag-10 (2.4s)
  ✓   22 [chromium] › tests/full-review.spec.ts:8:3 › Full screen tag-11 (2.4s)
  ✓   23 [chromium] › tests/full-review.spec.ts:8:3 › Full screen categories (2.0s)
  ✓   24 [chromium] › tests/full-review.spec.ts:8:3 › Full screen categories-empty (1.9s)
  ✓   25 [chromium] › tests/full-review.spec.ts:8:3 › Full screen category-1 (2.5s)
  ✓   27 [chromium] › tests/full-review.spec.ts:8:3 › Full screen category-2-2 (2.1s)
  ✓   26 [chromium] › tests/full-review.spec.ts:8:3 › Full screen category-2 (2.5s)
  ✓   29 [chromium] › tests/full-review.spec.ts:8:3 › Full screen tag-pagination-2 (2.5s)
  ✓   28 [chromium] › tests/full-review.spec.ts:8:3 › Full screen tag-pagination (2.6s)
  ✓   30 [chromium] › tests/full-review.spec.ts:8:3 › Full screen tag-pagination-3 (2.1s)
  ✓   32 [chromium] › tests/full-review.spec.ts:8:3 › Full screen category-pagination-2 (2.5s)
  ✓   31 [chromium] › tests/full-review.spec.ts:8:3 › Full screen category-pagination (2.6s)
  ✓   33 [chromium] › tests/full-review.spec.ts:8:3 › Full screen category-pagination-3 (2.3s)
  ✓   36 [chromium] › tests/full-review.spec.ts:8:3 › Full screen article-diary (2.5s)
  ✓   37 [chromium] › tests/full-review.spec.ts:8:3 › Full screen article-bgm (2.6s)
  ✓   35 [chromium] › tests/full-review.spec.ts:8:3 › Full screen article-hugo (4.2s)
  ✓   38 [chromium] › tests/full-review.spec.ts:8:3 › Full screen article-pasmo (2.8s)
  ✓   40 [chromium] › tests/full-review.spec.ts:8:3 › Full screen archives (2.6s)
  ✓   41 [chromium] › tests/full-review.spec.ts:8:3 › Full screen 404 (2.1s)
  ✓   42 [chromium] › tests/full-review.spec.ts:8:3 › Full screen empty (2.1s)
  ✓   45 [chromium] › tests/media.spec.ts:10:1 › responsive candidates, originals, dimensions, loading and figure semantics (400ms)
  ✓   43 [chromium] › tests/full-review.spec.ts:8:3 › Full screen single-item (2.4s)
  ✓   46 [chromium] › tests/media.spec.ts:75:1 › WebP preserves PNG pixels and transparency at each generated width (1.3s)
  ✓   44 [chromium] › tests/full-review.spec.ts:124:1 › discovery semantics, keyboard, fixed pages and JavaScript-disabled navigation (2.2s)
  ✓   49 [chromium] › tests/metadata.spec.ts:52:1 › RSS uses all ordered articles, plain common summaries and stable document GUIDs (105ms)
  ✓   50 [chromium] › tests/metadata.spec.ts:79:1 › taxonomy feeds contain term pages, term feeds filter posts, empty feeds have no fake dates (75ms)
  ✓   51 [chromium] › tests/metadata.spec.ts:109:1 › canonical and discovery URLs follow the active pager and build baseURL (124ms)
  ✓   48 [chromium] › tests/media.spec.ts:180:1 › DPR chooses fitting candidates and JavaScript-free media remain usable (384ms)
  ✓   52 [chromium] › tests/metadata.spec.ts:135:1 › description, dates and JSON-LD preserve page roles and safe text (81ms)
  ✓   53 [chromium] › tests/metadata.spec.ts:170:1 › SNS images use cover, global assets/static/external defaults or none, never body images (114ms)
  ✓   54 [chromium] › tests/metadata.spec.ts:193:1 › all XML parses, sitemap and robots follow production and preview (136ms)
  ✓   56 [chromium] › tests/prose.spec.ts:46:1 › failed copy announces manual fallback, permits retry, and resets success after three seconds (282ms)
  ✓   55 [chromium] › tests/prose.spec.ts:18:1 › copy preserves code with Japanese, inline/table numbers, unknown language and no label (630ms)
  ✓   57 [chromium] › tests/prose.spec.ts:73:1 › keyboard reveals copy and Escape returns focus to selectable code (309ms)
  ✓   58 [chromium] › tests/prose.spec.ts:94:1 › touch reveals copy, outside tap and horizontal scroll dismiss it (388ms)
  ✓   34 [chromium] › tests/full-review.spec.ts:8:3 › Full screen article (10.6s)
  ✘   39 [chromium] › tests/full-review.spec.ts:8:3 › Full screen about (7.3s)
  ✓   47 [chromium] › tests/media.spec.ts:138:1 › media geometry matches mock, small images stay small, both colors remain accessible (2.9s)
(node:22108) Warning: The 'NO_COLOR' env is ignored due to the 'FORCE_COLOR' env being set.
(Use `node --trace-warnings ...` to show where the warning was created)
  ✓   60 [chromium] › tests/prose.spec.ts:204:1 › full real article preserves mock prose layout in both palettes and widths (1.6s)
  ✓   61 [chromium] › tests/review.spec.ts:69:3 › Representative home comparison, both widths/colors and text enlargement (2.8s)
  ✓   59 [chromium] › tests/prose.spec.ts:115:1 › prose matches mock type and spacing; footnotes, headings, dates and JS-free reading work (3.5s)
  ✓   66 [chromium] › tests/sharing.spec.ts:59:1 › failed star download preserves reading and share links and announces failure (418ms)
  ✓   67 [chromium] › tests/sharing.spec.ts:72:1 › preview cannot share or load stars; JS-free production retains ordinary links (271ms)
  ✓   65 [chromium] › tests/sharing.spec.ts:14:1 › shared document URLs, encoded titles, service order and keyboard navigation (997ms)
  ✓   69 [chromium] › tests/theme.spec.ts:4:1 › saved pref-theme is applied before styles load (126ms)
  ✓   70 [chromium] › tests/theme.spec.ts:25:1 › OS follows until a keyboard choice, persists and ignores mock query parameters (291ms)
  ✓   68 [chromium] › tests/sharing.spec.ts:103:1 › sharing retains mock geometry and icon styling at both widths and palettes (676ms)
  ✓   72 [chromium] › tests/theme.spec.ts:78:1 › invalid saved value uses OS preference (117ms)
  ✓   71 [chromium] › tests/theme.spec.ts:53:1 › invalid and unavailable storage retain OS fallback and allow a page-local choice (184ms)
  ✓   63 [chromium] › tests/review.spec.ts:69:3 › Representative posts comparison, both widths/colors and text enlargement (3.1s)
  ✓   73 [chromium] › tests/theme.spec.ts:85:1 › without JavaScript both OS palettes, navigation and subscription remain usable (218ms)
(node:22154) Warning: The 'NO_COLOR' env is ignored due to the 'FORCE_COLOR' env being set.
(Use `node --trace-warnings ...` to show where the warning was created)
  ✓   75 [chromium] › tests/tooling.spec.ts:5:1 › Hugo formatting preserves inline spaces, attributes, render hooks and compiled assets (674ms)
(node:22161) Warning: The 'NO_COLOR' env is ignored due to the 'FORCE_COLOR' env being set.
(Use `node --trace-warnings ...` to show where the warning was created)
  ✓   74 [chromium] › tests/theme.spec.ts:102:1 › shared shell keeps mock dimensions at desktop and mobile widths in both palettes (1.6s)
(node:22168) Warning: The 'NO_COLOR' env is ignored due to the 'FORCE_COLOR' env being set.
(Use `node --trace-warnings ...` to show where the warning was created)
  ✓   64 [chromium] › tests/review.spec.ts:69:3 › Representative specimen comparison, both widths/colors and text enlargement (7.1s)
  ✓   76 [firefox] › tests/collections.spec.ts:4:1 › home and section pagination retain newer-left/older-right and first-page introduction (2.5s)
  ✓   78 [firefox] › tests/collections.spec.ts:91:1 › pagination and whole-card links work without JavaScript (1.7s)
(node:22203) Warning: The 'NO_COLOR' env is ignored due to the 'FORCE_COLOR' env being set.
(Use `node --trace-warnings ...` to show where the warning was created)
  ✓   62 [chromium] › tests/review.spec.ts:69:3 › Representative article comparison, both widths/colors and text enlargement (10.4s)
(node:22234) Warning: The 'NO_COLOR' env is ignored due to the 'FORCE_COLOR' env being set.
(Use `node --trace-warnings ...` to show where the warning was created)
  ✓   79 [firefox] › tests/full-review.spec.ts:8:3 › Full screen home-2 (4.1s)
  ✓   80 [firefox] › tests/full-review.spec.ts:8:3 › Full screen home-3 (4.1s)
  ✓   77 [firefox] › tests/collections.spec.ts:29:1 › list text, separators and pager preserve frozen mock styles in both widths and palettes (7.5s)
  ✓   81 [firefox] › tests/full-review.spec.ts:8:3 › Full screen home (5.1s)
  ✓   82 [firefox] › tests/full-review.spec.ts:8:3 › Full screen posts (4.8s)
  ✓   83 [firefox] › tests/full-review.spec.ts:8:3 › Full screen posts-2 (4.5s)
  ✓   84 [firefox] › tests/full-review.spec.ts:8:3 › Full screen posts-3 (4.6s)
  ✓   85 [firefox] › tests/full-review.spec.ts:8:3 › Full screen tags (4.9s)
  ✓   86 [firefox] › tests/full-review.spec.ts:8:3 › Full screen tags-empty (4.6s)
  ✓   88 [firefox] › tests/full-review.spec.ts:8:3 › Full screen tag-2 (3.7s)
  ✓   87 [firefox] › tests/full-review.spec.ts:8:3 › Full screen tag-1 (4.0s)
  ✓   89 [firefox] › tests/full-review.spec.ts:8:3 › Full screen tag-3 (3.9s)
  ✓   90 [firefox] › tests/full-review.spec.ts:8:3 › Full screen tag-4 (3.9s)
  ✓   91 [firefox] › tests/full-review.spec.ts:8:3 › Full screen tag-5 (4.0s)
  ✓   92 [firefox] › tests/full-review.spec.ts:8:3 › Full screen tag-6 (3.9s)
  ✓   94 [firefox] › tests/full-review.spec.ts:8:3 › Full screen tag-8 (4.0s)
  ✓   93 [firefox] › tests/full-review.spec.ts:8:3 › Full screen tag-7 (4.4s)
  ✓   95 [firefox] › tests/full-review.spec.ts:8:3 › Full screen tag-9 (3.8s)
  ✓   96 [firefox] › tests/full-review.spec.ts:8:3 › Full screen tag-10 (4.0s)
  ✓   99 [firefox] › tests/full-review.spec.ts:8:3 › Full screen categories-empty (3.5s)
  ✓   97 [firefox] › tests/full-review.spec.ts:8:3 › Full screen tag-11 (5.2s)
  ✓   98 [firefox] › tests/full-review.spec.ts:8:3 › Full screen categories (4.8s)
  ✓  100 [firefox] › tests/full-review.spec.ts:8:3 › Full screen category-1 (3.9s)
  ✓  101 [firefox] › tests/full-review.spec.ts:8:3 › Full screen category-2 (5.4s)
  ✓  103 [firefox] › tests/full-review.spec.ts:8:3 › Full screen tag-pagination (3.9s)
  ✓  102 [firefox] › tests/full-review.spec.ts:8:3 › Full screen category-2-2 (4.9s)
  ✓  104 [firefox] › tests/full-review.spec.ts:8:3 › Full screen tag-pagination-2 (3.8s)
  ✓  105 [firefox] › tests/full-review.spec.ts:8:3 › Full screen tag-pagination-3 (5.2s)
  ✓  106 [firefox] › tests/full-review.spec.ts:8:3 › Full screen category-pagination (3.9s)
  ✓  107 [firefox] › tests/full-review.spec.ts:8:3 › Full screen category-pagination-2 (3.9s)
  ✓  108 [firefox] › tests/full-review.spec.ts:8:3 › Full screen category-pagination-3 (3.8s)
  ✓  111 [firefox] › tests/full-review.spec.ts:8:3 › Full screen article-diary (4.0s)
  ✓  110 [firefox] › tests/full-review.spec.ts:8:3 › Full screen article-hugo (5.7s)
  ✓  112 [firefox] › tests/full-review.spec.ts:8:3 › Full screen article-bgm (4.0s)
  ✓  113 [firefox] › tests/full-review.spec.ts:8:3 › Full screen article-pasmo (4.3s)
  ✓  109 [firefox] › tests/full-review.spec.ts:8:3 › Full screen article (10.8s)
  ✓  115 [firefox] › tests/full-review.spec.ts:8:3 › Full screen archives (3.9s)
  ✓  116 [firefox] › tests/full-review.spec.ts:8:3 › Full screen 404 (3.6s)
  ✘  118 [firefox] › tests/full-review.spec.ts:8:3 › Full screen single-item (190ms)
(node:22551) Warning: The 'NO_COLOR' env is ignored due to the 'FORCE_COLOR' env being set.
(Use `node --trace-warnings ...` to show where the warning was created)
  ✓  117 [firefox] › tests/full-review.spec.ts:8:3 › Full screen empty (3.6s)
  ✘  119 [firefox] › tests/full-review.spec.ts:124:1 › discovery semantics, keyboard, fixed pages and JavaScript-disabled navigation (1.3s)
(node:22571) Warning: The 'NO_COLOR' env is ignored due to the 'FORCE_COLOR' env being set.
(Use `node --trace-warnings ...` to show where the warning was created)
  ✓  120 [firefox] › tests/media.spec.ts:10:1 › responsive candidates, originals, dimensions, loading and figure semantics (2.5s)
  ✓  124 [firefox] › tests/metadata.spec.ts:52:1 › RSS uses all ordered articles, plain common summaries and stable document GUIDs (231ms)
  ✓  125 [firefox] › tests/metadata.spec.ts:79:1 › taxonomy feeds contain term pages, term feeds filter posts, empty feeds have no fake dates (213ms)
  ✘  114 [firefox] › tests/full-review.spec.ts:8:3 › Full screen about (6.9s)
  ✓  126 [firefox] › tests/metadata.spec.ts:109:1 › canonical and discovery URLs follow the active pager and build baseURL (319ms)
(node:22582) Warning: The 'NO_COLOR' env is ignored due to the 'FORCE_COLOR' env being set.
(Use `node --trace-warnings ...` to show where the warning was created)
  ✓  122 [firefox] › tests/media.spec.ts:75:1 › WebP preserves PNG pixels and transparency at each generated width (2.3s)
  ✓  127 [firefox] › tests/metadata.spec.ts:170:1 › SNS images use cover, global assets/static/external defaults or none, never body images (246ms)
  ✓  129 [firefox] › tests/metadata.spec.ts:193:1 › all XML parses, sitemap and robots follow production and preview (308ms)
  ✓  131 [firefox] › tests/prose.spec.ts:46:1 › failed copy announces manual fallback, permits retry, and resets success after three seconds (765ms)
  ✓  130 [firefox] › tests/prose.spec.ts:18:1 › copy preserves code with Japanese, inline/table numbers, unknown language and no label (1.1s)
  ✓  123 [firefox] › tests/media.spec.ts:180:1 › DPR chooses fitting candidates and JavaScript-free media remain usable (2.2s)
  ✓  128 [firefox] › tests/metadata.spec.ts:135:1 › description, dates and JSON-LD preserve page roles and safe text (1.1s)
  ✓  121 [firefox] › tests/media.spec.ts:138:1 › media geometry matches mock, small images stay small, both colors remain accessible (5.0s)
  ✓  133 [firefox] › tests/prose.spec.ts:94:1 › touch reveals copy, outside tap and horizontal scroll dismiss it (747ms)
  ✓  132 [firefox] › tests/prose.spec.ts:73:1 › keyboard reveals copy and Escape returns focus to selectable code (1.2s)
  ✓  135 [firefox] › tests/prose.spec.ts:204:1 › full real article preserves mock prose layout in both palettes and widths (2.0s)
  ✓  136 [firefox] › tests/review.spec.ts:69:3 › Representative home comparison, both widths/colors and text enlargement (4.1s)
  ✓  137 [firefox] › tests/review.spec.ts:69:3 › Representative posts comparison, both widths/colors and text enlargement (4.2s)
  ✓  141 [firefox] › tests/sharing.spec.ts:59:1 › failed star download preserves reading and share links and announces failure (1.7s)
  ✓  142 [firefox] › tests/sharing.spec.ts:72:1 › preview cannot share or load stars; JS-free production retains ordinary links (680ms)
  ✓  134 [firefox] › tests/prose.spec.ts:115:1 › prose matches mock type and spacing; footnotes, headings, dates and JS-free reading work (7.6s)
  ✓  144 [firefox] › tests/theme.spec.ts:4:1 › saved pref-theme is applied before styles load (289ms)
  ✓  140 [firefox] › tests/sharing.spec.ts:14:1 › shared document URLs, encoded titles, service order and keyboard navigation (3.6s)
  ✓  143 [firefox] › tests/sharing.spec.ts:103:1 › sharing retains mock geometry and icon styling at both widths and palettes (1.3s)
  ✓  145 [firefox] › tests/theme.spec.ts:25:1 › OS follows until a keyboard choice, persists and ignores mock query parameters (548ms)
  ✓  147 [firefox] › tests/theme.spec.ts:78:1 › invalid saved value uses OS preference (273ms)
  ✓  146 [firefox] › tests/theme.spec.ts:53:1 › invalid and unavailable storage retain OS fallback and allow a page-local choice (428ms)
  ✓  148 [firefox] › tests/theme.spec.ts:85:1 › without JavaScript both OS palettes, navigation and subscription remain usable (392ms)
(node:22681) Warning: The 'NO_COLOR' env is ignored due to the 'FORCE_COLOR' env being set.
(Use `node --trace-warnings ...` to show where the warning was created)
  ✓  150 [firefox] › tests/tooling.spec.ts:5:1 › Hugo formatting preserves inline spaces, attributes, render hooks and compiled assets (1.3s)
(node:22697) Warning: The 'NO_COLOR' env is ignored due to the 'FORCE_COLOR' env being set.
(Use `node --trace-warnings ...` to show where the warning was created)
  ✓  151 [webkit] › tests/collections.spec.ts:4:1 › home and section pagination retain newer-left/older-right and first-page introduction (1.1s)
  ✓  139 [firefox] › tests/review.spec.ts:69:3 › Representative specimen comparison, both widths/colors and text enlargement (9.0s)
  ✓  153 [webkit] › tests/collections.spec.ts:91:1 › pagination and whole-card links work without JavaScript (461ms)
(node:22720) Warning: The 'NO_COLOR' env is ignored due to the 'FORCE_COLOR' env being set.
(Use `node --trace-warnings ...` to show where the warning was created)
  ✓  138 [firefox] › tests/review.spec.ts:69:3 › Representative article comparison, both widths/colors and text enlargement (11.9s)
  ✓  149 [firefox] › tests/theme.spec.ts:102:1 › shared shell keeps mock dimensions at desktop and mobile widths in both palettes (4.1s)
(node:22747) Warning: The 'NO_COLOR' env is ignored due to the 'FORCE_COLOR' env being set.
(Use `node --trace-warnings ...` to show where the warning was created)
(node:22748) Warning: The 'NO_COLOR' env is ignored due to the 'FORCE_COLOR' env being set.
(Use `node --trace-warnings ...` to show where the warning was created)
  ✓  154 [webkit] › tests/full-review.spec.ts:8:3 › Full screen home-2 (4.0s)
  ✓  152 [webkit] › tests/collections.spec.ts:29:1 › list text, separators and pager preserve frozen mock styles in both widths and palettes (5.7s)
  ✓  155 [webkit] › tests/full-review.spec.ts:8:3 › Full screen home (4.4s)
  ✓  156 [webkit] › tests/full-review.spec.ts:8:3 › Full screen home-3 (4.1s)
  ✓  157 [webkit] › tests/full-review.spec.ts:8:3 › Full screen posts (4.2s)
  ✓  158 [webkit] › tests/full-review.spec.ts:8:3 › Full screen posts-2 (3.7s)
  ✓  159 [webkit] › tests/full-review.spec.ts:8:3 › Full screen posts-3 (3.6s)
  ✓  160 [webkit] › tests/full-review.spec.ts:8:3 › Full screen tags (3.7s)
  ✓  161 [webkit] › tests/full-review.spec.ts:8:3 › Full screen tags-empty (3.4s)
  ✓  162 [webkit] › tests/full-review.spec.ts:8:3 › Full screen tag-1 (3.7s)
  ✓  163 [webkit] › tests/full-review.spec.ts:8:3 › Full screen tag-2 (3.6s)
  ✓  164 [webkit] › tests/full-review.spec.ts:8:3 › Full screen tag-3 (3.7s)
  ✓  165 [webkit] › tests/full-review.spec.ts:8:3 › Full screen tag-4 (3.8s)
  ✓  166 [webkit] › tests/full-review.spec.ts:8:3 › Full screen tag-5 (3.7s)
  ✓  167 [webkit] › tests/full-review.spec.ts:8:3 › Full screen tag-6 (3.6s)
  ✓  168 [webkit] › tests/full-review.spec.ts:8:3 › Full screen tag-7 (3.7s)
  ✓  170 [webkit] › tests/full-review.spec.ts:8:3 › Full screen tag-9 (3.5s)
  ✓  169 [webkit] › tests/full-review.spec.ts:8:3 › Full screen tag-8 (3.7s)
  ✓  171 [webkit] › tests/full-review.spec.ts:8:3 › Full screen tag-10 (3.6s)
  ✓  172 [webkit] › tests/full-review.spec.ts:8:3 › Full screen tag-11 (3.7s)
  ✓  173 [webkit] › tests/full-review.spec.ts:8:3 › Full screen categories (3.4s)
  ✓  174 [webkit] › tests/full-review.spec.ts:8:3 › Full screen categories-empty (3.2s)
  ✓  175 [webkit] › tests/full-review.spec.ts:8:3 › Full screen category-1 (3.8s)
  ✓  176 [webkit] › tests/full-review.spec.ts:8:3 › Full screen category-2 (3.7s)
  ✓  177 [webkit] › tests/full-review.spec.ts:8:3 › Full screen category-2-2 (3.5s)
  ✓  178 [webkit] › tests/full-review.spec.ts:8:3 › Full screen tag-pagination (3.9s)
  ✓  179 [webkit] › tests/full-review.spec.ts:8:3 › Full screen tag-pagination-2 (3.6s)
  ✓  180 [webkit] › tests/full-review.spec.ts:8:3 › Full screen tag-pagination-3 (3.6s)
  ✓  181 [webkit] › tests/full-review.spec.ts:8:3 › Full screen category-pagination (3.7s)
  ✓  182 [webkit] › tests/full-review.spec.ts:8:3 › Full screen category-pagination-2 (3.7s)
  ✓  183 [webkit] › tests/full-review.spec.ts:8:3 › Full screen category-pagination-3 (3.7s)
  ✓  186 [webkit] › tests/full-review.spec.ts:8:3 › Full screen article-diary (3.8s)
  ✓  187 [webkit] › tests/full-review.spec.ts:8:3 › Full screen article-bgm (3.8s)
  ✓  185 [webkit] › tests/full-review.spec.ts:8:3 › Full screen article-hugo (5.2s)
  ✓  188 [webkit] › tests/full-review.spec.ts:8:3 › Full screen article-pasmo (3.8s)
  ✓  191 [webkit] › tests/full-review.spec.ts:8:3 › Full screen 404 (3.4s)
  ✓  190 [webkit] › tests/full-review.spec.ts:8:3 › Full screen archives (3.7s)
  ✓  184 [webkit] › tests/full-review.spec.ts:8:3 › Full screen article (10.0s)
  ✓  192 [webkit] › tests/full-review.spec.ts:8:3 › Full screen empty (3.4s)
  ✓  195 [webkit] › tests/media.spec.ts:10:1 › responsive candidates, originals, dimensions, loading and figure semantics (703ms)
  ✘  189 [webkit] › tests/full-review.spec.ts:8:3 › Full screen about (5.5s)
(node:23098) Warning: The 'NO_COLOR' env is ignored due to the 'FORCE_COLOR' env being set.
(Use `node --trace-warnings ...` to show where the warning was created)
  ✓  196 [webkit] › tests/media.spec.ts:75:1 › WebP preserves PNG pixels and transparency at each generated width (1.5s)
  ✓  199 [webkit] › tests/metadata.spec.ts:52:1 › RSS uses all ordered articles, plain common summaries and stable document GUIDs (224ms)
  ✓  200 [webkit] › tests/metadata.spec.ts:79:1 › taxonomy feeds contain term pages, term feeds filter posts, empty feeds have no fake dates (217ms)
  ✓  201 [webkit] › tests/metadata.spec.ts:109:1 › canonical and discovery URLs follow the active pager and build baseURL (234ms)
  ✓  202 [webkit] › tests/metadata.spec.ts:135:1 › description, dates and JSON-LD preserve page roles and safe text (193ms)
  ✓  203 [webkit] › tests/metadata.spec.ts:170:1 › SNS images use cover, global assets/static/external defaults or none, never body images (213ms)
  ✓  198 [webkit] › tests/media.spec.ts:180:1 › DPR chooses fitting candidates and JavaScript-free media remain usable (1.1s)
  ✓  204 [webkit] › tests/metadata.spec.ts:193:1 › all XML parses, sitemap and robots follow production and preview (228ms)
  ✓  206 [webkit] › tests/prose.spec.ts:46:1 › failed copy announces manual fallback, permits retry, and resets success after three seconds (427ms)
  ✓  205 [webkit] › tests/prose.spec.ts:18:1 › copy preserves code with Japanese, inline/table numbers, unknown language and no label (825ms)
  ✓  207 [webkit] › tests/prose.spec.ts:73:1 › keyboard reveals copy and Escape returns focus to selectable code (500ms)
  ✓  197 [webkit] › tests/media.spec.ts:138:1 › media geometry matches mock, small images stay small, both colors remain accessible (3.4s)
  ✓  208 [webkit] › tests/prose.spec.ts:94:1 › touch reveals copy, outside tap and horizontal scroll dismiss it (645ms)
  ✓  210 [webkit] › tests/prose.spec.ts:204:1 › full real article preserves mock prose layout in both palettes and widths (1.1s)
  ✓  211 [webkit] › tests/review.spec.ts:69:3 › Representative home comparison, both widths/colors and text enlargement (3.2s)
  ✓  212 [webkit] › tests/review.spec.ts:69:3 › Representative posts comparison, both widths/colors and text enlargement (2.9s)
  ✓  209 [webkit] › tests/prose.spec.ts:115:1 › prose matches mock type and spacing; footnotes, headings, dates and JS-free reading work (4.8s)
  ✓  215 [webkit] › tests/sharing.spec.ts:14:1 › shared document URLs, encoded titles, service order and keyboard navigation (1.4s)
  ✓  216 [webkit] › tests/sharing.spec.ts:59:1 › failed star download preserves reading and share links and announces failure (661ms)
  ✓  217 [webkit] › tests/sharing.spec.ts:72:1 › preview cannot share or load stars; JS-free production retains ordinary links (529ms)
  ✓  218 [webkit] › tests/sharing.spec.ts:103:1 › sharing retains mock geometry and icon styling at both widths and palettes (1.1s)
  ✓  219 [webkit] › tests/theme.spec.ts:4:1 › saved pref-theme is applied before styles load (292ms)
  ✓  220 [webkit] › tests/theme.spec.ts:25:1 › OS follows until a keyboard choice, persists and ignores mock query parameters (382ms)
  ✓  221 [webkit] › tests/theme.spec.ts:53:1 › invalid and unavailable storage retain OS fallback and allow a page-local choice (266ms)
  ✓  214 [webkit] › tests/review.spec.ts:69:3 › Representative specimen comparison, both widths/colors and text enlargement (5.5s)
  ✓  222 [webkit] › tests/theme.spec.ts:78:1 › invalid saved value uses OS preference (251ms)
  ✓  223 [webkit] › tests/theme.spec.ts:85:1 › without JavaScript both OS palettes, navigation and subscription remain usable (356ms)
  ✓  213 [webkit] › tests/review.spec.ts:69:3 › Representative article comparison, both widths/colors and text enlargement (7.4s)
  ✓  225 [webkit] › tests/tooling.spec.ts:5:1 › Hugo formatting preserves inline spaces, attributes, render hooks and compiled assets (1.0s)
  ✓  224 [webkit] › tests/theme.spec.ts:102:1 › shared shell keeps mock dimensions at desktop and mobile widths in both palettes (2.4s)
  ✘  194 [webkit] › tests/full-review.spec.ts:124:1 › discovery semantics, keyboard, fixed pages and JavaScript-disabled navigation (30.0s)
  ✘  193 [webkit] › tests/full-review.spec.ts:8:3 › Full screen single-item (1.5m)


  1) [chromium] › tests/full-review.spec.ts:8:3 › Full screen about ────────────────────────────────

    Error: about 1440 light: [["section:nth-child(10) > table > thead > tr > th:nth-child(2)"],["section:nth-child(10) > table > thead > tr > th:nth-child(3)"]]

    expect(received).toBe(expected) // Object.is equality

    Expected: "color-contrast"
    Received: "empty-table-header"

      54 |                   `${screen.name} ${width} ${colorScheme}: ${JSON.stringify(violation.nodes.map((n) => n.target))}`,
      55 |                 )
    > 56 |                 .toBe("color-contrast");
         |                  ^
      57 |               if (violation.id === "color-contrast")
      58 |                 for (const node of violation.nodes)
      59 |                   for (const target of node.target)
        at /Users/shimoju/dev/src/github.com/shimoju/shimoju.jp/themes/shsh/tests/full-review.spec.ts:56:18

    Error: about 1440 dark: [["section:nth-child(10) > table > thead > tr > th:nth-child(2)"],["section:nth-child(10) > table > thead > tr > th:nth-child(3)"]]

    expect(received).toBe(expected) // Object.is equality

    Expected: "color-contrast"
    Received: "empty-table-header"

      54 |                   `${screen.name} ${width} ${colorScheme}: ${JSON.stringify(violation.nodes.map((n) => n.target))}`,
      55 |                 )
    > 56 |                 .toBe("color-contrast");
         |                  ^
      57 |               if (violation.id === "color-contrast")
      58 |                 for (const node of violation.nodes)
      59 |                   for (const target of node.target)
        at /Users/shimoju/dev/src/github.com/shimoju/shimoju.jp/themes/shsh/tests/full-review.spec.ts:56:18

    Error: about 390 light: [["section:nth-child(10) > table > thead > tr > th:nth-child(2)"],["section:nth-child(10) > table > thead > tr > th:nth-child(3)"]]

    expect(received).toBe(expected) // Object.is equality

    Expected: "color-contrast"
    Received: "empty-table-header"

      54 |                   `${screen.name} ${width} ${colorScheme}: ${JSON.stringify(violation.nodes.map((n) => n.target))}`,
      55 |                 )
    > 56 |                 .toBe("color-contrast");
         |                  ^
      57 |               if (violation.id === "color-contrast")
      58 |                 for (const node of violation.nodes)
      59 |                   for (const target of node.target)
        at /Users/shimoju/dev/src/github.com/shimoju/shimoju.jp/themes/shsh/tests/full-review.spec.ts:56:18

    Error: about 390 dark: [["section:nth-child(10) > table > thead > tr > th:nth-child(2)"],["section:nth-child(10) > table > thead > tr > th:nth-child(3)"]]

    expect(received).toBe(expected) // Object.is equality

    Expected: "color-contrast"
    Received: "empty-table-header"

      54 |                   `${screen.name} ${width} ${colorScheme}: ${JSON.stringify(violation.nodes.map((n) => n.target))}`,
      55 |                 )
    > 56 |                 .toBe("color-contrast");
         |                  ^
      57 |               if (violation.id === "color-contrast")
      58 |                 for (const node of violation.nodes)
      59 |                   for (const target of node.target)
        at /Users/shimoju/dev/src/github.com/shimoju/shimoju.jp/themes/shsh/tests/full-review.spec.ts:56:18

    Error Context: test-results/full-review-Full-screen-about-chromium/error-context.md

    attachment #2: trace (application/zip) ─────────────────────────────────────────────────────────
    test-results/full-review-Full-screen-about-chromium/trace.zip
    Usage:

        pnpm exec playwright show-trace test-results/full-review-Full-screen-about-chromium/trace.zip

    ────────────────────────────────────────────────────────────────────────────────────────────────

  2) [firefox] › tests/full-review.spec.ts:8:3 › Full screen about ─────────────────────────────────

    Error: about 1440 light: [["section:nth-child(10) > table > thead > tr > th:nth-child(2)"],["section:nth-child(10) > table > thead > tr > th:nth-child(3)"]]

    expect(received).toBe(expected) // Object.is equality

    Expected: "color-contrast"
    Received: "empty-table-header"

      54 |                   `${screen.name} ${width} ${colorScheme}: ${JSON.stringify(violation.nodes.map((n) => n.target))}`,
      55 |                 )
    > 56 |                 .toBe("color-contrast");
         |                  ^
      57 |               if (violation.id === "color-contrast")
      58 |                 for (const node of violation.nodes)
      59 |                   for (const target of node.target)
        at /Users/shimoju/dev/src/github.com/shimoju/shimoju.jp/themes/shsh/tests/full-review.spec.ts:56:18

    Error: about 1440 dark: [["section:nth-child(10) > table > thead > tr > th:nth-child(2)"],["section:nth-child(10) > table > thead > tr > th:nth-child(3)"]]

    expect(received).toBe(expected) // Object.is equality

    Expected: "color-contrast"
    Received: "empty-table-header"

      54 |                   `${screen.name} ${width} ${colorScheme}: ${JSON.stringify(violation.nodes.map((n) => n.target))}`,
      55 |                 )
    > 56 |                 .toBe("color-contrast");
         |                  ^
      57 |               if (violation.id === "color-contrast")
      58 |                 for (const node of violation.nodes)
      59 |                   for (const target of node.target)
        at /Users/shimoju/dev/src/github.com/shimoju/shimoju.jp/themes/shsh/tests/full-review.spec.ts:56:18

    Error: about 390 light: [["section:nth-child(10) > table > thead > tr > th:nth-child(2)"],["section:nth-child(10) > table > thead > tr > th:nth-child(3)"]]

    expect(received).toBe(expected) // Object.is equality

    Expected: "color-contrast"
    Received: "empty-table-header"

      54 |                   `${screen.name} ${width} ${colorScheme}: ${JSON.stringify(violation.nodes.map((n) => n.target))}`,
      55 |                 )
    > 56 |                 .toBe("color-contrast");
         |                  ^
      57 |               if (violation.id === "color-contrast")
      58 |                 for (const node of violation.nodes)
      59 |                   for (const target of node.target)
        at /Users/shimoju/dev/src/github.com/shimoju/shimoju.jp/themes/shsh/tests/full-review.spec.ts:56:18

    Error: about 390 dark: [["section:nth-child(10) > table > thead > tr > th:nth-child(2)"],["section:nth-child(10) > table > thead > tr > th:nth-child(3)"]]

    expect(received).toBe(expected) // Object.is equality

    Expected: "color-contrast"
    Received: "empty-table-header"

      54 |                   `${screen.name} ${width} ${colorScheme}: ${JSON.stringify(violation.nodes.map((n) => n.target))}`,
      55 |                 )
    > 56 |                 .toBe("color-contrast");
         |                  ^
      57 |               if (violation.id === "color-contrast")
      58 |                 for (const node of violation.nodes)
      59 |                   for (const target of node.target)
        at /Users/shimoju/dev/src/github.com/shimoju/shimoju.jp/themes/shsh/tests/full-review.spec.ts:56:18

    Error Context: test-results/full-review-Full-screen-about-firefox/error-context.md

    attachment #2: trace (application/zip) ─────────────────────────────────────────────────────────
    test-results/full-review-Full-screen-about-firefox/trace.zip
    Usage:

        pnpm exec playwright show-trace test-results/full-review-Full-screen-about-firefox/trace.zip

    ────────────────────────────────────────────────────────────────────────────────────────────────

  3) [firefox] › tests/full-review.spec.ts:8:3 › Full screen single-item ───────────────────────────

    Error: page.goto: Navigation to "http://127.0.0.1:4190/posts/" is interrupted by another navigation to "http://127.0.0.1:4190/posts/"
    Call log:
      - navigating to "http://127.0.0.1:4190/posts/", waiting until "load"


      26 |           ["mock", `http://127.0.0.1:4177/${screen.mock}?theme=${colorScheme}`],
      27 |         ]) {
    > 28 |           const response = await page.goto(url!);
         |                                       ^
      29 |           expect(response?.status()).toBe(200);
      30 |           await page.evaluate(async () => {
      31 |             await Promise.all(
        at /Users/shimoju/dev/src/github.com/shimoju/shimoju.jp/themes/shsh/tests/full-review.spec.ts:28:39

    Error Context: test-results/full-review-Full-screen-single-item-firefox/error-context.md

    attachment #2: trace (application/zip) ─────────────────────────────────────────────────────────
    test-results/full-review-Full-screen-single-item-firefox/trace.zip
    Usage:

        pnpm exec playwright show-trace test-results/full-review-Full-screen-single-item-firefox/trace.zip

    ────────────────────────────────────────────────────────────────────────────────────────────────

  4) [firefox] › tests/full-review.spec.ts:124:1 › discovery semantics, keyboard, fixed pages and JavaScript-disabled navigation

    Error: page.goto: Navigation to "http://127.0.0.1:4190/posts/" is interrupted by another navigation to "http://127.0.0.1:4190/posts/"
    Call log:
      - navigating to "http://127.0.0.1:4190/posts/", waiting until "load"


      160 |       if (path !== "about") await expect(page.locator(".article-header .meta")).toHaveCount(0);
      161 |     }
    > 162 |     await page.goto("http://127.0.0.1:4190/posts/");
          |                ^
      163 |     await expect(page.locator(".entry-summary, .pager")).toHaveCount(0);
      164 |     await page.locator(".entry-link").click();
      165 |     await expect(page.locator(".post-nav, .article-tags")).toHaveCount(0);
        at /Users/shimoju/dev/src/github.com/shimoju/shimoju.jp/themes/shsh/tests/full-review.spec.ts:162:16

    Error Context: test-results/full-review-discovery-sema-b63ed-aScript-disabled-navigation-firefox/error-context.md

    attachment #2: trace (application/zip) ─────────────────────────────────────────────────────────
    test-results/full-review-discovery-sema-b63ed-aScript-disabled-navigation-firefox/trace.zip
    Usage:

        pnpm exec playwright show-trace test-results/full-review-discovery-sema-b63ed-aScript-disabled-navigation-firefox/trace.zip

    ────────────────────────────────────────────────────────────────────────────────────────────────

  5) [webkit] › tests/full-review.spec.ts:8:3 › Full screen about ──────────────────────────────────

    Error: about 1440 light: [["section:nth-child(10) > table > thead > tr > th:nth-child(2)"],["section:nth-child(10) > table > thead > tr > th:nth-child(3)"]]

    expect(received).toBe(expected) // Object.is equality

    Expected: "color-contrast"
    Received: "empty-table-header"

      54 |                   `${screen.name} ${width} ${colorScheme}: ${JSON.stringify(violation.nodes.map((n) => n.target))}`,
      55 |                 )
    > 56 |                 .toBe("color-contrast");
         |                  ^
      57 |               if (violation.id === "color-contrast")
      58 |                 for (const node of violation.nodes)
      59 |                   for (const target of node.target)
        at /Users/shimoju/dev/src/github.com/shimoju/shimoju.jp/themes/shsh/tests/full-review.spec.ts:56:18

    Error: about 1440 dark: [["section:nth-child(10) > table > thead > tr > th:nth-child(2)"],["section:nth-child(10) > table > thead > tr > th:nth-child(3)"]]

    expect(received).toBe(expected) // Object.is equality

    Expected: "color-contrast"
    Received: "empty-table-header"

      54 |                   `${screen.name} ${width} ${colorScheme}: ${JSON.stringify(violation.nodes.map((n) => n.target))}`,
      55 |                 )
    > 56 |                 .toBe("color-contrast");
         |                  ^
      57 |               if (violation.id === "color-contrast")
      58 |                 for (const node of violation.nodes)
      59 |                   for (const target of node.target)
        at /Users/shimoju/dev/src/github.com/shimoju/shimoju.jp/themes/shsh/tests/full-review.spec.ts:56:18

    Error: about 390 light: [["section:nth-child(10) > table > thead > tr > th:nth-child(2)"],["section:nth-child(10) > table > thead > tr > th:nth-child(3)"]]

    expect(received).toBe(expected) // Object.is equality

    Expected: "color-contrast"
    Received: "empty-table-header"

      54 |                   `${screen.name} ${width} ${colorScheme}: ${JSON.stringify(violation.nodes.map((n) => n.target))}`,
      55 |                 )
    > 56 |                 .toBe("color-contrast");
         |                  ^
      57 |               if (violation.id === "color-contrast")
      58 |                 for (const node of violation.nodes)
      59 |                   for (const target of node.target)
        at /Users/shimoju/dev/src/github.com/shimoju/shimoju.jp/themes/shsh/tests/full-review.spec.ts:56:18

    Error: about 390 dark: [["section:nth-child(10) > table > thead > tr > th:nth-child(2)"],["section:nth-child(10) > table > thead > tr > th:nth-child(3)"]]

    expect(received).toBe(expected) // Object.is equality

    Expected: "color-contrast"
    Received: "empty-table-header"

      54 |                   `${screen.name} ${width} ${colorScheme}: ${JSON.stringify(violation.nodes.map((n) => n.target))}`,
      55 |                 )
    > 56 |                 .toBe("color-contrast");
         |                  ^
      57 |               if (violation.id === "color-contrast")
      58 |                 for (const node of violation.nodes)
      59 |                   for (const target of node.target)
        at /Users/shimoju/dev/src/github.com/shimoju/shimoju.jp/themes/shsh/tests/full-review.spec.ts:56:18

    Error Context: test-results/full-review-Full-screen-about-webkit/error-context.md

    attachment #2: trace (application/zip) ─────────────────────────────────────────────────────────
    test-results/full-review-Full-screen-about-webkit/trace.zip
    Usage:

        pnpm exec playwright show-trace test-results/full-review-Full-screen-about-webkit/trace.zip

    ────────────────────────────────────────────────────────────────────────────────────────────────

  6) [webkit] › tests/full-review.spec.ts:8:3 › Full screen single-item ────────────────────────────

    Test timeout of 90000ms exceeded.

    Error: page.goto: Test ended.
    Call log:
      - navigating to "http://127.0.0.1:4190/posts/", waiting until "load"


      26 |           ["mock", `http://127.0.0.1:4177/${screen.mock}?theme=${colorScheme}`],
      27 |         ]) {
    > 28 |           const response = await page.goto(url!);
         |                                       ^
      29 |           expect(response?.status()).toBe(200);
      30 |           await page.evaluate(async () => {
      31 |             await Promise.all(
        at /Users/shimoju/dev/src/github.com/shimoju/shimoju.jp/themes/shsh/tests/full-review.spec.ts:28:39

    Error Context: test-results/full-review-Full-screen-single-item-webkit/error-context.md

    attachment #2: trace (application/zip) ─────────────────────────────────────────────────────────
    test-results/full-review-Full-screen-single-item-webkit/trace.zip
    Usage:

        pnpm exec playwright show-trace test-results/full-review-Full-screen-single-item-webkit/trace.zip

    ────────────────────────────────────────────────────────────────────────────────────────────────

  7) [webkit] › tests/full-review.spec.ts:124:1 › discovery semantics, keyboard, fixed pages and JavaScript-disabled navigation

    Test timeout of 30000ms exceeded.

    Error: page.goto: Test ended.
    Call log:
      - navigating to "http://127.0.0.1:4190/posts/", waiting until "load"


      160 |       if (path !== "about") await expect(page.locator(".article-header .meta")).toHaveCount(0);
      161 |     }
    > 162 |     await page.goto("http://127.0.0.1:4190/posts/");
          |                ^
      163 |     await expect(page.locator(".entry-summary, .pager")).toHaveCount(0);
      164 |     await page.locator(".entry-link").click();
      165 |     await expect(page.locator(".post-nav, .article-tags")).toHaveCount(0);
        at /Users/shimoju/dev/src/github.com/shimoju/shimoju.jp/themes/shsh/tests/full-review.spec.ts:162:16

    Error Context: test-results/full-review-discovery-sema-b63ed-aScript-disabled-navigation-webkit/error-context.md

    attachment #2: trace (application/zip) ─────────────────────────────────────────────────────────
    test-results/full-review-discovery-sema-b63ed-aScript-disabled-navigation-webkit/trace.zip
    Usage:

        pnpm exec playwright show-trace test-results/full-review-discovery-sema-b63ed-aScript-disabled-navigation-webkit/trace.zip

    ────────────────────────────────────────────────────────────────────────────────────────────────

  7 failed
    [chromium] › tests/full-review.spec.ts:8:3 › Full screen about ─────────────────────────────────
    [firefox] › tests/full-review.spec.ts:8:3 › Full screen about ──────────────────────────────────
    [firefox] › tests/full-review.spec.ts:8:3 › Full screen single-item ────────────────────────────
    [firefox] › tests/full-review.spec.ts:124:1 › discovery semantics, keyboard, fixed pages and JavaScript-disabled navigation
    [webkit] › tests/full-review.spec.ts:8:3 › Full screen about ───────────────────────────────────
    [webkit] › tests/full-review.spec.ts:8:3 › Full screen single-item ─────────────────────────────
    [webkit] › tests/full-review.spec.ts:124:1 › discovery semantics, keyboard, fixed pages and JavaScript-disabled navigation
  218 passed (3.5m)
[ELIFECYCLE] Test failed. See above for more details.
[ELIFECYCLE] Command failed with exit code 1.
