[WebServer] (node:26324) Warning: The 'NO_COLOR' env is ignored due to the 'FORCE_COLOR' env being set.
[WebServer] (Use `node --trace-warnings ...` to show where the warning was created)

Running 21 tests using 3 workers

(node:26327) Warning: The 'NO_COLOR' env is ignored due to the 'FORCE_COLOR' env being set.
(Use `node --trace-warnings ...` to show where the warning was created)
(node:26325) Warning: The 'NO_COLOR' env is ignored due to the 'FORCE_COLOR' env being set.
(Use `node --trace-warnings ...` to show where the warning was created)
(node:26326) Warning: The 'NO_COLOR' env is ignored due to the 'FORCE_COLOR' env being set.
(Use `node --trace-warnings ...` to show where the warning was created)
  ✓   1 [chromium] › tests/review.spec.ts:69:3 › Representative posts comparison, both widths/colors and text enlargement (2.3s)
  ✓   3 [chromium] › tests/review.spec.ts:69:3 › Representative home comparison, both widths/colors and text enlargement (2.3s)
  ✓   5 [chromium] › tests/site.spec.ts:9:3 › Migrated site production: all embed positions, URLs and publication controls (1.2s)
  ✓   6 [chromium] › tests/site.spec.ts:9:3 › Migrated site preview: all embed positions, URLs and publication controls (1.1s)
  ✓   7 [chromium] › tests/site.spec.ts:99:1 › real video reserves its intrinsic ratio before loading; native playback dimensions agree (173ms)
(node:26373) Warning: The 'NO_COLOR' env is ignored due to the 'FORCE_COLOR' env being set.
(Use `node --trace-warnings ...` to show where the warning was created)
  ✓   4 [chromium] › tests/review.spec.ts:69:3 › Representative specimen comparison, both widths/colors and text enlargement (5.5s)
(node:26398) Warning: The 'NO_COLOR' env is ignored due to the 'FORCE_COLOR' env being set.
(Use `node --trace-warnings ...` to show where the warning was created)
  ✓   2 [chromium] › tests/review.spec.ts:69:3 › Representative article comparison, both widths/colors and text enlargement (8.1s)
(node:26401) Warning: The 'NO_COLOR' env is ignored due to the 'FORCE_COLOR' env being set.
(Use `node --trace-warnings ...` to show where the warning was created)
  ✓   8 [firefox] › tests/review.spec.ts:69:3 › Representative home comparison, both widths/colors and text enlargement (3.6s)
  ✓   9 [firefox] › tests/review.spec.ts:69:3 › Representative posts comparison, both widths/colors and text enlargement (3.3s)
  ✓  12 [firefox] › tests/site.spec.ts:9:3 › Migrated site production: all embed positions, URLs and publication controls (2.0s)
  ✓  11 [firefox] › tests/review.spec.ts:69:3 › Representative specimen comparison, both widths/colors and text enlargement (5.7s)
  ✓  14 [firefox] › tests/site.spec.ts:99:1 › real video reserves its intrinsic ratio before loading; native playback dimensions agree (350ms)
(node:26450) Warning: The 'NO_COLOR' env is ignored due to the 'FORCE_COLOR' env being set.
(Use `node --trace-warnings ...` to show where the warning was created)
  ✓  13 [firefox] › tests/site.spec.ts:9:3 › Migrated site preview: all embed positions, URLs and publication controls (1.9s)
(node:26463) Warning: The 'NO_COLOR' env is ignored due to the 'FORCE_COLOR' env being set.
(Use `node --trace-warnings ...` to show where the warning was created)
  ✓  10 [firefox] › tests/review.spec.ts:69:3 › Representative article comparison, both widths/colors and text enlargement (7.7s)
(node:26480) Warning: The 'NO_COLOR' env is ignored due to the 'FORCE_COLOR' env being set.
(Use `node --trace-warnings ...` to show where the warning was created)
  ✓  15 [webkit] › tests/review.spec.ts:69:3 › Representative home comparison, both widths/colors and text enlargement (2.9s)
  ✓  16 [webkit] › tests/review.spec.ts:69:3 › Representative posts comparison, both widths/colors and text enlargement (2.9s)
  ✓  19 [webkit] › tests/site.spec.ts:9:3 › Migrated site production: all embed positions, URLs and publication controls (1.8s)
  ✓  20 [webkit] › tests/site.spec.ts:9:3 › Migrated site preview: all embed positions, URLs and publication controls (1.7s)
  ✓  21 [webkit] › tests/site.spec.ts:99:1 › real video reserves its intrinsic ratio before loading; native playback dimensions agree (444ms)
  ✓  18 [webkit] › tests/review.spec.ts:69:3 › Representative specimen comparison, both widths/colors and text enlargement (4.6s)
  ✓  17 [webkit] › tests/review.spec.ts:69:3 › Representative article comparison, both widths/colors and text enlargement (6.5s)

  21 passed (24.3s)
