$ pnpm format:check && pnpm lint && pnpm lint:css && pnpm check:progress && pnpm check:tooling && pnpm build:fixtures && pnpm check:theme && pnpm check:collections && pnpm check:prose && pnpm check:media && pnpm check:sharing && pnpm check:metadata && pnpm build:review && pnpm build:full-review && pnpm build:site-fixture && pnpm check:site-inputs && pnpm check:site-output && pnpm test
$ node scripts/format.mjs
Checking formatting...

All matched files use the correct format.
Finished in 268ms on 110 files using 10 threads.
Go templates: 58 checked, 0 differ.
$ oxlint --type-aware --type-check --deny-warnings scripts tests assets playwright.config.ts
$ stylelint "assets/css/**/*.css" "tests/fixtures/**/*.css" --allow-empty-input
$ node scripts/verify-progress.mjs
Progress valid: 24 tasks; requirements Q1–Q34; discipline Q1–Q9; references and DAG checked. Human evidence still requires review.
$ node --experimental-strip-types scripts/verify-tooling.ts
Toolchain probes passed. Hugo/formatter output is ready for three-engine browser comparison.
{ hugo_before_ms: 157, template_format_ms: 34, hugo_after_ms: 30 }
$ node scripts/build-fixtures.ts
Start building sites …
hugo v0.166.0+extended+withdeploy darwin/arm64 BuildDate=2026-09-09T14:45:02Z VendorInfo=Homebrew


                  │ JA
──────────────────┼────
 Pages            │ 16
 Paginator pages  │  4
 Non-page files   │  0
 Static files     │  0
 Processed images │  0
 Aliases          │  2
 Cleaned          │  0

Total in 32 ms
Start building sites …
hugo v0.166.0+extended+withdeploy darwin/arm64 BuildDate=2026-09-09T14:45:02Z VendorInfo=Homebrew


                  │ JA
──────────────────┼────
 Pages            │ 16
 Paginator pages  │  4
 Non-page files   │  0
 Static files     │  0
 Processed images │  0
 Aliases          │  2
 Cleaned          │  0

Total in 29 ms
Start building sites …
hugo v0.166.0+extended+withdeploy darwin/arm64 BuildDate=2026-09-09T14:45:02Z VendorInfo=Homebrew


                  │ JA
──────────────────┼────
 Pages            │ 16
 Paginator pages  │  4
 Non-page files   │  0
 Static files     │  0
 Processed images │  0
 Aliases          │  2
 Cleaned          │  0

Total in 29 ms
$ node scripts/verify-theme.ts
Theme foundation: HTML, production/preview/development assets, invalid configuration and minimal alternative site passed.
$ node scripts/verify-collections.ts
Collections: empty/single/default10/custom2, UTC ties, mainSections, publication filters, summaries, dates and invalid inputs passed.
Discovery: local year/month, all-section order, tie navigation, fixed-page exclusion, original term case and HTML/feed title consistency passed.
$ node scripts/verify-prose.ts
Prose: date fallback/day boundaries/visibility/types, legal footnote IDs, full real article HTML and native heading IDs passed.
$ node scripts/verify-media.ts
Start building sites …
hugo v0.166.0+extended+withdeploy darwin/arm64 BuildDate=2026-09-09T14:45:02Z VendorInfo=Homebrew


                  │ JA
──────────────────┼────
 Pages            │ 15
 Paginator pages  │  2
 Non-page files   │ 13
 Static files     │  4
 Processed images │ 46
 Aliases          │  2
 Cleaned          │  0

Total in 2368 ms
Start building sites …
hugo v0.166.0+extended+withdeploy darwin/arm64 BuildDate=2026-09-09T14:45:02Z VendorInfo=Homebrew


                  │ JA
──────────────────┼────
 Pages            │ 15
 Paginator pages  │  2
 Non-page files   │ 13
 Static files     │  4
 Processed images │ 46
 Aliases          │  2
 Cleaned          │  0

Total in 40 ms
Media: production/preview HTML, unchanged original media, unavailable external URL and invalid inputs passed.
$ node scripts/verify-sharing.ts
Sharing: defaults, ordered services, fixed pages/posts, escaped title/URLs, author setting, invalid inputs and preview isolation passed.
$ node scripts/verify-metadata.ts
Metadata fixtures: all HTML valid; asset/static/external defaults, bundle isolation, input failures, preview and empty feed built. XML/head assertions run in metadata.spec.ts.
$ node scripts/build-review-fixture.ts
Start building sites …
hugo v0.166.0+extended+withdeploy darwin/arm64 BuildDate=2026-09-09T14:45:02Z VendorInfo=Homebrew


                  │ JA
──────────────────┼────
 Pages            │ 46
 Paginator pages  │  5
 Non-page files   │  6
 Static files     │  0
 Processed images │ 54
 Aliases          │ 15
 Cleaned          │  0

Total in 4266 ms
Start building sites …
hugo v0.166.0+extended+withdeploy darwin/arm64 BuildDate=2026-09-09T14:45:02Z VendorInfo=Homebrew


                  │ JA
──────────────────┼────
 Pages            │ 46
 Paginator pages  │  5
 Non-page files   │  6
 Static files     │  0
 Processed images │ 54
 Aliases          │ 15
 Cleaned          │  0

Total in 42 ms
$ node scripts/build-full-review.ts
Start building sites …
hugo v0.166.0+extended+withdeploy darwin/arm64 BuildDate=2026-09-09T14:45:02Z VendorInfo=Homebrew


                  │ JA
──────────────────┼────
 Pages            │ 24
 Paginator pages  │  8
 Non-page files   │  6
 Static files     │  0
 Processed images │ 54
 Aliases          │  4
 Cleaned          │  0

Total in 48 ms
Start building sites …
hugo v0.166.0+extended+withdeploy darwin/arm64 BuildDate=2026-09-09T14:45:02Z VendorInfo=Homebrew


                  │ JA
──────────────────┼────
 Pages            │ 15
 Paginator pages  │  0
 Non-page files   │  0
 Static files     │  0
 Processed images │ 15
 Aliases          │  2
 Cleaned          │  0

Total in 28 ms
Start building sites …
hugo v0.166.0+extended+withdeploy darwin/arm64 BuildDate=2026-09-09T14:45:02Z VendorInfo=Homebrew


                  │ JA
──────────────────┼────
 Pages            │ 16
 Paginator pages  │  0
 Non-page files   │  0
 Static files     │  0
 Processed images │ 15
 Aliases          │  2
 Cleaned          │  0

Total in 29 ms
Full review: 40 frozen product screens mapped; specimen stays in representative suite.
Full review HTML: all production, preview and boundary fixture pages valid.
$ node scripts/build-site-fixture.ts
{
  "command": [
    "hugo",
    "--source",
    "/Users/shimoju/dev/src/github.com/shimoju/shimoju.jp/themes/shsh/.cache/site/source",
    "--themesDir",
    "/Users/shimoju/dev/src/github.com/shimoju/shimoju.jp/themes",
    "--destination",
    "/Users/shimoju/dev/src/github.com/shimoju/shimoju.jp/themes/shsh/.cache/site/production",
    "--cacheDir",
    "/Users/shimoju/dev/src/github.com/shimoju/shimoju.jp/themes/shsh/.cache/site/hugo-cache",
    "--environment",
    "production",
    "--clock",
    "2026-09-17T12:00:00+09:00",
    "--cleanDestinationDir",
    "--panicOnWarning"
  ],
  "live": false,
  "environment": "production",
  "exitCode": 0,
  "seconds": 5.466331917,
  "stdout": "Start building sites … \nhugo v0.166.0+extended+withdeploy darwin/arm64 BuildDate=2026-09-09T14:45:02Z VendorInfo=Homebrew\n\n\n                  │ JA  \n──────────────────┼─────\n Pages            │ 160 \n Paginator pages  │  14 \n Non-page files   │  19 \n Static files     │   6 \n Processed images │ 124 \n Aliases          │  46 \n Cleaned          │   0 \n\nTotal in 5440 ms\n",
  "stderr": ""
}
{
  "command": [
    "hugo",
    "--source",
    "/Users/shimoju/dev/src/github.com/shimoju/shimoju.jp/themes/shsh/.cache/site/source",
    "--themesDir",
    "/Users/shimoju/dev/src/github.com/shimoju/shimoju.jp/themes",
    "--destination",
    "/Users/shimoju/dev/src/github.com/shimoju/shimoju.jp/themes/shsh/.cache/site/preview",
    "--cacheDir",
    "/Users/shimoju/dev/src/github.com/shimoju/shimoju.jp/themes/shsh/.cache/site/hugo-cache",
    "--environment",
    "preview",
    "--clock",
    "2026-09-17T12:00:00+09:00",
    "--cleanDestinationDir",
    "--panicOnWarning",
    "--baseURL",
    "https://preview.invalid/"
  ],
  "live": false,
  "environment": "preview",
  "exitCode": 0,
  "seconds": 0.16795183300000008,
  "stdout": "Start building sites … \nhugo v0.166.0+extended+withdeploy darwin/arm64 BuildDate=2026-09-09T14:45:02Z VendorInfo=Homebrew\n\n\n                  │ JA  \n──────────────────┼─────\n Pages            │ 160 \n Paginator pages  │  14 \n Non-page files   │  19 \n Static files     │   6 \n Processed images │ 124 \n Aliases          │  46 \n Cleaned          │   0 \n\nTotal in 145 ms\n",
  "stderr": ""
}
$ node scripts/verify-site-inputs.ts
Site inputs: 80 original source/assets, 6 authorized changes, 62 Markdown files and 46 embeds verified. Offline production/preview passed.
$ node scripts/verify-site-output.ts
All 340 production/preview HTML files valid; F015 exact-title length exception only.
$ playwright test
[WebServer] (node:33018) Warning: The 'NO_COLOR' env is ignored due to the 'FORCE_COLOR' env being set.
[WebServer] (Use `node --trace-warnings ...` to show where the warning was created)

Running 240 tests using 5 workers

(node:33021) Warning: The 'NO_COLOR' env is ignored due to the 'FORCE_COLOR' env being set.
(Use `node --trace-warnings ...` to show where the warning was created)
(node:33023) Warning: The 'NO_COLOR' env is ignored due to the 'FORCE_COLOR' env being set.
(Use `node --trace-warnings ...` to show where the warning was created)
(node:33019) Warning: The 'NO_COLOR' env is ignored due to the 'FORCE_COLOR' env being set.
(Use `node --trace-warnings ...` to show where the warning was created)
(node:33020) Warning: The 'NO_COLOR' env is ignored due to the 'FORCE_COLOR' env being set.
(Use `node --trace-warnings ...` to show where the warning was created)
(node:33022) Warning: The 'NO_COLOR' env is ignored due to the 'FORCE_COLOR' env being set.
(Use `node --trace-warnings ...` to show where the warning was created)
  ✓    3 [chromium] › tests/collections.spec.ts:91:1 › pagination and whole-card links work without JavaScript (413ms)
  ✓    4 [chromium] › tests/collections.spec.ts:4:1 › home and section pagination retain newer-left/older-right and first-page introduction (740ms)
  ✓    5 [chromium] › tests/full-review.spec.ts:8:3 › Full screen home-2 (2.6s)
  ✓    6 [chromium] › tests/full-review.spec.ts:8:3 › Full screen home-3 (2.3s)
  ✓    1 [chromium] › tests/full-review.spec.ts:8:3 › Full screen home (2.9s)
  ✓    2 [chromium] › tests/collections.spec.ts:29:1 › list text, separators and pager preserve frozen mock styles in both widths and palettes (3.0s)
  ✓    7 [chromium] › tests/full-review.spec.ts:8:3 › Full screen posts (2.7s)
  ✓    9 [chromium] › tests/full-review.spec.ts:8:3 › Full screen posts-3 (2.2s)
  ✓    8 [chromium] › tests/full-review.spec.ts:8:3 › Full screen posts-2 (2.3s)
  ✓   11 [chromium] › tests/full-review.spec.ts:8:3 › Full screen tags-empty (2.0s)
  ✓   10 [chromium] › tests/full-review.spec.ts:8:3 › Full screen tags (2.2s)
  ✓   12 [chromium] › tests/full-review.spec.ts:8:3 › Full screen tag-1 (2.5s)
  ✓   13 [chromium] › tests/full-review.spec.ts:8:3 › Full screen tag-2 (2.1s)
  ✓   14 [chromium] › tests/full-review.spec.ts:8:3 › Full screen tag-3 (2.4s)
  ✓   15 [chromium] › tests/full-review.spec.ts:8:3 › Full screen tag-4 (2.5s)
  ✓   16 [chromium] › tests/full-review.spec.ts:8:3 › Full screen tag-5 (2.5s)
  ✓   17 [chromium] › tests/full-review.spec.ts:8:3 › Full screen tag-6 (2.1s)
  ✓   18 [chromium] › tests/full-review.spec.ts:8:3 › Full screen tag-7 (2.4s)
  ✓   20 [chromium] › tests/full-review.spec.ts:8:3 › Full screen tag-9 (2.1s)
  ✓   19 [chromium] › tests/full-review.spec.ts:8:3 › Full screen tag-8 (2.4s)
  ✓   21 [chromium] › tests/full-review.spec.ts:8:3 › Full screen tag-10 (2.5s)
  ✓   22 [chromium] › tests/full-review.spec.ts:8:3 › Full screen tag-11 (2.5s)
  ✓   23 [chromium] › tests/full-review.spec.ts:8:3 › Full screen categories (2.1s)
  ✓   24 [chromium] › tests/full-review.spec.ts:8:3 › Full screen categories-empty (2.0s)
  ✓   25 [chromium] › tests/full-review.spec.ts:8:3 › Full screen category-1 (2.6s)
  ✓   26 [chromium] › tests/full-review.spec.ts:8:3 › Full screen category-2 (2.5s)
  ✓   27 [chromium] › tests/full-review.spec.ts:8:3 › Full screen category-2-2 (2.2s)
  ✓   28 [chromium] › tests/full-review.spec.ts:8:3 › Full screen tag-pagination (2.6s)
  ✓   29 [chromium] › tests/full-review.spec.ts:8:3 › Full screen tag-pagination-2 (2.6s)
  ✓   30 [chromium] › tests/full-review.spec.ts:8:3 › Full screen tag-pagination-3 (2.2s)
  ✓   32 [chromium] › tests/full-review.spec.ts:8:3 › Full screen category-pagination-2 (2.5s)
  ✓   31 [chromium] › tests/full-review.spec.ts:8:3 › Full screen category-pagination (2.6s)
  ✓   33 [chromium] › tests/full-review.spec.ts:8:3 › Full screen category-pagination-3 (2.2s)
  ✓   36 [chromium] › tests/full-review.spec.ts:8:3 › Full screen article-diary (2.6s)
  ✓   37 [chromium] › tests/full-review.spec.ts:8:3 › Full screen article-bgm (2.6s)
  ✓   35 [chromium] › tests/full-review.spec.ts:8:3 › Full screen article-hugo (4.3s)
  ✓   38 [chromium] › tests/full-review.spec.ts:8:3 › Full screen article-pasmo (2.9s)
  ✓   40 [chromium] › tests/full-review.spec.ts:8:3 › Full screen archives (2.7s)
  ✓   41 [chromium] › tests/full-review.spec.ts:8:3 › Full screen 404 (2.2s)
  ✓   42 [chromium] › tests/full-review.spec.ts:8:3 › Full screen empty (2.1s)
  ✓   45 [chromium] › tests/media.spec.ts:10:1 › responsive candidates, originals, dimensions, loading and figure semantics (472ms)
  ✓   43 [chromium] › tests/full-review.spec.ts:8:3 › Full screen single-item (2.3s)
  ✓   46 [chromium] › tests/media.spec.ts:88:1 › WebP preserves PNG pixels and transparency at each generated width (1.3s)
  ✓   44 [chromium] › tests/full-review.spec.ts:124:1 › discovery semantics, keyboard, fixed pages and JavaScript-disabled navigation (2.3s)
  ✓   48 [chromium] › tests/media.spec.ts:193:1 › DPR chooses fitting candidates and JavaScript-free media remain usable (419ms)
  ✓   49 [chromium] › tests/metadata.spec.ts:52:1 › RSS uses all ordered articles, plain common summaries and stable document GUIDs (95ms)
  ✓   50 [chromium] › tests/metadata.spec.ts:79:1 › taxonomy feeds contain term pages, term feeds filter posts, empty feeds have no fake dates (83ms)
  ✓   51 [chromium] › tests/metadata.spec.ts:109:1 › canonical and discovery URLs follow the active pager and build baseURL (124ms)
  ✓   52 [chromium] › tests/metadata.spec.ts:135:1 › description, dates and JSON-LD preserve page roles and safe text (79ms)
  ✓   53 [chromium] › tests/metadata.spec.ts:170:1 › SNS images use cover, global assets/static/external defaults or none, never body images (107ms)
  ✓   54 [chromium] › tests/metadata.spec.ts:193:1 › all XML parses, sitemap and robots follow production and preview (150ms)
  ✘   56 [chromium] › tests/migration.spec.ts:36:3 › All migrated outputs: preview (548ms)
(node:33372) Warning: The 'NO_COLOR' env is ignored due to the 'FORCE_COLOR' env being set.
(Use `node --trace-warnings ...` to show where the warning was created)
  ✓   55 [chromium] › tests/migration.spec.ts:36:3 › All migrated outputs: production (1.2s)
  ✓   34 [chromium] › tests/full-review.spec.ts:8:3 › Full screen article (10.8s)
  ✓   57 [chromium] › tests/prose.spec.ts:46:1 › failed copy announces manual fallback, permits retry, and resets success after three seconds (300ms)
  ✓   59 [chromium] › tests/prose.spec.ts:73:1 › keyboard reveals copy and Escape returns focus to selectable code (352ms)
  ✓   60 [chromium] › tests/prose.spec.ts:94:1 › touch reveals copy, outside tap and horizontal scroll dismiss it (377ms)
  ✘   39 [chromium] › tests/full-review.spec.ts:8:3 › Full screen about (7.3s)
  ✓   47 [chromium] › tests/media.spec.ts:151:1 › media geometry matches mock, small images stay small, both colors remain accessible (2.8s)
  ✓   58 [chromium] › tests/prose.spec.ts:18:1 › copy preserves code with Japanese, inline/table numbers, unknown language and no label (681ms)
(node:33389) Warning: The 'NO_COLOR' env is ignored due to the 'FORCE_COLOR' env being set.
(Use `node --trace-warnings ...` to show where the warning was created)
  ✓   62 [chromium] › tests/prose.spec.ts:204:1 › full real article preserves mock prose layout in both palettes and widths (1.8s)
  ✓   63 [chromium] › tests/review.spec.ts:69:3 › Representative posts comparison, both widths/colors and text enlargement (2.9s)
  ✓   61 [chromium] › tests/prose.spec.ts:115:1 › prose matches mock type and spacing; footnotes, headings, dates and JS-free reading work (3.7s)
  ✓   65 [chromium] › tests/review.spec.ts:69:3 › Representative home comparison, both widths/colors and text enlargement (3.1s)
  ✓   68 [chromium] › tests/sharing.spec.ts:59:1 › failed star download preserves reading and share links and announces failure (456ms)
  ✓   67 [chromium] › tests/sharing.spec.ts:14:1 › shared document URLs, encoded titles, service order and keyboard navigation (1.0s)
  ✓   70 [chromium] › tests/sharing.spec.ts:72:1 › preview cannot share or load stars; JS-free production retains ordinary links (309ms)
  ✓   69 [chromium] › tests/sharing.spec.ts:103:1 › sharing retains mock geometry and icon styling at both widths and palettes (693ms)
  ✓   73 [chromium] › tests/site.spec.ts:99:1 › real video reserves its intrinsic ratio before loading; native playback dimensions agree (311ms)
  ✓   74 [chromium] › tests/theme.spec.ts:4:1 › saved pref-theme is applied before styles load (133ms)
  ✓   75 [chromium] › tests/theme.spec.ts:25:1 › OS follows until a keyboard choice, persists and ignores mock query parameters (296ms)
  ✓   76 [chromium] › tests/theme.spec.ts:53:1 › invalid and unavailable storage retain OS fallback and allow a page-local choice (188ms)
  ✓   77 [chromium] › tests/theme.spec.ts:78:1 › invalid saved value uses OS preference (130ms)
  ✓   71 [chromium] › tests/site.spec.ts:9:3 › Migrated site production: all embed positions, URLs and publication controls (1.8s)
  ✓   78 [chromium] › tests/theme.spec.ts:85:1 › without JavaScript both OS palettes, navigation and subscription remain usable (225ms)
  ✓   72 [chromium] › tests/site.spec.ts:9:3 › Migrated site preview: all embed positions, URLs and publication controls (1.7s)
(node:33451) Warning: The 'NO_COLOR' env is ignored due to the 'FORCE_COLOR' env being set.
(Use `node --trace-warnings ...` to show where the warning was created)
  ✓   80 [chromium] › tests/tooling.spec.ts:5:1 › Hugo formatting preserves inline spaces, attributes, render hooks and compiled assets (647ms)
(node:33459) Warning: The 'NO_COLOR' env is ignored due to the 'FORCE_COLOR' env being set.
(Use `node --trace-warnings ...` to show where the warning was created)
  ✓   79 [chromium] › tests/theme.spec.ts:102:1 › shared shell keeps mock dimensions at desktop and mobile widths in both palettes (1.5s)
(node:33472) Warning: The 'NO_COLOR' env is ignored due to the 'FORCE_COLOR' env being set.
(Use `node --trace-warnings ...` to show where the warning was created)
  ✓   66 [chromium] › tests/review.spec.ts:69:3 › Representative specimen comparison, both widths/colors and text enlargement (7.4s)
(node:33494) Warning: The 'NO_COLOR' env is ignored due to the 'FORCE_COLOR' env being set.
(Use `node --trace-warnings ...` to show where the warning was created)
  ✓   81 [firefox] › tests/collections.spec.ts:4:1 › home and section pagination retain newer-left/older-right and first-page introduction (2.6s)
  ✓   83 [firefox] › tests/collections.spec.ts:91:1 › pagination and whole-card links work without JavaScript (1.6s)
  ✓   64 [chromium] › tests/review.spec.ts:69:3 › Representative article comparison, both widths/colors and text enlargement (11.0s)
(node:33517) Warning: The 'NO_COLOR' env is ignored due to the 'FORCE_COLOR' env being set.
(Use `node --trace-warnings ...` to show where the warning was created)
  ✓   86 [firefox] › tests/full-review.spec.ts:8:3 › Full screen home-3 (3.9s)
  ✓   85 [firefox] › tests/full-review.spec.ts:8:3 › Full screen home-2 (4.1s)
  ✓   82 [firefox] › tests/collections.spec.ts:29:1 › list text, separators and pager preserve frozen mock styles in both widths and palettes (7.2s)
  ✓   84 [firefox] › tests/full-review.spec.ts:8:3 › Full screen home (5.0s)
  ✓   87 [firefox] › tests/full-review.spec.ts:8:3 › Full screen posts (5.1s)
  ✓   89 [firefox] › tests/full-review.spec.ts:8:3 › Full screen posts-3 (4.3s)
  ✓   88 [firefox] › tests/full-review.spec.ts:8:3 › Full screen posts-2 (4.4s)
  ✓   91 [firefox] › tests/full-review.spec.ts:8:3 › Full screen tags-empty (4.7s)
  ✓   90 [firefox] › tests/full-review.spec.ts:8:3 › Full screen tags (5.0s)
  ✓   92 [firefox] › tests/full-review.spec.ts:8:3 › Full screen tag-1 (4.7s)
  ✓   93 [firefox] › tests/full-review.spec.ts:8:3 › Full screen tag-2 (3.8s)
  ✓   94 [firefox] › tests/full-review.spec.ts:8:3 › Full screen tag-3 (3.7s)
  ✓   95 [firefox] › tests/full-review.spec.ts:8:3 › Full screen tag-4 (3.8s)
  ✓   96 [firefox] › tests/full-review.spec.ts:8:3 › Full screen tag-5 (3.7s)
  ✓   97 [firefox] › tests/full-review.spec.ts:8:3 › Full screen tag-6 (3.8s)
  ✓   98 [firefox] › tests/full-review.spec.ts:8:3 › Full screen tag-7 (3.9s)
  ✓   99 [firefox] › tests/full-review.spec.ts:8:3 › Full screen tag-8 (4.0s)
  ✓  100 [firefox] › tests/full-review.spec.ts:8:3 › Full screen tag-9 (3.8s)
  ✓  101 [firefox] › tests/full-review.spec.ts:8:3 › Full screen tag-10 (3.8s)
  ✓  102 [firefox] › tests/full-review.spec.ts:8:3 › Full screen tag-11 (3.7s)
  ✓  104 [firefox] › tests/full-review.spec.ts:8:3 › Full screen categories-empty (4.8s)
  ✓  103 [firefox] › tests/full-review.spec.ts:8:3 › Full screen categories (5.0s)
  ✓  106 [firefox] › tests/full-review.spec.ts:8:3 › Full screen category-2 (3.9s)
  ✓  105 [firefox] › tests/full-review.spec.ts:8:3 › Full screen category-1 (5.0s)
  ✓  107 [firefox] › tests/full-review.spec.ts:8:3 › Full screen category-2-2 (5.2s)
  ✓  109 [firefox] › tests/full-review.spec.ts:8:3 › Full screen tag-pagination-2 (3.7s)
  ✓  108 [firefox] › tests/full-review.spec.ts:8:3 › Full screen tag-pagination (3.9s)
  ✓  111 [firefox] › tests/full-review.spec.ts:8:3 › Full screen category-pagination (3.7s)
  ✓  110 [firefox] › tests/full-review.spec.ts:8:3 › Full screen tag-pagination-3 (5.3s)
  ✓  112 [firefox] › tests/full-review.spec.ts:8:3 › Full screen category-pagination-2 (3.8s)
  ✓  113 [firefox] › tests/full-review.spec.ts:8:3 › Full screen category-pagination-3 (3.7s)
  ✓  116 [firefox] › tests/full-review.spec.ts:8:3 › Full screen article-diary (3.9s)
  ✓  115 [firefox] › tests/full-review.spec.ts:8:3 › Full screen article-hugo (5.9s)
  ✓  117 [firefox] › tests/full-review.spec.ts:8:3 › Full screen article-bgm (3.9s)
  ✓  118 [firefox] › tests/full-review.spec.ts:8:3 › Full screen article-pasmo (4.0s)
  ✓  114 [firefox] › tests/full-review.spec.ts:8:3 › Full screen article (10.9s)
  ✓  121 [firefox] › tests/full-review.spec.ts:8:3 › Full screen 404 (3.6s)
  ✓  122 [firefox] › tests/full-review.spec.ts:8:3 › Full screen empty (3.5s)
  ✓  120 [firefox] › tests/full-review.spec.ts:8:3 › Full screen archives (4.0s)
  ✓  126 [firefox] › tests/media.spec.ts:88:1 › WebP preserves PNG pixels and transparency at each generated width (1.4s)
  ✘  119 [firefox] › tests/full-review.spec.ts:8:3 › Full screen about (6.5s)
  ✓  125 [firefox] › tests/media.spec.ts:10:1 › responsive candidates, originals, dimensions, loading and figure semantics (2.4s)
(node:33860) Warning: The 'NO_COLOR' env is ignored due to the 'FORCE_COLOR' env being set.
(Use `node --trace-warnings ...` to show where the warning was created)
  ✓  128 [firefox] › tests/metadata.spec.ts:52:1 › RSS uses all ordered articles, plain common summaries and stable document GUIDs (278ms)
  ✓  130 [firefox] › tests/metadata.spec.ts:79:1 › taxonomy feeds contain term pages, term feeds filter posts, empty feeds have no fake dates (253ms)
  ✓  131 [firefox] › tests/metadata.spec.ts:109:1 › canonical and discovery URLs follow the active pager and build baseURL (312ms)
  ✓  123 [firefox] › tests/full-review.spec.ts:8:3 › Full screen single-item (3.5s)
  ✓  132 [firefox] › tests/metadata.spec.ts:135:1 › description, dates and JSON-LD preserve page roles and safe text (219ms)
  ✓  133 [firefox] › tests/metadata.spec.ts:170:1 › SNS images use cover, global assets/static/external defaults or none, never body images (262ms)
  ✓  134 [firefox] › tests/metadata.spec.ts:193:1 › all XML parses, sitemap and robots follow production and preview (316ms)
  ✓  124 [firefox] › tests/full-review.spec.ts:124:1 › discovery semantics, keyboard, fixed pages and JavaScript-disabled navigation (4.4s)
  ✘  136 [firefox] › tests/migration.spec.ts:36:3 › All migrated outputs: preview (613ms)
(node:33891) Warning: The 'NO_COLOR' env is ignored due to the 'FORCE_COLOR' env being set.
(Use `node --trace-warnings ...` to show where the warning was created)
  ✓  129 [firefox] › tests/media.spec.ts:193:1 › DPR chooses fitting candidates and JavaScript-free media remain usable (2.2s)
  ✓  135 [firefox] › tests/migration.spec.ts:36:3 › All migrated outputs: production (1.8s)
  ✓  137 [firefox] › tests/prose.spec.ts:18:1 › copy preserves code with Japanese, inline/table numbers, unknown language and no label (1.0s)
  ✓  127 [firefox] › tests/media.spec.ts:151:1 › media geometry matches mock, small images stay small, both colors remain accessible (4.8s)
  ✓  139 [firefox] › tests/prose.spec.ts:73:1 › keyboard reveals copy and Escape returns focus to selectable code (1.3s)
  ✓  138 [firefox] › tests/prose.spec.ts:46:1 › failed copy announces manual fallback, permits retry, and resets success after three seconds (1.6s)
  ✓  140 [firefox] › tests/prose.spec.ts:94:1 › touch reveals copy, outside tap and horizontal scroll dismiss it (2.5s)
  ✓  142 [firefox] › tests/prose.spec.ts:204:1 › full real article preserves mock prose layout in both palettes and widths (1.6s)
  ✓  143 [firefox] › tests/review.spec.ts:69:3 › Representative home comparison, both widths/colors and text enlargement (4.4s)
  ✓  144 [firefox] › tests/review.spec.ts:69:3 › Representative posts comparison, both widths/colors and text enlargement (4.4s)
  ✓  148 [firefox] › tests/sharing.spec.ts:59:1 › failed star download preserves reading and share links and announces failure (971ms)
  ✓  147 [firefox] › tests/sharing.spec.ts:14:1 › shared document URLs, encoded titles, service order and keyboard navigation (2.0s)
  ✓  149 [firefox] › tests/sharing.spec.ts:72:1 › preview cannot share or load stars; JS-free production retains ordinary links (593ms)
  ✓  141 [firefox] › tests/prose.spec.ts:115:1 › prose matches mock type and spacing; footnotes, headings, dates and JS-free reading work (8.2s)
  ✓  150 [firefox] › tests/sharing.spec.ts:103:1 › sharing retains mock geometry and icon styling at both widths and palettes (1.3s)
  ✓  153 [firefox] › tests/site.spec.ts:99:1 › real video reserves its intrinsic ratio before loading; native playback dimensions agree (622ms)
  ✓  154 [firefox] › tests/theme.spec.ts:4:1 › saved pref-theme is applied before styles load (1.2s)
  ✓  152 [firefox] › tests/site.spec.ts:9:3 › Migrated site preview: all embed positions, URLs and publication controls (2.8s)
  ✓  156 [firefox] › tests/theme.spec.ts:53:1 › invalid and unavailable storage retain OS fallback and allow a page-local choice (343ms)
  ✓  155 [firefox] › tests/theme.spec.ts:25:1 › OS follows until a keyboard choice, persists and ignores mock query parameters (596ms)
  ✓  157 [firefox] › tests/theme.spec.ts:78:1 › invalid saved value uses OS preference (267ms)
  ✓  151 [firefox] › tests/site.spec.ts:9:3 › Migrated site production: all embed positions, URLs and publication controls (3.7s)
  ✓  158 [firefox] › tests/theme.spec.ts:85:1 › without JavaScript both OS palettes, navigation and subscription remain usable (421ms)
(node:33986) Warning: The 'NO_COLOR' env is ignored due to the 'FORCE_COLOR' env being set.
(Use `node --trace-warnings ...` to show where the warning was created)
  ✓  146 [firefox] › tests/review.spec.ts:69:3 › Representative specimen comparison, both widths/colors and text enlargement (9.9s)
  ✓  160 [firefox] › tests/tooling.spec.ts:5:1 › Hugo formatting preserves inline spaces, attributes, render hooks and compiled assets (1.4s)
  ✓  145 [firefox] › tests/review.spec.ts:69:3 › Representative article comparison, both widths/colors and text enlargement (10.7s)
(node:34001) Warning: The 'NO_COLOR' env is ignored due to the 'FORCE_COLOR' env being set.
(Use `node --trace-warnings ...` to show where the warning was created)
(node:34003) Warning: The 'NO_COLOR' env is ignored due to the 'FORCE_COLOR' env being set.
(Use `node --trace-warnings ...` to show where the warning was created)
  ✓  161 [webkit] › tests/collections.spec.ts:4:1 › home and section pagination retain newer-left/older-right and first-page introduction (1.3s)
(node:34012) Warning: The 'NO_COLOR' env is ignored due to the 'FORCE_COLOR' env being set.
(Use `node --trace-warnings ...` to show where the warning was created)
  ✓  163 [webkit] › tests/collections.spec.ts:91:1 › pagination and whole-card links work without JavaScript (706ms)
  ✓  159 [firefox] › tests/theme.spec.ts:102:1 › shared shell keeps mock dimensions at desktop and mobile widths in both palettes (4.8s)
(node:34069) Warning: The 'NO_COLOR' env is ignored due to the 'FORCE_COLOR' env being set.
(Use `node --trace-warnings ...` to show where the warning was created)
  ✓  164 [webkit] › tests/full-review.spec.ts:8:3 › Full screen home-2 (4.1s)
  ✓  165 [webkit] › tests/full-review.spec.ts:8:3 › Full screen home (4.3s)
  ✓  166 [webkit] › tests/full-review.spec.ts:8:3 › Full screen home-3 (3.9s)
  ✓  162 [webkit] › tests/collections.spec.ts:29:1 › list text, separators and pager preserve frozen mock styles in both widths and palettes (6.2s)
  ✓  168 [webkit] › tests/full-review.spec.ts:8:3 › Full screen posts-2 (3.9s)
  ✓  167 [webkit] › tests/full-review.spec.ts:8:3 › Full screen posts (4.2s)
  ✓  169 [webkit] › tests/full-review.spec.ts:8:3 › Full screen posts-3 (3.6s)
  ✓  170 [webkit] › tests/full-review.spec.ts:8:3 › Full screen tags (3.7s)
  ✓  171 [webkit] › tests/full-review.spec.ts:8:3 › Full screen tags-empty (3.5s)
  ✓  172 [webkit] › tests/full-review.spec.ts:8:3 › Full screen tag-1 (3.7s)
  ✓  173 [webkit] › tests/full-review.spec.ts:8:3 › Full screen tag-2 (3.5s)
  ✓  174 [webkit] › tests/full-review.spec.ts:8:3 › Full screen tag-3 (3.7s)
  ✓  175 [webkit] › tests/full-review.spec.ts:8:3 › Full screen tag-4 (3.7s)
  ✓  176 [webkit] › tests/full-review.spec.ts:8:3 › Full screen tag-5 (3.7s)
  ✓  177 [webkit] › tests/full-review.spec.ts:8:3 › Full screen tag-6 (3.5s)
  ✓  178 [webkit] › tests/full-review.spec.ts:8:3 › Full screen tag-7 (3.7s)
  ✓  179 [webkit] › tests/full-review.spec.ts:8:3 › Full screen tag-8 (3.7s)
  ✓  180 [webkit] › tests/full-review.spec.ts:8:3 › Full screen tag-9 (3.6s)
  ✓  181 [webkit] › tests/full-review.spec.ts:8:3 › Full screen tag-10 (3.6s)
  ✓  182 [webkit] › tests/full-review.spec.ts:8:3 › Full screen tag-11 (3.7s)
  ✓  183 [webkit] › tests/full-review.spec.ts:8:3 › Full screen categories (3.5s)
  ✓  184 [webkit] › tests/full-review.spec.ts:8:3 › Full screen categories-empty (3.5s)
  ✓  185 [webkit] › tests/full-review.spec.ts:8:3 › Full screen category-1 (3.7s)
  ✓  186 [webkit] › tests/full-review.spec.ts:8:3 › Full screen category-2 (3.8s)
  ✓  188 [webkit] › tests/full-review.spec.ts:8:3 › Full screen category-2-2 (3.7s)
  ✓  187 [webkit] › tests/full-review.spec.ts:8:3 › Full screen tag-pagination (3.8s)
  ✓  189 [webkit] › tests/full-review.spec.ts:8:3 › Full screen tag-pagination-2 (3.6s)
  ✓  190 [webkit] › tests/full-review.spec.ts:8:3 › Full screen tag-pagination-3 (3.5s)
  ✓  191 [webkit] › tests/full-review.spec.ts:8:3 › Full screen category-pagination (3.8s)
  ✓  192 [webkit] › tests/full-review.spec.ts:8:3 › Full screen category-pagination-2 (3.9s)
  ✓  193 [webkit] › tests/full-review.spec.ts:8:3 › Full screen category-pagination-3 (3.7s)
  ✓  196 [webkit] › tests/full-review.spec.ts:8:3 › Full screen article-diary (4.0s)
  ✓  195 [webkit] › tests/full-review.spec.ts:8:3 › Full screen article-hugo (5.5s)
  ✓  197 [webkit] › tests/full-review.spec.ts:8:3 › Full screen article-bgm (3.9s)
  ✓  198 [webkit] › tests/full-review.spec.ts:8:3 › Full screen article-pasmo (4.0s)
  ✓  200 [webkit] › tests/full-review.spec.ts:8:3 › Full screen archives (3.7s)
  ✓  194 [webkit] › tests/full-review.spec.ts:8:3 › Full screen article (10.3s)
  ✓  201 [webkit] › tests/full-review.spec.ts:8:3 › Full screen 404 (3.4s)
  ✓  202 [webkit] › tests/full-review.spec.ts:8:3 › Full screen empty (3.4s)
  ✓  205 [webkit] › tests/media.spec.ts:10:1 › responsive candidates, originals, dimensions, loading and figure semantics (1.1s)
  ✘  199 [webkit] › tests/full-review.spec.ts:8:3 › Full screen about (6.2s)
(node:34424) Warning: The 'NO_COLOR' env is ignored due to the 'FORCE_COLOR' env being set.
(Use `node --trace-warnings ...` to show where the warning was created)
  ✓  206 [webkit] › tests/media.spec.ts:88:1 › WebP preserves PNG pixels and transparency at each generated width (1.7s)
  ✓  203 [webkit] › tests/full-review.spec.ts:8:3 › Full screen single-item (3.5s)
  ✓  208 [webkit] › tests/metadata.spec.ts:52:1 › RSS uses all ordered articles, plain common summaries and stable document GUIDs (235ms)
  ✓  210 [webkit] › tests/metadata.spec.ts:79:1 › taxonomy feeds contain term pages, term feeds filter posts, empty feeds have no fake dates (313ms)
  ✓  211 [webkit] › tests/metadata.spec.ts:109:1 › canonical and discovery URLs follow the active pager and build baseURL (404ms)
  ✓  212 [webkit] › tests/metadata.spec.ts:135:1 › description, dates and JSON-LD preserve page roles and safe text (281ms)
  ✓  213 [webkit] › tests/metadata.spec.ts:170:1 › SNS images use cover, global assets/static/external defaults or none, never body images (297ms)
  ✓  214 [webkit] › tests/metadata.spec.ts:193:1 › all XML parses, sitemap and robots follow production and preview (382ms)
  ✓  204 [webkit] › tests/full-review.spec.ts:124:1 › discovery semantics, keyboard, fixed pages and JavaScript-disabled navigation (3.9s)
  ✓  209 [webkit] › tests/media.spec.ts:193:1 › DPR chooses fitting candidates and JavaScript-free media remain usable (1.4s)
  ✘  216 [webkit] › tests/migration.spec.ts:36:3 › All migrated outputs: preview (697ms)
  ✓  218 [webkit] › tests/prose.spec.ts:46:1 › failed copy announces manual fallback, permits retry, and resets success after three seconds (495ms)
(node:34463) Warning: The 'NO_COLOR' env is ignored due to the 'FORCE_COLOR' env being set.
(Use `node --trace-warnings ...` to show where the warning was created)
  ✓  217 [webkit] › tests/prose.spec.ts:18:1 › copy preserves code with Japanese, inline/table numbers, unknown language and no label (861ms)
  ✓  219 [webkit] › tests/prose.spec.ts:94:1 › touch reveals copy, outside tap and horizontal scroll dismiss it (763ms)
  ✓  207 [webkit] › tests/media.spec.ts:151:1 › media geometry matches mock, small images stay small, both colors remain accessible (4.2s)
  ✓  215 [webkit] › tests/migration.spec.ts:36:3 › All migrated outputs: production (2.5s)
  ✓  221 [webkit] › tests/prose.spec.ts:73:1 › keyboard reveals copy and Escape returns focus to selectable code (976ms)
  ✓  222 [webkit] › tests/prose.spec.ts:204:1 › full real article preserves mock prose layout in both palettes and widths (1.7s)
  ✓  224 [webkit] › tests/review.spec.ts:69:3 › Representative posts comparison, both widths/colors and text enlargement (4.1s)
  ✓  223 [webkit] › tests/review.spec.ts:69:3 › Representative home comparison, both widths/colors and text enlargement (4.2s)
  ✓  228 [webkit] › tests/sharing.spec.ts:59:1 › failed star download preserves reading and share links and announces failure (799ms)
  ✓  229 [webkit] › tests/sharing.spec.ts:72:1 › preview cannot share or load stars; JS-free production retains ordinary links (613ms)
  ✓  220 [webkit] › tests/prose.spec.ts:115:1 › prose matches mock type and spacing; footnotes, headings, dates and JS-free reading work (6.8s)
  ✓  227 [webkit] › tests/sharing.spec.ts:14:1 › shared document URLs, encoded titles, service order and keyboard navigation (1.6s)
  ✓  230 [webkit] › tests/sharing.spec.ts:103:1 › sharing retains mock geometry and icon styling at both widths and palettes (1.4s)
  ✓  233 [webkit] › tests/site.spec.ts:99:1 › real video reserves its intrinsic ratio before loading; native playback dimensions agree (673ms)
  ✓  234 [webkit] › tests/theme.spec.ts:4:1 › saved pref-theme is applied before styles load (314ms)
  ✓  232 [webkit] › tests/site.spec.ts:9:3 › Migrated site preview: all embed positions, URLs and publication controls (2.7s)
  ✓  235 [webkit] › tests/theme.spec.ts:25:1 › OS follows until a keyboard choice, persists and ignores mock query parameters (444ms)
  ✓  231 [webkit] › tests/site.spec.ts:9:3 › Migrated site production: all embed positions, URLs and publication controls (2.9s)
  ✓  237 [webkit] › tests/theme.spec.ts:78:1 › invalid saved value uses OS preference (270ms)
  ✓  236 [webkit] › tests/theme.spec.ts:53:1 › invalid and unavailable storage retain OS fallback and allow a page-local choice (364ms)
  ✓  226 [webkit] › tests/review.spec.ts:69:3 › Representative specimen comparison, both widths/colors and text enlargement (7.6s)
  ✓  238 [webkit] › tests/theme.spec.ts:85:1 › without JavaScript both OS palettes, navigation and subscription remain usable (430ms)
  ✓  240 [webkit] › tests/tooling.spec.ts:5:1 › Hugo formatting preserves inline spaces, attributes, render hooks and compiled assets (1.0s)
  ✓  225 [webkit] › tests/review.spec.ts:69:3 › Representative article comparison, both widths/colors and text enlargement (9.9s)
  ✓  239 [webkit] › tests/theme.spec.ts:102:1 › shared shell keeps mock dimensions at desktop and mobile widths in both palettes (2.4s)


  1) [chromium] › tests/full-review.spec.ts:8:3 › Full screen about ────────────────────────────────

    Error: about 1440 light: [["section:nth-child(10) > table > thead > tr > th:nth-child(2)"],["section:nth-child(10) > table > thead > tr > th:nth-child(3)"]]

    expect(received).toBe(expected) // Object.is equality

    Expected: "color-contrast"
    Received: "empty-table-header"

      54 |                   `${screen.name} ${width} ${colorScheme}: ${JSON.stringify(violation.nodes.map((n) => n.target))}`,
      55 |                 )
    > 56 |                 .toBe("color-contrast");
         |                  ^
      57 |               if (violation.id === "color-contrast")
      58 |                 for (const node of violation.nodes)
      59 |                   for (const target of node.target)
        at /Users/shimoju/dev/src/github.com/shimoju/shimoju.jp/themes/shsh/tests/full-review.spec.ts:56:18

    Error: about 1440 dark: [["section:nth-child(10) > table > thead > tr > th:nth-child(2)"],["section:nth-child(10) > table > thead > tr > th:nth-child(3)"]]

    expect(received).toBe(expected) // Object.is equality

    Expected: "color-contrast"
    Received: "empty-table-header"

      54 |                   `${screen.name} ${width} ${colorScheme}: ${JSON.stringify(violation.nodes.map((n) => n.target))}`,
      55 |                 )
    > 56 |                 .toBe("color-contrast");
         |                  ^
      57 |               if (violation.id === "color-contrast")
      58 |                 for (const node of violation.nodes)
      59 |                   for (const target of node.target)
        at /Users/shimoju/dev/src/github.com/shimoju/shimoju.jp/themes/shsh/tests/full-review.spec.ts:56:18

    Error: about 390 light: [["section:nth-child(10) > table > thead > tr > th:nth-child(2)"],["section:nth-child(10) > table > thead > tr > th:nth-child(3)"]]

    expect(received).toBe(expected) // Object.is equality

    Expected: "color-contrast"
    Received: "empty-table-header"

      54 |                   `${screen.name} ${width} ${colorScheme}: ${JSON.stringify(violation.nodes.map((n) => n.target))}`,
      55 |                 )
    > 56 |                 .toBe("color-contrast");
         |                  ^
      57 |               if (violation.id === "color-contrast")
      58 |                 for (const node of violation.nodes)
      59 |                   for (const target of node.target)
        at /Users/shimoju/dev/src/github.com/shimoju/shimoju.jp/themes/shsh/tests/full-review.spec.ts:56:18

    Error: about 390 dark: [["section:nth-child(10) > table > thead > tr > th:nth-child(2)"],["section:nth-child(10) > table > thead > tr > th:nth-child(3)"]]

    expect(received).toBe(expected) // Object.is equality

    Expected: "color-contrast"
    Received: "empty-table-header"

      54 |                   `${screen.name} ${width} ${colorScheme}: ${JSON.stringify(violation.nodes.map((n) => n.target))}`,
      55 |                 )
    > 56 |                 .toBe("color-contrast");
         |                  ^
      57 |               if (violation.id === "color-contrast")
      58 |                 for (const node of violation.nodes)
      59 |                   for (const target of node.target)
        at /Users/shimoju/dev/src/github.com/shimoju/shimoju.jp/themes/shsh/tests/full-review.spec.ts:56:18

    Error Context: test-results/full-review-Full-screen-about-chromium/error-context.md

    attachment #2: trace (application/zip) ─────────────────────────────────────────────────────────
    test-results/full-review-Full-screen-about-chromium/trace.zip
    Usage:

        pnpm exec playwright show-trace test-results/full-review-Full-screen-about-chromium/trace.zip

    ────────────────────────────────────────────────────────────────────────────────────────────────

  2) [chromium] › tests/migration.spec.ts:36:3 › All migrated outputs: preview ─────────────────────

    Error: {
      "differences": [],
      "issues": [
        {
          "label": "robots sitemap URL"
        }
      ]
    }

    expect(received).toEqual(expected) // deep equality

    - Expected  - 1
    + Received  + 6

    - Array []
    + Array [
    +   Object {
    +     "details": undefined,
    +     "label": "robots sitemap URL",
    +   },
    + ]

      480 |       JSON.stringify(report, null, 2),
      481 |     );
    > 482 |     expect(issues, JSON.stringify({ differences, issues }, null, 2)).toEqual([]);
          |                                                                      ^
      483 |   });
      484 |
        at /Users/shimoju/dev/src/github.com/shimoju/shimoju.jp/themes/shsh/tests/migration.spec.ts:482:70

    Error Context: test-results/migration-All-migrated-outputs-preview-chromium/error-context.md

    attachment #2: trace (application/zip) ─────────────────────────────────────────────────────────
    test-results/migration-All-migrated-outputs-preview-chromium/trace.zip
    Usage:

        pnpm exec playwright show-trace test-results/migration-All-migrated-outputs-preview-chromium/trace.zip

    ────────────────────────────────────────────────────────────────────────────────────────────────

  3) [firefox] › tests/full-review.spec.ts:8:3 › Full screen about ─────────────────────────────────

    Error: about 1440 light: [["section:nth-child(10) > table > thead > tr > th:nth-child(2)"],["section:nth-child(10) > table > thead > tr > th:nth-child(3)"]]

    expect(received).toBe(expected) // Object.is equality

    Expected: "color-contrast"
    Received: "empty-table-header"

      54 |                   `${screen.name} ${width} ${colorScheme}: ${JSON.stringify(violation.nodes.map((n) => n.target))}`,
      55 |                 )
    > 56 |                 .toBe("color-contrast");
         |                  ^
      57 |               if (violation.id === "color-contrast")
      58 |                 for (const node of violation.nodes)
      59 |                   for (const target of node.target)
        at /Users/shimoju/dev/src/github.com/shimoju/shimoju.jp/themes/shsh/tests/full-review.spec.ts:56:18

    Error: about 1440 dark: [["section:nth-child(10) > table > thead > tr > th:nth-child(2)"],["section:nth-child(10) > table > thead > tr > th:nth-child(3)"]]

    expect(received).toBe(expected) // Object.is equality

    Expected: "color-contrast"
    Received: "empty-table-header"

      54 |                   `${screen.name} ${width} ${colorScheme}: ${JSON.stringify(violation.nodes.map((n) => n.target))}`,
      55 |                 )
    > 56 |                 .toBe("color-contrast");
         |                  ^
      57 |               if (violation.id === "color-contrast")
      58 |                 for (const node of violation.nodes)
      59 |                   for (const target of node.target)
        at /Users/shimoju/dev/src/github.com/shimoju/shimoju.jp/themes/shsh/tests/full-review.spec.ts:56:18

    Error: about 390 light: [["section:nth-child(10) > table > thead > tr > th:nth-child(2)"],["section:nth-child(10) > table > thead > tr > th:nth-child(3)"]]

    expect(received).toBe(expected) // Object.is equality

    Expected: "color-contrast"
    Received: "empty-table-header"

      54 |                   `${screen.name} ${width} ${colorScheme}: ${JSON.stringify(violation.nodes.map((n) => n.target))}`,
      55 |                 )
    > 56 |                 .toBe("color-contrast");
         |                  ^
      57 |               if (violation.id === "color-contrast")
      58 |                 for (const node of violation.nodes)
      59 |                   for (const target of node.target)
        at /Users/shimoju/dev/src/github.com/shimoju/shimoju.jp/themes/shsh/tests/full-review.spec.ts:56:18

    Error: about 390 dark: [["section:nth-child(10) > table > thead > tr > th:nth-child(2)"],["section:nth-child(10) > table > thead > tr > th:nth-child(3)"]]

    expect(received).toBe(expected) // Object.is equality

    Expected: "color-contrast"
    Received: "empty-table-header"

      54 |                   `${screen.name} ${width} ${colorScheme}: ${JSON.stringify(violation.nodes.map((n) => n.target))}`,
      55 |                 )
    > 56 |                 .toBe("color-contrast");
         |                  ^
      57 |               if (violation.id === "color-contrast")
      58 |                 for (const node of violation.nodes)
      59 |                   for (const target of node.target)
        at /Users/shimoju/dev/src/github.com/shimoju/shimoju.jp/themes/shsh/tests/full-review.spec.ts:56:18

    Error Context: test-results/full-review-Full-screen-about-firefox/error-context.md

    attachment #2: trace (application/zip) ─────────────────────────────────────────────────────────
    test-results/full-review-Full-screen-about-firefox/trace.zip
    Usage:

        pnpm exec playwright show-trace test-results/full-review-Full-screen-about-firefox/trace.zip

    ────────────────────────────────────────────────────────────────────────────────────────────────

  4) [firefox] › tests/migration.spec.ts:36:3 › All migrated outputs: preview ──────────────────────

    Error: {
      "differences": [],
      "issues": [
        {
          "label": "robots sitemap URL"
        }
      ]
    }

    expect(received).toEqual(expected) // deep equality

    - Expected  - 1
    + Received  + 6

    - Array []
    + Array [
    +   Object {
    +     "details": undefined,
    +     "label": "robots sitemap URL",
    +   },
    + ]

      480 |     };
      481 |     mkdirSync(".cache/migration-results", { recursive: true });
    > 482 |     writeFileSync(
          |                   ^
      483 |       `.cache/migration-results/${environment}-${browserName}.json`,
      484 |       JSON.stringify(report, null, 2),
      485 |     );
        at /Users/shimoju/dev/src/github.com/shimoju/shimoju.jp/themes/shsh/tests/migration.spec.ts:482:70

    Error Context: test-results/migration-All-migrated-outputs-preview-firefox/error-context.md

    attachment #2: trace (application/zip) ─────────────────────────────────────────────────────────
    test-results/migration-All-migrated-outputs-preview-firefox/trace.zip
    Usage:

        pnpm exec playwright show-trace test-results/migration-All-migrated-outputs-preview-firefox/trace.zip

    ────────────────────────────────────────────────────────────────────────────────────────────────

  5) [webkit] › tests/full-review.spec.ts:8:3 › Full screen about ──────────────────────────────────

    Error: about 1440 light: [["section:nth-child(10) > table > thead > tr > th:nth-child(2)"],["section:nth-child(10) > table > thead > tr > th:nth-child(3)"]]

    expect(received).toBe(expected) // Object.is equality

    Expected: "color-contrast"
    Received: "empty-table-header"

      54 |                   `${screen.name} ${width} ${colorScheme}: ${JSON.stringify(violation.nodes.map((n) => n.target))}`,
      55 |                 )
    > 56 |                 .toBe("color-contrast");
         |                  ^
      57 |               if (violation.id === "color-contrast")
      58 |                 for (const node of violation.nodes)
      59 |                   for (const target of node.target)
        at /Users/shimoju/dev/src/github.com/shimoju/shimoju.jp/themes/shsh/tests/full-review.spec.ts:56:18

    Error: about 1440 dark: [["section:nth-child(10) > table > thead > tr > th:nth-child(2)"],["section:nth-child(10) > table > thead > tr > th:nth-child(3)"]]

    expect(received).toBe(expected) // Object.is equality

    Expected: "color-contrast"
    Received: "empty-table-header"

      54 |                   `${screen.name} ${width} ${colorScheme}: ${JSON.stringify(violation.nodes.map((n) => n.target))}`,
      55 |                 )
    > 56 |                 .toBe("color-contrast");
         |                  ^
      57 |               if (violation.id === "color-contrast")
      58 |                 for (const node of violation.nodes)
      59 |                   for (const target of node.target)
        at /Users/shimoju/dev/src/github.com/shimoju/shimoju.jp/themes/shsh/tests/full-review.spec.ts:56:18

    Error: about 390 light: [["section:nth-child(10) > table > thead > tr > th:nth-child(2)"],["section:nth-child(10) > table > thead > tr > th:nth-child(3)"]]

    expect(received).toBe(expected) // Object.is equality

    Expected: "color-contrast"
    Received: "empty-table-header"

      54 |                   `${screen.name} ${width} ${colorScheme}: ${JSON.stringify(violation.nodes.map((n) => n.target))}`,
      55 |                 )
    > 56 |                 .toBe("color-contrast");
         |                  ^
      57 |               if (violation.id === "color-contrast")
      58 |                 for (const node of violation.nodes)
      59 |                   for (const target of node.target)
        at /Users/shimoju/dev/src/github.com/shimoju/shimoju.jp/themes/shsh/tests/full-review.spec.ts:56:18

    Error: about 390 dark: [["section:nth-child(10) > table > thead > tr > th:nth-child(2)"],["section:nth-child(10) > table > thead > tr > th:nth-child(3)"]]

    expect(received).toBe(expected) // Object.is equality

    Expected: "color-contrast"
    Received: "empty-table-header"

      54 |                   `${screen.name} ${width} ${colorScheme}: ${JSON.stringify(violation.nodes.map((n) => n.target))}`,
      55 |                 )
    > 56 |                 .toBe("color-contrast");
         |                  ^
      57 |               if (violation.id === "color-contrast")
      58 |                 for (const node of violation.nodes)
      59 |                   for (const target of node.target)
        at /Users/shimoju/dev/src/github.com/shimoju/shimoju.jp/themes/shsh/tests/full-review.spec.ts:56:18

    Error Context: test-results/full-review-Full-screen-about-webkit/error-context.md

    attachment #2: trace (application/zip) ─────────────────────────────────────────────────────────
    test-results/full-review-Full-screen-about-webkit/trace.zip
    Usage:

        pnpm exec playwright show-trace test-results/full-review-Full-screen-about-webkit/trace.zip

    ────────────────────────────────────────────────────────────────────────────────────────────────

  6) [webkit] › tests/migration.spec.ts:36:3 › All migrated outputs: preview ───────────────────────

    Error: {
      "differences": [],
      "issues": [
        {
          "label": "robots sitemap URL"
        }
      ]
    }

    expect(received).toEqual(expected) // deep equality

    - Expected  - 1
    + Received  + 6

    - Array []
    + Array [
    +   Object {
    +     "details": undefined,
    +     "label": "robots sitemap URL",
    +   },
    + ]

      480 |       fragmentsChecked,
      481 |       imagesChecked,
    > 482 |       differences,
          |                   ^
      483 |       issues,
      484 |     };
      485 |     mkdirSync(".cache/migration-results", { recursive: true });
        at /Users/shimoju/dev/src/github.com/shimoju/shimoju.jp/themes/shsh/tests/migration.spec.ts:482:70

    Error Context: test-results/migration-All-migrated-outputs-preview-webkit/error-context.md

    attachment #2: trace (application/zip) ─────────────────────────────────────────────────────────
    test-results/migration-All-migrated-outputs-preview-webkit/trace.zip
    Usage:

        pnpm exec playwright show-trace test-results/migration-All-migrated-outputs-preview-webkit/trace.zip

    ────────────────────────────────────────────────────────────────────────────────────────────────

  6 failed
    [chromium] › tests/full-review.spec.ts:8:3 › Full screen about ─────────────────────────────────
    [chromium] › tests/migration.spec.ts:36:3 › All migrated outputs: preview ──────────────────────
    [firefox] › tests/full-review.spec.ts:8:3 › Full screen about ──────────────────────────────────
    [firefox] › tests/migration.spec.ts:36:3 › All migrated outputs: preview ───────────────────────
    [webkit] › tests/full-review.spec.ts:8:3 › Full screen about ───────────────────────────────────
    [webkit] › tests/migration.spec.ts:36:3 › All migrated outputs: preview ────────────────────────
  234 passed (2.4m)
[ELIFECYCLE] Test failed. See above for more details.
[ELIFECYCLE] Command failed with exit code 1.
