[WebServer] (node:35562) Warning: The 'NO_COLOR' env is ignored due to the 'FORCE_COLOR' env being set.
[WebServer] (Use `node --trace-warnings ...` to show where the warning was created)

Running 6 tests using 3 workers

(node:35563) Warning: The 'NO_COLOR' env is ignored due to the 'FORCE_COLOR' env being set.
(Use `node --trace-warnings ...` to show where the warning was created)
(node:35564) Warning: The 'NO_COLOR' env is ignored due to the 'FORCE_COLOR' env being set.
(Use `node --trace-warnings ...` to show where the warning was created)
(node:35565) Warning: The 'NO_COLOR' env is ignored due to the 'FORCE_COLOR' env being set.
(Use `node --trace-warnings ...` to show where the warning was created)
  ✓  2 [chromium] › tests/migration.spec.ts:36:3 › All migrated outputs: preview (332ms)
(node:35583) Warning: The 'NO_COLOR' env is ignored due to the 'FORCE_COLOR' env being set.
(Use `node --trace-warnings ...` to show where the warning was created)
  ✓  1 [chromium] › tests/migration.spec.ts:36:3 › All migrated outputs: production (868ms)
(node:35590) Warning: The 'NO_COLOR' env is ignored due to the 'FORCE_COLOR' env being set.
(Use `node --trace-warnings ...` to show where the warning was created)
  ✓  4 [firefox] › tests/migration.spec.ts:36:3 › All migrated outputs: preview (1.1s)
  ✓  3 [firefox] › tests/migration.spec.ts:36:3 › All migrated outputs: production (2.1s)
(node:35612) Warning: The 'NO_COLOR' env is ignored due to the 'FORCE_COLOR' env being set.
(Use `node --trace-warnings ...` to show where the warning was created)
  ✓  5 [webkit] › tests/migration.spec.ts:36:3 › All migrated outputs: production (1.6s)
  ✓  6 [webkit] › tests/migration.spec.ts:36:3 › All migrated outputs: preview (396ms)

  6 passed (3.7s)
