{
  "command": [
    "hugo",
    "--source",
    "/Users/shimoju/dev/src/github.com/shimoju/shimoju.jp",
    "--themesDir",
    "/Users/shimoju/dev/src/github.com/shimoju/shimoju.jp/themes",
    "--destination",
    "/Users/shimoju/dev/src/github.com/shimoju/shimoju.jp/themes/shsh/.cache/site-live/production",
    "--cacheDir",
    "/Users/shimoju/dev/src/github.com/shimoju/shimoju.jp/themes/shsh/.cache/site-live/hugo-cache",
    "--environment",
    "production",
    "--clock",
    "2026-09-17T12:00:00+09:00",
    "--cleanDestinationDir"
  ],
  "live": true,
  "environment": "production",
  "exitCode": 0,
  "seconds": 0.184531625,
  "stdout": "Start building sites … \nhugo v0.166.0+extended+withdeploy darwin/arm64 BuildDate=2026-09-09T14:45:02Z VendorInfo=Homebrew\n\n\n                  │ JA  \n──────────────────┼─────\n Pages            │ 160 \n Paginator pages  │  14 \n Non-page files   │  19 \n Static files     │   6 \n Processed images │ 124 \n Aliases          │  46 \n Cleaned          │   0 \n\nTotal in 162 ms\n",
  "stderr": ""
}
