$ pnpm format:check && pnpm lint && pnpm lint:css && pnpm check:progress && pnpm check:tooling && pnpm build:fixtures && pnpm check:theme && pnpm check:collections && pnpm check:prose && pnpm check:media && pnpm check:sharing && pnpm build:review && pnpm test
$ node scripts/format.mjs
Checking formatting...

All matched files use the correct format.
Finished in 147ms on 69 files using 10 threads.
Go templates: 43 checked, 0 differ.
$ oxlint --type-aware --type-check --deny-warnings scripts tests themes playwright.config.ts
$ stylelint "themes/shsh/assets/css/**/*.css" "tests/fixtures/**/*.css" --allow-empty-input
$ node scripts/verify-progress.mjs
Progress valid: 19 tasks; requirements Q1–Q34; discipline Q1–Q9; references and DAG checked. Human evidence still requires review.
$ node --experimental-strip-types scripts/verify-tooling.ts
Toolchain probes passed. Hugo/formatter output is ready for three-engine browser comparison.
{ hugo_before_ms: 56, template_format_ms: 35, hugo_after_ms: 29 }
$ node scripts/build-fixtures.ts
Start building sites …
hugo v0.166.0+extended+withdeploy darwin/arm64 BuildDate=2026-09-09T14:45:02Z VendorInfo=Homebrew


                  │ JA
──────────────────┼────
 Pages            │ 15
 Paginator pages  │  4
 Non-page files   │  0
 Static files     │  0
 Processed images │  0
 Aliases          │  2
 Cleaned          │  0

Total in 27 ms
Start building sites …
hugo v0.166.0+extended+withdeploy darwin/arm64 BuildDate=2026-09-09T14:45:02Z VendorInfo=Homebrew


                  │ JA
──────────────────┼────
 Pages            │ 15
 Paginator pages  │  4
 Non-page files   │  0
 Static files     │  0
 Processed images │  0
 Aliases          │  2
 Cleaned          │  0

Total in 25 ms
Start building sites …
hugo v0.166.0+extended+withdeploy darwin/arm64 BuildDate=2026-09-09T14:45:02Z VendorInfo=Homebrew


                  │ JA
──────────────────┼────
 Pages            │ 15
 Paginator pages  │  4
 Non-page files   │  0
 Static files     │  0
 Processed images │  0
 Aliases          │  2
 Cleaned          │  0

Total in 29 ms
$ node scripts/verify-theme.ts
Theme foundation: HTML, production/preview/development assets, invalid configuration and minimal alternative site passed.
$ node scripts/verify-collections.ts
Collections: empty/single/default10/custom2, UTC ties, mainSections, publication filters, summaries, dates and invalid inputs passed.
$ node scripts/verify-prose.ts
Prose: date fallback/day boundaries/visibility/types, legal footnote IDs, full real article HTML and native heading IDs passed.
$ node scripts/verify-media.ts
Start building sites …
hugo v0.166.0+extended+withdeploy darwin/arm64 BuildDate=2026-09-09T14:45:02Z VendorInfo=Homebrew


                  │ JA
──────────────────┼────
 Pages            │ 14
 Paginator pages  │  2
 Non-page files   │ 13
 Static files     │  4
 Processed images │ 46
 Aliases          │  2
 Cleaned          │  0

Total in 2389 ms
Start building sites …
hugo v0.166.0+extended+withdeploy darwin/arm64 BuildDate=2026-09-09T14:45:02Z VendorInfo=Homebrew


                  │ JA
──────────────────┼────
 Pages            │ 14
 Paginator pages  │  2
 Non-page files   │ 13
 Static files     │  4
 Processed images │ 46
 Aliases          │  2
 Cleaned          │  0

Total in 33 ms
Media: production/preview HTML, unchanged original media, unavailable external URL and invalid inputs passed.
$ node scripts/verify-sharing.ts
Sharing: defaults, ordered services, fixed pages/posts, escaped title/URLs, author setting, invalid inputs and preview isolation passed.
$ node scripts/build-review-fixture.ts
Start building sites …
hugo v0.166.0+extended+withdeploy darwin/arm64 BuildDate=2026-09-09T14:45:02Z VendorInfo=Homebrew


                  │ JA
──────────────────┼────
 Pages            │ 43
 Paginator pages  │  4
 Non-page files   │  6
 Static files     │  0
 Processed images │ 54
 Aliases          │  2
 Cleaned          │  0

Total in 4474 ms
Start building sites …
hugo v0.166.0+extended+withdeploy darwin/arm64 BuildDate=2026-09-09T14:45:02Z VendorInfo=Homebrew


                  │ JA
──────────────────┼────
 Pages            │ 43
 Paginator pages  │  4
 Non-page files   │  6
 Static files     │  0
 Processed images │ 54
 Aliases          │  2
 Cleaned          │  0

Total in 39 ms
$ playwright test
[WebServer] (node:73137) Warning: The 'NO_COLOR' env is ignored due to the 'FORCE_COLOR' env being set.
[WebServer] (Use `node --trace-warnings ...` to show where the warning was created)

Running 84 tests using 5 workers

(node:73141) Warning: The 'NO_COLOR' env is ignored due to the 'FORCE_COLOR' env being set.
(Use `node --trace-warnings ...` to show where the warning was created)
(node:73140) Warning: The 'NO_COLOR' env is ignored due to the 'FORCE_COLOR' env being set.
(Use `node --trace-warnings ...` to show where the warning was created)
(node:73139) Warning: The 'NO_COLOR' env is ignored due to the 'FORCE_COLOR' env being set.
(Use `node --trace-warnings ...` to show where the warning was created)
(node:73138) Warning: The 'NO_COLOR' env is ignored due to the 'FORCE_COLOR' env being set.
(Use `node --trace-warnings ...` to show where the warning was created)
(node:73142) Warning: The 'NO_COLOR' env is ignored due to the 'FORCE_COLOR' env being set.
(Use `node --trace-warnings ...` to show where the warning was created)
  ✓   1 [chromium] › tests/collections.spec.ts:87:1 › pagination and whole-card links work without JavaScript (393ms)
  ✓   3 [chromium] › tests/media.spec.ts:10:1 › responsive candidates, originals, dimensions, loading and figure semantics (581ms)
  ✓   4 [chromium] › tests/collections.spec.ts:4:1 › home and section pagination retain newer-left/older-right and first-page introduction (683ms)
  ✓   7 [chromium] › tests/media.spec.ts:180:1 › DPR chooses fitting candidates and JavaScript-free media remain usable (413ms)
  ✓   2 [chromium] › tests/media.spec.ts:75:1 › WebP preserves PNG pixels and transparency at each generated width (1.3s)
  ✓   9 [chromium] › tests/prose.spec.ts:46:1 › failed copy announces manual fallback, permits retry, and resets success after three seconds (299ms)
  ✓   8 [chromium] › tests/prose.spec.ts:18:1 › copy preserves code with Japanese, inline/table numbers, unknown language and no label (661ms)
  ✓  10 [chromium] › tests/prose.spec.ts:73:1 › keyboard reveals copy and Escape returns focus to selectable code (440ms)
  ✓  11 [chromium] › tests/prose.spec.ts:94:1 › touch reveals copy, outside tap and horizontal scroll dismiss it (434ms)
  ✓   5 [chromium] › tests/collections.spec.ts:29:1 › list text, separators and pager preserve frozen mock styles in both widths and palettes (3.0s)
  ✓   6 [chromium] › tests/media.spec.ts:138:1 › media geometry matches mock, small images stay small, both colors remain accessible (3.0s)
  ✓  13 [chromium] › tests/prose.spec.ts:204:1 › full real article preserves mock prose layout in both palettes and widths (1.7s)
  ✓  14 [chromium] › tests/review.spec.ts:76:3 › R001 home comparison, both widths/colors and text enlargement (2.4s)
  ✓  12 [chromium] › tests/prose.spec.ts:115:1 › prose matches mock type and spacing; footnotes, headings, dates and JS-free reading work (3.7s)
  ✓  18 [chromium] › tests/sharing.spec.ts:14:1 › shared document URLs, encoded titles, service order and keyboard navigation (920ms)
  ✓  15 [chromium] › tests/review.spec.ts:76:3 › R001 posts comparison, both widths/colors and text enlargement (2.3s)
  ✓  19 [chromium] › tests/sharing.spec.ts:72:1 › preview cannot share or load stars; JS-free production retains ordinary links (275ms)
  ✓  20 [chromium] › tests/sharing.spec.ts:59:1 › failed star download preserves reading and share links and announces failure (420ms)
  ✓  22 [chromium] › tests/theme.spec.ts:4:1 › saved pref-theme is applied before styles load (155ms)
  ✓  24 [chromium] › tests/theme.spec.ts:53:1 › invalid and unavailable storage retain OS fallback and allow a page-local choice (178ms)
  ✓  23 [chromium] › tests/theme.spec.ts:25:1 › OS follows until a keyboard choice, persists and ignores mock query parameters (253ms)
  ✓  25 [chromium] › tests/theme.spec.ts:78:1 › invalid saved value uses OS preference (126ms)
  ✓  21 [chromium] › tests/sharing.spec.ts:103:1 › sharing retains mock geometry and icon styling at both widths and palettes (681ms)
  ✓  26 [chromium] › tests/theme.spec.ts:85:1 › without JavaScript both OS palettes, navigation and subscription remain usable (249ms)
(node:73237) Warning: The 'NO_COLOR' env is ignored due to the 'FORCE_COLOR' env being set.
(Use `node --trace-warnings ...` to show where the warning was created)
  ✓  28 [chromium] › tests/tooling.spec.ts:5:1 › Hugo formatting preserves inline spaces, attributes, render hooks and compiled assets (651ms)
(node:73243) Warning: The 'NO_COLOR' env is ignored due to the 'FORCE_COLOR' env being set.
(Use `node --trace-warnings ...` to show where the warning was created)
  ✓  27 [chromium] › tests/theme.spec.ts:102:1 › shared shell keeps mock dimensions at desktop and mobile widths in both palettes (1.5s)
(node:73250) Warning: The 'NO_COLOR' env is ignored due to the 'FORCE_COLOR' env being set.
(Use `node --trace-warnings ...` to show where the warning was created)
  ✓  17 [chromium] › tests/review.spec.ts:76:3 › R001 specimen comparison, both widths/colors and text enlargement (5.8s)
(node:73281) Warning: The 'NO_COLOR' env is ignored due to the 'FORCE_COLOR' env being set.
(Use `node --trace-warnings ...` to show where the warning was created)
  ✓  29 [firefox] › tests/collections.spec.ts:4:1 › home and section pagination retain newer-left/older-right and first-page introduction (2.4s)
  ✓  31 [firefox] › tests/collections.spec.ts:87:1 › pagination and whole-card links work without JavaScript (1.6s)
  ✓  32 [firefox] › tests/media.spec.ts:75:1 › WebP preserves PNG pixels and transparency at each generated width (1.5s)
  ✓  16 [chromium] › tests/review.spec.ts:76:3 › R001 article comparison, both widths/colors and text enlargement (8.7s)
  ✓  35 [firefox] › tests/media.spec.ts:180:1 › DPR chooses fitting candidates and JavaScript-free media remain usable (1.1s)
  ✓  33 [firefox] › tests/media.spec.ts:10:1 › responsive candidates, originals, dimensions, loading and figure semantics (2.0s)
(node:73309) Warning: The 'NO_COLOR' env is ignored due to the 'FORCE_COLOR' env being set.
(Use `node --trace-warnings ...` to show where the warning was created)
  ✓  36 [firefox] › tests/prose.spec.ts:46:1 › failed copy announces manual fallback, permits retry, and resets success after three seconds (613ms)
  ✓  37 [firefox] › tests/prose.spec.ts:73:1 › keyboard reveals copy and Escape returns focus to selectable code (1.1s)
  ✓  39 [firefox] › tests/prose.spec.ts:94:1 › touch reveals copy, outside tap and horizontal scroll dismiss it (909ms)
  ✓  30 [firefox] › tests/collections.spec.ts:29:1 › list text, separators and pager preserve frozen mock styles in both widths and palettes (7.0s)
  ✓  34 [firefox] › tests/media.spec.ts:138:1 › media geometry matches mock, small images stay small, both colors remain accessible (4.9s)
  ✓  38 [firefox] › tests/prose.spec.ts:18:1 › copy preserves code with Japanese, inline/table numbers, unknown language and no label (2.1s)
  ✓  41 [firefox] › tests/prose.spec.ts:204:1 › full real article preserves mock prose layout in both palettes and widths (1.8s)
  ✓  43 [firefox] › tests/review.spec.ts:76:3 › R001 posts comparison, both widths/colors and text enlargement (3.6s)
  ✓  42 [firefox] › tests/review.spec.ts:76:3 › R001 home comparison, both widths/colors and text enlargement (4.2s)
  ✓  47 [firefox] › tests/sharing.spec.ts:59:1 › failed star download preserves reading and share links and announces failure (760ms)
  ✓  40 [firefox] › tests/prose.spec.ts:115:1 › prose matches mock type and spacing; footnotes, headings, dates and JS-free reading work (6.7s)
  ✓  46 [firefox] › tests/sharing.spec.ts:14:1 › shared document URLs, encoded titles, service order and keyboard navigation (1.8s)
  ✓  48 [firefox] › tests/sharing.spec.ts:72:1 › preview cannot share or load stars; JS-free production retains ordinary links (747ms)
  ✓  50 [firefox] › tests/theme.spec.ts:4:1 › saved pref-theme is applied before styles load (292ms)
  ✓  52 [firefox] › tests/theme.spec.ts:53:1 › invalid and unavailable storage retain OS fallback and allow a page-local choice (397ms)
  ✓  51 [firefox] › tests/theme.spec.ts:25:1 › OS follows until a keyboard choice, persists and ignores mock query parameters (509ms)
  ✓  49 [firefox] › tests/sharing.spec.ts:103:1 › sharing retains mock geometry and icon styling at both widths and palettes (1.3s)
  ✓  53 [firefox] › tests/theme.spec.ts:78:1 › invalid saved value uses OS preference (332ms)
  ✓  54 [firefox] › tests/theme.spec.ts:85:1 › without JavaScript both OS palettes, navigation and subscription remain usable (390ms)
(node:73393) Warning: The 'NO_COLOR' env is ignored due to the 'FORCE_COLOR' env being set.
(Use `node --trace-warnings ...` to show where the warning was created)
  ✓  56 [firefox] › tests/tooling.spec.ts:5:1 › Hugo formatting preserves inline spaces, attributes, render hooks and compiled assets (1.4s)
  ✓  57 [webkit] › tests/collections.spec.ts:4:1 › home and section pagination retain newer-left/older-right and first-page introduction (879ms)
(node:73410) Warning: The 'NO_COLOR' env is ignored due to the 'FORCE_COLOR' env being set.
(Use `node --trace-warnings ...` to show where the warning was created)
  ✓  45 [firefox] › tests/review.spec.ts:76:3 › R001 specimen comparison, both widths/colors and text enlargement (7.9s)
  ✓  58 [webkit] › tests/collections.spec.ts:87:1 › pagination and whole-card links work without JavaScript (377ms)
(node:73427) Warning: The 'NO_COLOR' env is ignored due to the 'FORCE_COLOR' env being set.
(Use `node --trace-warnings ...` to show where the warning was created)
  ✓  60 [webkit] › tests/media.spec.ts:75:1 › WebP preserves PNG pixels and transparency at each generated width (1.6s)
  ✓  55 [firefox] › tests/theme.spec.ts:102:1 › shared shell keeps mock dimensions at desktop and mobile widths in both palettes (3.9s)
  ✓  61 [webkit] › tests/media.spec.ts:10:1 › responsive candidates, originals, dimensions, loading and figure semantics (960ms)
  ✓  44 [firefox] › tests/review.spec.ts:76:3 › R001 article comparison, both widths/colors and text enlargement (10.4s)
(node:73456) Warning: The 'NO_COLOR' env is ignored due to the 'FORCE_COLOR' env being set.
(Use `node --trace-warnings ...` to show where the warning was created)
(node:73457) Warning: The 'NO_COLOR' env is ignored due to the 'FORCE_COLOR' env being set.
(Use `node --trace-warnings ...` to show where the warning was created)
  ✓  63 [webkit] › tests/prose.spec.ts:18:1 › copy preserves code with Japanese, inline/table numbers, unknown language and no label (824ms)
  ✓  66 [webkit] › tests/prose.spec.ts:73:1 › keyboard reveals copy and Escape returns focus to selectable code (897ms)
  ✓  65 [webkit] › tests/prose.spec.ts:46:1 › failed copy announces manual fallback, permits retry, and resets success after three seconds (725ms)
  ✓  64 [webkit] › tests/media.spec.ts:180:1 › DPR chooses fitting candidates and JavaScript-free media remain usable (1.4s)
  ✓  67 [webkit] › tests/prose.spec.ts:94:1 › touch reveals copy, outside tap and horizontal scroll dismiss it (817ms)
  ✓  59 [webkit] › tests/collections.spec.ts:29:1 › list text, separators and pager preserve frozen mock styles in both widths and palettes (5.5s)
  ✓  69 [webkit] › tests/prose.spec.ts:204:1 › full real article preserves mock prose layout in both palettes and widths (1.6s)
  ✓  62 [webkit] › tests/media.spec.ts:138:1 › media geometry matches mock, small images stay small, both colors remain accessible (4.4s)
  ✓  70 [webkit] › tests/review.spec.ts:76:3 › R001 home comparison, both widths/colors and text enlargement (3.3s)
  ✓  71 [webkit] › tests/review.spec.ts:76:3 › R001 posts comparison, both widths/colors and text enlargement (3.3s)
  ✓  74 [webkit] › tests/sharing.spec.ts:14:1 › shared document URLs, encoded titles, service order and keyboard navigation (1.7s)
  ✓  75 [webkit] › tests/sharing.spec.ts:59:1 › failed star download preserves reading and share links and announces failure (754ms)
  ✓  76 [webkit] › tests/sharing.spec.ts:72:1 › preview cannot share or load stars; JS-free production retains ordinary links (663ms)
  ✓  78 [webkit] › tests/theme.spec.ts:4:1 › saved pref-theme is applied before styles load (319ms)
  ✓  68 [webkit] › tests/prose.spec.ts:115:1 › prose matches mock type and spacing; footnotes, headings, dates and JS-free reading work (7.1s)
  ✓  79 [webkit] › tests/theme.spec.ts:25:1 › OS follows until a keyboard choice, persists and ignores mock query parameters (508ms)
  ✓  77 [webkit] › tests/sharing.spec.ts:103:1 › sharing retains mock geometry and icon styling at both widths and palettes (1.4s)
  ✓  80 [webkit] › tests/theme.spec.ts:53:1 › invalid and unavailable storage retain OS fallback and allow a page-local choice (336ms)
  ✓  81 [webkit] › tests/theme.spec.ts:78:1 › invalid saved value uses OS preference (303ms)
  ✓  82 [webkit] › tests/theme.spec.ts:85:1 › without JavaScript both OS palettes, navigation and subscription remain usable (392ms)
  ✓  73 [webkit] › tests/review.spec.ts:76:3 › R001 specimen comparison, both widths/colors and text enlargement (6.0s)
  ✓  84 [webkit] › tests/tooling.spec.ts:5:1 › Hugo formatting preserves inline spaces, attributes, render hooks and compiled assets (1.1s)
  ✓  72 [webkit] › tests/review.spec.ts:76:3 › R001 article comparison, both widths/colors and text enlargement (7.6s)
  ✓  83 [webkit] › tests/theme.spec.ts:102:1 › shared shell keeps mock dimensions at desktop and mobile widths in both palettes (2.4s)

  84 passed (37.9s)
