[WebServer] (node:8424) Warning: The 'NO_COLOR' env is ignored due to the 'FORCE_COLOR' env being set.
[WebServer] (Use `node --trace-warnings ...` to show where the warning was created)

Running 39 tests using 5 workers

(node:8427) Warning: The 'NO_COLOR' env is ignored due to the 'FORCE_COLOR' env being set.
(Use `node --trace-warnings ...` to show where the warning was created)
(node:8425) Warning: The 'NO_COLOR' env is ignored due to the 'FORCE_COLOR' env being set.
(Use `node --trace-warnings ...` to show where the warning was created)
(node:8429) Warning: The 'NO_COLOR' env is ignored due to the 'FORCE_COLOR' env being set.
(Use `node --trace-warnings ...` to show where the warning was created)
(node:8426) Warning: The 'NO_COLOR' env is ignored due to the 'FORCE_COLOR' env being set.
(Use `node --trace-warnings ...` to show where the warning was created)
(node:8428) Warning: The 'NO_COLOR' env is ignored due to the 'FORCE_COLOR' env being set.
(Use `node --trace-warnings ...` to show where the warning was created)
  ✓   4 [chromium] › tests/collections.spec.ts:87:1 › pagination and whole-card links work without JavaScript (459ms)
  ✘   2 [chromium] › tests/collections.spec.ts:29:1 › list text, separators and pager preserve frozen mock styles in both widths and palettes (579ms)
  ✓   1 [chromium] › tests/collections.spec.ts:4:1 › home and section pagination retain newer-left/older-right and first-page introduction (882ms)
  ✓   7 [chromium] › tests/theme.spec.ts:4:1 › saved pref-theme is applied before styles load (163ms)
(node:8462) Warning: The 'NO_COLOR' env is ignored due to the 'FORCE_COLOR' env being set.
(Use `node --trace-warnings ...` to show where the warning was created)
  ✓   8 [chromium] › tests/theme.spec.ts:25:1 › OS follows until a keyboard choice, persists and ignores mock query parameters (255ms)
  ✓  10 [chromium] › tests/theme.spec.ts:53:1 › invalid and unavailable storage retain OS fallback and allow a page-local choice (208ms)
  ✓  11 [chromium] › tests/theme.spec.ts:78:1 › invalid saved value uses OS preference (123ms)
  ✓  12 [chromium] › tests/theme.spec.ts:85:1 › without JavaScript both OS palettes, navigation and subscription remain usable (228ms)
  ✘  13 [chromium] › tests/theme.spec.ts:102:1 › shared shell keeps mock dimensions at desktop and mobile widths in both palettes (225ms)
(node:8483) Warning: The 'NO_COLOR' env is ignored due to the 'FORCE_COLOR' env being set.
(Use `node --trace-warnings ...` to show where the warning was created)
  ✓   5 [chromium] › tests/review.spec.ts:69:3 › Representative posts comparison, both widths/colors and text enlargement (3.2s)
  ✓   3 [chromium] › tests/review.spec.ts:69:3 › Representative home comparison, both widths/colors and text enlargement (3.3s)
(node:8494) Warning: The 'NO_COLOR' env is ignored due to the 'FORCE_COLOR' env being set.
(Use `node --trace-warnings ...` to show where the warning was created)
(node:8495) Warning: The 'NO_COLOR' env is ignored due to the 'FORCE_COLOR' env being set.
(Use `node --trace-warnings ...` to show where the warning was created)
  ✓  14 [firefox] › tests/collections.spec.ts:4:1 › home and section pagination retain newer-left/older-right and first-page introduction (2.5s)
  ✓  16 [firefox] › tests/collections.spec.ts:87:1 › pagination and whole-card links work without JavaScript (2.2s)
  ✓   9 [chromium] › tests/review.spec.ts:69:3 › Representative specimen comparison, both widths/colors and text enlargement (7.4s)
(node:8584) Warning: The 'NO_COLOR' env is ignored due to the 'FORCE_COLOR' env being set.
(Use `node --trace-warnings ...` to show where the warning was created)
  ✓   6 [chromium] › tests/review.spec.ts:69:3 › Representative article comparison, both widths/colors and text enlargement (10.7s)
(node:8629) Warning: The 'NO_COLOR' env is ignored due to the 'FORCE_COLOR' env being set.
(Use `node --trace-warnings ...` to show where the warning was created)
  ✓  17 [firefox] › tests/review.spec.ts:69:3 › Representative home comparison, both widths/colors and text enlargement (5.7s)
  ✓  18 [firefox] › tests/review.spec.ts:69:3 › Representative posts comparison, both widths/colors and text enlargement (5.4s)
  ✓  21 [firefox] › tests/theme.spec.ts:4:1 › saved pref-theme is applied before styles load (1.1s)
  ✓  22 [firefox] › tests/theme.spec.ts:25:1 › OS follows until a keyboard choice, persists and ignores mock query parameters (762ms)
  ✓  23 [firefox] › tests/theme.spec.ts:53:1 › invalid and unavailable storage retain OS fallback and allow a page-local choice (960ms)
  ✓  15 [firefox] › tests/collections.spec.ts:29:1 › list text, separators and pager preserve frozen mock styles in both widths and palettes (9.7s)
  ✓  24 [firefox] › tests/theme.spec.ts:78:1 › invalid saved value uses OS preference (936ms)
  ✓  25 [firefox] › tests/theme.spec.ts:85:1 › without JavaScript both OS palettes, navigation and subscription remain usable (547ms)
(node:8662) Warning: The 'NO_COLOR' env is ignored due to the 'FORCE_COLOR' env being set.
(Use `node --trace-warnings ...` to show where the warning was created)
(node:8663) Warning: The 'NO_COLOR' env is ignored due to the 'FORCE_COLOR' env being set.
(Use `node --trace-warnings ...` to show where the warning was created)
  ✓  27 [webkit] › tests/collections.spec.ts:4:1 › home and section pagination retain newer-left/older-right and first-page introduction (1.3s)
  ✓  29 [webkit] › tests/collections.spec.ts:87:1 › pagination and whole-card links work without JavaScript (436ms)
  ✓  26 [firefox] › tests/theme.spec.ts:102:1 › shared shell keeps mock dimensions at desktop and mobile widths in both palettes (6.0s)
(node:8724) Warning: The 'NO_COLOR' env is ignored due to the 'FORCE_COLOR' env being set.
(Use `node --trace-warnings ...` to show where the warning was created)
  ✓  30 [webkit] › tests/review.spec.ts:69:3 › Representative home comparison, both widths/colors and text enlargement (4.0s)
  ✓  28 [webkit] › tests/collections.spec.ts:29:1 › list text, separators and pager preserve frozen mock styles in both widths and palettes (5.4s)
  ✓  31 [webkit] › tests/review.spec.ts:69:3 › Representative posts comparison, both widths/colors and text enlargement (3.8s)
  ✓  34 [webkit] › tests/theme.spec.ts:4:1 › saved pref-theme is applied before styles load (308ms)
  ✓  35 [webkit] › tests/theme.spec.ts:25:1 › OS follows until a keyboard choice, persists and ignores mock query parameters (380ms)
  ✓  36 [webkit] › tests/theme.spec.ts:53:1 › invalid and unavailable storage retain OS fallback and allow a page-local choice (291ms)
  ✓  37 [webkit] › tests/theme.spec.ts:78:1 › invalid saved value uses OS preference (237ms)
  ✓  38 [webkit] › tests/theme.spec.ts:85:1 › without JavaScript both OS palettes, navigation and subscription remain usable (363ms)
  ✓  20 [firefox] › tests/review.spec.ts:69:3 › Representative specimen comparison, both widths/colors and text enlargement (14.9s)
  ✓  19 [firefox] › tests/review.spec.ts:69:3 › Representative article comparison, both widths/colors and text enlargement (17.4s)
  ✓  33 [webkit] › tests/review.spec.ts:69:3 › Representative specimen comparison, both widths/colors and text enlargement (6.7s)
  ✓  39 [webkit] › tests/theme.spec.ts:102:1 › shared shell keeps mock dimensions at desktop and mobile widths in both palettes (2.6s)
  ✓  32 [webkit] › tests/review.spec.ts:69:3 › Representative article comparison, both widths/colors and text enlargement (8.3s)


  1) [chromium] › tests/collections.spec.ts:29:1 › list text, separators and pager preserve frozen mock styles in both widths and palettes

    Error: expect(received).toBe(expected) // Object.is equality

    Expected: 1280
    Received: 1265

      78 |         );
      79 |       }
    > 80 |       expect(await page.evaluate(() => document.documentElement.scrollWidth)).toBe(width);
         |                                                                               ^
      81 |       expect((await new AxeBuilder({ page }).analyze()).violations).toEqual([]);
      82 |     }
      83 |   }
        at /Users/shimoju/dev/src/github.com/shimoju/shimoju.jp/themes/shsh/tests/collections.spec.ts:80:79

    Error Context: test-results/collections-list-text-sepa-19295-in-both-widths-and-palettes-chromium/error-context.md

    attachment #2: trace (application/zip) ─────────────────────────────────────────────────────────
    test-results/collections-list-text-sepa-19295-in-both-widths-and-palettes-chromium/trace.zip
    Usage:

        pnpm exec playwright show-trace test-results/collections-list-text-sepa-19295-in-both-widths-and-palettes-chromium/trace.zip

    ────────────────────────────────────────────────────────────────────────────────────────────────

  2) [chromium] › tests/theme.spec.ts:102:1 › shared shell keeps mock dimensions at desktop and mobile widths in both palettes

    Error: expect(received).toBe(expected) // Object.is equality

    Expected: 1440
    Received: 1425

      141 |       const shell = await page.locator("main").boundingBox();
      142 |       expect(shell?.width).toBeLessThanOrEqual(720);
    > 143 |       expect(await page.evaluate(() => document.documentElement.scrollWidth)).toBe(width);
          |                                                                               ^
      144 |       await mock.setViewportSize({ width, height: 1000 });
      145 |       await mock.goto(`http://127.0.0.1:4177/home.html?theme=${colorScheme}`);
      146 |       expect(await shellStyles(page)).toEqual(await shellStyles(mock));
        at /Users/shimoju/dev/src/github.com/shimoju/shimoju.jp/themes/shsh/tests/theme.spec.ts:143:79

    Error Context: test-results/theme-shared-shell-keeps-m-f4e95-ile-widths-in-both-palettes-chromium/error-context.md

    attachment #2: trace (application/zip) ─────────────────────────────────────────────────────────
    test-results/theme-shared-shell-keeps-m-f4e95-ile-widths-in-both-palettes-chromium/trace.zip
    Usage:

        pnpm exec playwright show-trace test-results/theme-shared-shell-keeps-m-f4e95-ile-widths-in-both-palettes-chromium/trace.zip

    ────────────────────────────────────────────────────────────────────────────────────────────────

  2 failed
    [chromium] › tests/collections.spec.ts:29:1 › list text, separators and pager preserve frozen mock styles in both widths and palettes
    [chromium] › tests/theme.spec.ts:102:1 › shared shell keeps mock dimensions at desktop and mobile widths in both palettes
  37 passed (29.9s)
