[WebServer] (node:9182) Warning: The 'NO_COLOR' env is ignored due to the 'FORCE_COLOR' env being set.
[WebServer] (Use `node --trace-warnings ...` to show where the warning was created)

Running 39 tests using 5 workers

(node:9188) Warning: The 'NO_COLOR' env is ignored due to the 'FORCE_COLOR' env being set.
(Use `node --trace-warnings ...` to show where the warning was created)
(node:9184) Warning: The 'NO_COLOR' env is ignored due to the 'FORCE_COLOR' env being set.
(Use `node --trace-warnings ...` to show where the warning was created)
(node:9185) Warning: The 'NO_COLOR' env is ignored due to the 'FORCE_COLOR' env being set.
(Use `node --trace-warnings ...` to show where the warning was created)
(node:9186) Warning: The 'NO_COLOR' env is ignored due to the 'FORCE_COLOR' env being set.
(Use `node --trace-warnings ...` to show where the warning was created)
(node:9187) Warning: The 'NO_COLOR' env is ignored due to the 'FORCE_COLOR' env being set.
(Use `node --trace-warnings ...` to show where the warning was created)
  ✓   2 [chromium] › tests/collections.spec.ts:91:1 › pagination and whole-card links work without JavaScript (372ms)
  ✓   5 [chromium] › tests/collections.spec.ts:4:1 › home and section pagination retain newer-left/older-right and first-page introduction (689ms)
  ✓   4 [chromium] › tests/review.spec.ts:69:3 › Representative posts comparison, both widths/colors and text enlargement (2.9s)
  ✓   3 [chromium] › tests/collections.spec.ts:29:1 › list text, separators and pager preserve frozen mock styles in both widths and palettes (2.9s)
  ✓   1 [chromium] › tests/review.spec.ts:69:3 › Representative home comparison, both widths/colors and text enlargement (3.0s)
  ✓   8 [chromium] › tests/theme.spec.ts:4:1 › saved pref-theme is applied before styles load (161ms)
  ✓  10 [chromium] › tests/theme.spec.ts:53:1 › invalid and unavailable storage retain OS fallback and allow a page-local choice (192ms)
  ✓  11 [chromium] › tests/theme.spec.ts:78:1 › invalid saved value uses OS preference (92ms)
  ✓   9 [chromium] › tests/theme.spec.ts:25:1 › OS follows until a keyboard choice, persists and ignores mock query parameters (239ms)
  ✓  12 [chromium] › tests/theme.spec.ts:85:1 › without JavaScript both OS palettes, navigation and subscription remain usable (250ms)
(node:9245) Warning: The 'NO_COLOR' env is ignored due to the 'FORCE_COLOR' env being set.
(Use `node --trace-warnings ...` to show where the warning was created)
(node:9246) Warning: The 'NO_COLOR' env is ignored due to the 'FORCE_COLOR' env being set.
(Use `node --trace-warnings ...` to show where the warning was created)
  ✓  13 [chromium] › tests/theme.spec.ts:102:1 › shared shell keeps mock dimensions at desktop and mobile widths in both palettes (1.5s)
(node:9262) Warning: The 'NO_COLOR' env is ignored due to the 'FORCE_COLOR' env being set.
(Use `node --trace-warnings ...` to show where the warning was created)
  ✓  14 [firefox] › tests/collections.spec.ts:4:1 › home and section pagination retain newer-left/older-right and first-page introduction (2.8s)
  ✓   7 [chromium] › tests/review.spec.ts:69:3 › Representative specimen comparison, both widths/colors and text enlargement (7.1s)
  ✓  16 [firefox] › tests/collections.spec.ts:91:1 › pagination and whole-card links work without JavaScript (2.0s)
(node:9298) Warning: The 'NO_COLOR' env is ignored due to the 'FORCE_COLOR' env being set.
(Use `node --trace-warnings ...` to show where the warning was created)
  ✓   6 [chromium] › tests/review.spec.ts:69:3 › Representative article comparison, both widths/colors and text enlargement (10.3s)
(node:9325) Warning: The 'NO_COLOR' env is ignored due to the 'FORCE_COLOR' env being set.
(Use `node --trace-warnings ...` to show where the warning was created)
  ✓  17 [firefox] › tests/review.spec.ts:69:3 › Representative home comparison, both widths/colors and text enlargement (5.0s)
  ✓  21 [firefox] › tests/theme.spec.ts:4:1 › saved pref-theme is applied before styles load (362ms)
  ✓  22 [firefox] › tests/theme.spec.ts:25:1 › OS follows until a keyboard choice, persists and ignores mock query parameters (1.2s)
  ✓  23 [firefox] › tests/theme.spec.ts:53:1 › invalid and unavailable storage retain OS fallback and allow a page-local choice (593ms)
  ✓  15 [firefox] › tests/collections.spec.ts:29:1 › list text, separators and pager preserve frozen mock styles in both widths and palettes (9.6s)
  ✓  24 [firefox] › tests/theme.spec.ts:78:1 › invalid saved value uses OS preference (321ms)
  ✓  19 [firefox] › tests/review.spec.ts:69:3 › Representative posts comparison, both widths/colors and text enlargement (6.0s)
  ✓  25 [firefox] › tests/theme.spec.ts:85:1 › without JavaScript both OS palettes, navigation and subscription remain usable (584ms)
(node:9368) Warning: The 'NO_COLOR' env is ignored due to the 'FORCE_COLOR' env being set.
(Use `node --trace-warnings ...` to show where the warning was created)
(node:9370) Warning: The 'NO_COLOR' env is ignored due to the 'FORCE_COLOR' env being set.
(Use `node --trace-warnings ...` to show where the warning was created)
  ✓  27 [webkit] › tests/collections.spec.ts:4:1 › home and section pagination retain newer-left/older-right and first-page introduction (1.3s)
  ✓  29 [webkit] › tests/collections.spec.ts:91:1 › pagination and whole-card links work without JavaScript (438ms)
  ✓  26 [firefox] › tests/theme.spec.ts:102:1 › shared shell keeps mock dimensions at desktop and mobile widths in both palettes (4.6s)
(node:9420) Warning: The 'NO_COLOR' env is ignored due to the 'FORCE_COLOR' env being set.
(Use `node --trace-warnings ...` to show where the warning was created)
  ✓  28 [webkit] › tests/collections.spec.ts:29:1 › list text, separators and pager preserve frozen mock styles in both widths and palettes (5.1s)
  ✓  30 [webkit] › tests/review.spec.ts:69:3 › Representative home comparison, both widths/colors and text enlargement (3.7s)
  ✓  18 [firefox] › tests/review.spec.ts:69:3 › Representative article comparison, both widths/colors and text enlargement (14.5s)
(node:9456) Warning: The 'NO_COLOR' env is ignored due to the 'FORCE_COLOR' env being set.
(Use `node --trace-warnings ...` to show where the warning was created)
  ✓  34 [webkit] › tests/theme.spec.ts:4:1 › saved pref-theme is applied before styles load (529ms)
  ✓  35 [webkit] › tests/theme.spec.ts:25:1 › OS follows until a keyboard choice, persists and ignores mock query parameters (661ms)
  ✓  31 [webkit] › tests/review.spec.ts:69:3 › Representative posts comparison, both widths/colors and text enlargement (4.6s)
  ✓  37 [webkit] › tests/theme.spec.ts:78:1 › invalid saved value uses OS preference (279ms)
  ✓  36 [webkit] › tests/theme.spec.ts:53:1 › invalid and unavailable storage retain OS fallback and allow a page-local choice (331ms)
  ✓  20 [firefox] › tests/review.spec.ts:69:3 › Representative specimen comparison, both widths/colors and text enlargement (13.7s)
  ✓  38 [webkit] › tests/theme.spec.ts:85:1 › without JavaScript both OS palettes, navigation and subscription remain usable (383ms)
  ✓  39 [webkit] › tests/theme.spec.ts:102:1 › shared shell keeps mock dimensions at desktop and mobile widths in both palettes (2.9s)
  ✓  33 [webkit] › tests/review.spec.ts:69:3 › Representative specimen comparison, both widths/colors and text enlargement (6.9s)
  ✓  32 [webkit] › tests/review.spec.ts:69:3 › Representative article comparison, both widths/colors and text enlargement (8.4s)

  39 passed (30.2s)
