✓ Lockfile passes supply-chain policies (verified 9m ago)
Lockfile is up to date, resolution step is skipped
Packages are cloned from the content-addressable store to the virtual store.
  Content-addressable store is at: /Users/shimoju/.local/share/pnpm/store/v11
  Virtual store is at:             node_modules/.pnpm
Packages: +178
++++++++++++++++++++++++++++++++++++++++++++++++++++++++++++++++++++++++++++++++
Progress: resolved 178, reused 178, downloaded 0, added 178, done

devDependencies:
+ @axe-core/playwright 4.13.0
+ @playwright/test 1.63.0
+ @types/node 24.13.4
+ html-validate 11.15.0
+ oxfmt 0.67.0
+ oxlint 1.82.0
+ oxlint-tsgolint 7.0.2001
+ prettier 3.9.6
+ prettier-plugin-go-template 0.0.15
+ stylelint 17.15.0
+ stylelint-config-standard 40.0.0
+ typescript 7.0.2
+ wrangler 4.131.2

Done in 199ms using pnpm v12.4.1
