shsh-check	Verify theme, migrated output and browser behavior	﻿2026-09-18T06:53:59.3791307Z ##[group]Run mkdir -p .cache/ci
shsh-check	Verify theme, migrated output and browser behavior	2026-09-18T06:53:59.3791656Z ^[[36;1mmkdir -p .cache/ci^[[0m
shsh-check	Verify theme, migrated output and browser behavior	2026-09-18T06:53:59.3791912Z ^[[36;1mstart=$(date +%s)^[[0m
shsh-check	Verify theme, migrated output and browser behavior	2026-09-18T06:53:59.3792169Z ^[[36;1mset +e^[[0m
shsh-check	Verify theme, migrated output and browser behavior	2026-09-18T06:53:59.3792419Z ^[[36;1mpnpm check 2>&1 | tee .cache/ci/check.log^[[0m
shsh-check	Verify theme, migrated output and browser behavior	2026-09-18T06:53:59.3792739Z ^[[36;1mresult=${PIPESTATUS[0]}^[[0m
shsh-check	Verify theme, migrated output and browser behavior	2026-09-18T06:53:59.3793099Z ^[[36;1mprintf '%s\n' "$(( $(date +%s) - start ))" > .cache/ci/seconds.txt^[[0m
shsh-check	Verify theme, migrated output and browser behavior	2026-09-18T06:53:59.3793461Z ^[[36;1mexit "$result"^[[0m
shsh-check	Verify theme, migrated output and browser behavior	2026-09-18T06:53:59.3834108Z shell: /usr/bin/bash --noprofile --norc -e -o pipefail {0}
shsh-check	Verify theme, migrated output and browser behavior	2026-09-18T06:53:59.3834684Z env:
shsh-check	Verify theme, migrated output and browser behavior	2026-09-18T06:53:59.3834963Z   PNPM_HOME: /home/runner/setup-pnpm/node_modules/.bin
shsh-check	Verify theme, migrated output and browser behavior	2026-09-18T06:53:59.3835297Z ##[endgroup]
shsh-check	Verify theme, migrated output and browser behavior	2026-09-18T06:53:59.4099922Z $ pnpm format:check && pnpm lint && pnpm lint:css && pnpm check:progress && pnpm check:tooling && pnpm build:fixtures && pnpm check:theme && pnpm check:collections && pnpm check:prose && pnpm check:media && pnpm check:sharing && pnpm check:metadata && pnpm build:review && pnpm build:full-review && pnpm build:site-fixture && pnpm check:site-inputs && pnpm check:site-output && pnpm test
shsh-check	Verify theme, migrated output and browser behavior	2026-09-18T06:53:59.4273711Z $ node scripts/format.mjs
shsh-check	Verify theme, migrated output and browser behavior	2026-09-18T06:53:59.5544014Z Checking formatting...
shsh-check	Verify theme, migrated output and browser behavior	2026-09-18T06:53:59.5544417Z
shsh-check	Verify theme, migrated output and browser behavior	2026-09-18T06:54:00.6721307Z All matched files use the correct format.
shsh-check	Verify theme, migrated output and browser behavior	2026-09-18T06:54:00.6721859Z Finished in 1119ms on 185 files using 4 threads.
shsh-check	Verify theme, migrated output and browser behavior	2026-09-18T06:54:01.4956885Z Go templates: 58 checked, 0 differ.
shsh-check	Verify theme, migrated output and browser behavior	2026-09-18T06:54:01.5254959Z $ oxlint --type-aware --type-check --deny-warnings scripts tests assets playwright.config.ts
shsh-check	Verify theme, migrated output and browser behavior	2026-09-18T06:54:01.9858823Z Found 0 warnings and 0 errors.
shsh-check	Verify theme, migrated output and browser behavior	2026-09-18T06:54:01.9859595Z Finished in 421ms on 41 files with 112 rules using 4 threads.
shsh-check	Verify theme, migrated output and browser behavior	2026-09-18T06:54:02.0275124Z $ stylelint "assets/css/**/*.css" "tests/fixtures/**/*.css" --allow-empty-input
shsh-check	Verify theme, migrated output and browser behavior	2026-09-18T06:54:02.7062611Z $ node scripts/verify-progress.mjs
shsh-check	Verify theme, migrated output and browser behavior	2026-09-18T06:54:02.7892024Z Progress valid: 34 tasks; requirements Q1–Q34; discipline Q1–Q9; references and DAG checked. Human evidence still requires review.
shsh-check	Verify theme, migrated output and browser behavior	2026-09-18T06:54:02.8111222Z $ node --experimental-strip-types scripts/verify-tooling.ts
shsh-check	Verify theme, migrated output and browser behavior	2026-09-18T06:54:03.7489299Z Toolchain probes passed. Hugo/formatter output is ready for three-engine browser comparison.
shsh-check	Verify theme, migrated output and browser behavior	2026-09-18T06:54:03.7493491Z { hugo_before_ms: 51, template_format_ms: 96, hugo_after_ms: 49 }
shsh-check	Verify theme, migrated output and browser behavior	2026-09-18T06:54:03.7883515Z $ node scripts/build-fixtures.ts
shsh-check	Verify theme, migrated output and browser behavior	2026-09-18T06:54:03.8955827Z Start building sites …
shsh-check	Verify theme, migrated output and browser behavior	2026-09-18T06:54:03.8957269Z hugo v0.166.0-78400b4de8adc99273d3e674ed6c4d14c3bdf669 linux/amd64 BuildDate=2026-09-09T14:45:02Z VendorInfo=gohugoio
shsh-check	Verify theme, migrated output and browser behavior	2026-09-18T06:54:03.8959706Z
shsh-check	Verify theme, migrated output and browser behavior	2026-09-18T06:54:03.9749046Z
shsh-check	Verify theme, migrated output and browser behavior	2026-09-18T06:54:03.9750343Z                   │ JA
shsh-check	Verify theme, migrated output and browser behavior	2026-09-18T06:54:03.9750737Z ──────────────────┼────
shsh-check	Verify theme, migrated output and browser behavior	2026-09-18T06:54:03.9751035Z  Pages            │ 16
shsh-check	Verify theme, migrated output and browser behavior	2026-09-18T06:54:03.9751467Z  Paginator pages  │  4
shsh-check	Verify theme, migrated output and browser behavior	2026-09-18T06:54:03.9753043Z  Non-page files   │  0
shsh-check	Verify theme, migrated output and browser behavior	2026-09-18T06:54:03.9753309Z  Static files     │  0
shsh-check	Verify theme, migrated output and browser behavior	2026-09-18T06:54:03.9753609Z  Processed images │  0
shsh-check	Verify theme, migrated output and browser behavior	2026-09-18T06:54:03.9753869Z  Aliases          │  2
shsh-check	Verify theme, migrated output and browser behavior	2026-09-18T06:54:03.9754112Z  Cleaned          │  0
shsh-check	Verify theme, migrated output and browser behavior	2026-09-18T06:54:03.9754260Z
shsh-check	Verify theme, migrated output and browser behavior	2026-09-18T06:54:03.9754359Z Total in 81 ms
shsh-check	Verify theme, migrated output and browser behavior	2026-09-18T06:54:04.0108929Z Start building sites …
shsh-check	Verify theme, migrated output and browser behavior	2026-09-18T06:54:04.0110166Z hugo v0.166.0-78400b4de8adc99273d3e674ed6c4d14c3bdf669 linux/amd64 BuildDate=2026-09-09T14:45:02Z VendorInfo=gohugoio
shsh-check	Verify theme, migrated output and browser behavior	2026-09-18T06:54:04.0110951Z
shsh-check	Verify theme, migrated output and browser behavior	2026-09-18T06:54:04.0728691Z
shsh-check	Verify theme, migrated output and browser behavior	2026-09-18T06:54:04.0731746Z                   │ JA
shsh-check	Verify theme, migrated output and browser behavior	2026-09-18T06:54:04.0732374Z ──────────────────┼────
shsh-check	Verify theme, migrated output and browser behavior	2026-09-18T06:54:04.0732820Z  Pages            │ 16
shsh-check	Verify theme, migrated output and browser behavior	2026-09-18T06:54:04.0733226Z  Paginator pages  │  4
shsh-check	Verify theme, migrated output and browser behavior	2026-09-18T06:54:04.0733634Z  Non-page files   │  0
shsh-check	Verify theme, migrated output and browser behavior	2026-09-18T06:54:04.0734018Z  Static files     │  0
shsh-check	Verify theme, migrated output and browser behavior	2026-09-18T06:54:04.0734402Z  Processed images │  0
shsh-check	Verify theme, migrated output and browser behavior	2026-09-18T06:54:04.0734775Z  Aliases          │  2
shsh-check	Verify theme, migrated output and browser behavior	2026-09-18T06:54:04.0735159Z  Cleaned          │  0
shsh-check	Verify theme, migrated output and browser behavior	2026-09-18T06:54:04.0735361Z
shsh-check	Verify theme, migrated output and browser behavior	2026-09-18T06:54:04.0735839Z Total in 64 ms
shsh-check	Verify theme, migrated output and browser behavior	2026-09-18T06:54:04.1119833Z Start building sites …
shsh-check	Verify theme, migrated output and browser behavior	2026-09-18T06:54:04.1120634Z hugo v0.166.0-78400b4de8adc99273d3e674ed6c4d14c3bdf669 linux/amd64 BuildDate=2026-09-09T14:45:02Z VendorInfo=gohugoio
shsh-check	Verify theme, migrated output and browser behavior	2026-09-18T06:54:04.1121133Z
shsh-check	Verify theme, migrated output and browser behavior	2026-09-18T06:54:04.1748245Z
shsh-check	Verify theme, migrated output and browser behavior	2026-09-18T06:54:04.1750933Z                   │ JA
shsh-check	Verify theme, migrated output and browser behavior	2026-09-18T06:54:04.1751510Z ──────────────────┼────
shsh-check	Verify theme, migrated output and browser behavior	2026-09-18T06:54:04.1751994Z  Pages            │ 16
shsh-check	Verify theme, migrated output and browser behavior	2026-09-18T06:54:04.1752380Z  Paginator pages  │  4
shsh-check	Verify theme, migrated output and browser behavior	2026-09-18T06:54:04.1752784Z  Non-page files   │  0
shsh-check	Verify theme, migrated output and browser behavior	2026-09-18T06:54:04.1753483Z  Static files     │  0
shsh-check	Verify theme, migrated output and browser behavior	2026-09-18T06:54:04.1753872Z  Processed images │  0
shsh-check	Verify theme, migrated output and browser behavior	2026-09-18T06:54:04.1754257Z  Aliases          │  2
shsh-check	Verify theme, migrated output and browser behavior	2026-09-18T06:54:04.1754622Z  Cleaned          │  0
shsh-check	Verify theme, migrated output and browser behavior	2026-09-18T06:54:04.1754827Z
shsh-check	Verify theme, migrated output and browser behavior	2026-09-18T06:54:04.1754961Z Total in 64 ms
shsh-check	Verify theme, migrated output and browser behavior	2026-09-18T06:54:04.1998039Z $ node scripts/verify-theme.ts
shsh-check	Verify theme, migrated output and browser behavior	2026-09-18T06:54:05.9666474Z Theme foundation: HTML, production/preview/development assets, invalid configuration and minimal alternative site passed.
shsh-check	Verify theme, migrated output and browser behavior	2026-09-18T06:54:05.9986986Z $ node scripts/verify-collections.ts
shsh-check	Verify theme, migrated output and browser behavior	2026-09-18T06:54:07.6338737Z Collections: empty/single/default10/custom2, UTC ties, mainSections, publication filters, summaries, dates and invalid inputs passed.
shsh-check	Verify theme, migrated output and browser behavior	2026-09-18T06:54:07.7132506Z Discovery: local year/month, all-section order, tie navigation, fixed-page exclusion, original term case and HTML/feed title consistency passed.
shsh-check	Verify theme, migrated output and browser behavior	2026-09-18T06:54:07.7367372Z $ node scripts/verify-prose.ts
shsh-check	Verify theme, migrated output and browser behavior	2026-09-18T06:54:08.4274329Z Prose: date fallback/day boundaries/visibility/types, legal footnote IDs, full real article HTML and native heading IDs passed.
shsh-check	Verify theme, migrated output and browser behavior	2026-09-18T06:54:08.4558522Z $ node scripts/verify-media.ts
shsh-check	Verify theme, migrated output and browser behavior	2026-09-18T06:54:08.7018621Z Start building sites …
shsh-check	Verify theme, migrated output and browser behavior	2026-09-18T06:54:08.7019596Z hugo v0.166.0-78400b4de8adc99273d3e674ed6c4d14c3bdf669 linux/amd64 BuildDate=2026-09-09T14:45:02Z VendorInfo=gohugoio
shsh-check	Verify theme, migrated output and browser behavior	2026-09-18T06:54:08.7020099Z
shsh-check	Verify theme, migrated output and browser behavior	2026-09-18T06:54:15.6977166Z
shsh-check	Verify theme, migrated output and browser behavior	2026-09-18T06:54:15.6978807Z                   │ JA
shsh-check	Verify theme, migrated output and browser behavior	2026-09-18T06:54:15.6979559Z ──────────────────┼────
shsh-check	Verify theme, migrated output and browser behavior	2026-09-18T06:54:15.6980242Z  Pages            │ 15
shsh-check	Verify theme, migrated output and browser behavior	2026-09-18T06:54:15.6980576Z  Paginator pages  │  2
shsh-check	Verify theme, migrated output and browser behavior	2026-09-18T06:54:15.6980855Z  Non-page files   │ 13
shsh-check	Verify theme, migrated output and browser behavior	2026-09-18T06:54:15.6981334Z  Static files     │  4
shsh-check	Verify theme, migrated output and browser behavior	2026-09-18T06:54:15.6981756Z  Processed images │ 46
shsh-check	Verify theme, migrated output and browser behavior	2026-09-18T06:54:15.6982159Z  Aliases          │  2
shsh-check	Verify theme, migrated output and browser behavior	2026-09-18T06:54:15.6982537Z  Cleaned          │  0
shsh-check	Verify theme, migrated output and browser behavior	2026-09-18T06:54:15.6982731Z
shsh-check	Verify theme, migrated output and browser behavior	2026-09-18T06:54:15.6982871Z Total in 6997 ms
shsh-check	Verify theme, migrated output and browser behavior	2026-09-18T06:54:15.7362946Z Start building sites …
shsh-check	Verify theme, migrated output and browser behavior	2026-09-18T06:54:15.7364141Z hugo v0.166.0-78400b4de8adc99273d3e674ed6c4d14c3bdf669 linux/amd64 BuildDate=2026-09-09T14:45:02Z VendorInfo=gohugoio
shsh-check	Verify theme, migrated output and browser behavior	2026-09-18T06:54:15.7364628Z
shsh-check	Verify theme, migrated output and browser behavior	2026-09-18T06:54:15.7954112Z
shsh-check	Verify theme, migrated output and browser behavior	2026-09-18T06:54:15.7955936Z                   │ JA
shsh-check	Verify theme, migrated output and browser behavior	2026-09-18T06:54:15.7956384Z ──────────────────┼────
shsh-check	Verify theme, migrated output and browser behavior	2026-09-18T06:54:15.7956699Z  Pages            │ 15
shsh-check	Verify theme, migrated output and browser behavior	2026-09-18T06:54:15.7956986Z  Paginator pages  │  2
shsh-check	Verify theme, migrated output and browser behavior	2026-09-18T06:54:15.7957257Z  Non-page files   │ 13
shsh-check	Verify theme, migrated output and browser behavior	2026-09-18T06:54:15.7957556Z  Static files     │  4
shsh-check	Verify theme, migrated output and browser behavior	2026-09-18T06:54:15.7958108Z  Processed images │ 46
shsh-check	Verify theme, migrated output and browser behavior	2026-09-18T06:54:15.7958504Z  Aliases          │  2
shsh-check	Verify theme, migrated output and browser behavior	2026-09-18T06:54:15.7958889Z  Cleaned          │  0
shsh-check	Verify theme, migrated output and browser behavior	2026-09-18T06:54:15.7959089Z
shsh-check	Verify theme, migrated output and browser behavior	2026-09-18T06:54:15.7959231Z Total in 60 ms
shsh-check	Verify theme, migrated output and browser behavior	2026-09-18T06:54:17.2879088Z Media: production/preview HTML, unchanged original media, unavailable external URL and invalid inputs passed.
shsh-check	Verify theme, migrated output and browser behavior	2026-09-18T06:54:17.3181172Z $ node scripts/verify-sharing.ts
shsh-check	Verify theme, migrated output and browser behavior	2026-09-18T06:54:19.3385403Z Sharing: defaults, ordered services, fixed pages/posts, escaped title/URLs, author setting, invalid inputs and preview isolation passed.
shsh-check	Verify theme, migrated output and browser behavior	2026-09-18T06:54:19.3701233Z $ node scripts/verify-metadata.ts
shsh-check	Verify theme, migrated output and browser behavior	2026-09-18T06:54:24.0710161Z Metadata fixtures: all HTML valid; asset/static/external defaults, bundle isolation, input failures, preview and empty feed built. XML/head assertions run in metadata.spec.ts.
shsh-check	Verify theme, migrated output and browser behavior	2026-09-18T06:54:24.1185575Z $ node scripts/build-review-fixture.ts
shsh-check	Verify theme, migrated output and browser behavior	2026-09-18T06:54:24.2835741Z Start building sites …
shsh-check	Verify theme, migrated output and browser behavior	2026-09-18T06:54:24.2837407Z hugo v0.166.0-78400b4de8adc99273d3e674ed6c4d14c3bdf669 linux/amd64 BuildDate=2026-09-09T14:45:02Z VendorInfo=gohugoio
shsh-check	Verify theme, migrated output and browser behavior	2026-09-18T06:54:24.2839062Z
shsh-check	Verify theme, migrated output and browser behavior	2026-09-18T06:54:40.1698334Z
shsh-check	Verify theme, migrated output and browser behavior	2026-09-18T06:54:40.1699993Z                   │ JA
shsh-check	Verify theme, migrated output and browser behavior	2026-09-18T06:54:40.1700550Z ──────────────────┼────
shsh-check	Verify theme, migrated output and browser behavior	2026-09-18T06:54:40.1700990Z  Pages            │ 46
shsh-check	Verify theme, migrated output and browser behavior	2026-09-18T06:54:40.1701396Z  Paginator pages  │  5
shsh-check	Verify theme, migrated output and browser behavior	2026-09-18T06:54:40.1701823Z  Non-page files   │  6
shsh-check	Verify theme, migrated output and browser behavior	2026-09-18T06:54:40.1702219Z  Static files     │  0
shsh-check	Verify theme, migrated output and browser behavior	2026-09-18T06:54:40.1702933Z  Processed images │ 54
shsh-check	Verify theme, migrated output and browser behavior	2026-09-18T06:54:40.1703330Z  Aliases          │ 15
shsh-check	Verify theme, migrated output and browser behavior	2026-09-18T06:54:40.1703703Z  Cleaned          │  0
shsh-check	Verify theme, migrated output and browser behavior	2026-09-18T06:54:40.1703927Z
shsh-check	Verify theme, migrated output and browser behavior	2026-09-18T06:54:40.1704089Z Total in 15887 ms
shsh-check	Verify theme, migrated output and browser behavior	2026-09-18T06:54:40.2078742Z Start building sites …
shsh-check	Verify theme, migrated output and browser behavior	2026-09-18T06:54:40.2079797Z hugo v0.166.0-78400b4de8adc99273d3e674ed6c4d14c3bdf669 linux/amd64 BuildDate=2026-09-09T14:45:02Z VendorInfo=gohugoio
shsh-check	Verify theme, migrated output and browser behavior	2026-09-18T06:54:40.2080274Z
shsh-check	Verify theme, migrated output and browser behavior	2026-09-18T06:54:40.3199838Z
shsh-check	Verify theme, migrated output and browser behavior	2026-09-18T06:54:40.3201493Z                   │ JA
shsh-check	Verify theme, migrated output and browser behavior	2026-09-18T06:54:40.3202057Z ──────────────────┼────
shsh-check	Verify theme, migrated output and browser behavior	2026-09-18T06:54:40.3202372Z  Pages            │ 46
shsh-check	Verify theme, migrated output and browser behavior	2026-09-18T06:54:40.3202644Z  Paginator pages  │  5
shsh-check	Verify theme, migrated output and browser behavior	2026-09-18T06:54:40.3202905Z  Non-page files   │  6
shsh-check	Verify theme, migrated output and browser behavior	2026-09-18T06:54:40.3203173Z  Static files     │  0
shsh-check	Verify theme, migrated output and browser behavior	2026-09-18T06:54:40.3203444Z  Processed images │ 54
shsh-check	Verify theme, migrated output and browser behavior	2026-09-18T06:54:40.3203701Z  Aliases          │ 15
shsh-check	Verify theme, migrated output and browser behavior	2026-09-18T06:54:40.3203951Z  Cleaned          │  0
shsh-check	Verify theme, migrated output and browser behavior	2026-09-18T06:54:40.3204081Z
shsh-check	Verify theme, migrated output and browser behavior	2026-09-18T06:54:40.3204227Z Total in 113 ms
shsh-check	Verify theme, migrated output and browser behavior	2026-09-18T06:54:40.3463042Z $ node scripts/build-full-review.ts
shsh-check	Verify theme, migrated output and browser behavior	2026-09-18T06:54:40.5866792Z Start building sites …
shsh-check	Verify theme, migrated output and browser behavior	2026-09-18T06:54:40.5867912Z hugo v0.166.0-78400b4de8adc99273d3e674ed6c4d14c3bdf669 linux/amd64 BuildDate=2026-09-09T14:45:02Z VendorInfo=gohugoio
shsh-check	Verify theme, migrated output and browser behavior	2026-09-18T06:54:40.5868403Z
shsh-check	Verify theme, migrated output and browser behavior	2026-09-18T06:54:40.6925582Z
shsh-check	Verify theme, migrated output and browser behavior	2026-09-18T06:54:40.6927036Z                   │ JA
shsh-check	Verify theme, migrated output and browser behavior	2026-09-18T06:54:40.6927580Z ──────────────────┼────
shsh-check	Verify theme, migrated output and browser behavior	2026-09-18T06:54:40.6928198Z  Pages            │ 24
shsh-check	Verify theme, migrated output and browser behavior	2026-09-18T06:54:40.6928671Z  Paginator pages  │  8
shsh-check	Verify theme, migrated output and browser behavior	2026-09-18T06:54:40.6929061Z  Non-page files   │  6
shsh-check	Verify theme, migrated output and browser behavior	2026-09-18T06:54:40.6929315Z  Static files     │  0
shsh-check	Verify theme, migrated output and browser behavior	2026-09-18T06:54:40.6929573Z  Processed images │ 54
shsh-check	Verify theme, migrated output and browser behavior	2026-09-18T06:54:40.6929826Z  Aliases          │  4
shsh-check	Verify theme, migrated output and browser behavior	2026-09-18T06:54:40.6930065Z  Cleaned          │  0
shsh-check	Verify theme, migrated output and browser behavior	2026-09-18T06:54:40.6930200Z
shsh-check	Verify theme, migrated output and browser behavior	2026-09-18T06:54:40.6930302Z Total in 107 ms
shsh-check	Verify theme, migrated output and browser behavior	2026-09-18T06:54:40.7384127Z Start building sites …
shsh-check	Verify theme, migrated output and browser behavior	2026-09-18T06:54:40.7385218Z hugo v0.166.0-78400b4de8adc99273d3e674ed6c4d14c3bdf669 linux/amd64 BuildDate=2026-09-09T14:45:02Z VendorInfo=gohugoio
shsh-check	Verify theme, migrated output and browser behavior	2026-09-18T06:54:40.7385757Z
shsh-check	Verify theme, migrated output and browser behavior	2026-09-18T06:54:40.8064131Z
shsh-check	Verify theme, migrated output and browser behavior	2026-09-18T06:54:40.8066669Z                   │ JA
shsh-check	Verify theme, migrated output and browser behavior	2026-09-18T06:54:40.8067435Z ──────────────────┼────
shsh-check	Verify theme, migrated output and browser behavior	2026-09-18T06:54:40.8068442Z  Pages            │ 15
shsh-check	Verify theme, migrated output and browser behavior	2026-09-18T06:54:40.8068933Z  Paginator pages  │  0
shsh-check	Verify theme, migrated output and browser behavior	2026-09-18T06:54:40.8069364Z  Non-page files   │  0
shsh-check	Verify theme, migrated output and browser behavior	2026-09-18T06:54:40.8069664Z  Static files     │  0
shsh-check	Verify theme, migrated output and browser behavior	2026-09-18T06:54:40.8069924Z  Processed images │ 15
shsh-check	Verify theme, migrated output and browser behavior	2026-09-18T06:54:40.8070239Z  Aliases          │  2
shsh-check	Verify theme, migrated output and browser behavior	2026-09-18T06:54:40.8070477Z  Cleaned          │  0
shsh-check	Verify theme, migrated output and browser behavior	2026-09-18T06:54:40.8070615Z
shsh-check	Verify theme, migrated output and browser behavior	2026-09-18T06:54:40.8070709Z Total in 69 ms
shsh-check	Verify theme, migrated output and browser behavior	2026-09-18T06:54:40.8508419Z Start building sites …
shsh-check	Verify theme, migrated output and browser behavior	2026-09-18T06:54:40.8509662Z hugo v0.166.0-78400b4de8adc99273d3e674ed6c4d14c3bdf669 linux/amd64 BuildDate=2026-09-09T14:45:02Z VendorInfo=gohugoio
shsh-check	Verify theme, migrated output and browser behavior	2026-09-18T06:54:40.8510460Z
shsh-check	Verify theme, migrated output and browser behavior	2026-09-18T06:54:40.9202102Z
shsh-check	Verify theme, migrated output and browser behavior	2026-09-18T06:54:40.9203494Z                   │ JA
shsh-check	Verify theme, migrated output and browser behavior	2026-09-18T06:54:40.9204144Z ──────────────────┼────
shsh-check	Verify theme, migrated output and browser behavior	2026-09-18T06:54:40.9204572Z  Pages            │ 16
shsh-check	Verify theme, migrated output and browser behavior	2026-09-18T06:54:40.9204853Z  Paginator pages  │  0
shsh-check	Verify theme, migrated output and browser behavior	2026-09-18T06:54:40.9205119Z  Non-page files   │  0
shsh-check	Verify theme, migrated output and browser behavior	2026-09-18T06:54:40.9205392Z  Static files     │  0
shsh-check	Verify theme, migrated output and browser behavior	2026-09-18T06:54:40.9205656Z  Processed images │ 15
shsh-check	Verify theme, migrated output and browser behavior	2026-09-18T06:54:40.9205912Z  Aliases          │  2
shsh-check	Verify theme, migrated output and browser behavior	2026-09-18T06:54:40.9206150Z  Cleaned          │  0
shsh-check	Verify theme, migrated output and browser behavior	2026-09-18T06:54:40.9206285Z
shsh-check	Verify theme, migrated output and browser behavior	2026-09-18T06:54:40.9206384Z Total in 70 ms
shsh-check	Verify theme, migrated output and browser behavior	2026-09-18T06:54:40.9245981Z Full review: 40 frozen product screens mapped; specimen stays in representative suite.
shsh-check	Verify theme, migrated output and browser behavior	2026-09-18T06:54:42.5947356Z Full review HTML: all production, preview and boundary fixture pages valid.
shsh-check	Verify theme, migrated output and browser behavior	2026-09-18T06:54:42.6381667Z $ node scripts/build-site-fixture.ts
shsh-check	Verify theme, migrated output and browser behavior	2026-09-18T06:55:01.1168714Z {
shsh-check	Verify theme, migrated output and browser behavior	2026-09-18T06:55:01.1169129Z   "command": [
shsh-check	Verify theme, migrated output and browser behavior	2026-09-18T06:55:01.1169465Z     "hugo",
shsh-check	Verify theme, migrated output and browser behavior	2026-09-18T06:55:01.1169745Z     "--source",
shsh-check	Verify theme, migrated output and browser behavior	2026-09-18T06:55:01.1170175Z     "/home/runner/work/shimoju.jp/shimoju.jp/themes/shsh/.cache/site/source",
shsh-check	Verify theme, migrated output and browser behavior	2026-09-18T06:55:01.1170866Z     "--themesDir",
shsh-check	Verify theme, migrated output and browser behavior	2026-09-18T06:55:01.1171176Z     "/home/runner/work/shimoju.jp/shimoju.jp/themes",
shsh-check	Verify theme, migrated output and browser behavior	2026-09-18T06:55:01.1171487Z     "--destination",
shsh-check	Verify theme, migrated output and browser behavior	2026-09-18T06:55:01.1171883Z     "/home/runner/work/shimoju.jp/shimoju.jp/themes/shsh/.cache/site/production",
shsh-check	Verify theme, migrated output and browser behavior	2026-09-18T06:55:01.1172272Z     "--cacheDir",
shsh-check	Verify theme, migrated output and browser behavior	2026-09-18T06:55:01.1172636Z     "/home/runner/work/shimoju.jp/shimoju.jp/themes/shsh/.cache/site/hugo-cache",
shsh-check	Verify theme, migrated output and browser behavior	2026-09-18T06:55:01.1173011Z     "--environment",
shsh-check	Verify theme, migrated output and browser behavior	2026-09-18T06:55:01.1173248Z     "production",
shsh-check	Verify theme, migrated output and browser behavior	2026-09-18T06:55:01.1173511Z     "--clock",
shsh-check	Verify theme, migrated output and browser behavior	2026-09-18T06:55:01.1173853Z     "2026-09-17T12:00:00+09:00",
shsh-check	Verify theme, migrated output and browser behavior	2026-09-18T06:55:01.1174236Z     "--cleanDestinationDir",
shsh-check	Verify theme, migrated output and browser behavior	2026-09-18T06:55:01.1174612Z     "--panicOnWarning"
shsh-check	Verify theme, migrated output and browser behavior	2026-09-18T06:55:01.1174936Z   ],
shsh-check	Verify theme, migrated output and browser behavior	2026-09-18T06:55:01.1175236Z   "live": false,
shsh-check	Verify theme, migrated output and browser behavior	2026-09-18T06:55:01.1175588Z   "environment": "production",
shsh-check	Verify theme, migrated output and browser behavior	2026-09-18T06:55:01.1175953Z   "exitCode": 0,
shsh-check	Verify theme, migrated output and browser behavior	2026-09-18T06:55:01.1176288Z   "seconds": 18.399874250999996,
shsh-check	Verify theme, migrated output and browser behavior	2026-09-18T06:55:01.1179230Z   "stdout": "Start building sites … \nhugo v0.166.0-78400b4de8adc99273d3e674ed6c4d14c3bdf669 linux/amd64 BuildDate=2026-09-09T14:45:02Z VendorInfo=gohugoio\n\n\n                  │ JA  \n──────────────────┼─────\n Pages            │ 160 \n Paginator pages  │  14 \n Non-page files   │  19 \n Static files     │   6 \n Processed images │ 124 \n Aliases          │  46 \n Cleaned          │   0 \n\nTotal in 18355 ms\n",
shsh-check	Verify theme, migrated output and browser behavior	2026-09-18T06:55:01.1180620Z   "stderr": ""
shsh-check	Verify theme, migrated output and browser behavior	2026-09-18T06:55:01.1180844Z }
shsh-check	Verify theme, migrated output and browser behavior	2026-09-18T06:55:01.4285212Z {
shsh-check	Verify theme, migrated output and browser behavior	2026-09-18T06:55:01.4285536Z   "command": [
shsh-check	Verify theme, migrated output and browser behavior	2026-09-18T06:55:01.4285780Z     "hugo",
shsh-check	Verify theme, migrated output and browser behavior	2026-09-18T06:55:01.4285988Z     "--source",
shsh-check	Verify theme, migrated output and browser behavior	2026-09-18T06:55:01.4286404Z     "/home/runner/work/shimoju.jp/shimoju.jp/themes/shsh/.cache/site/source",
shsh-check	Verify theme, migrated output and browser behavior	2026-09-18T06:55:01.4286819Z     "--themesDir",
shsh-check	Verify theme, migrated output and browser behavior	2026-09-18T06:55:01.4287117Z     "/home/runner/work/shimoju.jp/shimoju.jp/themes",
shsh-check	Verify theme, migrated output and browser behavior	2026-09-18T06:55:01.4287441Z     "--destination",
shsh-check	Verify theme, migrated output and browser behavior	2026-09-18T06:55:01.4288083Z     "/home/runner/work/shimoju.jp/shimoju.jp/themes/shsh/.cache/site/preview",
shsh-check	Verify theme, migrated output and browser behavior	2026-09-18T06:55:01.4288550Z     "--cacheDir",
shsh-check	Verify theme, migrated output and browser behavior	2026-09-18T06:55:01.4288971Z     "/home/runner/work/shimoju.jp/shimoju.jp/themes/shsh/.cache/site/hugo-cache",
shsh-check	Verify theme, migrated output and browser behavior	2026-09-18T06:55:01.4289375Z     "--environment",
shsh-check	Verify theme, migrated output and browser behavior	2026-09-18T06:55:01.4289602Z     "preview",
shsh-check	Verify theme, migrated output and browser behavior	2026-09-18T06:55:01.4289816Z     "--clock",
shsh-check	Verify theme, migrated output and browser behavior	2026-09-18T06:55:01.4290041Z     "2026-09-17T12:00:00+09:00",
shsh-check	Verify theme, migrated output and browser behavior	2026-09-18T06:55:01.4290308Z     "--cleanDestinationDir",
shsh-check	Verify theme, migrated output and browser behavior	2026-09-18T06:55:01.4290578Z     "--panicOnWarning",
shsh-check	Verify theme, migrated output and browser behavior	2026-09-18T06:55:01.4290802Z     "--baseURL",
shsh-check	Verify theme, migrated output and browser behavior	2026-09-18T06:55:01.4291055Z     "https://preview.invalid/"
shsh-check	Verify theme, migrated output and browser behavior	2026-09-18T06:55:01.4291315Z   ],
shsh-check	Verify theme, migrated output and browser behavior	2026-09-18T06:55:01.4291516Z   "live": false,
shsh-check	Verify theme, migrated output and browser behavior	2026-09-18T06:55:01.4291736Z   "environment": "preview",
shsh-check	Verify theme, migrated output and browser behavior	2026-09-18T06:55:01.4291974Z   "exitCode": 0,
shsh-check	Verify theme, migrated output and browser behavior	2026-09-18T06:55:01.4292208Z   "seconds": 0.3111936649999989,
shsh-check	Verify theme, migrated output and browser behavior	2026-09-18T06:55:01.4294319Z   "stdout": "Start building sites … \nhugo v0.166.0-78400b4de8adc99273d3e674ed6c4d14c3bdf669 linux/amd64 BuildDate=2026-09-09T14:45:02Z VendorInfo=gohugoio\n\n\n                  │ JA  \n──────────────────┼─────\n Pages            │ 160 \n Paginator pages  │  14 \n Non-page files   │  19 \n Static files     │   6 \n Processed images │ 124 \n Aliases          │  46 \n Cleaned          │   0 \n\nTotal in 276 ms\n",
shsh-check	Verify theme, migrated output and browser behavior	2026-09-18T06:55:01.4295815Z   "stderr": ""
shsh-check	Verify theme, migrated output and browser behavior	2026-09-18T06:55:01.4296052Z }
shsh-check	Verify theme, migrated output and browser behavior	2026-09-18T06:55:01.4518087Z $ node scripts/verify-site-inputs.ts
shsh-check	Verify theme, migrated output and browser behavior	2026-09-18T06:55:01.7225864Z Site inputs: 80 original source/assets, 7 authorized changes, 62 Markdown files and 46 embeds verified. Offline production/preview passed.
shsh-check	Verify theme, migrated output and browser behavior	2026-09-18T06:55:01.7507541Z $ node scripts/verify-site-output.ts
shsh-check	Verify theme, migrated output and browser behavior	2026-09-18T06:55:05.3455778Z All 340 production/preview HTML files valid; F015 exact-title length exception only.
shsh-check	Verify theme, migrated output and browser behavior	2026-09-18T06:55:05.3923963Z $ playwright test
shsh-check	Verify theme, migrated output and browser behavior	2026-09-18T06:55:06.4944253Z
shsh-check	Verify theme, migrated output and browser behavior	2026-09-18T06:55:06.4944923Z Running 240 tests using 2 workers
shsh-check	Verify theme, migrated output and browser behavior	2026-09-18T06:55:06.4945311Z
shsh-check	Verify theme, migrated output and browser behavior	2026-09-18T06:55:08.5236579Z   ✓    1 [chromium] › tests/collections.spec.ts:4:1 › home and section pagination retain newer-left/older-right and first-page introduction (1.3s)
shsh-check	Verify theme, migrated output and browser behavior	2026-09-18T06:55:08.9346311Z   ✓    3 [chromium] › tests/collections.spec.ts:91:1 › pagination and whole-card links work without JavaScript (396ms)
shsh-check	Verify theme, migrated output and browser behavior	2026-09-18T06:55:13.6903406Z   ✓    2 [chromium] › tests/collections.spec.ts:29:1 › list text, separators and pager preserve frozen mock styles in both widths and palettes (6.4s)
shsh-check	Verify theme, migrated output and browser behavior	2026-09-18T06:55:14.5638121Z   ✓    4 [chromium] › tests/full-review.spec.ts:8:3 › Full screen home (5.6s)
shsh-check	Verify theme, migrated output and browser behavior	2026-09-18T06:55:18.4804359Z   ✓    5 [chromium] › tests/full-review.spec.ts:8:3 › Full screen home-2 (4.8s)
shsh-check	Verify theme, migrated output and browser behavior	2026-09-18T06:55:18.9920101Z   ✓    6 [chromium] › tests/full-review.spec.ts:8:3 › Full screen home-3 (4.4s)
shsh-check	Verify theme, migrated output and browser behavior	2026-09-18T06:55:23.7256438Z   ✓    8 [chromium] › tests/full-review.spec.ts:8:3 › Full screen posts-2 (4.7s)
shsh-check	Verify theme, migrated output and browser behavior	2026-09-18T06:55:23.7428033Z   ✓    7 [chromium] › tests/full-review.spec.ts:8:3 › Full screen posts (5.2s)
shsh-check	Verify theme, migrated output and browser behavior	2026-09-18T06:55:28.1479981Z   ✓    9 [chromium] › tests/full-review.spec.ts:8:3 › Full screen posts-3 (4.4s)
shsh-check	Verify theme, migrated output and browser behavior	2026-09-18T06:55:28.4240202Z   ✓   10 [chromium] › tests/full-review.spec.ts:8:3 › Full screen tags (4.7s)
shsh-check	Verify theme, migrated output and browser behavior	2026-09-18T06:55:32.1873319Z   ✓   11 [chromium] › tests/full-review.spec.ts:8:3 › Full screen tags-empty (4.0s)
shsh-check	Verify theme, migrated output and browser behavior	2026-09-18T06:55:33.1739729Z   ✓   12 [chromium] › tests/full-review.spec.ts:8:3 › Full screen tag-1 (4.7s)
shsh-check	Verify theme, migrated output and browser behavior	2026-09-18T06:55:36.5647525Z   ✓   13 [chromium] › tests/full-review.spec.ts:8:3 › Full screen tag-2 (4.4s)
shsh-check	Verify theme, migrated output and browser behavior	2026-09-18T06:55:37.9856811Z   ✓   14 [chromium] › tests/full-review.spec.ts:8:3 › Full screen tag-3 (4.8s)
shsh-check	Verify theme, migrated output and browser behavior	2026-09-18T06:55:41.3594993Z   ✓   15 [chromium] › tests/full-review.spec.ts:8:3 › Full screen tag-4 (4.8s)
shsh-check	Verify theme, migrated output and browser behavior	2026-09-18T06:55:42.7689783Z   ✓   16 [chromium] › tests/full-review.spec.ts:8:3 › Full screen tag-5 (4.8s)
shsh-check	Verify theme, migrated output and browser behavior	2026-09-18T06:55:45.8245452Z   ✓   17 [chromium] › tests/full-review.spec.ts:8:3 › Full screen tag-6 (4.4s)
shsh-check	Verify theme, migrated output and browser behavior	2026-09-18T06:55:47.5210097Z   ✓   18 [chromium] › tests/full-review.spec.ts:8:3 › Full screen tag-7 (4.7s)
shsh-check	Verify theme, migrated output and browser behavior	2026-09-18T06:55:50.5243787Z   ✓   19 [chromium] › tests/full-review.spec.ts:8:3 › Full screen tag-8 (4.7s)
shsh-check	Verify theme, migrated output and browser behavior	2026-09-18T06:55:51.9168677Z   ✓   20 [chromium] › tests/full-review.spec.ts:8:3 › Full screen tag-9 (4.4s)
shsh-check	Verify theme, migrated output and browser behavior	2026-09-18T06:55:55.3879760Z   ✓   21 [chromium] › tests/full-review.spec.ts:8:3 › Full screen tag-10 (4.8s)
shsh-check	Verify theme, migrated output and browser behavior	2026-09-18T06:55:56.6879646Z   ✓   22 [chromium] › tests/full-review.spec.ts:8:3 › Full screen tag-11 (4.8s)
shsh-check	Verify theme, migrated output and browser behavior	2026-09-18T06:55:59.5881958Z   ✓   23 [chromium] › tests/full-review.spec.ts:8:3 › Full screen categories (4.2s)
shsh-check	Verify theme, migrated output and browser behavior	2026-09-18T06:56:00.7513213Z   ✓   24 [chromium] › tests/full-review.spec.ts:8:3 › Full screen categories-empty (4.0s)
shsh-check	Verify theme, migrated output and browser behavior	2026-09-18T06:56:04.6479389Z   ✓   25 [chromium] › tests/full-review.spec.ts:8:3 › Full screen category-1 (5.0s)
shsh-check	Verify theme, migrated output and browser behavior	2026-09-18T06:56:05.6125123Z   ✓   26 [chromium] › tests/full-review.spec.ts:8:3 › Full screen category-2 (4.8s)
shsh-check	Verify theme, migrated output and browser behavior	2026-09-18T06:56:09.1332905Z   ✓   27 [chromium] › tests/full-review.spec.ts:8:3 › Full screen category-2-2 (4.5s)
shsh-check	Verify theme, migrated output and browser behavior	2026-09-18T06:56:10.8739763Z   ✓   28 [chromium] › tests/full-review.spec.ts:8:3 › Full screen tag-pagination (5.2s)
shsh-check	Verify theme, migrated output and browser behavior	2026-09-18T06:56:14.0874297Z   ✓   29 [chromium] › tests/full-review.spec.ts:8:3 › Full screen tag-pagination-2 (4.9s)
shsh-check	Verify theme, migrated output and browser behavior	2026-09-18T06:56:15.4818492Z   ✓   30 [chromium] › tests/full-review.spec.ts:8:3 › Full screen tag-pagination-3 (4.6s)
shsh-check	Verify theme, migrated output and browser behavior	2026-09-18T06:56:19.2526606Z   ✓   31 [chromium] › tests/full-review.spec.ts:8:3 › Full screen category-pagination (5.2s)
shsh-check	Verify theme, migrated output and browser behavior	2026-09-18T06:56:20.3694584Z   ✓   32 [chromium] › tests/full-review.spec.ts:8:3 › Full screen category-pagination-2 (4.9s)
shsh-check	Verify theme, migrated output and browser behavior	2026-09-18T06:56:23.6247081Z   ✓   33 [chromium] › tests/full-review.spec.ts:8:3 › Full screen category-pagination-3 (4.4s)
shsh-check	Verify theme, migrated output and browser behavior	2026-09-18T06:56:31.9211160Z   ✓   35 [chromium] › tests/full-review.spec.ts:8:3 › Full screen article-hugo (8.3s)
shsh-check	Verify theme, migrated output and browser behavior	2026-09-18T06:56:36.6748091Z   ✓   36 [chromium] › tests/full-review.spec.ts:8:3 › Full screen article-diary (4.7s)
shsh-check	Verify theme, migrated output and browser behavior	2026-09-18T06:56:41.4195537Z   ✓   37 [chromium] › tests/full-review.spec.ts:8:3 › Full screen article-bgm (4.7s)
shsh-check	Verify theme, migrated output and browser behavior	2026-09-18T06:56:42.4989019Z   ✓   34 [chromium] › tests/full-review.spec.ts:8:3 › Full screen article (22.1s)
shsh-check	Verify theme, migrated output and browser behavior	2026-09-18T06:56:46.6780701Z   ✓   38 [chromium] › tests/full-review.spec.ts:8:3 › Full screen article-pasmo (5.2s)
shsh-check	Verify theme, migrated output and browser behavior	2026-09-18T06:56:51.4619645Z   ✓   40 [chromium] › tests/full-review.spec.ts:8:3 › Full screen archives (4.8s)
shsh-check	Verify theme, migrated output and browser behavior	2026-09-18T06:56:55.3962426Z   ✓   41 [chromium] › tests/full-review.spec.ts:8:3 › Full screen 404 (3.9s)
shsh-check	Verify theme, migrated output and browser behavior	2026-09-18T06:56:56.0157298Z   ✓   39 [chromium] › tests/full-review.spec.ts:8:3 › Full screen about (13.5s)
shsh-check	Verify theme, migrated output and browser behavior	2026-09-18T06:56:59.4530909Z   ✓   42 [chromium] › tests/full-review.spec.ts:8:3 › Full screen empty (4.0s)
shsh-check	Verify theme, migrated output and browser behavior	2026-09-18T06:57:00.1828993Z   ✓   43 [chromium] › tests/full-review.spec.ts:8:3 › Full screen single-item (4.1s)
shsh-check	Verify theme, migrated output and browser behavior	2026-09-18T06:57:01.3069434Z   ✓   45 [chromium] › tests/media.spec.ts:10:1 › responsive candidates, originals, dimensions, loading and figure semantics (1.1s)
shsh-check	Verify theme, migrated output and browser behavior	2026-09-18T06:57:03.8903676Z   ✓   44 [chromium] › tests/full-review.spec.ts:136:1 › discovery semantics, keyboard, fixed pages and JavaScript-disabled navigation (4.4s)
shsh-check	Verify theme, migrated output and browser behavior	2026-09-18T06:57:04.1188066Z   ✓   46 [chromium] › tests/media.spec.ts:88:1 › WebP preserves PNG pixels and transparency at each generated width (2.8s)
shsh-check	Verify theme, migrated output and browser behavior	2026-09-18T06:57:04.7599722Z   ✓   48 [chromium] › tests/media.spec.ts:193:1 › DPR chooses fitting candidates and JavaScript-free media remain usable (623ms)
shsh-check	Verify theme, migrated output and browser behavior	2026-09-18T06:57:04.8669384Z   ✓   49 [chromium] › tests/metadata.spec.ts:52:1 › RSS uses all ordered articles, plain common summaries and stable document GUIDs (90ms)
shsh-check	Verify theme, migrated output and browser behavior	2026-09-18T06:57:05.0046675Z   ✓   50 [chromium] › tests/metadata.spec.ts:79:1 › taxonomy feeds contain term pages, term feeds filter posts, empty feeds have no fake dates (113ms)
shsh-check	Verify theme, migrated output and browser behavior	2026-09-18T06:57:05.1695030Z   ✓   51 [chromium] › tests/metadata.spec.ts:109:1 › canonical and discovery URLs follow the active pager and build baseURL (154ms)
shsh-check	Verify theme, migrated output and browser behavior	2026-09-18T06:57:05.2703498Z   ✓   52 [chromium] › tests/metadata.spec.ts:135:1 › description, dates and JSON-LD preserve page roles and safe text (89ms)
shsh-check	Verify theme, migrated output and browser behavior	2026-09-18T06:57:05.3910360Z   ✓   53 [chromium] › tests/metadata.spec.ts:170:1 › SNS images use cover, global assets/static/external defaults or none, never body images (110ms)
shsh-check	Verify theme, migrated output and browser behavior	2026-09-18T06:57:05.5360313Z   ✓   54 [chromium] › tests/metadata.spec.ts:193:1 › all XML parses, sitemap and robots follow production and preview (135ms)
shsh-check	Verify theme, migrated output and browser behavior	2026-09-18T06:57:08.1456043Z   ✓   55 [chromium] › tests/migration.spec.ts:36:3 › All migrated outputs: production (2.6s)
shsh-check	Verify theme, migrated output and browser behavior	2026-09-18T06:57:08.9342685Z   ✓   56 [chromium] › tests/migration.spec.ts:36:3 › All migrated outputs: preview (772ms)
shsh-check	Verify theme, migrated output and browser behavior	2026-09-18T06:57:09.7427234Z   ✓   57 [chromium] › tests/prose.spec.ts:18:1 › copy preserves code with Japanese, inline/table numbers, unknown language and no label (789ms)
shsh-check	Verify theme, migrated output and browser behavior	2026-09-18T06:57:10.1504325Z   ✓   58 [chromium] › tests/prose.spec.ts:46:1 › failed copy announces manual fallback, permits retry, and resets success after three seconds (393ms)
shsh-check	Verify theme, migrated output and browser behavior	2026-09-18T06:57:10.2652221Z   ✓   47 [chromium] › tests/media.spec.ts:151:1 › media geometry matches mock, small images stay small, both colors remain accessible (6.3s)
shsh-check	Verify theme, migrated output and browser behavior	2026-09-18T06:57:10.8607233Z   ✓   60 [chromium] › tests/prose.spec.ts:94:1 › touch reveals copy, outside tap and horizontal scroll dismiss it (568ms)
shsh-check	Verify theme, migrated output and browser behavior	2026-09-18T06:57:10.9715758Z   ✓   59 [chromium] › tests/prose.spec.ts:73:1 › keyboard reveals copy and Escape returns focus to selectable code (801ms)
shsh-check	Verify theme, migrated output and browser behavior	2026-09-18T06:57:11.7968621Z   ✘   61 [chromium] › tests/prose.spec.ts:115:1 › prose matches mock type and spacing; footnotes, headings, dates and JS-free reading work (869ms)
shsh-check	Verify theme, migrated output and browser behavior	2026-09-18T06:57:14.8080817Z   ✓   62 [chromium] › tests/prose.spec.ts:204:1 › full real article preserves mock prose layout in both palettes and widths (3.8s)
shsh-check	Verify theme, migrated output and browser behavior	2026-09-18T06:57:18.2734301Z   ✓   63 [chromium] › tests/review.spec.ts:69:3 › Representative home comparison, both widths/colors and text enlargement (5.8s)
shsh-check	Verify theme, migrated output and browser behavior	2026-09-18T06:57:19.7636563Z   ✓   64 [chromium] › tests/review.spec.ts:69:3 › Representative posts comparison, both widths/colors and text enlargement (4.9s)
shsh-check	Verify theme, migrated output and browser behavior	2026-09-18T06:57:33.6993984Z   ✓   66 [chromium] › tests/review.spec.ts:69:3 › Representative specimen comparison, both widths/colors and text enlargement (13.9s)
shsh-check	Verify theme, migrated output and browser behavior	2026-09-18T06:57:35.5395259Z   ✓   67 [chromium] › tests/sharing.spec.ts:14:1 › shared document URLs, encoded titles, service order and keyboard navigation (1.8s)
shsh-check	Verify theme, migrated output and browser behavior	2026-09-18T06:57:36.3621696Z   ✓   68 [chromium] › tests/sharing.spec.ts:59:1 › failed star download preserves reading and share links and announces failure (809ms)
shsh-check	Verify theme, migrated output and browser behavior	2026-09-18T06:57:36.7709999Z   ✓   69 [chromium] › tests/sharing.spec.ts:72:1 › preview cannot share or load stars; JS-free production retains ordinary links (396ms)
shsh-check	Verify theme, migrated output and browser behavior	2026-09-18T06:57:38.2738664Z   ✓   70 [chromium] › tests/sharing.spec.ts:103:1 › sharing retains mock geometry and icon styling at both widths and palettes (1.5s)
shsh-check	Verify theme, migrated output and browser behavior	2026-09-18T06:57:40.5430723Z   ✓   65 [chromium] › tests/review.spec.ts:69:3 › Representative article comparison, both widths/colors and text enlargement (22.2s)
shsh-check	Verify theme, migrated output and browser behavior	2026-09-18T06:57:41.6553239Z   ✓   71 [chromium] › tests/site.spec.ts:9:3 › Migrated site production: all embed positions, URLs and publication controls (3.4s)
shsh-check	Verify theme, migrated output and browser behavior	2026-09-18T06:57:42.2490446Z   ✓   73 [chromium] › tests/site.spec.ts:99:1 › real video reserves its intrinsic ratio before loading; native playback dimensions agree (570ms)
shsh-check	Verify theme, migrated output and browser behavior	2026-09-18T06:57:42.4789856Z   ✓   74 [chromium] › tests/theme.spec.ts:4:1 › saved pref-theme is applied before styles load (212ms)
shsh-check	Verify theme, migrated output and browser behavior	2026-09-18T06:57:42.9500139Z   ✓   75 [chromium] › tests/theme.spec.ts:25:1 › OS follows until a keyboard choice, persists and ignores mock query parameters (459ms)
shsh-check	Verify theme, migrated output and browser behavior	2026-09-18T06:57:43.2197967Z   ✓   76 [chromium] › tests/theme.spec.ts:53:1 › invalid and unavailable storage retain OS fallback and allow a page-local choice (256ms)
shsh-check	Verify theme, migrated output and browser behavior	2026-09-18T06:57:43.4162774Z   ✓   77 [chromium] › tests/theme.spec.ts:78:1 › invalid saved value uses OS preference (184ms)
shsh-check	Verify theme, migrated output and browser behavior	2026-09-18T06:57:43.7450209Z   ✓   78 [chromium] › tests/theme.spec.ts:85:1 › without JavaScript both OS palettes, navigation and subscription remain usable (317ms)
shsh-check	Verify theme, migrated output and browser behavior	2026-09-18T06:57:44.3338774Z   ✓   72 [chromium] › tests/site.spec.ts:9:3 › Migrated site preview: all embed positions, URLs and publication controls (3.8s)
shsh-check	Verify theme, migrated output and browser behavior	2026-09-18T06:57:45.6330795Z   ✓   80 [chromium] › tests/tooling.spec.ts:5:1 › Hugo formatting preserves inline spaces, attributes, render hooks and compiled assets (1.3s)
shsh-check	Verify theme, migrated output and browser behavior	2026-09-18T06:57:47.3256650Z   ✓   79 [chromium] › tests/theme.spec.ts:102:1 › shared shell keeps mock dimensions at desktop and mobile widths in both palettes (3.6s)
shsh-check	Verify theme, migrated output and browser behavior	2026-09-18T06:57:50.0264924Z   ✓   81 [firefox] › tests/collections.spec.ts:4:1 › home and section pagination retain newer-left/older-right and first-page introduction (3.1s)
shsh-check	Verify theme, migrated output and browser behavior	2026-09-18T06:57:51.0000221Z   ✓   83 [firefox] › tests/collections.spec.ts:91:1 › pagination and whole-card links work without JavaScript (960ms)
shsh-check	Verify theme, migrated output and browser behavior	2026-09-18T06:57:58.4173471Z   ✓   84 [firefox] › tests/full-review.spec.ts:8:3 › Full screen home (7.4s)
shsh-check	Verify theme, migrated output and browser behavior	2026-09-18T06:58:00.3530264Z   ✓   82 [firefox] › tests/collections.spec.ts:29:1 › list text, separators and pager preserve frozen mock styles in both widths and palettes (11.7s)
shsh-check	Verify theme, migrated output and browser behavior	2026-09-18T06:58:05.1308424Z   ✓   85 [firefox] › tests/full-review.spec.ts:8:3 › Full screen home-2 (6.7s)
shsh-check	Verify theme, migrated output and browser behavior	2026-09-18T06:58:07.0613036Z   ✓   86 [firefox] › tests/full-review.spec.ts:8:3 › Full screen home-3 (6.7s)
shsh-check	Verify theme, migrated output and browser behavior	2026-09-18T06:58:11.7943654Z   ✓   87 [firefox] › tests/full-review.spec.ts:8:3 › Full screen posts (6.6s)
shsh-check	Verify theme, migrated output and browser behavior	2026-09-18T06:58:13.6132935Z   ✓   88 [firefox] › tests/full-review.spec.ts:8:3 › Full screen posts-2 (6.5s)
shsh-check	Verify theme, migrated output and browser behavior	2026-09-18T06:58:20.1221388Z   ✓   90 [firefox] › tests/full-review.spec.ts:8:3 › Full screen tags (6.5s)
shsh-check	Verify theme, migrated output and browser behavior	2026-09-18T06:58:20.3144149Z   ✓   89 [firefox] › tests/full-review.spec.ts:8:3 › Full screen posts-3 (8.5s)
shsh-check	Verify theme, migrated output and browser behavior	2026-09-18T06:58:26.2428081Z   ✓   91 [firefox] › tests/full-review.spec.ts:8:3 › Full screen tags-empty (6.1s)
shsh-check	Verify theme, migrated output and browser behavior	2026-09-18T06:58:26.7943248Z   ✓   92 [firefox] › tests/full-review.spec.ts:8:3 › Full screen tag-1 (6.5s)
shsh-check	Verify theme, migrated output and browser behavior	2026-09-18T06:58:33.0859697Z   ✓   94 [firefox] › tests/full-review.spec.ts:8:3 › Full screen tag-3 (6.3s)
shsh-check	Verify theme, migrated output and browser behavior	2026-09-18T06:58:35.1878878Z   ✓   93 [firefox] › tests/full-review.spec.ts:8:3 › Full screen tag-2 (8.9s)
shsh-check	Verify theme, migrated output and browser behavior	2026-09-18T06:58:39.6249022Z   ✓   95 [firefox] › tests/full-review.spec.ts:8:3 › Full screen tag-4 (6.5s)
shsh-check	Verify theme, migrated output and browser behavior	2026-09-18T06:58:41.6365768Z   ✓   96 [firefox] › tests/full-review.spec.ts:8:3 › Full screen tag-5 (6.4s)
shsh-check	Verify theme, migrated output and browser behavior	2026-09-18T06:58:46.0235537Z   ✓   97 [firefox] › tests/full-review.spec.ts:8:3 › Full screen tag-6 (6.4s)
shsh-check	Verify theme, migrated output and browser behavior	2026-09-18T06:58:48.1828207Z   ✓   98 [firefox] › tests/full-review.spec.ts:8:3 › Full screen tag-7 (6.5s)
shsh-check	Verify theme, migrated output and browser behavior	2026-09-18T06:58:54.3534525Z   ✓  100 [firefox] › tests/full-review.spec.ts:8:3 › Full screen tag-9 (6.2s)
shsh-check	Verify theme, migrated output and browser behavior	2026-09-18T06:58:55.6049875Z   ✓   99 [firefox] › tests/full-review.spec.ts:8:3 › Full screen tag-8 (9.6s)
shsh-check	Verify theme, migrated output and browser behavior	2026-09-18T06:59:00.6665313Z   ✓  101 [firefox] › tests/full-review.spec.ts:8:3 › Full screen tag-10 (6.3s)
shsh-check	Verify theme, migrated output and browser behavior	2026-09-18T06:59:01.9002645Z   ✓  102 [firefox] › tests/full-review.spec.ts:8:3 › Full screen tag-11 (6.3s)
shsh-check	Verify theme, migrated output and browser behavior	2026-09-18T06:59:07.4665723Z   ✓  104 [firefox] › tests/full-review.spec.ts:8:3 › Full screen categories-empty (5.5s)
shsh-check	Verify theme, migrated output and browser behavior	2026-09-18T06:59:09.5842801Z   ✓  103 [firefox] › tests/full-review.spec.ts:8:3 › Full screen categories (8.9s)
shsh-check	Verify theme, migrated output and browser behavior	2026-09-18T06:59:14.2112291Z   ✓  105 [firefox] › tests/full-review.spec.ts:8:3 › Full screen category-1 (6.7s)
shsh-check	Verify theme, migrated output and browser behavior	2026-09-18T06:59:16.0480036Z   ✓  106 [firefox] › tests/full-review.spec.ts:8:3 › Full screen category-2 (6.5s)
shsh-check	Verify theme, migrated output and browser behavior	2026-09-18T06:59:20.5780461Z   ✓  107 [firefox] › tests/full-review.spec.ts:8:3 › Full screen category-2-2 (6.4s)
shsh-check	Verify theme, migrated output and browser behavior	2026-09-18T06:59:22.7855030Z   ✓  108 [firefox] › tests/full-review.spec.ts:8:3 › Full screen tag-pagination (6.7s)
shsh-check	Verify theme, migrated output and browser behavior	2026-09-18T06:59:29.3785415Z   ✓  110 [firefox] › tests/full-review.spec.ts:8:3 › Full screen tag-pagination-3 (6.6s)
shsh-check	Verify theme, migrated output and browser behavior	2026-09-18T06:59:29.5409550Z   ✓  109 [firefox] › tests/full-review.spec.ts:8:3 › Full screen tag-pagination-2 (8.9s)
shsh-check	Verify theme, migrated output and browser behavior	2026-09-18T06:59:36.0232958Z   ✓  112 [firefox] › tests/full-review.spec.ts:8:3 › Full screen category-pagination-2 (6.5s)
shsh-check	Verify theme, migrated output and browser behavior	2026-09-18T06:59:36.0480557Z   ✓  111 [firefox] › tests/full-review.spec.ts:8:3 › Full screen category-pagination (6.7s)
shsh-check	Verify theme, migrated output and browser behavior	2026-09-18T06:59:42.6716702Z   ✓  113 [firefox] › tests/full-review.spec.ts:8:3 › Full screen category-pagination-3 (6.6s)
shsh-check	Verify theme, migrated output and browser behavior	2026-09-18T06:59:52.3580332Z   ✓  115 [firefox] › tests/full-review.spec.ts:8:3 › Full screen article-hugo (9.7s)
shsh-check	Verify theme, migrated output and browser behavior	2026-09-18T06:59:56.4909678Z   ✓  114 [firefox] › tests/full-review.spec.ts:8:3 › Full screen article (20.4s)
shsh-check	Verify theme, migrated output and browser behavior	2026-09-18T06:59:58.9664453Z   ✓  116 [firefox] › tests/full-review.spec.ts:8:3 › Full screen article-diary (6.6s)
shsh-check	Verify theme, migrated output and browser behavior	2026-09-18T07:00:03.3757138Z   ✓  117 [firefox] › tests/full-review.spec.ts:8:3 › Full screen article-bgm (6.9s)
shsh-check	Verify theme, migrated output and browser behavior	2026-09-18T07:00:09.8863191Z   ✓  118 [firefox] › tests/full-review.spec.ts:8:3 › Full screen article-pasmo (10.9s)
shsh-check	Verify theme, migrated output and browser behavior	2026-09-18T07:00:15.1263061Z   ✓  119 [firefox] › tests/full-review.spec.ts:8:3 › Full screen about (11.7s)
shsh-check	Verify theme, migrated output and browser behavior	2026-09-18T07:00:16.3649667Z   ✓  120 [firefox] › tests/full-review.spec.ts:8:3 › Full screen archives (6.5s)
shsh-check	Verify theme, migrated output and browser behavior	2026-09-18T07:00:21.2479711Z   ✓  121 [firefox] › tests/full-review.spec.ts:8:3 › Full screen 404 (6.1s)
shsh-check	Verify theme, migrated output and browser behavior	2026-09-18T07:00:22.4590153Z   ✓  122 [firefox] › tests/full-review.spec.ts:8:3 › Full screen empty (6.1s)
shsh-check	Verify theme, migrated output and browser behavior	2026-09-18T07:00:28.9943456Z   ✓  123 [firefox] › tests/full-review.spec.ts:8:3 › Full screen single-item (7.7s)
shsh-check	Verify theme, migrated output and browser behavior	2026-09-18T07:00:30.3808903Z   ✓  124 [firefox] › tests/full-review.spec.ts:136:1 › discovery semantics, keyboard, fixed pages and JavaScript-disabled navigation (7.9s)
shsh-check	Verify theme, migrated output and browser behavior	2026-09-18T07:00:32.0106854Z   ✓  125 [firefox] › tests/media.spec.ts:10:1 › responsive candidates, originals, dimensions, loading and figure semantics (3.0s)
shsh-check	Verify theme, migrated output and browser behavior	2026-09-18T07:00:33.0390681Z   ✓  126 [firefox] › tests/media.spec.ts:88:1 › WebP preserves PNG pixels and transparency at each generated width (2.6s)
shsh-check	Verify theme, migrated output and browser behavior	2026-09-18T07:00:36.5949109Z   ✓  128 [firefox] › tests/media.spec.ts:193:1 › DPR chooses fitting candidates and JavaScript-free media remain usable (3.5s)
shsh-check	Verify theme, migrated output and browser behavior	2026-09-18T07:00:36.9745605Z   ✓  129 [firefox] › tests/metadata.spec.ts:52:1 › RSS uses all ordered articles, plain common summaries and stable document GUIDs (361ms)
shsh-check	Verify theme, migrated output and browser behavior	2026-09-18T07:00:37.2954703Z   ✓  130 [firefox] › tests/metadata.spec.ts:79:1 › taxonomy feeds contain term pages, term feeds filter posts, empty feeds have no fake dates (304ms)
shsh-check	Verify theme, migrated output and browser behavior	2026-09-18T07:00:37.7283928Z   ✓  131 [firefox] › tests/metadata.spec.ts:109:1 › canonical and discovery URLs follow the active pager and build baseURL (419ms)
shsh-check	Verify theme, migrated output and browser behavior	2026-09-18T07:00:38.0740488Z   ✓  132 [firefox] › tests/metadata.spec.ts:135:1 › description, dates and JSON-LD preserve page roles and safe text (327ms)
shsh-check	Verify theme, migrated output and browser behavior	2026-09-18T07:00:38.4193913Z   ✓  133 [firefox] › tests/metadata.spec.ts:170:1 › SNS images use cover, global assets/static/external defaults or none, never body images (330ms)
shsh-check	Verify theme, migrated output and browser behavior	2026-09-18T07:00:38.8765515Z   ✓  134 [firefox] › tests/metadata.spec.ts:193:1 › all XML parses, sitemap and robots follow production and preview (445ms)
shsh-check	Verify theme, migrated output and browser behavior	2026-09-18T07:00:39.4696787Z   ✓  127 [firefox] › tests/media.spec.ts:151:1 › media geometry matches mock, small images stay small, both colors remain accessible (7.4s)
shsh-check	Verify theme, migrated output and browser behavior	2026-09-18T07:00:40.4219912Z   ✓  136 [firefox] › tests/migration.spec.ts:36:3 › All migrated outputs: preview (920ms)
shsh-check	Verify theme, migrated output and browser behavior	2026-09-18T07:00:41.5976015Z   ✓  137 [firefox] › tests/prose.spec.ts:18:1 › copy preserves code with Japanese, inline/table numbers, unknown language and no label (1.2s)
shsh-check	Verify theme, migrated output and browser behavior	2026-09-18T07:00:41.8825312Z   ✓  135 [firefox] › tests/migration.spec.ts:36:3 › All migrated outputs: production (3.0s)
shsh-check	Verify theme, migrated output and browser behavior	2026-09-18T07:00:42.4322321Z   ✓  138 [firefox] › tests/prose.spec.ts:46:1 › failed copy announces manual fallback, permits retry, and resets success after three seconds (818ms)
shsh-check	Verify theme, migrated output and browser behavior	2026-09-18T07:00:43.3830189Z   ✓  139 [firefox] › tests/prose.spec.ts:73:1 › keyboard reveals copy and Escape returns focus to selectable code (1.5s)
shsh-check	Verify theme, migrated output and browser behavior	2026-09-18T07:00:43.5508877Z   ✓  140 [firefox] › tests/prose.spec.ts:94:1 › touch reveals copy, outside tap and horizontal scroll dismiss it (1.1s)
shsh-check	Verify theme, migrated output and browser behavior	2026-09-18T07:00:47.2776031Z   ✓  142 [firefox] › tests/prose.spec.ts:204:1 › full real article preserves mock prose layout in both palettes and widths (3.7s)
shsh-check	Verify theme, migrated output and browser behavior	2026-09-18T07:00:54.8120661Z   ✓  143 [firefox] › tests/review.spec.ts:69:3 › Representative home comparison, both widths/colors and text enlargement (7.5s)
shsh-check	Verify theme, migrated output and browser behavior	2026-09-18T07:00:57.9609227Z   ✓  141 [firefox] › tests/prose.spec.ts:115:1 › prose matches mock type and spacing; footnotes, headings, dates and JS-free reading work (14.6s)
shsh-check	Verify theme, migrated output and browser behavior	2026-09-18T07:01:03.8304410Z   ✓  144 [firefox] › tests/review.spec.ts:69:3 › Representative posts comparison, both widths/colors and text enlargement (9.0s)
shsh-check	Verify theme, migrated output and browser behavior	2026-09-18T07:01:17.6700373Z   ✓  145 [firefox] › tests/review.spec.ts:69:3 › Representative article comparison, both widths/colors and text enlargement (19.7s)
shsh-check	Verify theme, migrated output and browser behavior	2026-09-18T07:01:18.3154098Z   ✓  146 [firefox] › tests/review.spec.ts:69:3 › Representative specimen comparison, both widths/colors and text enlargement (14.5s)
shsh-check	Verify theme, migrated output and browser behavior	2026-09-18T07:01:19.7516819Z   ✓  148 [firefox] › tests/sharing.spec.ts:59:1 › failed star download preserves reading and share links and announces failure (1.4s)
shsh-check	Verify theme, migrated output and browser behavior	2026-09-18T07:01:20.8472218Z   ✓  149 [firefox] › tests/sharing.spec.ts:72:1 › preview cannot share or load stars; JS-free production retains ordinary links (1.1s)
shsh-check	Verify theme, migrated output and browser behavior	2026-09-18T07:01:21.0126976Z   ✓  147 [firefox] › tests/sharing.spec.ts:14:1 › shared document URLs, encoded titles, service order and keyboard navigation (3.3s)
shsh-check	Verify theme, migrated output and browser behavior	2026-09-18T07:01:23.7405246Z   ✓  150 [firefox] › tests/sharing.spec.ts:103:1 › sharing retains mock geometry and icon styling at both widths and palettes (2.9s)
shsh-check	Verify theme, migrated output and browser behavior	2026-09-18T07:01:27.4385310Z   ✓  151 [firefox] › tests/site.spec.ts:9:3 › Migrated site production: all embed positions, URLs and publication controls (6.4s)
shsh-check	Verify theme, migrated output and browser behavior	2026-09-18T07:01:28.5850076Z   ✓  153 [firefox] › tests/site.spec.ts:99:1 › real video reserves its intrinsic ratio before loading; native playback dimensions agree (1.1s)
shsh-check	Verify theme, migrated output and browser behavior	2026-09-18T07:01:29.1885458Z   ✓  154 [firefox] › tests/theme.spec.ts:4:1 › saved pref-theme is applied before styles load (581ms)
shsh-check	Verify theme, migrated output and browser behavior	2026-09-18T07:01:29.7367576Z   ✓  152 [firefox] › tests/site.spec.ts:9:3 › Migrated site preview: all embed positions, URLs and publication controls (6.0s)
shsh-check	Verify theme, migrated output and browser behavior	2026-09-18T07:01:30.1391212Z   ✓  155 [firefox] › tests/theme.spec.ts:25:1 › OS follows until a keyboard choice, persists and ignores mock query parameters (932ms)
shsh-check	Verify theme, migrated output and browser behavior	2026-09-18T07:01:30.4199091Z   ✓  156 [firefox] › tests/theme.spec.ts:53:1 › invalid and unavailable storage retain OS fallback and allow a page-local choice (663ms)
shsh-check	Verify theme, migrated output and browser behavior	2026-09-18T07:01:30.6009063Z   ✓  157 [firefox] › tests/theme.spec.ts:78:1 › invalid saved value uses OS preference (442ms)
shsh-check	Verify theme, migrated output and browser behavior	2026-09-18T07:01:33.0112047Z   ✓  158 [firefox] › tests/theme.spec.ts:85:1 › without JavaScript both OS palettes, navigation and subscription remain usable (2.6s)
shsh-check	Verify theme, migrated output and browser behavior	2026-09-18T07:01:35.3709331Z   ✓  160 [firefox] › tests/tooling.spec.ts:5:1 › Hugo formatting preserves inline spaces, attributes, render hooks and compiled assets (2.3s)
shsh-check	Verify theme, migrated output and browser behavior	2026-09-18T07:01:36.7580301Z   ✓  159 [firefox] › tests/theme.spec.ts:102:1 › shared shell keeps mock dimensions at desktop and mobile widths in both palettes (6.1s)
shsh-check	Verify theme, migrated output and browser behavior	2026-09-18T07:01:43.0389527Z   ✓  161 [webkit] › tests/collections.spec.ts:4:1 › home and section pagination retain newer-left/older-right and first-page introduction (5.9s)
shsh-check	Verify theme, migrated output and browser behavior	2026-09-18T07:01:43.9922966Z   ✓  163 [webkit] › tests/collections.spec.ts:91:1 › pagination and whole-card links work without JavaScript (938ms)
shsh-check	Verify theme, migrated output and browser behavior	2026-09-18T07:01:50.3349322Z   ✓  162 [webkit] › tests/collections.spec.ts:29:1 › list text, separators and pager preserve frozen mock styles in both widths and palettes (12.5s)
shsh-check	Verify theme, migrated output and browser behavior	2026-09-18T07:01:51.6518739Z   ✓  164 [webkit] › tests/full-review.spec.ts:8:3 › Full screen home (7.6s)
shsh-check	Verify theme, migrated output and browser behavior	2026-09-18T07:01:57.3378498Z   ✓  165 [webkit] › tests/full-review.spec.ts:8:3 › Full screen home-2 (7.0s)
shsh-check	Verify theme, migrated output and browser behavior	2026-09-18T07:01:58.3033136Z   ✓  166 [webkit] › tests/full-review.spec.ts:8:3 › Full screen home-3 (6.6s)
shsh-check	Verify theme, migrated output and browser behavior	2026-09-18T07:02:04.4146096Z   ✓  167 [webkit] › tests/full-review.spec.ts:8:3 › Full screen posts (7.1s)
shsh-check	Verify theme, migrated output and browser behavior	2026-09-18T07:02:04.8509743Z   ✓  168 [webkit] › tests/full-review.spec.ts:8:3 › Full screen posts-2 (6.5s)
shsh-check	Verify theme, migrated output and browser behavior	2026-09-18T07:02:10.9380957Z   ✓  169 [webkit] › tests/full-review.spec.ts:8:3 › Full screen posts-3 (6.5s)
shsh-check	Verify theme, migrated output and browser behavior	2026-09-18T07:02:11.3181761Z   ✓  170 [webkit] › tests/full-review.spec.ts:8:3 › Full screen tags (6.4s)
shsh-check	Verify theme, migrated output and browser behavior	2026-09-18T07:02:16.8902004Z   ✓  171 [webkit] › tests/full-review.spec.ts:8:3 › Full screen tags-empty (5.9s)
shsh-check	Verify theme, migrated output and browser behavior	2026-09-18T07:02:18.0296995Z   ✓  172 [webkit] › tests/full-review.spec.ts:8:3 › Full screen tag-1 (6.7s)
shsh-check	Verify theme, migrated output and browser behavior	2026-09-18T07:02:23.2897442Z   ✓  173 [webkit] › tests/full-review.spec.ts:8:3 › Full screen tag-2 (6.4s)
shsh-check	Verify theme, migrated output and browser behavior	2026-09-18T07:02:24.5374876Z   ✓  174 [webkit] › tests/full-review.spec.ts:8:3 › Full screen tag-3 (6.5s)
shsh-check	Verify theme, migrated output and browser behavior	2026-09-18T07:02:30.1560269Z   ✓  175 [webkit] › tests/full-review.spec.ts:8:3 › Full screen tag-4 (6.8s)
shsh-check	Verify theme, migrated output and browser behavior	2026-09-18T07:02:31.2758519Z   ✓  176 [webkit] › tests/full-review.spec.ts:8:3 › Full screen tag-5 (6.7s)
shsh-check	Verify theme, migrated output and browser behavior	2026-09-18T07:02:36.8302688Z   ✓  177 [webkit] › tests/full-review.spec.ts:8:3 › Full screen tag-6 (6.7s)
shsh-check	Verify theme, migrated output and browser behavior	2026-09-18T07:02:37.9834479Z   ✓  178 [webkit] › tests/full-review.spec.ts:8:3 › Full screen tag-7 (6.7s)
shsh-check	Verify theme, migrated output and browser behavior	2026-09-18T07:02:43.4662470Z   ✓  179 [webkit] › tests/full-review.spec.ts:8:3 › Full screen tag-8 (6.6s)
shsh-check	Verify theme, migrated output and browser behavior	2026-09-18T07:02:44.3968167Z   ✓  180 [webkit] › tests/full-review.spec.ts:8:3 › Full screen tag-9 (6.4s)
shsh-check	Verify theme, migrated output and browser behavior	2026-09-18T07:02:50.1629551Z   ✓  181 [webkit] › tests/full-review.spec.ts:8:3 › Full screen tag-10 (6.7s)
shsh-check	Verify theme, migrated output and browser behavior	2026-09-18T07:02:51.1119532Z   ✓  182 [webkit] › tests/full-review.spec.ts:8:3 › Full screen tag-11 (6.7s)
shsh-check	Verify theme, migrated output and browser behavior	2026-09-18T07:02:56.2056933Z   ✓  183 [webkit] › tests/full-review.spec.ts:8:3 › Full screen categories (6.0s)
shsh-check	Verify theme, migrated output and browser behavior	2026-09-18T07:02:56.8382892Z   ✓  184 [webkit] › tests/full-review.spec.ts:8:3 › Full screen categories-empty (5.7s)
shsh-check	Verify theme, migrated output and browser behavior	2026-09-18T07:03:03.0214920Z   ✓  185 [webkit] › tests/full-review.spec.ts:8:3 › Full screen category-1 (6.8s)
shsh-check	Verify theme, migrated output and browser behavior	2026-09-18T07:03:03.6129800Z   ✓  186 [webkit] › tests/full-review.spec.ts:8:3 › Full screen category-2 (6.8s)
shsh-check	Verify theme, migrated output and browser behavior	2026-09-18T07:03:09.6102512Z   ✓  187 [webkit] › tests/full-review.spec.ts:8:3 › Full screen category-2-2 (6.6s)
shsh-check	Verify theme, migrated output and browser behavior	2026-09-18T07:03:10.3984456Z   ✓  188 [webkit] › tests/full-review.spec.ts:8:3 › Full screen tag-pagination (6.8s)
shsh-check	Verify theme, migrated output and browser behavior	2026-09-18T07:03:16.4219574Z   ✓  189 [webkit] › tests/full-review.spec.ts:8:3 › Full screen tag-pagination-2 (6.8s)
shsh-check	Verify theme, migrated output and browser behavior	2026-09-18T07:03:16.7502055Z   ✓  190 [webkit] › tests/full-review.spec.ts:8:3 › Full screen tag-pagination-3 (6.3s)
shsh-check	Verify theme, migrated output and browser behavior	2026-09-18T07:03:23.5804718Z   ✓  191 [webkit] › tests/full-review.spec.ts:8:3 › Full screen category-pagination (7.1s)
shsh-check	Verify theme, migrated output and browser behavior	2026-09-18T07:03:23.8814156Z   ✓  192 [webkit] › tests/full-review.spec.ts:8:3 › Full screen category-pagination-2 (7.1s)
shsh-check	Verify theme, migrated output and browser behavior	2026-09-18T07:03:30.0510875Z   ✓  193 [webkit] › tests/full-review.spec.ts:8:3 › Full screen category-pagination-3 (6.5s)
shsh-check	Verify theme, migrated output and browser behavior	2026-09-18T07:03:40.0612891Z   ✓  195 [webkit] › tests/full-review.spec.ts:8:3 › Full screen article-hugo (10.0s)
shsh-check	Verify theme, migrated output and browser behavior	2026-09-18T07:03:43.3023185Z   ✓  194 [webkit] › tests/full-review.spec.ts:8:3 › Full screen article (19.4s)
shsh-check	Verify theme, migrated output and browser behavior	2026-09-18T07:03:46.6011956Z   ✓  196 [webkit] › tests/full-review.spec.ts:8:3 › Full screen article-diary (6.5s)
shsh-check	Verify theme, migrated output and browser behavior	2026-09-18T07:03:49.7901455Z   ✓  197 [webkit] › tests/full-review.spec.ts:8:3 › Full screen article-bgm (6.5s)
shsh-check	Verify theme, migrated output and browser behavior	2026-09-18T07:03:53.5320534Z   ✓  198 [webkit] › tests/full-review.spec.ts:8:3 › Full screen article-pasmo (6.9s)
shsh-check	Verify theme, migrated output and browser behavior	2026-09-18T07:04:00.2093441Z   ✓  200 [webkit] › tests/full-review.spec.ts:8:3 › Full screen archives (6.7s)
shsh-check	Verify theme, migrated output and browser behavior	2026-09-18T07:04:01.4569965Z   ✓  199 [webkit] › tests/full-review.spec.ts:8:3 › Full screen about (11.7s)
shsh-check	Verify theme, migrated output and browser behavior	2026-09-18T07:04:06.1910127Z   ✓  201 [webkit] › tests/full-review.spec.ts:8:3 › Full screen 404 (6.0s)
shsh-check	Verify theme, migrated output and browser behavior	2026-09-18T07:04:07.1432686Z   ✓  202 [webkit] › tests/full-review.spec.ts:8:3 › Full screen empty (5.7s)
shsh-check	Verify theme, migrated output and browser behavior	2026-09-18T07:04:12.3763543Z   ✓  203 [webkit] › tests/full-review.spec.ts:8:3 › Full screen single-item (6.2s)
shsh-check	Verify theme, migrated output and browser behavior	2026-09-18T07:04:14.5901748Z   ✓  205 [webkit] › tests/media.spec.ts:10:1 › responsive candidates, originals, dimensions, loading and figure semantics (2.2s)
shsh-check	Verify theme, migrated output and browser behavior	2026-09-18T07:04:15.6830212Z   ✓  204 [webkit] › tests/full-review.spec.ts:136:1 › discovery semantics, keyboard, fixed pages and JavaScript-disabled navigation (8.5s)
shsh-check	Verify theme, migrated output and browser behavior	2026-09-18T07:04:18.6148515Z   ✓  206 [webkit] › tests/media.spec.ts:88:1 › WebP preserves PNG pixels and transparency at each generated width (4.0s)
shsh-check	Verify theme, migrated output and browser behavior	2026-09-18T07:04:20.9334633Z   ✓  208 [webkit] › tests/media.spec.ts:193:1 › DPR chooses fitting candidates and JavaScript-free media remain usable (2.3s)
shsh-check	Verify theme, migrated output and browser behavior	2026-09-18T07:04:21.3300119Z   ✓  209 [webkit] › tests/metadata.spec.ts:52:1 › RSS uses all ordered articles, plain common summaries and stable document GUIDs (374ms)
shsh-check	Verify theme, migrated output and browser behavior	2026-09-18T07:04:21.6639777Z   ✓  210 [webkit] › tests/metadata.spec.ts:79:1 › taxonomy feeds contain term pages, term feeds filter posts, empty feeds have no fake dates (319ms)
shsh-check	Verify theme, migrated output and browser behavior	2026-09-18T07:04:22.2600180Z   ✓  211 [webkit] › tests/metadata.spec.ts:109:1 › canonical and discovery URLs follow the active pager and build baseURL (576ms)
shsh-check	Verify theme, migrated output and browser behavior	2026-09-18T07:04:22.6681473Z   ✓  212 [webkit] › tests/metadata.spec.ts:135:1 › description, dates and JSON-LD preserve page roles and safe text (391ms)
shsh-check	Verify theme, migrated output and browser behavior	2026-09-18T07:04:23.1420186Z   ✓  213 [webkit] › tests/metadata.spec.ts:170:1 › SNS images use cover, global assets/static/external defaults or none, never body images (460ms)
shsh-check	Verify theme, migrated output and browser behavior	2026-09-18T07:04:23.6421663Z   ✓  214 [webkit] › tests/metadata.spec.ts:193:1 › all XML parses, sitemap and robots follow production and preview (485ms)
shsh-check	Verify theme, migrated output and browser behavior	2026-09-18T07:04:24.5872465Z   ✓  207 [webkit] › tests/media.spec.ts:151:1 › media geometry matches mock, small images stay small, both colors remain accessible (8.9s)
shsh-check	Verify theme, migrated output and browser behavior	2026-09-18T07:04:25.4363749Z   ✓  216 [webkit] › tests/migration.spec.ts:36:3 › All migrated outputs: preview (812ms)
shsh-check	Verify theme, migrated output and browser behavior	2026-09-18T07:04:26.7053815Z   ✓  215 [webkit] › tests/migration.spec.ts:36:3 › All migrated outputs: production (3.0s)
shsh-check	Verify theme, migrated output and browser behavior	2026-09-18T07:04:27.5165285Z   ✓  217 [webkit] › tests/prose.spec.ts:18:1 › copy preserves code with Japanese, inline/table numbers, unknown language and no label (2.1s)
shsh-check	Verify theme, migrated output and browser behavior	2026-09-18T07:04:27.8702574Z   ✓  218 [webkit] › tests/prose.spec.ts:46:1 › failed copy announces manual fallback, permits retry, and resets success after three seconds (1.1s)
shsh-check	Verify theme, migrated output and browser behavior	2026-09-18T07:04:29.2253391Z   ✓  219 [webkit] › tests/prose.spec.ts:73:1 › keyboard reveals copy and Escape returns focus to selectable code (1.7s)
shsh-check	Verify theme, migrated output and browser behavior	2026-09-18T07:04:29.3219974Z   ✓  220 [webkit] › tests/prose.spec.ts:94:1 › touch reveals copy, outside tap and horizontal scroll dismiss it (1.4s)
shsh-check	Verify theme, migrated output and browser behavior	2026-09-18T07:04:32.8283423Z   ✓  222 [webkit] › tests/prose.spec.ts:204:1 › full real article preserves mock prose layout in both palettes and widths (3.5s)
shsh-check	Verify theme, migrated output and browser behavior	2026-09-18T07:04:39.9189568Z   ✓  223 [webkit] › tests/review.spec.ts:69:3 › Representative home comparison, both widths/colors and text enlargement (7.1s)
shsh-check	Verify theme, migrated output and browser behavior	2026-09-18T07:04:40.3654550Z   ✓  221 [webkit] › tests/prose.spec.ts:115:1 › prose matches mock type and spacing; footnotes, headings, dates and JS-free reading work (11.1s)
shsh-check	Verify theme, migrated output and browser behavior	2026-09-18T07:04:46.9065469Z   ✓  224 [webkit] › tests/review.spec.ts:69:3 › Representative posts comparison, both widths/colors and text enlargement (7.0s)
shsh-check	Verify theme, migrated output and browser behavior	2026-09-18T07:04:59.2925002Z   ✓  225 [webkit] › tests/review.spec.ts:69:3 › Representative article comparison, both widths/colors and text enlargement (18.9s)
shsh-check	Verify theme, migrated output and browser behavior	2026-09-18T07:05:00.9230214Z   ✓  226 [webkit] › tests/review.spec.ts:69:3 › Representative specimen comparison, both widths/colors and text enlargement (14.0s)
shsh-check	Verify theme, migrated output and browser behavior	2026-09-18T07:05:02.1210303Z   ✓  227 [webkit] › tests/sharing.spec.ts:14:1 › shared document URLs, encoded titles, service order and keyboard navigation (2.8s)
shsh-check	Verify theme, migrated output and browser behavior	2026-09-18T07:05:02.3357545Z   ✓  228 [webkit] › tests/sharing.spec.ts:59:1 › failed star download preserves reading and share links and announces failure (1.4s)
shsh-check	Verify theme, migrated output and browser behavior	2026-09-18T07:05:03.4320784Z   ✓  229 [webkit] › tests/sharing.spec.ts:72:1 › preview cannot share or load stars; JS-free production retains ordinary links (1.3s)
shsh-check	Verify theme, migrated output and browser behavior	2026-09-18T07:05:05.6355144Z   ✓  230 [webkit] › tests/sharing.spec.ts:103:1 › sharing retains mock geometry and icon styling at both widths and palettes (3.3s)
shsh-check	Verify theme, migrated output and browser behavior	2026-09-18T07:05:09.9335467Z   ✓  231 [webkit] › tests/site.spec.ts:9:3 › Migrated site production: all embed positions, URLs and publication controls (6.5s)
shsh-check	Verify theme, migrated output and browser behavior	2026-09-18T07:05:11.3286772Z   ✓  233 [webkit] › tests/site.spec.ts:99:1 › real video reserves its intrinsic ratio before loading; native playback dimensions agree (1.4s)
shsh-check	Verify theme, migrated output and browser behavior	2026-09-18T07:05:11.9255211Z   ✓  234 [webkit] › tests/theme.spec.ts:4:1 › saved pref-theme is applied before styles load (578ms)
shsh-check	Verify theme, migrated output and browser behavior	2026-09-18T07:05:11.9561291Z   ✓  232 [webkit] › tests/site.spec.ts:9:3 › Migrated site preview: all embed positions, URLs and publication controls (6.3s)
shsh-check	Verify theme, migrated output and browser behavior	2026-09-18T07:05:12.7662696Z   ✓  236 [webkit] › tests/theme.spec.ts:53:1 › invalid and unavailable storage retain OS fallback and allow a page-local choice (789ms)
shsh-check	Verify theme, migrated output and browser behavior	2026-09-18T07:05:12.9652624Z   ✓  235 [webkit] › tests/theme.spec.ts:25:1 › OS follows until a keyboard choice, persists and ignores mock query parameters (1.0s)
shsh-check	Verify theme, migrated output and browser behavior	2026-09-18T07:05:13.3195522Z   ✓  237 [webkit] › tests/theme.spec.ts:78:1 › invalid saved value uses OS preference (543ms)
shsh-check	Verify theme, migrated output and browser behavior	2026-09-18T07:05:13.8940718Z   ✓  238 [webkit] › tests/theme.spec.ts:85:1 › without JavaScript both OS palettes, navigation and subscription remain usable (911ms)
shsh-check	Verify theme, migrated output and browser behavior	2026-09-18T07:05:16.0930654Z   ✓  240 [webkit] › tests/tooling.spec.ts:5:1 › Hugo formatting preserves inline spaces, attributes, render hooks and compiled assets (2.2s)
shsh-check	Verify theme, migrated output and browser behavior	2026-09-18T07:05:18.0939068Z   ✓  239 [webkit] › tests/theme.spec.ts:102:1 › shared shell keeps mock dimensions at desktop and mobile widths in both palettes (4.8s)
shsh-check	Verify theme, migrated output and browser behavior	2026-09-18T07:05:18.2419155Z
shsh-check	Verify theme, migrated output and browser behavior	2026-09-18T07:05:18.2424534Z
shsh-check	Verify theme, migrated output and browser behavior	2026-09-18T07:05:18.2435547Z   1) [chromium] › tests/prose.spec.ts:115:1 › prose matches mock type and spacing; footnotes, headings, dates and JS-free reading work
shsh-check	Verify theme, migrated output and browser behavior	2026-09-18T07:05:18.2436573Z
shsh-check	Verify theme, migrated output and browser behavior	2026-09-18T07:05:18.2437124Z     Error: expect(received).toBe(expected) // Object.is equality
shsh-check	Verify theme, migrated output and browser behavior	2026-09-18T07:05:18.2437679Z
shsh-check	Verify theme, migrated output and browser behavior	2026-09-18T07:05:18.2438006Z     Expected: 1280
shsh-check	Verify theme, migrated output and browser behavior	2026-09-18T07:05:18.2438347Z     Received: 1265
shsh-check	Verify theme, migrated output and browser behavior	2026-09-18T07:05:18.2438536Z
shsh-check	Verify theme, migrated output and browser behavior	2026-09-18T07:05:18.2438771Z       162 |       for (const selector of selectors)
shsh-check	Verify theme, migrated output and browser behavior	2026-09-18T07:05:18.2439596Z       163 |         expect(await styles(page, selector), selector).toEqual(await styles(mock, selector));
shsh-check	Verify theme, migrated output and browser behavior	2026-09-18T07:05:18.2440300Z     > 164 |       expect(await page.evaluate(() => document.documentElement.scrollWidth)).toBe(width);
shsh-check	Verify theme, migrated output and browser behavior	2026-09-18T07:05:18.2440887Z           |                                                                               ^
shsh-check	Verify theme, migrated output and browser behavior	2026-09-18T07:05:18.2441253Z       165 |       if (width === 400)
shsh-check	Verify theme, migrated output and browser behavior	2026-09-18T07:05:18.2441529Z       166 |         expect(
shsh-check	Verify theme, migrated output and browser behavior	2026-09-18T07:05:18.2441791Z       167 |           await page
shsh-check	Verify theme, migrated output and browser behavior	2026-09-18T07:05:18.2442247Z         at /home/runner/work/shimoju.jp/shimoju.jp/themes/shsh/tests/prose.spec.ts:164:79
shsh-check	Verify theme, migrated output and browser behavior	2026-09-18T07:05:18.2442599Z
shsh-check	Verify theme, migrated output and browser behavior	2026-09-18T07:05:18.2443082Z     Error Context: test-results/prose-prose-matches-mock-t-9fdd8-es-and-JS-free-reading-work-chromium/error-context.md
shsh-check	Verify theme, migrated output and browser behavior	2026-09-18T07:05:18.2443590Z
shsh-check	Verify theme, migrated output and browser behavior	2026-09-18T07:05:18.2444104Z     attachment #2: trace (application/zip) ─────────────────────────────────────────────────────────
shsh-check	Verify theme, migrated output and browser behavior	2026-09-18T07:05:18.2444866Z     test-results/prose-prose-matches-mock-t-9fdd8-es-and-JS-free-reading-work-chromium/trace.zip
shsh-check	Verify theme, migrated output and browser behavior	2026-09-18T07:05:18.2445389Z     Usage:
shsh-check	Verify theme, migrated output and browser behavior	2026-09-18T07:05:18.2445507Z
shsh-check	Verify theme, migrated output and browser behavior	2026-09-18T07:05:18.2446036Z         pnpm exec playwright show-trace test-results/prose-prose-matches-mock-t-9fdd8-es-and-JS-free-reading-work-chromium/trace.zip
shsh-check	Verify theme, migrated output and browser behavior	2026-09-18T07:05:18.2446895Z
shsh-check	Verify theme, migrated output and browser behavior	2026-09-18T07:05:18.2447272Z     ────────────────────────────────────────────────────────────────────────────────────────────────
shsh-check	Verify theme, migrated output and browser behavior	2026-09-18T07:05:18.2447567Z
shsh-check	Verify theme, migrated output and browser behavior	2026-09-18T07:05:18.2447654Z   1 failed
shsh-check	Verify theme, migrated output and browser behavior	2026-09-18T07:05:18.2448580Z     [chromium] › tests/prose.spec.ts:115:1 › prose matches mock type and spacing; footnotes, headings, dates and JS-free reading work
shsh-check	Verify theme, migrated output and browser behavior	2026-09-18T07:05:18.2449156Z   239 passed (10.2m)
shsh-check	Verify theme, migrated output and browser behavior	2026-09-18T07:05:19.2090247Z [ELIFECYCLE] Test failed. See above for more details.
shsh-check	Verify theme, migrated output and browser behavior	2026-09-18T07:05:19.2100797Z [ELIFECYCLE] Command failed with exit code 1.
shsh-check	Verify theme, migrated output and browser behavior	2026-09-18T07:05:19.2151987Z ##[error]Process completed with exit code 1.
