$ pnpm format:check && pnpm lint && pnpm lint:css && pnpm check:progress && pnpm check:tooling && pnpm build:fixtures && pnpm check:theme && pnpm check:collections && pnpm check:prose && pnpm check:media && pnpm check:sharing && pnpm check:metadata && pnpm build:review && pnpm build:full-review && pnpm build:site-fixture && pnpm check:site-inputs && pnpm check:site-output && pnpm test
$ node scripts/format.mjs
Checking formatting...

All matched files use the correct format.
Finished in 328ms on 176 files using 10 threads.
Go templates: 58 checked, 0 differ.
$ oxlint --type-aware --type-check --deny-warnings scripts tests assets playwright.config.ts
$ stylelint "assets/css/**/*.css" "tests/fixtures/**/*.css" --allow-empty-input
$ node scripts/verify-progress.mjs
Progress valid: 33 tasks; requirements Q1–Q34; discipline Q1–Q9; references and DAG checked. Human evidence still requires review.
$ node --experimental-strip-types scripts/verify-tooling.ts
Toolchain probes passed. Hugo/formatter output is ready for three-engine browser comparison.
{ hugo_before_ms: 163, template_format_ms: 37, hugo_after_ms: 33 }
$ node scripts/build-fixtures.ts
Start building sites …
hugo v0.166.0+extended+withdeploy darwin/arm64 BuildDate=2026-09-09T14:45:02Z VendorInfo=Homebrew


                  │ JA
──────────────────┼────
 Pages            │ 16
 Paginator pages  │  4
 Non-page files   │  0
 Static files     │  0
 Processed images │  0
 Aliases          │  2
 Cleaned          │  0

Total in 37 ms
Start building sites …
hugo v0.166.0+extended+withdeploy darwin/arm64 BuildDate=2026-09-09T14:45:02Z VendorInfo=Homebrew


                  │ JA
──────────────────┼────
 Pages            │ 16
 Paginator pages  │  4
 Non-page files   │  0
 Static files     │  0
 Processed images │  0
 Aliases          │  2
 Cleaned          │  0

Total in 30 ms
Start building sites …
hugo v0.166.0+extended+withdeploy darwin/arm64 BuildDate=2026-09-09T14:45:02Z VendorInfo=Homebrew


                  │ JA
──────────────────┼────
 Pages            │ 16
 Paginator pages  │  4
 Non-page files   │  0
 Static files     │  0
 Processed images │  0
 Aliases          │  2
 Cleaned          │  0

Total in 32 ms
$ node scripts/verify-theme.ts
Theme foundation: HTML, production/preview/development assets, invalid configuration and minimal alternative site passed.
$ node scripts/verify-collections.ts
Collections: empty/single/default10/custom2, UTC ties, mainSections, publication filters, summaries, dates and invalid inputs passed.
Discovery: local year/month, all-section order, tie navigation, fixed-page exclusion, original term case and HTML/feed title consistency passed.
$ node scripts/verify-prose.ts
Prose: date fallback/day boundaries/visibility/types, legal footnote IDs, full real article HTML and native heading IDs passed.
$ node scripts/verify-media.ts
Start building sites …
hugo v0.166.0+extended+withdeploy darwin/arm64 BuildDate=2026-09-09T14:45:02Z VendorInfo=Homebrew


                  │ JA
──────────────────┼────
 Pages            │ 15
 Paginator pages  │  2
 Non-page files   │ 13
 Static files     │  4
 Processed images │ 46
 Aliases          │  2
 Cleaned          │  0

Total in 2527 ms
Start building sites …
hugo v0.166.0+extended+withdeploy darwin/arm64 BuildDate=2026-09-09T14:45:02Z VendorInfo=Homebrew


                  │ JA
──────────────────┼────
 Pages            │ 15
 Paginator pages  │  2
 Non-page files   │ 13
 Static files     │  4
 Processed images │ 46
 Aliases          │  2
 Cleaned          │  0

Total in 36 ms
Media: production/preview HTML, unchanged original media, unavailable external URL and invalid inputs passed.
$ node scripts/verify-sharing.ts
Sharing: defaults, ordered services, fixed pages/posts, escaped title/URLs, author setting, invalid inputs and preview isolation passed.
$ node scripts/verify-metadata.ts
Metadata fixtures: all HTML valid; asset/static/external defaults, bundle isolation, input failures, preview and empty feed built. XML/head assertions run in metadata.spec.ts.
$ node scripts/build-review-fixture.ts
Start building sites …
hugo v0.166.0+extended+withdeploy darwin/arm64 BuildDate=2026-09-09T14:45:02Z VendorInfo=Homebrew


                  │ JA
──────────────────┼────
 Pages            │ 46
 Paginator pages  │  5
 Non-page files   │  6
 Static files     │  0
 Processed images │ 54
 Aliases          │ 15
 Cleaned          │  0

Total in 4443 ms
Start building sites …
hugo v0.166.0+extended+withdeploy darwin/arm64 BuildDate=2026-09-09T14:45:02Z VendorInfo=Homebrew


                  │ JA
──────────────────┼────
 Pages            │ 46
 Paginator pages  │  5
 Non-page files   │  6
 Static files     │  0
 Processed images │ 54
 Aliases          │ 15
 Cleaned          │  0

Total in 46 ms
$ node scripts/build-full-review.ts
Start building sites …
hugo v0.166.0+extended+withdeploy darwin/arm64 BuildDate=2026-09-09T14:45:02Z VendorInfo=Homebrew


                  │ JA
──────────────────┼────
 Pages            │ 24
 Paginator pages  │  8
 Non-page files   │  6
 Static files     │  0
 Processed images │ 54
 Aliases          │  4
 Cleaned          │  0

Total in 44 ms
Start building sites …
hugo v0.166.0+extended+withdeploy darwin/arm64 BuildDate=2026-09-09T14:45:02Z VendorInfo=Homebrew


                  │ JA
──────────────────┼────
 Pages            │ 15
 Paginator pages  │  0
 Non-page files   │  0
 Static files     │  0
 Processed images │ 15
 Aliases          │  2
 Cleaned          │  0

Total in 31 ms
Start building sites …
hugo v0.166.0+extended+withdeploy darwin/arm64 BuildDate=2026-09-09T14:45:02Z VendorInfo=Homebrew


                  │ JA
──────────────────┼────
 Pages            │ 16
 Paginator pages  │  0
 Non-page files   │  0
 Static files     │  0
 Processed images │ 15
 Aliases          │  2
 Cleaned          │  0

Total in 32 ms
Full review: 40 frozen product screens mapped; specimen stays in representative suite.
Full review HTML: all production, preview and boundary fixture pages valid.
$ node scripts/build-site-fixture.ts
{
  "command": [
    "hugo",
    "--source",
    "/Users/shimoju/dev/src/github.com/shimoju/shimoju.jp/themes/shsh/.cache/site/source",
    "--themesDir",
    "/Users/shimoju/dev/src/github.com/shimoju/shimoju.jp/themes",
    "--destination",
    "/Users/shimoju/dev/src/github.com/shimoju/shimoju.jp/themes/shsh/.cache/site/production",
    "--cacheDir",
    "/Users/shimoju/dev/src/github.com/shimoju/shimoju.jp/themes/shsh/.cache/site/hugo-cache",
    "--environment",
    "production",
    "--clock",
    "2026-09-17T12:00:00+09:00",
    "--cleanDestinationDir",
    "--panicOnWarning"
  ],
  "live": false,
  "environment": "production",
  "exitCode": 0,
  "seconds": 6.0505661250000005,
  "stdout": "Start building sites … \nhugo v0.166.0+extended+withdeploy darwin/arm64 BuildDate=2026-09-09T14:45:02Z VendorInfo=Homebrew\n\n\n                  │ JA  \n──────────────────┼─────\n Pages            │ 160 \n Paginator pages  │  14 \n Non-page files   │  19 \n Static files     │   6 \n Processed images │ 124 \n Aliases          │  46 \n Cleaned          │   0 \n\nTotal in 6016 ms\n",
  "stderr": ""
}
{
  "command": [
    "hugo",
    "--source",
    "/Users/shimoju/dev/src/github.com/shimoju/shimoju.jp/themes/shsh/.cache/site/source",
    "--themesDir",
    "/Users/shimoju/dev/src/github.com/shimoju/shimoju.jp/themes",
    "--destination",
    "/Users/shimoju/dev/src/github.com/shimoju/shimoju.jp/themes/shsh/.cache/site/preview",
    "--cacheDir",
    "/Users/shimoju/dev/src/github.com/shimoju/shimoju.jp/themes/shsh/.cache/site/hugo-cache",
    "--environment",
    "preview",
    "--clock",
    "2026-09-17T12:00:00+09:00",
    "--cleanDestinationDir",
    "--panicOnWarning",
    "--baseURL",
    "https://preview.invalid/"
  ],
  "live": false,
  "environment": "preview",
  "exitCode": 0,
  "seconds": 0.19650975000000018,
  "stdout": "Start building sites … \nhugo v0.166.0+extended+withdeploy darwin/arm64 BuildDate=2026-09-09T14:45:02Z VendorInfo=Homebrew\n\n\n                  │ JA  \n──────────────────┼─────\n Pages            │ 160 \n Paginator pages  │  14 \n Non-page files   │  19 \n Static files     │   6 \n Processed images │ 124 \n Aliases          │  46 \n Cleaned          │   0 \n\nTotal in 145 ms\n",
  "stderr": ""
}
$ node scripts/verify-site-inputs.ts
Site inputs: 80 original source/assets, 7 authorized changes, 62 Markdown files and 46 embeds verified. Offline production/preview passed.
$ node scripts/verify-site-output.ts
All 340 production/preview HTML files valid; F015 exact-title length exception only.
$ playwright test
[WebServer] (node:91377) Warning: The 'NO_COLOR' env is ignored due to the 'FORCE_COLOR' env being set.
[WebServer] (Use `node --trace-warnings ...` to show where the warning was created)
[WebServer] node:events:505
[WebServer]     throw er; // Unhandled 'error' event
[WebServer]     ^
[WebServer]
[WebServer] Error: listen EPERM: operation not permitted 127.0.0.1:4174
[WebServer]     at Server.setupListenHandle [as _listen2] (node:net:2306:21)
[WebServer]     at listenInCluster (node:net:2437:12)
[WebServer]     at node:net:2666:7
[WebServer]     at process.processTicksAndRejections (node:internal/process/task_queues:90:21)
[WebServer] Emitted 'error' event on Server instance at:
[WebServer]     at emitErrorNT (node:net:2416:8)
[WebServer]     at process.processTicksAndRejections (node:internal/process/task_queues:90:21) {
[WebServer]   code: 'EPERM',
[WebServer]   errno: -1,
[WebServer]   syscall: 'listen',
[WebServer]   address: '127.0.0.1',
[WebServer]   port: 4174
[WebServer] }
[WebServer]
[WebServer] Node.js v24.21.0
Error: Process from config.webServer was not able to start. Exit code: 1

[ELIFECYCLE] Test failed. See above for more details.
[ELIFECYCLE] Command failed with exit code 1.
