$ playwright test
[WebServer] (node:91627) Warning: The 'NO_COLOR' env is ignored due to the 'FORCE_COLOR' env being set.
[WebServer] (Use `node --trace-warnings ...` to show where the warning was created)

Running 240 tests using 5 workers

(node:91644) Warning: The 'NO_COLOR' env is ignored due to the 'FORCE_COLOR' env being set.
(Use `node --trace-warnings ...` to show where the warning was created)
(node:91641) Warning: The 'NO_COLOR' env is ignored due to the 'FORCE_COLOR' env being set.
(Use `node --trace-warnings ...` to show where the warning was created)
(node:91642) Warning: The 'NO_COLOR' env is ignored due to the 'FORCE_COLOR' env being set.
(Use `node --trace-warnings ...` to show where the warning was created)
(node:91645) Warning: The 'NO_COLOR' env is ignored due to the 'FORCE_COLOR' env being set.
(Use `node --trace-warnings ...` to show where the warning was created)
(node:91643) Warning: The 'NO_COLOR' env is ignored due to the 'FORCE_COLOR' env being set.
(Use `node --trace-warnings ...` to show where the warning was created)
  ✓    5 [chromium] › tests/collections.spec.ts:91:1 › pagination and whole-card links work without JavaScript (530ms)
  ✓    3 [chromium] › tests/collections.spec.ts:4:1 › home and section pagination retain newer-left/older-right and first-page introduction (936ms)
  ✓    4 [chromium] › tests/full-review.spec.ts:8:3 › Full screen home-2 (3.0s)
  ✓    6 [chromium] › tests/full-review.spec.ts:8:3 › Full screen home-3 (2.6s)
  ✓    2 [chromium] › tests/full-review.spec.ts:8:3 › Full screen home (3.4s)
  ✓    1 [chromium] › tests/collections.spec.ts:29:1 › list text, separators and pager preserve frozen mock styles in both widths and palettes (3.4s)
  ✓    7 [chromium] › tests/full-review.spec.ts:8:3 › Full screen posts (2.9s)
  ✓    8 [chromium] › tests/full-review.spec.ts:8:3 › Full screen posts-2 (2.5s)
  ✓    9 [chromium] › tests/full-review.spec.ts:8:3 › Full screen posts-3 (2.4s)
  ✓   11 [chromium] › tests/full-review.spec.ts:8:3 › Full screen tags-empty (2.2s)
  ✓   10 [chromium] › tests/full-review.spec.ts:8:3 › Full screen tags (2.4s)
  ✓   12 [chromium] › tests/full-review.spec.ts:8:3 › Full screen tag-1 (2.7s)
  ✓   13 [chromium] › tests/full-review.spec.ts:8:3 › Full screen tag-2 (2.4s)
  ✓   14 [chromium] › tests/full-review.spec.ts:8:3 › Full screen tag-3 (2.7s)
  ✓   15 [chromium] › tests/full-review.spec.ts:8:3 › Full screen tag-4 (2.7s)
  ✓   16 [chromium] › tests/full-review.spec.ts:8:3 › Full screen tag-5 (2.6s)
  ✓   17 [chromium] › tests/full-review.spec.ts:8:3 › Full screen tag-6 (2.3s)
  ✓   20 [chromium] › tests/full-review.spec.ts:8:3 › Full screen tag-9 (2.4s)
  ✓   18 [chromium] › tests/full-review.spec.ts:8:3 › Full screen tag-7 (2.8s)
  ✓   19 [chromium] › tests/full-review.spec.ts:8:3 › Full screen tag-8 (2.8s)
  ✓   21 [chromium] › tests/full-review.spec.ts:8:3 › Full screen tag-10 (2.8s)
  ✓   22 [chromium] › tests/full-review.spec.ts:8:3 › Full screen tag-11 (2.8s)
  ✓   23 [chromium] › tests/full-review.spec.ts:8:3 › Full screen categories (2.5s)
  ✓   24 [chromium] › tests/full-review.spec.ts:8:3 › Full screen categories-empty (2.5s)
  ✓   25 [chromium] › tests/full-review.spec.ts:8:3 › Full screen category-1 (3.1s)
  ✓   26 [chromium] › tests/full-review.spec.ts:8:3 › Full screen category-2 (3.0s)
  ✓   27 [chromium] › tests/full-review.spec.ts:8:3 › Full screen category-2-2 (2.7s)
  ✓   28 [chromium] › tests/full-review.spec.ts:8:3 › Full screen tag-pagination (3.0s)
  ✓   29 [chromium] › tests/full-review.spec.ts:8:3 › Full screen tag-pagination-2 (3.0s)
  ✓   30 [chromium] › tests/full-review.spec.ts:8:3 › Full screen tag-pagination-3 (2.6s)
  ✓   31 [chromium] › tests/full-review.spec.ts:8:3 › Full screen category-pagination (3.1s)
  ✓   32 [chromium] › tests/full-review.spec.ts:8:3 › Full screen category-pagination-2 (3.0s)
  ✓   33 [chromium] › tests/full-review.spec.ts:8:3 › Full screen category-pagination-3 (2.8s)
  ✓   36 [chromium] › tests/full-review.spec.ts:8:3 › Full screen article-diary (3.2s)
  ✓   37 [chromium] › tests/full-review.spec.ts:8:3 › Full screen article-bgm (3.2s)
  ✓   35 [chromium] › tests/full-review.spec.ts:8:3 › Full screen article-hugo (5.4s)
  ✓   38 [chromium] › tests/full-review.spec.ts:8:3 › Full screen article-pasmo (3.5s)
  ✓   40 [chromium] › tests/full-review.spec.ts:8:3 › Full screen archives (3.2s)
  ✓   41 [chromium] › tests/full-review.spec.ts:8:3 › Full screen 404 (2.6s)
  ✓   42 [chromium] › tests/full-review.spec.ts:8:3 › Full screen empty (2.5s)
  ✓   45 [chromium] › tests/media.spec.ts:10:1 › responsive candidates, originals, dimensions, loading and figure semantics (668ms)
  ✓   43 [chromium] › tests/full-review.spec.ts:8:3 › Full screen single-item (2.8s)
  ✓   46 [chromium] › tests/media.spec.ts:88:1 › WebP preserves PNG pixels and transparency at each generated width (1.5s)
  ✓   44 [chromium] › tests/full-review.spec.ts:136:1 › discovery semantics, keyboard, fixed pages and JavaScript-disabled navigation (2.6s)
  ✓   49 [chromium] › tests/metadata.spec.ts:52:1 › RSS uses all ordered articles, plain common summaries and stable document GUIDs (111ms)
  ✓   48 [chromium] › tests/media.spec.ts:193:1 › DPR chooses fitting candidates and JavaScript-free media remain usable (477ms)
  ✓   50 [chromium] › tests/metadata.spec.ts:79:1 › taxonomy feeds contain term pages, term feeds filter posts, empty feeds have no fake dates (119ms)
  ✓   51 [chromium] › tests/metadata.spec.ts:135:1 › description, dates and JSON-LD preserve page roles and safe text (110ms)
  ✓   52 [chromium] › tests/metadata.spec.ts:109:1 › canonical and discovery URLs follow the active pager and build baseURL (164ms)
  ✓   53 [chromium] › tests/metadata.spec.ts:170:1 › SNS images use cover, global assets/static/external defaults or none, never body images (116ms)
  ✓   54 [chromium] › tests/metadata.spec.ts:193:1 › all XML parses, sitemap and robots follow production and preview (140ms)
  ✓   56 [chromium] › tests/migration.spec.ts:36:3 › All migrated outputs: preview (602ms)
  ✓   34 [chromium] › tests/full-review.spec.ts:8:3 › Full screen article (12.9s)
  ✓   39 [chromium] › tests/full-review.spec.ts:8:3 › Full screen about (8.7s)
  ✓   57 [chromium] › tests/prose.spec.ts:18:1 › copy preserves code with Japanese, inline/table numbers, unknown language and no label (661ms)
  ✓   55 [chromium] › tests/migration.spec.ts:36:3 › All migrated outputs: production (1.5s)
  ✓   58 [chromium] › tests/prose.spec.ts:46:1 › failed copy announces manual fallback, permits retry, and resets success after three seconds (339ms)
  ✓   59 [chromium] › tests/prose.spec.ts:73:1 › keyboard reveals copy and Escape returns focus to selectable code (492ms)
  ✓   60 [chromium] › tests/prose.spec.ts:94:1 › touch reveals copy, outside tap and horizontal scroll dismiss it (473ms)
  ✓   47 [chromium] › tests/media.spec.ts:151:1 › media geometry matches mock, small images stay small, both colors remain accessible (3.3s)
  ✓   62 [chromium] › tests/prose.spec.ts:204:1 › full real article preserves mock prose layout in both palettes and widths (1.9s)
  ✓   64 [chromium] › tests/review.spec.ts:69:3 › Representative posts comparison, both widths/colors and text enlargement (3.3s)
  ✓   63 [chromium] › tests/review.spec.ts:69:3 › Representative home comparison, both widths/colors and text enlargement (3.4s)
  ✓   68 [chromium] › tests/sharing.spec.ts:59:1 › failed star download preserves reading and share links and announces failure (496ms)
  ✓   61 [chromium] › tests/prose.spec.ts:115:1 › prose matches mock type and spacing; footnotes, headings, dates and JS-free reading work (4.4s)
  ✓   69 [chromium] › tests/sharing.spec.ts:72:1 › preview cannot share or load stars; JS-free production retains ordinary links (378ms)
  ✓   67 [chromium] › tests/sharing.spec.ts:14:1 › shared document URLs, encoded titles, service order and keyboard navigation (1.3s)
  ✓   70 [chromium] › tests/sharing.spec.ts:103:1 › sharing retains mock geometry and icon styling at both widths and palettes (790ms)
  ✓   73 [chromium] › tests/site.spec.ts:99:1 › real video reserves its intrinsic ratio before loading; native playback dimensions agree (322ms)
  ✓   74 [chromium] › tests/theme.spec.ts:4:1 › saved pref-theme is applied before styles load (192ms)
  ✓   75 [chromium] › tests/theme.spec.ts:25:1 › OS follows until a keyboard choice, persists and ignores mock query parameters (341ms)
  ✓   76 [chromium] › tests/theme.spec.ts:53:1 › invalid and unavailable storage retain OS fallback and allow a page-local choice (231ms)
  ✓   77 [chromium] › tests/theme.spec.ts:78:1 › invalid saved value uses OS preference (140ms)
  ✓   71 [chromium] › tests/site.spec.ts:9:3 › Migrated site production: all embed positions, URLs and publication controls (2.1s)
  ✓   78 [chromium] › tests/theme.spec.ts:85:1 › without JavaScript both OS palettes, navigation and subscription remain usable (233ms)
  ✓   72 [chromium] › tests/site.spec.ts:9:3 › Migrated site preview: all embed positions, URLs and publication controls (2.0s)
(node:92094) Warning: The 'NO_COLOR' env is ignored due to the 'FORCE_COLOR' env being set.
(Use `node --trace-warnings ...` to show where the warning was created)
  ✓   80 [chromium] › tests/tooling.spec.ts:5:1 › Hugo formatting preserves inline spaces, attributes, render hooks and compiled assets (780ms)
(node:92101) Warning: The 'NO_COLOR' env is ignored due to the 'FORCE_COLOR' env being set.
(Use `node --trace-warnings ...` to show where the warning was created)
  ✓   79 [chromium] › tests/theme.spec.ts:102:1 › shared shell keeps mock dimensions at desktop and mobile widths in both palettes (1.8s)
(node:92108) Warning: The 'NO_COLOR' env is ignored due to the 'FORCE_COLOR' env being set.
(Use `node --trace-warnings ...` to show where the warning was created)
  ✓   66 [chromium] › tests/review.spec.ts:69:3 › Representative specimen comparison, both widths/colors and text enlargement (8.3s)
(node:92133) Warning: The 'NO_COLOR' env is ignored due to the 'FORCE_COLOR' env being set.
(Use `node --trace-warnings ...` to show where the warning was created)
  ✓   81 [firefox] › tests/collections.spec.ts:4:1 › home and section pagination retain newer-left/older-right and first-page introduction (2.8s)
  ✓   83 [firefox] › tests/collections.spec.ts:91:1 › pagination and whole-card links work without JavaScript (1.8s)
  ✓   65 [chromium] › tests/review.spec.ts:69:3 › Representative article comparison, both widths/colors and text enlargement (12.0s)
(node:92160) Warning: The 'NO_COLOR' env is ignored due to the 'FORCE_COLOR' env being set.
(Use `node --trace-warnings ...` to show where the warning was created)
  ✓   85 [firefox] › tests/full-review.spec.ts:8:3 › Full screen home-2 (4.4s)
  ✓   86 [firefox] › tests/full-review.spec.ts:8:3 › Full screen home-3 (4.3s)
  ✓   82 [firefox] › tests/collections.spec.ts:29:1 › list text, separators and pager preserve frozen mock styles in both widths and palettes (7.8s)
  ✓   84 [firefox] › tests/full-review.spec.ts:8:3 › Full screen home (5.5s)
  ✓   87 [firefox] › tests/full-review.spec.ts:8:3 › Full screen posts (5.8s)
  ✓   89 [firefox] › tests/full-review.spec.ts:8:3 › Full screen posts-3 (5.7s)
  ✓   88 [firefox] › tests/full-review.spec.ts:8:3 › Full screen posts-2 (6.4s)
  ✓   90 [firefox] › tests/full-review.spec.ts:8:3 › Full screen tags-empty (5.4s)
  ✓   91 [firefox] › tests/full-review.spec.ts:8:3 › Full screen tags (6.2s)
  ✓   92 [firefox] › tests/full-review.spec.ts:8:3 › Full screen tag-1 (5.8s)
  ✓   93 [firefox] › tests/full-review.spec.ts:8:3 › Full screen tag-2 (4.6s)
  ✓   94 [firefox] › tests/full-review.spec.ts:8:3 › Full screen tag-3 (4.8s)
  ✓   95 [firefox] › tests/full-review.spec.ts:8:3 › Full screen tag-4 (4.9s)
  ✓   96 [firefox] › tests/full-review.spec.ts:8:3 › Full screen tag-5 (4.7s)
  ✓   97 [firefox] › tests/full-review.spec.ts:8:3 › Full screen tag-6 (4.4s)
  ✓   98 [firefox] › tests/full-review.spec.ts:8:3 › Full screen tag-7 (4.5s)
  ✓   99 [firefox] › tests/full-review.spec.ts:8:3 › Full screen tag-8 (4.7s)
  ✓  100 [firefox] › tests/full-review.spec.ts:8:3 › Full screen tag-9 (4.5s)
  ✓  101 [firefox] › tests/full-review.spec.ts:8:3 › Full screen tag-10 (4.8s)
  ✓  102 [firefox] › tests/full-review.spec.ts:8:3 › Full screen tag-11 (4.6s)
  ✓  103 [firefox] › tests/full-review.spec.ts:8:3 › Full screen categories (6.3s)
  ✓  104 [firefox] › tests/full-review.spec.ts:8:3 › Full screen categories-empty (5.9s)
  ✓  106 [firefox] › tests/full-review.spec.ts:8:3 › Full screen category-2 (4.8s)
  ✓  105 [firefox] › tests/full-review.spec.ts:8:3 › Full screen category-1 (6.4s)
  ✓  107 [firefox] › tests/full-review.spec.ts:8:3 › Full screen category-2-2 (6.1s)
  ✓  108 [firefox] › tests/full-review.spec.ts:8:3 › Full screen tag-pagination (4.6s)
  ✓  109 [firefox] › tests/full-review.spec.ts:8:3 › Full screen tag-pagination-2 (4.5s)
  ✓  111 [firefox] › tests/full-review.spec.ts:8:3 › Full screen category-pagination (4.7s)
  ✓  110 [firefox] › tests/full-review.spec.ts:8:3 › Full screen tag-pagination-3 (6.1s)
  ✓  112 [firefox] › tests/full-review.spec.ts:8:3 › Full screen category-pagination-2 (4.8s)
  ✓  113 [firefox] › tests/full-review.spec.ts:8:3 › Full screen category-pagination-3 (4.4s)
  ✓  116 [firefox] › tests/full-review.spec.ts:8:3 › Full screen article-diary (4.5s)
  ✓  115 [firefox] › tests/full-review.spec.ts:8:3 › Full screen article-hugo (6.7s)
  ✓  117 [firefox] › tests/full-review.spec.ts:8:3 › Full screen article-bgm (4.8s)
  ✓  118 [firefox] › tests/full-review.spec.ts:8:3 › Full screen article-pasmo (4.8s)
  ✓  121 [firefox] › tests/full-review.spec.ts:8:3 › Full screen 404 (4.3s)
  ✓  120 [firefox] › tests/full-review.spec.ts:8:3 › Full screen archives (4.8s)
  ✓  114 [firefox] › tests/full-review.spec.ts:8:3 › Full screen article (12.5s)
  ✓  122 [firefox] › tests/full-review.spec.ts:8:3 › Full screen empty (4.3s)
  ✓  125 [firefox] › tests/media.spec.ts:10:1 › responsive candidates, originals, dimensions, loading and figure semantics (1.3s)
  ✓  119 [firefox] › tests/full-review.spec.ts:8:3 › Full screen about (8.3s)
  ✓  128 [firefox] › tests/media.spec.ts:193:1 › DPR chooses fitting candidates and JavaScript-free media remain usable (1.2s)
  ✓  129 [firefox] › tests/metadata.spec.ts:52:1 › RSS uses all ordered articles, plain common summaries and stable document GUIDs (291ms)
  ✓  126 [firefox] › tests/media.spec.ts:88:1 › WebP preserves PNG pixels and transparency at each generated width (3.5s)
  ✓  123 [firefox] › tests/full-review.spec.ts:8:3 › Full screen single-item (4.4s)
  ✓  132 [firefox] › tests/metadata.spec.ts:135:1 › description, dates and JSON-LD preserve page roles and safe text (256ms)
  ✓  131 [firefox] › tests/metadata.spec.ts:109:1 › canonical and discovery URLs follow the active pager and build baseURL (389ms)
  ✓  134 [firefox] › tests/metadata.spec.ts:193:1 › all XML parses, sitemap and robots follow production and preview (351ms)
  ✓  124 [firefox] › tests/full-review.spec.ts:136:1 › discovery semantics, keyboard, fixed pages and JavaScript-disabled navigation (5.1s)
  ✓  130 [firefox] › tests/metadata.spec.ts:79:1 › taxonomy feeds contain term pages, term feeds filter posts, empty feeds have no fake dates (1.8s)
  ✓  136 [firefox] › tests/migration.spec.ts:36:3 › All migrated outputs: preview (665ms)
  ✓  127 [firefox] › tests/media.spec.ts:151:1 › media geometry matches mock, small images stay small, both colors remain accessible (5.2s)
  ✓  137 [firefox] › tests/prose.spec.ts:18:1 › copy preserves code with Japanese, inline/table numbers, unknown language and no label (1.2s)
  ✓  133 [firefox] › tests/metadata.spec.ts:170:1 › SNS images use cover, global assets/static/external defaults or none, never body images (2.0s)
  ✓  135 [firefox] › tests/migration.spec.ts:36:3 › All migrated outputs: production (2.0s)
  ✓  140 [firefox] › tests/prose.spec.ts:94:1 › touch reveals copy, outside tap and horizontal scroll dismiss it (881ms)
  ✓  139 [firefox] › tests/prose.spec.ts:73:1 › keyboard reveals copy and Escape returns focus to selectable code (910ms)
  ✓  138 [firefox] › tests/prose.spec.ts:46:1 › failed copy announces manual fallback, permits retry, and resets success after three seconds (2.5s)
  ✓  142 [firefox] › tests/prose.spec.ts:204:1 › full real article preserves mock prose layout in both palettes and widths (1.9s)
  ✓  143 [firefox] › tests/review.spec.ts:69:3 › Representative home comparison, both widths/colors and text enlargement (5.5s)
  ✓  144 [firefox] › tests/review.spec.ts:69:3 › Representative posts comparison, both widths/colors and text enlargement (7.2s)
  ✓  147 [firefox] › tests/sharing.spec.ts:14:1 › shared document URLs, encoded titles, service order and keyboard navigation (2.4s)
  ✓  141 [firefox] › tests/prose.spec.ts:115:1 › prose matches mock type and spacing; footnotes, headings, dates and JS-free reading work (9.1s)
  ✓  148 [firefox] › tests/sharing.spec.ts:59:1 › failed star download preserves reading and share links and announces failure (1.2s)
  ✓  149 [firefox] › tests/sharing.spec.ts:72:1 › preview cannot share or load stars; JS-free production retains ordinary links (831ms)
  ✓  150 [firefox] › tests/sharing.spec.ts:103:1 › sharing retains mock geometry and icon styling at both widths and palettes (1.7s)
  ✓  153 [firefox] › tests/site.spec.ts:99:1 › real video reserves its intrinsic ratio before loading; native playback dimensions agree (780ms)
  ✓  154 [firefox] › tests/theme.spec.ts:4:1 › saved pref-theme is applied before styles load (362ms)
  ✓  155 [firefox] › tests/theme.spec.ts:25:1 › OS follows until a keyboard choice, persists and ignores mock query parameters (692ms)
  ✓  156 [firefox] › tests/theme.spec.ts:53:1 › invalid and unavailable storage retain OS fallback and allow a page-local choice (497ms)
  ✓  151 [firefox] › tests/site.spec.ts:9:3 › Migrated site production: all embed positions, URLs and publication controls (3.9s)
  ✓  152 [firefox] › tests/site.spec.ts:9:3 › Migrated site preview: all embed positions, URLs and publication controls (3.9s)
  ✓  157 [firefox] › tests/theme.spec.ts:78:1 › invalid saved value uses OS preference (369ms)
  ✓  146 [firefox] › tests/review.spec.ts:69:3 › Representative specimen comparison, both widths/colors and text enlargement (11.4s)
  ✓  158 [firefox] › tests/theme.spec.ts:85:1 › without JavaScript both OS palettes, navigation and subscription remain usable (464ms)
(node:92668) Warning: The 'NO_COLOR' env is ignored due to the 'FORCE_COLOR' env being set.
(Use `node --trace-warnings ...` to show where the warning was created)
(node:92669) Warning: The 'NO_COLOR' env is ignored due to the 'FORCE_COLOR' env being set.
(Use `node --trace-warnings ...` to show where the warning was created)
  ✓  160 [firefox] › tests/tooling.spec.ts:5:1 › Hugo formatting preserves inline spaces, attributes, render hooks and compiled assets (1.8s)
(node:92706) Warning: The 'NO_COLOR' env is ignored due to the 'FORCE_COLOR' env being set.
(Use `node --trace-warnings ...` to show where the warning was created)
  ✓  162 [webkit] › tests/collections.spec.ts:4:1 › home and section pagination retain newer-left/older-right and first-page introduction (1.5s)
  ✓  145 [firefox] › tests/review.spec.ts:69:3 › Representative article comparison, both widths/colors and text enlargement (15.4s)
  ✓  163 [webkit] › tests/collections.spec.ts:91:1 › pagination and whole-card links work without JavaScript (765ms)
(node:92727) Warning: The 'NO_COLOR' env is ignored due to the 'FORCE_COLOR' env being set.
(Use `node --trace-warnings ...` to show where the warning was created)
  ✓  164 [webkit] › tests/full-review.spec.ts:8:3 › Full screen home (5.2s)
  ✓  159 [firefox] › tests/theme.spec.ts:102:1 › shared shell keeps mock dimensions at desktop and mobile widths in both palettes (8.2s)
  ✓  165 [webkit] › tests/full-review.spec.ts:8:3 › Full screen home-3 (4.9s)
  ✓  161 [webkit] › tests/collections.spec.ts:29:1 › list text, separators and pager preserve frozen mock styles in both widths and palettes (7.5s)
(node:92775) Warning: The 'NO_COLOR' env is ignored due to the 'FORCE_COLOR' env being set.
(Use `node --trace-warnings ...` to show where the warning was created)
  ✓  166 [webkit] › tests/full-review.spec.ts:8:3 › Full screen home-2 (5.3s)
  ✓  167 [webkit] › tests/full-review.spec.ts:8:3 › Full screen posts (5.4s)
  ✓  168 [webkit] › tests/full-review.spec.ts:8:3 › Full screen posts-3 (5.1s)
  ✓  169 [webkit] › tests/full-review.spec.ts:8:3 › Full screen tags (5.4s)
  ✓  171 [webkit] › tests/full-review.spec.ts:8:3 › Full screen tags-empty (4.6s)
  ✓  170 [webkit] › tests/full-review.spec.ts:8:3 › Full screen posts-2 (5.6s)
  ✓  172 [webkit] › tests/full-review.spec.ts:8:3 › Full screen tag-1 (5.5s)
  ✓  173 [webkit] › tests/full-review.spec.ts:8:3 › Full screen tag-2 (5.2s)
  ✓  174 [webkit] › tests/full-review.spec.ts:8:3 › Full screen tag-3 (5.6s)
  ✓  175 [webkit] › tests/full-review.spec.ts:8:3 › Full screen tag-4 (5.6s)
  ✓  176 [webkit] › tests/full-review.spec.ts:8:3 › Full screen tag-5 (5.6s)
  ✓  177 [webkit] › tests/full-review.spec.ts:8:3 › Full screen tag-6 (5.4s)
  ✓  178 [webkit] › tests/full-review.spec.ts:8:3 › Full screen tag-7 (5.5s)
  ✓  179 [webkit] › tests/full-review.spec.ts:8:3 › Full screen tag-8 (5.7s)
  ✓  180 [webkit] › tests/full-review.spec.ts:8:3 › Full screen tag-9 (5.3s)
  ✓  181 [webkit] › tests/full-review.spec.ts:8:3 › Full screen tag-10 (5.7s)
  ✓  182 [webkit] › tests/full-review.spec.ts:8:3 › Full screen tag-11 (5.6s)
  ✓  183 [webkit] › tests/full-review.spec.ts:8:3 › Full screen categories (5.3s)
  ✓  184 [webkit] › tests/full-review.spec.ts:8:3 › Full screen categories-empty (5.3s)
  ✓  185 [webkit] › tests/full-review.spec.ts:8:3 › Full screen category-1 (5.9s)
  ✓  186 [webkit] › tests/full-review.spec.ts:8:3 › Full screen category-2 (5.6s)
  ✓  187 [webkit] › tests/full-review.spec.ts:8:3 › Full screen category-2-2 (5.8s)
  ✓  188 [webkit] › tests/full-review.spec.ts:8:3 › Full screen tag-pagination (6.0s)
  ✓  189 [webkit] › tests/full-review.spec.ts:8:3 › Full screen tag-pagination-2 (5.8s)
  ✓  190 [webkit] › tests/full-review.spec.ts:8:3 › Full screen tag-pagination-3 (5.6s)
  ✓  191 [webkit] › tests/full-review.spec.ts:8:3 › Full screen category-pagination (6.2s)
  ✓  192 [webkit] › tests/full-review.spec.ts:8:3 › Full screen category-pagination-2 (5.9s)
  ✓  193 [webkit] › tests/full-review.spec.ts:8:3 › Full screen category-pagination-3 (5.8s)
  ✓  196 [webkit] › tests/full-review.spec.ts:8:3 › Full screen article-diary (6.2s)
  ✓  195 [webkit] › tests/full-review.spec.ts:8:3 › Full screen article-hugo (8.7s)
  ✓  197 [webkit] › tests/full-review.spec.ts:8:3 › Full screen article-bgm (6.4s)
  ✓  198 [webkit] › tests/full-review.spec.ts:8:3 › Full screen article-pasmo (6.6s)
  ✓  200 [webkit] › tests/full-review.spec.ts:8:3 › Full screen archives (6.3s)
  ✓  194 [webkit] › tests/full-review.spec.ts:8:3 › Full screen article (16.2s)
  ✓  201 [webkit] › tests/full-review.spec.ts:8:3 › Full screen 404 (5.3s)
  ✓  202 [webkit] › tests/full-review.spec.ts:8:3 › Full screen empty (5.4s)
  ✓  199 [webkit] › tests/full-review.spec.ts:8:3 › Full screen about (9.5s)
  ✓  205 [webkit] › tests/media.spec.ts:10:1 › responsive candidates, originals, dimensions, loading and figure semantics (1.8s)
  ✓  206 [webkit] › tests/media.spec.ts:88:1 › WebP preserves PNG pixels and transparency at each generated width (2.9s)
  ✓  209 [webkit] › tests/metadata.spec.ts:52:1 › RSS uses all ordered articles, plain common summaries and stable document GUIDs (441ms)
  ✓  208 [webkit] › tests/media.spec.ts:193:1 › DPR chooses fitting candidates and JavaScript-free media remain usable (2.0s)
  ✓  210 [webkit] › tests/metadata.spec.ts:79:1 › taxonomy feeds contain term pages, term feeds filter posts, empty feeds have no fake dates (427ms)
  ✓  211 [webkit] › tests/metadata.spec.ts:109:1 › canonical and discovery URLs follow the active pager and build baseURL (525ms)
  ✓  212 [webkit] › tests/metadata.spec.ts:135:1 › description, dates and JSON-LD preserve page roles and safe text (388ms)
  ✓  203 [webkit] › tests/full-review.spec.ts:8:3 › Full screen single-item (5.8s)
  ✓  213 [webkit] › tests/metadata.spec.ts:170:1 › SNS images use cover, global assets/static/external defaults or none, never body images (460ms)
  ✓  214 [webkit] › tests/metadata.spec.ts:193:1 › all XML parses, sitemap and robots follow production and preview (501ms)
  ✓  216 [webkit] › tests/migration.spec.ts:36:3 › All migrated outputs: preview (907ms)
  ✓  204 [webkit] › tests/full-review.spec.ts:136:1 › discovery semantics, keyboard, fixed pages and JavaScript-disabled navigation (6.4s)
  ✓  217 [webkit] › tests/prose.spec.ts:18:1 › copy preserves code with Japanese, inline/table numbers, unknown language and no label (1.2s)
  ✓  218 [webkit] › tests/prose.spec.ts:46:1 › failed copy announces manual fallback, permits retry, and resets success after three seconds (788ms)
  ✓  219 [webkit] › tests/prose.spec.ts:73:1 › keyboard reveals copy and Escape returns focus to selectable code (1.0s)
  ✓  220 [webkit] › tests/prose.spec.ts:94:1 › touch reveals copy, outside tap and horizontal scroll dismiss it (1.1s)
  ✓  207 [webkit] › tests/media.spec.ts:151:1 › media geometry matches mock, small images stay small, both colors remain accessible (6.8s)
  ✓  215 [webkit] › tests/migration.spec.ts:36:3 › All migrated outputs: production (3.7s)
  ✓  222 [webkit] › tests/prose.spec.ts:204:1 › full real article preserves mock prose layout in both palettes and widths (2.6s)
  ✓  223 [webkit] › tests/review.spec.ts:69:3 › Representative home comparison, both widths/colors and text enlargement (7.2s)
  ✓  224 [webkit] › tests/review.spec.ts:69:3 › Representative posts comparison, both widths/colors and text enlargement (7.3s)
  ✓  228 [webkit] › tests/sharing.spec.ts:59:1 › failed star download preserves reading and share links and announces failure (1.4s)
  ✓  229 [webkit] › tests/sharing.spec.ts:72:1 › preview cannot share or load stars; JS-free production retains ordinary links (981ms)
  ✓  227 [webkit] › tests/sharing.spec.ts:14:1 › shared document URLs, encoded titles, service order and keyboard navigation (2.8s)
  ✓  221 [webkit] › tests/prose.spec.ts:115:1 › prose matches mock type and spacing; footnotes, headings, dates and JS-free reading work (11.9s)
  ✓  230 [webkit] › tests/sharing.spec.ts:103:1 › sharing retains mock geometry and icon styling at both widths and palettes (2.4s)
  ✓  233 [webkit] › tests/site.spec.ts:99:1 › real video reserves its intrinsic ratio before loading; native playback dimensions agree (1.0s)
  ✓  234 [webkit] › tests/theme.spec.ts:4:1 › saved pref-theme is applied before styles load (507ms)
  ✓  235 [webkit] › tests/theme.spec.ts:25:1 › OS follows until a keyboard choice, persists and ignores mock query parameters (747ms)
  ✓  226 [webkit] › tests/review.spec.ts:69:3 › Representative specimen comparison, both widths/colors and text enlargement (12.5s)
  ✓  231 [webkit] › tests/site.spec.ts:9:3 › Migrated site production: all embed positions, URLs and publication controls (4.7s)
  ✓  236 [webkit] › tests/theme.spec.ts:53:1 › invalid and unavailable storage retain OS fallback and allow a page-local choice (574ms)
  ✓  237 [webkit] › tests/theme.spec.ts:78:1 › invalid saved value uses OS preference (557ms)
  ✓  238 [webkit] › tests/theme.spec.ts:85:1 › without JavaScript both OS palettes, navigation and subscription remain usable (655ms)
  ✓  232 [webkit] › tests/site.spec.ts:9:3 › Migrated site preview: all embed positions, URLs and publication controls (4.4s)
  ✓  240 [webkit] › tests/tooling.spec.ts:5:1 › Hugo formatting preserves inline spaces, attributes, render hooks and compiled assets (1.7s)
  ✓  225 [webkit] › tests/review.spec.ts:69:3 › Representative article comparison, both widths/colors and text enlargement (16.3s)
  ✓  239 [webkit] › tests/theme.spec.ts:102:1 › shared shell keeps mock dimensions at desktop and mobile widths in both palettes (3.6s)

  240 passed (3.1m)
