$ playwright test tests/review.spec.ts -g 'Representative article' --project=chromium
[WebServer] (node:56606) Warning: The 'NO_COLOR' env is ignored due to the 'FORCE_COLOR' env being set.
[WebServer] (Use `node --trace-warnings ...` to show where the warning was created)

Running 1 test using 1 worker

(node:56620) Warning: The 'NO_COLOR' env is ignored due to the 'FORCE_COLOR' env being set.
(Use `node --trace-warnings ...` to show where the warning was created)
  ✘  1 [chromium] › tests/review.spec.ts:69:3 › Representative article comparison, both widths/colors and text enlargement (1.5s)


  1) [chromium] › tests/review.spec.ts:69:3 › Representative article comparison, both widths/colors and text enlargement

    Error: block 10 height

    expect(received).toBeLessThan(expected)

    Expected: < 0.06
    Received:   12.65625

      58 |   for (const [i, block] of actual.entries())
      59 |     for (const key of ["width", "height", "x", "y"] as const)
    > 60 |       expect(Math.abs(block[key] - expected[i]![key]), `block ${i} ${key}`).toBeLessThan(0.06);
         |                                                                             ^
      61 | }
      62 |
      63 | for (const [name, path, mock] of [
        at sameGeometry (/Users/shimoju/dev/src/github.com/shimoju/shimoju.jp/themes/shsh/tests/review.spec.ts:60:77)
        at /Users/shimoju/dev/src/github.com/shimoju/shimoju.jp/themes/shsh/tests/review.spec.ts:156:34

    Error Context: test-results/review-Representative-arti-0b8b5-colors-and-text-enlargement-chromium/error-context.md

    attachment #2: trace (application/zip) ─────────────────────────────────────────────────────────
    test-results/review-Representative-arti-0b8b5-colors-and-text-enlargement-chromium/trace.zip
    Usage:

        pnpm exec playwright show-trace test-results/review-Representative-arti-0b8b5-colors-and-text-enlargement-chromium/trace.zip

    ────────────────────────────────────────────────────────────────────────────────────────────────

  1 failed
    [chromium] › tests/review.spec.ts:69:3 › Representative article comparison, both widths/colors and text enlargement
[ELIFECYCLE] Test failed. See above for more details.
