[WebServer] (node:87775) Warning: The 'NO_COLOR' env is ignored due to the 'FORCE_COLOR' env being set.
[WebServer] (Use `node --trace-warnings ...` to show where the warning was created)

Running 12 tests using 5 workers

(node:87780) Warning: The 'NO_COLOR' env is ignored due to the 'FORCE_COLOR' env being set.
(Use `node --trace-warnings ...` to show where the warning was created)
(node:87776) Warning: The 'NO_COLOR' env is ignored due to the 'FORCE_COLOR' env being set.
(Use `node --trace-warnings ...` to show where the warning was created)
(node:87778) Warning: The 'NO_COLOR' env is ignored due to the 'FORCE_COLOR' env being set.
(Use `node --trace-warnings ...` to show where the warning was created)
(node:87777) Warning: The 'NO_COLOR' env is ignored due to the 'FORCE_COLOR' env being set.
(Use `node --trace-warnings ...` to show where the warning was created)
(node:87779) Warning: The 'NO_COLOR' env is ignored due to the 'FORCE_COLOR' env being set.
(Use `node --trace-warnings ...` to show where the warning was created)
  ✓   3 [chromium] › tests/review.spec.ts:69:3 › R001 home comparison, both widths/colors and text enlargement (2.9s)
  ✓   5 [chromium] › tests/review.spec.ts:69:3 › R001 posts comparison, both widths/colors and text enlargement (3.0s)
(node:87830) Warning: The 'NO_COLOR' env is ignored due to the 'FORCE_COLOR' env being set.
(Use `node --trace-warnings ...` to show where the warning was created)
(node:87831) Warning: The 'NO_COLOR' env is ignored due to the 'FORCE_COLOR' env being set.
(Use `node --trace-warnings ...` to show where the warning was created)
  ✓   2 [chromium] › tests/review.spec.ts:69:3 › R001 specimen comparison, both widths/colors and text enlargement (6.8s)
  ✓   1 [firefox] › tests/review.spec.ts:69:3 › R001 home comparison, both widths/colors and text enlargement (6.3s)
(node:87867) Warning: The 'NO_COLOR' env is ignored due to the 'FORCE_COLOR' env being set.
(Use `node --trace-warnings ...` to show where the warning was created)
(node:87877) Warning: The 'NO_COLOR' env is ignored due to the 'FORCE_COLOR' env being set.
(Use `node --trace-warnings ...` to show where the warning was created)
  ✓   6 [firefox] › tests/review.spec.ts:69:3 › R001 posts comparison, both widths/colors and text enlargement (5.8s)
  ✓   4 [chromium] › tests/review.spec.ts:69:3 › R001 article comparison, both widths/colors and text enlargement (9.8s)
(node:87906) Warning: The 'NO_COLOR' env is ignored due to the 'FORCE_COLOR' env being set.
(Use `node --trace-warnings ...` to show where the warning was created)
(node:87908) Warning: The 'NO_COLOR' env is ignored due to the 'FORCE_COLOR' env being set.
(Use `node --trace-warnings ...` to show where the warning was created)
  ✓   9 [webkit] › tests/review.spec.ts:69:3 › R001 home comparison, both widths/colors and text enlargement (3.7s)
  ✓  11 [webkit] › tests/review.spec.ts:69:3 › R001 posts comparison, both widths/colors and text enlargement (3.6s)
  ✓  12 [webkit] › tests/review.spec.ts:69:3 › R001 specimen comparison, both widths/colors and text enlargement (5.6s)
  ✓  10 [webkit] › tests/review.spec.ts:69:3 › R001 article comparison, both widths/colors and text enlargement (7.4s)
  ✓   7 [firefox] › tests/review.spec.ts:69:3 › R001 article comparison, both widths/colors and text enlargement (13.4s)
  ✓   8 [firefox] › tests/review.spec.ts:69:3 › R001 specimen comparison, both widths/colors and text enlargement (10.5s)

  12 passed (19.0s)
